{
  "familyId": "md_cannabis_petition-set",
  "scope": "AUTHOR_REAL_RENDERER_AND_ENTRY_TESTS",
  "passed": 77,
  "failed": 0,
  "rows": [
    {
      "name": "actual complete renderer canonical",
      "passed": true
    },
    {
      "name": "actual complete renderer selectable/no_longer_crime-paid",
      "passed": true
    },
    {
      "name": "actual complete renderer selectable/no_longer_crime-waiver",
      "passed": true
    },
    {
      "name": "actual complete renderer selectable/possession-paid",
      "passed": true
    },
    {
      "name": "actual complete renderer selectable/possession-waiver",
      "passed": true
    },
    {
      "name": "actual complete renderer selectable/pwid-paid",
      "passed": true
    },
    {
      "name": "actual complete renderer selectable/pwid-waiver",
      "passed": true
    },
    {
      "name": "actual complete renderer boundary",
      "passed": true
    },
    {
      "name": "actual complete renderer selectable/possession-separate-from-ineligible-unit",
      "passed": true
    },
    {
      "name": "actual complete renderer selectable/pwid-with-minor-traffic",
      "passed": true
    },
    {
      "name": "actual complete renderer selectable/pwid-new-conviction-now-eligible",
      "passed": true
    },
    {
      "name": "actual complete renderer selectable/citation",
      "passed": true
    },
    {
      "name": "actual complete renderer selectable/adult-transfer-waiver",
      "passed": true
    },
    {
      "name": "actual complete renderer diagnostic/missing-completion",
      "passed": true
    },
    {
      "name": "actual complete renderer diagnostic/unknown-other-offenses",
      "passed": true
    },
    {
      "name": "actual complete renderer diagnostic/waiver-missing-financial",
      "passed": true
    },
    {
      "name": "actual complete renderer diagnostic/court-record-status-unknown",
      "passed": true
    },
    {
      "name": "actual complete renderer diagnostic/missing-contact",
      "passed": true
    },
    {
      "name": "before-three-years",
      "passed": true
    },
    {
      "name": "equal-three-years",
      "passed": true
    },
    {
      "name": "after-three-years",
      "passed": true
    },
    {
      "name": "possession same-day completion accepted without extra wait",
      "passed": true
    },
    {
      "name": "no-longer-crime ground adds no sentence completion prerequisite",
      "passed": true
    },
    {
      "name": "unknown case.convictionDate undefined",
      "passed": true
    },
    {
      "name": "unknown case.convictionDate null",
      "passed": true
    },
    {
      "name": "unknown case.convictionDate ",
      "passed": true
    },
    {
      "name": "unknown case.completionDate undefined",
      "passed": true
    },
    {
      "name": "unknown case.completionDate null",
      "passed": true
    },
    {
      "name": "unknown case.completionDate ",
      "passed": true
    },
    {
      "name": "unknown case.otherOffenses undefined",
      "passed": true
    },
    {
      "name": "unknown case.otherOffenses null",
      "passed": true
    },
    {
      "name": "unknown case.otherOffenses ",
      "passed": true
    },
    {
      "name": "wrong route does not enter another source",
      "passed": true
    },
    {
      "name": "no nonconviction substitution",
      "passed": true
    },
    {
      "name": "no noncannabis substitution",
      "passed": true
    },
    {
      "name": "pardon is not a D basis",
      "passed": true
    },
    {
      "name": "wrong statute refused",
      "passed": true
    },
    {
      "name": "no general release inferred",
      "passed": true
    },
    {
      "name": "signature injection refused",
      "passed": true
    },
    {
      "name": "court order injection refused",
      "passed": true
    },
    {
      "name": "notarial act refused",
      "passed": true
    },
    {
      "name": "date order: event after conviction",
      "passed": true
    },
    {
      "name": "date order: completion before conviction",
      "passed": true
    },
    {
      "name": "date order: future completion",
      "passed": true
    },
    {
      "name": "malformed leap date rejected",
      "passed": true
    },
    {
      "name": "not an automatic-relief duplicate",
      "passed": true
    },
    {
      "name": "missing Case Search result does not mean expunged",
      "passed": true
    },
    {
      "name": "pending criminal proceeding refused",
      "passed": true
    },
    {
      "name": "real objection handoff",
      "passed": true
    },
    {
      "name": "unknown/missing entire charge list refused",
      "passed": true
    },
    {
      "name": "invented other-offenses false refused",
      "passed": true
    },
    {
      "name": "duplicate charge identity refused",
      "passed": true
    },
    {
      "name": "wrong court option refused",
      "passed": true
    },
    {
      "name": "possession carve-out keeps ineligible other charge separate",
      "passed": true
    },
    {
      "name": "PWID does not inherit possession carve-out",
      "passed": true
    },
    {
      "name": "PWID intervening conviction not yet eligible refused",
      "passed": true
    },
    {
      "name": "PWID unknown intervening conviction blocks mark",
      "passed": true
    },
    {
      "name": "exact source bytes gate",
      "passed": true
    },
    {
      "name": "missing source bytes gate",
      "passed": true
    },
    {
      "name": "wrong actual combo option refused",
      "passed": true
    },
    {
      "name": "known overlong name disclosed not truncated",
      "passed": true
    },
    {
      "name": "unsupported glyph cannot silently disappear",
      "passed": true
    },
    {
      "name": "financial on paid",
      "passed": true
    },
    {
      "name": "unrequested waiver",
      "passed": true
    },
    {
      "name": "unknown final election",
      "passed": true
    },
    {
      "name": "negative income",
      "passed": true
    },
    {
      "name": "decimal cents",
      "passed": true
    },
    {
      "name": "inconsistent total",
      "passed": true
    },
    {
      "name": "SNAP income category",
      "passed": true
    },
    {
      "name": "property exclusion not confirmed",
      "passed": true
    },
    {
      "name": "SNAP exclusion not confirmed",
      "passed": true
    },
    {
      "name": "missing financial information never becomes zeros",
      "passed": true
    },
    {
      "name": "export invalid input emits no files, existing=false",
      "passed": true
    },
    {
      "name": "CLI invalid input emits no files, existing=false",
      "passed": true
    },
    {
      "name": "export invalid input emits no files, existing=true",
      "passed": true
    },
    {
      "name": "CLI invalid input emits no files, existing=true",
      "passed": true
    },
    {
      "name": "check flag not credited as regeneration",
      "passed": true
    }
  ],
  "independentApproval": false
}

