{
  "familyId": "nc_146_dismissal_petition-set",
  "status": "COMPLETED",
  "counters": {
    "knownRequiredFieldsMissing": 0,
    "requiredFactsNotCollected": 0,
    "unclassifiedBlanks": 0,
    "incompleteRows": 0,
    "requiredOptionsMissing": 0,
    "requiredComponentsMissing": 0,
    "invisibleWrites": 0,
    "protectedWrites": 0,
    "visualDefects": 0
  },
  "directory": "data/rcap-all50/overlays/census-v1/nc/nc-146-dismissal-petition-set--official-pdf-fill",
  "implementationStrategy": "official_pdf_fill",
  "recordsBound": [
    {
      "recordId": "implementation:nc-146-indigency",
      "sha256": "174bdc91e106c13223b194ce8da4c1198ddbfe7322269b5eea7167a871b7334e"
    },
    {
      "recordId": "packet-set-manifest:nc_146_dismissal_petition-set",
      "sha256": "27ba7b77eb8f36528b7365ec8b33d01052cefbcf7928e7abc4222d96ec4b9d3d"
    },
    {
      "recordId": "legal-design-track-registry:nc_146_dismissal_petition",
      "sha256": "9fe5d0ccf1b172877acdf6a5158e79dc040ce6f77ee47b2ee0403056acb0957f"
    }
  ],
  "officialDocumentsBound": [
    {
      "sourceId": "official-form:AOC-G-106",
      "documentId": "AOC-G-106",
      "sha256": "0fe2360719b3b7c05554c686189026ef9a3a99c347d22e653aa1c8c3255a83fd",
      "custody": "verified_retained_official_source"
    },
    {
      "sourceId": "source-sha256:a876229328f9ee8325890b597633b661711fe606da1be8ddb573cd50791365ed",
      "documentId": "AOC-CR-287",
      "sha256": "a876229328f9ee8325890b597633b661711fe606da1be8ddb573cd50791365ed",
      "custody": "verified_retained_official_source"
    },
    {
      "sourceId": "official-form:AOC-CR-287-INSTRUCTIONS",
      "documentId": "AOC-CR-287-INSTRUCTIONS",
      "sha256": "fe22270401aa22ee5c801871aeb1c00f3b98cfb6867f7155681bab4af9c990d7",
      "custody": "verified_retained_official_source"
    },
    {
      "sourceId": "official-form:AOC-CV-226",
      "documentId": "AOC-CV-226",
      "sha256": "74057a13e4bccccbbac785c845b4996b322c6219e1c45f1ab42dca2377755a8f",
      "custody": "verified_retained_official_source"
    }
  ],
  "components": [
    "petition",
    "instructions",
    "fee_waiver",
    "supplemental_financial_affidavit",
    "participant_guide"
  ],
  "documents": [
    "AOC-CR-287",
    "AOC-CR-287-INSTRUCTIONS",
    "AOC-G-106",
    "AOC-CV-226",
    "participant_guide"
  ],
  "writes": 27,
  "requiredBeforeFiling": 60,
  "artifactHashes": [
    {
      "fixture": "canonical",
      "packetSha256": "3c4fbfc4260ee871340643b6ddcbb8351559785428fd9ff34c207893ad1fd039",
      "bytes": 1010047,
      "pages": 8
    },
    {
      "fixture": "boundary",
      "packetSha256": "5e6e479a3dad1f85957fb16cca060c009aaee7151f70d177e2af7a44ae325717",
      "bytes": 1010403,
      "pages": 8
    }
  ],
  "rasterPages": 0,
  "rasterState": "BUILT_RASTER_PENDING",
  "nineCountersZero": true,
  "packetsSelfVerified": 0,
  "commercialRoutesOpened": 0,
  "productionTouched": false
}
