2026-09-13T04:23:39.9950904Z Current runner version: '2.337.0'
2026-09-13T04:23:39.9975604Z ##[group]Runner Image Provisioner
2026-09-13T04:23:39.9976489Z Hosted Compute Agent
2026-09-13T04:23:39.9977058Z Version: 20260828.587
2026-09-13T04:23:39.9977663Z Commit: abac92662cab4cc7352de4f9f9d2e2419aad9c29
2026-09-13T04:23:39.9978328Z Build Date: 2026-08-28T16:44:25Z
2026-09-13T04:23:39.9978936Z Worker ID: {0762d7c7-e879-4dd1-b001-2d22f38bbb8e}
2026-09-13T04:23:39.9979627Z Azure Region: westus3
2026-09-13T04:23:39.9980133Z ##[endgroup]
2026-09-13T04:23:39.9981687Z ##[group]Operating System
2026-09-13T04:23:39.9982510Z Ubuntu
2026-09-13T04:23:39.9982982Z 24.04.5
2026-09-13T04:23:39.9983537Z LTS
2026-09-13T04:23:39.9984032Z ##[endgroup]
2026-09-13T04:23:39.9984495Z ##[group]Runner Image
2026-09-13T04:23:39.9985438Z Image: ubuntu-24.04
2026-09-13T04:23:39.9985979Z Version: 20260907.300.1
2026-09-13T04:23:39.9987195Z Included Software: https://github.com/actions/runner-images/blob/ubuntu24/20260907.300/images/ubuntu/Ubuntu2404-Readme.md
2026-09-13T04:23:39.9988569Z Image Release: https://github.com/actions/runner-images/releases/tag/ubuntu24%2F20260907.300
2026-09-13T04:23:39.9989457Z ##[endgroup]
2026-09-13T04:23:39.9990532Z ##[group]GITHUB_TOKEN Permissions
2026-09-13T04:23:39.9993122Z Actions: read
2026-09-13T04:23:39.9993681Z Contents: read
2026-09-13T04:23:39.9994234Z Metadata: read
2026-09-13T04:23:39.9994759Z ##[endgroup]
2026-09-13T04:23:39.9996872Z Secret source: Actions
2026-09-13T04:23:39.9997865Z Cache mode: write
2026-09-13T04:23:39.9998531Z Prepare workflow directory
2026-09-13T04:23:40.0369064Z Prepare all required actions
2026-09-13T04:23:40.0417948Z Getting action download info
2026-09-13T04:23:40.3584064Z Download action repository 'actions/checkout@v4' (SHA:11d5960a326750d5838078e36cf38b85af677262)
2026-09-13T04:23:40.4407424Z Download action repository 'actions/setup-node@v4' (SHA:49933ea5288caeca8642d1e84afbd3f7d6820020)
2026-09-13T04:23:40.5131530Z Download action repository 'actions/setup-python@v5' (SHA:a26af69be951a213d495a4c3e4e4022e16d87065)
2026-09-13T04:23:40.5806137Z Download action repository 'actions/upload-artifact@v4' (SHA:ea165f8d65b6e75b540449e92b4886f43607fa02)
2026-09-13T04:23:40.7740900Z Complete job name: ky_protective_order_record_expungement-set
2026-09-13T04:23:40.8472469Z Node 20 is being deprecated. This workflow is running with Node 24 by default. If you need to temporarily use Node 20, you can set the ACTIONS_ALLOW_USE_UNSECURE_NODE_VERSION=true environment variable. For more information see: https://github.blog/changelog/2025-09-19-deprecation-of-node-20-on-github-actions-runners/
2026-09-13T04:23:40.8480794Z ##[group]Run actions/checkout@v4
2026-09-13T04:23:40.8481429Z with:
2026-09-13T04:23:40.8481842Z   ref: 3c1bef26523ab9d60971c4d0e25fc86e1f651a18
2026-09-13T04:23:40.8482700Z   repository: Roger-LegalEase/legalease-partner-dashboard-clean
2026-09-13T04:23:40.8486501Z   token: ***
2026-09-13T04:23:40.8486878Z   ssh-strict: true
2026-09-13T04:23:40.8487252Z   ssh-user: git
2026-09-13T04:23:40.8487646Z   persist-credentials: true
2026-09-13T04:23:40.8488097Z   clean: true
2026-09-13T04:23:40.8488489Z   sparse-checkout-cone-mode: true
2026-09-13T04:23:40.8488938Z   fetch-depth: 1
2026-09-13T04:23:40.8489315Z   fetch-tags: false
2026-09-13T04:23:40.8489729Z   show-progress: true
2026-09-13T04:23:40.8490114Z   lfs: false
2026-09-13T04:23:40.8490473Z   submodules: false
2026-09-13T04:23:40.8490858Z   set-safe-directory: true
2026-09-13T04:23:40.8491301Z   allow-unsafe-pr-checkout: false
2026-09-13T04:23:40.8491970Z ##[endgroup]
2026-09-13T04:23:40.9489776Z Syncing repository: Roger-LegalEase/legalease-partner-dashboard-clean
2026-09-13T04:23:40.9494462Z ##[group]Getting Git version info
2026-09-13T04:23:40.9496680Z Working directory is '/home/runner/work/legalease-partner-dashboard-clean/legalease-partner-dashboard-clean'
2026-09-13T04:23:40.9500525Z [command]/usr/bin/git version
2026-09-13T04:23:40.9520121Z git version 2.55.0
2026-09-13T04:23:40.9539827Z ##[endgroup]
2026-09-13T04:23:40.9554133Z Temporarily overriding HOME='/home/runner/work/_temp/7eae9892-4917-4c42-8582-9eb41487cb0c' before making global git config changes
2026-09-13T04:23:40.9556968Z Adding repository directory to the temporary git global config as a safe directory
2026-09-13T04:23:40.9560020Z [command]/usr/bin/git config --global --add safe.directory /home/runner/work/legalease-partner-dashboard-clean/legalease-partner-dashboard-clean
2026-09-13T04:23:40.9605737Z Deleting the contents of '/home/runner/work/legalease-partner-dashboard-clean/legalease-partner-dashboard-clean'
2026-09-13T04:23:40.9609694Z ##[group]Initializing the repository
2026-09-13T04:23:40.9614732Z [command]/usr/bin/git init /home/runner/work/legalease-partner-dashboard-clean/legalease-partner-dashboard-clean
2026-09-13T04:23:40.9737150Z hint: Using 'master' as the name for the initial branch. This default branch name
2026-09-13T04:23:40.9739210Z hint: will change to "main" in Git 3.0. To configure the initial branch name
2026-09-13T04:23:40.9740544Z hint: to use in all of your new repositories, which will suppress this warning,
2026-09-13T04:23:40.9741498Z hint: call:
2026-09-13T04:23:40.9742171Z hint:
2026-09-13T04:23:40.9743254Z hint: 	git config --global init.defaultBranch <name>
2026-09-13T04:23:40.9744734Z hint:
2026-09-13T04:23:40.9745825Z hint: Names commonly chosen instead of 'master' are 'main', 'trunk' and
2026-09-13T04:23:40.9747314Z hint: 'development'. The just-created branch can be renamed via this command:
2026-09-13T04:23:40.9748630Z hint:
2026-09-13T04:23:40.9749445Z hint: 	git branch -m <name>
2026-09-13T04:23:40.9750390Z hint:
2026-09-13T04:23:40.9751690Z hint: Disable this message with "git config set advice.defaultBranchName false"
2026-09-13T04:23:40.9754411Z Initialized empty Git repository in /home/runner/work/legalease-partner-dashboard-clean/legalease-partner-dashboard-clean/.git/
2026-09-13T04:23:40.9761139Z [command]/usr/bin/git remote add origin https://github.com/Roger-LegalEase/legalease-partner-dashboard-clean
2026-09-13T04:23:40.9838103Z ##[endgroup]
2026-09-13T04:23:40.9839460Z ##[group]Disabling automatic garbage collection
2026-09-13T04:23:40.9842302Z [command]/usr/bin/git config --local gc.auto 0
2026-09-13T04:23:40.9869432Z ##[endgroup]
2026-09-13T04:23:40.9870982Z ##[group]Setting up auth
2026-09-13T04:23:40.9877253Z [command]/usr/bin/git config --local --name-only --get-regexp core\.sshCommand
2026-09-13T04:23:40.9905645Z [command]/usr/bin/git submodule foreach --recursive sh -c "git config --local --name-only --get-regexp 'core\.sshCommand' && git config --local --unset-all 'core.sshCommand' || :"
2026-09-13T04:23:41.0236252Z [command]/usr/bin/git config --local --name-only --get-regexp http\.https\:\/\/github\.com\/\.extraheader
2026-09-13T04:23:41.0270941Z [command]/usr/bin/git submodule foreach --recursive sh -c "git config --local --name-only --get-regexp 'http\.https\:\/\/github\.com\/\.extraheader' && git config --local --unset-all 'http.https://github.com/.extraheader' || :"
2026-09-13T04:23:41.0478681Z [command]/usr/bin/git config --local --name-only --get-regexp ^includeIf\.gitdir:
2026-09-13T04:23:41.0504888Z [command]/usr/bin/git submodule foreach --recursive git config --local --show-origin --name-only --get-regexp remote.origin.url
2026-09-13T04:23:41.0712403Z [command]/usr/bin/git config --local http.https://github.com/.extraheader AUTHORIZATION: basic ***
2026-09-13T04:23:41.0745676Z ##[endgroup]
2026-09-13T04:23:41.0747279Z ##[group]Fetching the repository
2026-09-13T04:23:41.0756979Z [command]/usr/bin/git -c protocol.version=2 fetch --no-tags --prune --no-recurse-submodules --depth=1 origin 3c1bef26523ab9d60971c4d0e25fc86e1f651a18
2026-09-13T04:24:47.0917210Z From https://github.com/Roger-LegalEase/legalease-partner-dashboard-clean
2026-09-13T04:24:47.0918261Z  * branch              3c1bef26523ab9d60971c4d0e25fc86e1f651a18 -> FETCH_HEAD
2026-09-13T04:24:47.0920670Z ##[endgroup]
2026-09-13T04:24:47.0921248Z ##[group]Determining the checkout info
2026-09-13T04:24:47.0923747Z ##[endgroup]
2026-09-13T04:24:47.0929893Z [command]/usr/bin/git sparse-checkout disable
2026-09-13T04:24:47.0970124Z [command]/usr/bin/git config --local --unset-all extensions.worktreeConfig
2026-09-13T04:24:47.1000720Z ##[group]Checking out the ref
2026-09-13T04:24:47.1016601Z [command]/usr/bin/git checkout --progress --force 3c1bef26523ab9d60971c4d0e25fc86e1f651a18
2026-09-13T04:24:48.1734102Z Updating files:  13% (3490/25907)
2026-09-13T04:24:48.2591204Z Updating files:  14% (3627/25907)
2026-09-13T04:24:48.3288769Z Updating files:  15% (3887/25907)
2026-09-13T04:24:48.3969421Z Updating files:  16% (4146/25907)
2026-09-13T04:24:48.5179456Z Updating files:  17% (4405/25907)
2026-09-13T04:24:48.6735244Z Updating files:  18% (4664/25907)
2026-09-13T04:24:48.8068780Z Updating files:  19% (4923/25907)
2026-09-13T04:24:48.9958678Z Updating files:  20% (5182/25907)
2026-09-13T04:24:49.0682413Z Updating files:  21% (5441/25907)
2026-09-13T04:24:49.1338539Z Updating files:  22% (5700/25907)
2026-09-13T04:24:49.1366536Z Updating files:  22% (5955/25907)
2026-09-13T04:24:49.2148070Z Updating files:  23% (5959/25907)
2026-09-13T04:24:49.3000031Z Updating files:  24% (6218/25907)
2026-09-13T04:24:49.4025899Z Updating files:  25% (6477/25907)
2026-09-13T04:24:49.5930145Z Updating files:  26% (6736/25907)
2026-09-13T04:24:49.7427897Z Updating files:  27% (6995/25907)
2026-09-13T04:24:49.8864410Z Updating files:  28% (7254/25907)
2026-09-13T04:24:50.0110045Z Updating files:  29% (7514/25907)
2026-09-13T04:24:50.0562089Z Updating files:  30% (7773/25907)
2026-09-13T04:24:50.1366804Z Updating files:  31% (8032/25907)
2026-09-13T04:24:50.1485537Z Updating files:  31% (8257/25907)
2026-09-13T04:24:50.2275171Z Updating files:  32% (8291/25907)
2026-09-13T04:24:50.2735560Z Updating files:  33% (8550/25907)
2026-09-13T04:24:50.3115589Z Updating files:  34% (8809/25907)
2026-09-13T04:24:50.4084292Z Updating files:  35% (9068/25907)
2026-09-13T04:24:50.4378380Z Updating files:  36% (9327/25907)
2026-09-13T04:24:50.4618972Z Updating files:  37% (9586/25907)
2026-09-13T04:24:50.4959316Z Updating files:  38% (9845/25907)
2026-09-13T04:24:50.5174197Z Updating files:  39% (10104/25907)
2026-09-13T04:24:50.5299399Z Updating files:  40% (10363/25907)
2026-09-13T04:24:50.5617041Z Updating files:  41% (10622/25907)
2026-09-13T04:24:50.5942059Z Updating files:  42% (10881/25907)
2026-09-13T04:24:50.7224221Z Updating files:  43% (11141/25907)
2026-09-13T04:24:50.9492068Z Updating files:  44% (11400/25907)
2026-09-13T04:24:50.9753636Z Updating files:  45% (11659/25907)
2026-09-13T04:24:50.9914387Z Updating files:  46% (11918/25907)
2026-09-13T04:24:51.0033801Z Updating files:  47% (12177/25907)
2026-09-13T04:24:51.0171680Z Updating files:  48% (12436/25907)
2026-09-13T04:24:51.0670746Z Updating files:  49% (12695/25907)
2026-09-13T04:24:51.1340910Z Updating files:  50% (12954/25907)
2026-09-13T04:24:51.1605685Z Updating files:  50% (13162/25907)
2026-09-13T04:24:51.1904484Z Updating files:  51% (13213/25907)
2026-09-13T04:24:51.2387926Z Updating files:  52% (13472/25907)
2026-09-13T04:24:51.3009323Z Updating files:  53% (13731/25907)
2026-09-13T04:24:51.3213795Z Updating files:  54% (13990/25907)
2026-09-13T04:24:51.3622619Z Updating files:  55% (14249/25907)
2026-09-13T04:24:51.4317895Z Updating files:  56% (14508/25907)
2026-09-13T04:24:51.5361790Z Updating files:  57% (14767/25907)
2026-09-13T04:24:51.5855468Z Updating files:  58% (15027/25907)
2026-09-13T04:24:51.6204224Z Updating files:  59% (15286/25907)
2026-09-13T04:24:51.6744766Z Updating files:  60% (15545/25907)
2026-09-13T04:24:51.9048563Z Updating files:  61% (15804/25907)
2026-09-13T04:24:52.1344722Z Updating files:  62% (16063/25907)
2026-09-13T04:24:52.2837400Z Updating files:  62% (16222/25907)
2026-09-13T04:24:52.6266111Z Updating files:  63% (16322/25907)
2026-09-13T04:24:52.7205140Z Updating files:  64% (16581/25907)
2026-09-13T04:24:52.7744579Z Updating files:  65% (16840/25907)
2026-09-13T04:24:52.8947332Z Updating files:  66% (17099/25907)
2026-09-13T04:24:52.9806858Z Updating files:  67% (17358/25907)
2026-09-13T04:24:53.0986909Z Updating files:  68% (17617/25907)
2026-09-13T04:24:53.1338343Z Updating files:  69% (17876/25907)
2026-09-13T04:24:53.1399256Z Updating files:  69% (18071/25907)
2026-09-13T04:24:53.1636452Z Updating files:  70% (18135/25907)
2026-09-13T04:24:53.2983128Z Updating files:  71% (18394/25907)
2026-09-13T04:24:53.3678299Z Updating files:  72% (18654/25907)
2026-09-13T04:24:53.5353732Z Updating files:  73% (18913/25907)
2026-09-13T04:24:53.5867680Z Updating files:  74% (19172/25907)
2026-09-13T04:24:53.7705375Z Updating files:  75% (19431/25907)
2026-09-13T04:24:53.8864670Z Updating files:  76% (19690/25907)
2026-09-13T04:24:53.9056342Z Updating files:  77% (19949/25907)
2026-09-13T04:24:53.9211300Z Updating files:  78% (20208/25907)
2026-09-13T04:24:53.9283193Z Updating files:  79% (20467/25907)
2026-09-13T04:24:54.0507078Z Updating files:  80% (20726/25907)
2026-09-13T04:24:54.1338618Z Updating files:  81% (20985/25907)
2026-09-13T04:24:54.1947033Z Updating files:  81% (21109/25907)
2026-09-13T04:24:54.3470474Z Updating files:  82% (21244/25907)
2026-09-13T04:24:54.4030773Z Updating files:  83% (21503/25907)
2026-09-13T04:24:54.4270840Z Updating files:  84% (21762/25907)
2026-09-13T04:24:54.4484117Z Updating files:  85% (22021/25907)
2026-09-13T04:24:54.4660806Z Updating files:  86% (22281/25907)
2026-09-13T04:24:54.4839141Z Updating files:  87% (22540/25907)
2026-09-13T04:24:54.5051809Z Updating files:  88% (22799/25907)
2026-09-13T04:24:54.5208541Z Updating files:  89% (23058/25907)
2026-09-13T04:24:54.5385519Z Updating files:  90% (23317/25907)
2026-09-13T04:24:54.5767567Z Updating files:  91% (23576/25907)
2026-09-13T04:24:54.5851302Z Updating files:  92% (23835/25907)
2026-09-13T04:24:54.5988952Z Updating files:  93% (24094/25907)
2026-09-13T04:24:54.8005511Z Updating files:  94% (24353/25907)
2026-09-13T04:24:54.9098091Z Updating files:  95% (24612/25907)
2026-09-13T04:24:54.9673109Z Updating files:  96% (24871/25907)
2026-09-13T04:24:55.0233166Z Updating files:  97% (25130/25907)
2026-09-13T04:24:55.0911295Z Updating files:  98% (25389/25907)
2026-09-13T04:24:55.1340533Z Updating files:  99% (25648/25907)
2026-09-13T04:24:55.1384990Z Updating files:  99% (25863/25907)
2026-09-13T04:24:55.1385632Z Updating files: 100% (25907/25907)
2026-09-13T04:24:55.1386267Z Updating files: 100% (25907/25907), done.
2026-09-13T04:24:55.1730475Z Note: switching to '3c1bef26523ab9d60971c4d0e25fc86e1f651a18'.
2026-09-13T04:24:55.1730990Z 
2026-09-13T04:24:55.1731321Z You are in 'detached HEAD' state. You can look around, make experimental
2026-09-13T04:24:55.1732112Z changes and commit them, and you can discard any commits you make in this
2026-09-13T04:24:55.1732955Z state without impacting any branches by switching back to a branch.
2026-09-13T04:24:55.1733216Z 
2026-09-13T04:24:55.1733391Z If you want to create a new branch to retain commits you create, you may
2026-09-13T04:24:55.1733824Z do so (now or later) by using -c with the switch command. Example:
2026-09-13T04:24:55.1734071Z 
2026-09-13T04:24:55.1734181Z   git switch -c <new-branch-name>
2026-09-13T04:24:55.1734384Z 
2026-09-13T04:24:55.1734489Z Or undo this operation with:
2026-09-13T04:24:55.1734640Z 
2026-09-13T04:24:55.1734727Z   git switch -
2026-09-13T04:24:55.1734843Z 
2026-09-13T04:24:55.1735057Z Turn off this advice by setting config variable advice.detachedHead to false
2026-09-13T04:24:55.1735338Z 
2026-09-13T04:24:55.1735530Z HEAD is now at 3c1bef26 Freeze current KY adopted-service raster candidate
2026-09-13T04:24:55.1880184Z ##[endgroup]
2026-09-13T04:24:55.1929404Z [command]/usr/bin/git log -1 --format=%H
2026-09-13T04:24:55.1954879Z 3c1bef26523ab9d60971c4d0e25fc86e1f651a18
2026-09-13T04:24:55.2136706Z ##[group]Run set -euo pipefail
2026-09-13T04:24:55.2137104Z [36;1mset -euo pipefail[0m
2026-09-13T04:24:55.2137467Z [36;1m# actions/checkout accepts a branch or tag here despite the input[0m
2026-09-13T04:24:55.2137963Z [36;1m# description. Three jobs resolve this ref independently, so a branch[0m
2026-09-13T04:24:55.2138527Z [36;1m# that moves mid-run would have them inspect different commits while[0m
2026-09-13T04:24:55.2139130Z [36;1m# every receipt recorded the literal branch name as the pin. An[0m
2026-09-13T04:24:55.2139585Z [36;1m# immutable 40-hex commit, verified against the checked-out HEAD, is[0m
2026-09-13T04:24:55.2140006Z [36;1m# the only input that makes a receipt findable again.[0m
2026-09-13T04:24:55.2140335Z [36;1mcase "$REF" in[0m
2026-09-13T04:24:55.2140762Z [36;1m  *[!0-9a-f]* | "") echo "REFUSED: commit_sha must be a full 40-character commit hash, got '$REF'"; exit 1;;[0m
2026-09-13T04:24:55.2141207Z [36;1mesac[0m
2026-09-13T04:24:55.2141619Z [36;1m[ "${#REF}" -eq 40 ] || { echo "REFUSED: commit_sha must be 40 hex characters, got ${#REF}"; exit 1; }[0m
2026-09-13T04:24:55.2142064Z [36;1mHEAD_SHA="$(git rev-parse HEAD)"[0m
2026-09-13T04:24:55.2142702Z [36;1m[ "$HEAD_SHA" = "$REF" ] || { echo "REFUSED: checked out $HEAD_SHA but the pin says $REF"; exit 1; }[0m
2026-09-13T04:24:55.2143155Z [36;1mecho "pinned commit confirmed: $HEAD_SHA"[0m
2026-09-13T04:24:55.2168564Z shell: /usr/bin/bash -e {0}
2026-09-13T04:24:55.2168830Z env:
2026-09-13T04:24:55.2169064Z   REF: 3c1bef26523ab9d60971c4d0e25fc86e1f651a18
2026-09-13T04:24:55.2169353Z ##[endgroup]
2026-09-13T04:24:55.2247384Z pinned commit confirmed: 3c1bef26523ab9d60971c4d0e25fc86e1f651a18
2026-09-13T04:24:55.2334381Z Node 20 is being deprecated. This workflow is running with Node 24 by default. If you need to temporarily use Node 20, you can set the ACTIONS_ALLOW_USE_UNSECURE_NODE_VERSION=true environment variable. For more information see: https://github.blog/changelog/2025-09-19-deprecation-of-node-20-on-github-actions-runners/
2026-09-13T04:24:55.2335894Z ##[group]Run actions/setup-node@v4
2026-09-13T04:24:55.2336156Z with:
2026-09-13T04:24:55.2336385Z   node-version: 22
2026-09-13T04:24:55.2336598Z   always-auth: false
2026-09-13T04:24:55.2336815Z   check-latest: false
2026-09-13T04:24:55.2339307Z   token: ***
2026-09-13T04:24:55.2339512Z ##[endgroup]
2026-09-13T04:24:55.3750037Z Found in cache @ /opt/hostedtoolcache/node/22.23.2/x64
2026-09-13T04:24:55.3754495Z (node:2203) [DEP0040] DeprecationWarning: The `punycode` module is deprecated. Please use a userland alternative instead.
2026-09-13T04:24:55.3755129Z (Use `node --trace-deprecation ...` to show where the warning was created)
2026-09-13T04:24:55.3757577Z ##[group]Environment details
2026-09-13T04:24:55.7311005Z node: v22.23.2
2026-09-13T04:24:55.7311580Z npm: 10.9.8
2026-09-13T04:24:55.7311946Z yarn: 1.22.22
2026-09-13T04:24:55.7313260Z ##[endgroup]
2026-09-13T04:24:55.7419891Z ##[group]Run npm ci --cache /tmp/npm-cache
2026-09-13T04:24:55.7420232Z [36;1mnpm ci --cache /tmp/npm-cache[0m
2026-09-13T04:24:55.7449936Z shell: /usr/bin/bash -e {0}
2026-09-13T04:24:55.7450202Z ##[endgroup]
2026-09-13T04:25:13.3047771Z 
2026-09-13T04:25:13.3054942Z added 492 packages, and audited 493 packages in 18s
2026-09-13T04:25:13.3055237Z 
2026-09-13T04:25:13.3055455Z 186 packages are looking for funding
2026-09-13T04:25:13.3055769Z   run `npm fund` for details
2026-09-13T04:25:13.4728908Z 
2026-09-13T04:25:13.4729916Z 39 vulnerabilities (2 low, 29 moderate, 7 high, 1 critical)
2026-09-13T04:25:13.4730280Z 
2026-09-13T04:25:13.4730543Z To address issues that do not require attention, run:
2026-09-13T04:25:13.4730952Z   npm audit fix
2026-09-13T04:25:13.4731105Z 
2026-09-13T04:25:13.4731245Z To address all issues, run:
2026-09-13T04:25:13.4731555Z   npm audit fix --force
2026-09-13T04:25:13.4731727Z 
2026-09-13T04:25:13.4731876Z Run `npm audit` for details.
2026-09-13T04:25:13.5221273Z Node 20 is being deprecated. This workflow is running with Node 24 by default. If you need to temporarily use Node 20, you can set the ACTIONS_ALLOW_USE_UNSECURE_NODE_VERSION=true environment variable. For more information see: https://github.blog/changelog/2025-09-19-deprecation-of-node-20-on-github-actions-runners/
2026-09-13T04:25:13.5222594Z ##[group]Run actions/setup-python@v5
2026-09-13T04:25:13.5222851Z with:
2026-09-13T04:25:13.5223065Z   python-version: 3.12
2026-09-13T04:25:13.5223416Z   check-latest: false
2026-09-13T04:25:13.5226748Z   token: ***
2026-09-13T04:25:13.5226972Z   update-environment: true
2026-09-13T04:25:13.5227212Z   allow-prereleases: false
2026-09-13T04:25:13.5227490Z   freethreaded: false
2026-09-13T04:25:13.5227791Z ##[endgroup]
2026-09-13T04:25:13.6536913Z ##[group]Installed versions
2026-09-13T04:25:13.6616559Z (node:2273) [DEP0040] DeprecationWarning: The `punycode` module is deprecated. Please use a userland alternative instead.
2026-09-13T04:25:13.6617384Z (Use `node --trace-deprecation ...` to show where the warning was created)
2026-09-13T04:25:13.6618025Z Successfully set up CPython (3.12.14)
2026-09-13T04:25:13.6618778Z ##[endgroup]
2026-09-13T04:25:13.6808880Z ##[group]Run python -m pip install --disable-pip-version-check pikepdf==10.12.0
2026-09-13T04:25:13.6809821Z [36;1mpython -m pip install --disable-pip-version-check pikepdf==10.12.0[0m
2026-09-13T04:25:13.6845312Z shell: /usr/bin/bash -e {0}
2026-09-13T04:25:13.6845588Z env:
2026-09-13T04:25:13.6845858Z   pythonLocation: /opt/hostedtoolcache/Python/3.12.14/x64
2026-09-13T04:25:13.6846280Z   PKG_CONFIG_PATH: /opt/hostedtoolcache/Python/3.12.14/x64/lib/pkgconfig
2026-09-13T04:25:13.6846689Z   Python_ROOT_DIR: /opt/hostedtoolcache/Python/3.12.14/x64
2026-09-13T04:25:13.6847060Z   Python2_ROOT_DIR: /opt/hostedtoolcache/Python/3.12.14/x64
2026-09-13T04:25:13.6847424Z   Python3_ROOT_DIR: /opt/hostedtoolcache/Python/3.12.14/x64
2026-09-13T04:25:13.6847790Z   LD_LIBRARY_PATH: /opt/hostedtoolcache/Python/3.12.14/x64/lib
2026-09-13T04:25:13.6848099Z ##[endgroup]
2026-09-13T04:25:14.6212111Z Collecting pikepdf==10.12.0
2026-09-13T04:25:14.6763290Z   Downloading pikepdf-10.12.0-cp312-cp312-manylinux_2_27_x86_64.manylinux_2_28_x86_64.whl.metadata (11 kB)
2026-09-13T04:25:14.8119607Z Collecting Pillow>=10.0.1 (from pikepdf==10.12.0)
2026-09-13T04:25:14.8154506Z   Downloading pillow-12.3.0-cp312-cp312-manylinux_2_27_x86_64.manylinux_2_28_x86_64.whl.metadata (9.1 kB)
2026-09-13T04:25:15.0076691Z Collecting lxml>=4.8 (from pikepdf==10.12.0)
2026-09-13T04:25:15.0111563Z   Downloading lxml-6.1.3-cp312-cp312-manylinux_2_26_x86_64.manylinux_2_28_x86_64.whl.metadata (3.3 kB)
2026-09-13T04:25:15.0262822Z Collecting packaging (from pikepdf==10.12.0)
2026-09-13T04:25:15.0297644Z   Downloading packaging-26.3-py3-none-any.whl.metadata (3.5 kB)
2026-09-13T04:25:15.0384188Z Downloading pikepdf-10.12.0-cp312-cp312-manylinux_2_27_x86_64.manylinux_2_28_x86_64.whl (2.3 MB)
2026-09-13T04:25:15.0883157Z    ━━━━━━━━━━━━━━━━━━━━━━━━━━━━━━━━━━━━━━━━ 2.3/2.3 MB 61.5 MB/s  0:00:00
2026-09-13T04:25:15.0918895Z Downloading lxml-6.1.3-cp312-cp312-manylinux_2_26_x86_64.manylinux_2_28_x86_64.whl (5.2 MB)
2026-09-13T04:25:15.1317464Z    ━━━━━━━━━━━━━━━━━━━━━━━━━━━━━━━━━━━━━━━━ 5.2/5.2 MB 138.5 MB/s  0:00:00
2026-09-13T04:25:15.1354576Z Downloading pillow-12.3.0-cp312-cp312-manylinux_2_27_x86_64.manylinux_2_28_x86_64.whl (6.9 MB)
2026-09-13T04:25:15.1651124Z    ━━━━━━━━━━━━━━━━━━━━━━━━━━━━━━━━━━━━━━━━ 6.9/6.9 MB 243.9 MB/s  0:00:00
2026-09-13T04:25:15.1690716Z Downloading packaging-26.3-py3-none-any.whl (129 kB)
2026-09-13T04:25:15.2333014Z Installing collected packages: Pillow, packaging, lxml, pikepdf
2026-09-13T04:25:15.8285347Z 
2026-09-13T04:25:15.8296910Z Successfully installed Pillow-12.3.0 lxml-6.1.3 packaging-26.3 pikepdf-10.12.0
2026-09-13T04:25:15.8977325Z ##[group]Run set -euo pipefail
2026-09-13T04:25:15.8977693Z [36;1mset -euo pipefail[0m
2026-09-13T04:25:15.8978105Z [36;1mexport PLAYWRIGHT_BROWSERS_PATH="$HOME/.cache/ms-playwright"[0m
2026-09-13T04:25:15.8978606Z [36;1mnpx --yes playwright install --with-deps chromium[0m
2026-09-13T04:25:15.8979132Z [36;1mecho "PLAYWRIGHT_BROWSERS_PATH=$PLAYWRIGHT_BROWSERS_PATH" >> "$GITHUB_ENV"[0m
2026-09-13T04:25:15.9005309Z shell: /usr/bin/bash -e {0}
2026-09-13T04:25:15.9005609Z env:
2026-09-13T04:25:15.9005933Z   pythonLocation: /opt/hostedtoolcache/Python/3.12.14/x64
2026-09-13T04:25:15.9006432Z   PKG_CONFIG_PATH: /opt/hostedtoolcache/Python/3.12.14/x64/lib/pkgconfig
2026-09-13T04:25:15.9007066Z   Python_ROOT_DIR: /opt/hostedtoolcache/Python/3.12.14/x64
2026-09-13T04:25:15.9007514Z   Python2_ROOT_DIR: /opt/hostedtoolcache/Python/3.12.14/x64
2026-09-13T04:25:15.9007951Z   Python3_ROOT_DIR: /opt/hostedtoolcache/Python/3.12.14/x64
2026-09-13T04:25:15.9008460Z   LD_LIBRARY_PATH: /opt/hostedtoolcache/Python/3.12.14/x64/lib
2026-09-13T04:25:15.9008833Z ##[endgroup]
2026-09-13T04:25:16.6076290Z Installing dependencies...
2026-09-13T04:25:16.6133615Z Switching to root user to install dependencies...
2026-09-13T04:25:16.7205739Z Get:1 file:/etc/apt/apt-mirrors.txt Mirrorlist [144 B]
2026-09-13T04:25:16.7493709Z Get:6 https://packages.microsoft.com/ubuntu/24.04/prod noble InRelease [3600 B]
2026-09-13T04:25:16.7632759Z Hit:2 http://azure.archive.ubuntu.com/ubuntu noble InRelease
2026-09-13T04:25:16.7635851Z Get:3 http://azure.archive.ubuntu.com/ubuntu noble-updates InRelease [126 kB]
2026-09-13T04:25:16.7711140Z Get:4 http://azure.archive.ubuntu.com/ubuntu noble-backports InRelease [126 kB]
2026-09-13T04:25:16.7722937Z Get:5 http://azure.archive.ubuntu.com/ubuntu noble-security InRelease [126 kB]
2026-09-13T04:25:16.8194192Z Get:7 https://packages.microsoft.com/ubuntu/24.04/prod noble/main amd64 Packages [463 kB]
2026-09-13T04:25:16.8213801Z Get:8 https://dl.google.com/linux/chrome-stable/deb stable InRelease [2548 B]
2026-09-13T04:25:16.8331735Z Get:9 https://packages.microsoft.com/ubuntu/24.04/prod noble/main arm64 Packages [414 kB]
2026-09-13T04:25:16.9158647Z Get:10 http://azure.archive.ubuntu.com/ubuntu noble-updates/main amd64 Packages [1263 kB]
2026-09-13T04:25:16.9226084Z Get:11 http://azure.archive.ubuntu.com/ubuntu noble-updates/main Translation-en [292 kB]
2026-09-13T04:25:16.9244477Z Get:12 http://azure.archive.ubuntu.com/ubuntu noble-updates/main amd64 Components [180 kB]
2026-09-13T04:25:16.9259083Z Get:13 http://azure.archive.ubuntu.com/ubuntu noble-updates/universe amd64 Packages [1690 kB]
2026-09-13T04:25:16.9339152Z Get:14 http://azure.archive.ubuntu.com/ubuntu noble-updates/universe amd64 Components [388 kB]
2026-09-13T04:25:16.9364855Z Get:15 http://azure.archive.ubuntu.com/ubuntu noble-updates/restricted amd64 Packages [1544 kB]
2026-09-13T04:25:16.9473066Z Get:16 http://azure.archive.ubuntu.com/ubuntu noble-updates/restricted Translation-en [354 kB]
2026-09-13T04:25:16.9473921Z Get:17 http://azure.archive.ubuntu.com/ubuntu noble-updates/multiverse amd64 Components [940 B]
2026-09-13T04:25:16.9674214Z Get:18 http://azure.archive.ubuntu.com/ubuntu noble-backports/main amd64 Components [5748 B]
2026-09-13T04:25:16.9691203Z Get:19 http://azure.archive.ubuntu.com/ubuntu noble-backports/universe amd64 Components [12.6 kB]
2026-09-13T04:25:17.0537483Z Get:20 http://azure.archive.ubuntu.com/ubuntu noble-security/main amd64 Packages [1006 kB]
2026-09-13T04:25:17.0586152Z Get:21 http://azure.archive.ubuntu.com/ubuntu noble-security/main Translation-en [213 kB]
2026-09-13T04:25:17.0601761Z Get:22 http://azure.archive.ubuntu.com/ubuntu noble-security/main amd64 Components [46.4 kB]
2026-09-13T04:25:17.0611971Z Get:23 http://azure.archive.ubuntu.com/ubuntu noble-security/universe amd64 Packages [1206 kB]
2026-09-13T04:25:17.0668237Z Get:24 http://azure.archive.ubuntu.com/ubuntu noble-security/universe amd64 Components [76.3 kB]
2026-09-13T04:25:17.0679872Z Get:25 http://azure.archive.ubuntu.com/ubuntu noble-security/restricted amd64 Packages [1445 kB]
2026-09-13T04:25:17.0741260Z Get:26 http://azure.archive.ubuntu.com/ubuntu noble-security/restricted Translation-en [336 kB]
2026-09-13T04:25:17.0852162Z Get:27 https://dl.google.com/linux/chrome-stable/deb stable/main amd64 Packages [1409 B]
2026-09-13T04:25:21.3063502Z Fetched 11.3 MB in 1s (8940 kB/s)
2026-09-13T04:25:22.1760367Z Reading package lists...
2026-09-13T04:25:22.2007911Z Reading package lists...
2026-09-13T04:25:22.3955468Z Building dependency tree...
2026-09-13T04:25:22.3962024Z Reading state information...
2026-09-13T04:25:22.5497200Z libasound2t64 is already the newest version (1.2.11-1ubuntu0.3).
2026-09-13T04:25:22.5498373Z libasound2t64 set to manually installed.
2026-09-13T04:25:22.5499018Z libatk-bridge2.0-0t64 is already the newest version (2.52.0-1build1).
2026-09-13T04:25:22.5499683Z libatk-bridge2.0-0t64 set to manually installed.
2026-09-13T04:25:22.5500279Z libatk1.0-0t64 is already the newest version (2.52.0-1build1).
2026-09-13T04:25:22.5500854Z libatk1.0-0t64 set to manually installed.
2026-09-13T04:25:22.5501649Z libatspi2.0-0t64 is already the newest version (2.52.0-1build1).
2026-09-13T04:25:22.5502056Z libatspi2.0-0t64 set to manually installed.
2026-09-13T04:25:22.5502698Z libcairo2 is already the newest version (1.18.0-3build1).
2026-09-13T04:25:22.5503063Z libcairo2 set to manually installed.
2026-09-13T04:25:22.5503457Z libcups2t64 is already the newest version (2.4.7-1.2ubuntu7.14).
2026-09-13T04:25:22.5503839Z libcups2t64 set to manually installed.
2026-09-13T04:25:22.5504232Z libdbus-1-3 is already the newest version (1.14.10-4ubuntu4.1).
2026-09-13T04:25:22.5504610Z libdbus-1-3 set to manually installed.
2026-09-13T04:25:22.5505059Z libdrm2 is already the newest version (2.4.125-1ubuntu0.1~24.04.2).
2026-09-13T04:25:22.5505694Z libdrm2 set to manually installed.
2026-09-13T04:25:22.5506219Z libgbm1 is already the newest version (25.2.8-0ubuntu0.24.04.2).
2026-09-13T04:25:22.5506601Z libgbm1 set to manually installed.
2026-09-13T04:25:22.5506989Z libglib2.0-0t64 is already the newest version (2.80.0-6ubuntu3.8).
2026-09-13T04:25:22.5507382Z libglib2.0-0t64 set to manually installed.
2026-09-13T04:25:22.5507780Z libnspr4 is already the newest version (2:4.35-1.1build1).
2026-09-13T04:25:22.5508147Z libnspr4 set to manually installed.
2026-09-13T04:25:22.5508510Z libnss3 is already the newest version (2:3.98-1ubuntu0.2).
2026-09-13T04:25:22.5508856Z libnss3 set to manually installed.
2026-09-13T04:25:22.5509234Z libpango-1.0-0 is already the newest version (1.52.1+ds-1build1).
2026-09-13T04:25:22.5509620Z libpango-1.0-0 set to manually installed.
2026-09-13T04:25:22.5510001Z libx11-6 is already the newest version (2:1.8.7-1build1).
2026-09-13T04:25:22.5510357Z libx11-6 set to manually installed.
2026-09-13T04:25:22.5510703Z libxcb1 is already the newest version (1.15-1ubuntu2).
2026-09-13T04:25:22.5511040Z libxcb1 set to manually installed.
2026-09-13T04:25:22.5511426Z libxcomposite1 is already the newest version (1:0.4.5-1build3).
2026-09-13T04:25:22.5511817Z libxcomposite1 set to manually installed.
2026-09-13T04:25:22.5512314Z libxdamage1 is already the newest version (1:1.1.6-1build1).
2026-09-13T04:25:22.5512725Z libxdamage1 set to manually installed.
2026-09-13T04:25:22.5513096Z libxext6 is already the newest version (2:1.3.4-1build2).
2026-09-13T04:25:22.5513447Z libxext6 set to manually installed.
2026-09-13T04:25:22.5513813Z libxfixes3 is already the newest version (1:6.0.0-2build1).
2026-09-13T04:25:22.5514187Z libxfixes3 set to manually installed.
2026-09-13T04:25:22.5514562Z libxkbcommon0 is already the newest version (1.6.0-1build1).
2026-09-13T04:25:22.5514939Z libxkbcommon0 set to manually installed.
2026-09-13T04:25:22.5515327Z libxrandr2 is already the newest version (2:1.5.2-2build1).
2026-09-13T04:25:22.5515687Z libxrandr2 set to manually installed.
2026-09-13T04:25:22.5516054Z xvfb is already the newest version (2:21.1.12-1ubuntu1.6).
2026-09-13T04:25:22.5516831Z fonts-noto-color-emoji is already the newest version (2.047-0ubuntu0.24.04.1).
2026-09-13T04:25:22.5517364Z libfontconfig1 is already the newest version (2.15.0-1.1ubuntu2).
2026-09-13T04:25:22.5517759Z libfontconfig1 set to manually installed.
2026-09-13T04:25:22.5518178Z libfreetype6 is already the newest version (2.13.2+dfsg-1ubuntu0.1).
2026-09-13T04:25:22.5518580Z libfreetype6 set to manually installed.
2026-09-13T04:25:22.5518974Z fonts-liberation is already the newest version (1:2.1.5-3).
2026-09-13T04:25:22.5519353Z fonts-liberation set to manually installed.
2026-09-13T04:25:22.5519729Z The following additional packages will be installed:
2026-09-13T04:25:22.5520068Z   xfonts-encodings xfonts-utils
2026-09-13T04:25:22.5520441Z Recommended packages:
2026-09-13T04:25:22.5520711Z   fonts-ipafont-mincho fonts-tlwg-loma
2026-09-13T04:25:22.5705865Z The following NEW packages will be installed:
2026-09-13T04:25:22.5706730Z   fonts-freefont-ttf fonts-ipafont-gothic fonts-tlwg-loma-otf fonts-unifont
2026-09-13T04:25:22.5722826Z   fonts-wqy-zenhei xfonts-cyrillic xfonts-encodings xfonts-scalable
2026-09-13T04:25:22.5723502Z   xfonts-utils
2026-09-13T04:25:22.5887283Z 0 upgraded, 9 newly installed, 0 to remove and 50 not upgraded.
2026-09-13T04:25:22.5888005Z Need to get 21.1 MB of archives.
2026-09-13T04:25:22.5888690Z After this operation, 79.5 MB of additional disk space will be used.
2026-09-13T04:25:22.5889495Z Get:1 file:/etc/apt/apt-mirrors.txt Mirrorlist [144 B]
2026-09-13T04:25:22.7756012Z Get:2 http://azure.archive.ubuntu.com/ubuntu noble/universe amd64 fonts-ipafont-gothic all 00303-21ubuntu1 [3513 kB]
2026-09-13T04:25:22.9522009Z Get:3 http://azure.archive.ubuntu.com/ubuntu noble/main amd64 fonts-freefont-ttf all 20211204+svn4273-2 [5641 kB]
2026-09-13T04:25:23.0625792Z Get:4 http://azure.archive.ubuntu.com/ubuntu noble/universe amd64 fonts-tlwg-loma-otf all 1:0.7.3-1 [107 kB]
2026-09-13T04:25:23.1088026Z Get:5 http://azure.archive.ubuntu.com/ubuntu noble/universe amd64 fonts-unifont all 1:15.1.01-1build1 [2993 kB]
2026-09-13T04:25:23.1954636Z Get:6 http://azure.archive.ubuntu.com/ubuntu noble/universe amd64 fonts-wqy-zenhei all 0.9.45-8 [7472 kB]
2026-09-13T04:25:23.3463542Z Get:7 http://azure.archive.ubuntu.com/ubuntu noble/main amd64 xfonts-encodings all 1:1.0.5-0ubuntu2 [578 kB]
2026-09-13T04:25:23.3990725Z Get:8 http://azure.archive.ubuntu.com/ubuntu noble/main amd64 xfonts-utils amd64 1:7.7+6build3 [94.4 kB]
2026-09-13T04:25:23.4450274Z Get:9 http://azure.archive.ubuntu.com/ubuntu noble/universe amd64 xfonts-cyrillic all 1:1.0.5+nmu1 [384 kB]
2026-09-13T04:25:23.4950388Z Get:10 http://azure.archive.ubuntu.com/ubuntu noble/main amd64 xfonts-scalable all 1:1.0.3-1.3 [304 kB]
2026-09-13T04:25:23.7356759Z Fetched 21.1 MB in 1s (23.0 MB/s)
2026-09-13T04:25:23.7560368Z Selecting previously unselected package fonts-ipafont-gothic.
2026-09-13T04:25:23.7776798Z (Reading database ... 
2026-09-13T04:25:23.7777484Z (Reading database ... 5%
2026-09-13T04:25:23.7778038Z (Reading database ... 10%
2026-09-13T04:25:23.7778600Z (Reading database ... 15%
2026-09-13T04:25:23.7778956Z (Reading database ... 20%
2026-09-13T04:25:23.7779202Z (Reading database ... 25%
2026-09-13T04:25:23.7779438Z (Reading database ... 30%
2026-09-13T04:25:23.7779669Z (Reading database ... 35%
2026-09-13T04:25:23.7779899Z (Reading database ... 40%
2026-09-13T04:25:23.7780129Z (Reading database ... 45%
2026-09-13T04:25:23.7780391Z (Reading database ... 50%
2026-09-13T04:25:23.7810754Z (Reading database ... 55%
2026-09-13T04:25:23.8735595Z (Reading database ... 60%
2026-09-13T04:25:24.0260032Z (Reading database ... 65%
2026-09-13T04:25:24.2158633Z (Reading database ... 70%
2026-09-13T04:25:24.3241877Z (Reading database ... 75%
2026-09-13T04:25:24.4786040Z (Reading database ... 80%
2026-09-13T04:25:24.6218031Z (Reading database ... 85%
2026-09-13T04:25:24.7262728Z (Reading database ... 90%
2026-09-13T04:25:24.8286750Z (Reading database ... 95%
2026-09-13T04:25:24.8287392Z (Reading database ... 100%
2026-09-13T04:25:24.8288590Z (Reading database ... 201818 files and directories currently installed.)
2026-09-13T04:25:24.8329937Z Preparing to unpack .../0-fonts-ipafont-gothic_00303-21ubuntu1_all.deb ...
2026-09-13T04:25:24.8437125Z Unpacking fonts-ipafont-gothic (00303-21ubuntu1) ...
2026-09-13T04:25:25.0738064Z Selecting previously unselected package fonts-freefont-ttf.
2026-09-13T04:25:25.0850476Z Preparing to unpack .../1-fonts-freefont-ttf_20211204+svn4273-2_all.deb ...
2026-09-13T04:25:25.0860792Z Unpacking fonts-freefont-ttf (20211204+svn4273-2) ...
2026-09-13T04:25:25.1590249Z Selecting previously unselected package fonts-tlwg-loma-otf.
2026-09-13T04:25:25.1698773Z Preparing to unpack .../2-fonts-tlwg-loma-otf_1%3a0.7.3-1_all.deb ...
2026-09-13T04:25:25.1710716Z Unpacking fonts-tlwg-loma-otf (1:0.7.3-1) ...
2026-09-13T04:25:25.1870041Z Selecting previously unselected package fonts-unifont.
2026-09-13T04:25:25.1981155Z Preparing to unpack .../3-fonts-unifont_1%3a15.1.01-1build1_all.deb ...
2026-09-13T04:25:25.1990982Z Unpacking fonts-unifont (1:15.1.01-1build1) ...
2026-09-13T04:25:25.2923311Z Selecting previously unselected package fonts-wqy-zenhei.
2026-09-13T04:25:25.3033052Z Preparing to unpack .../4-fonts-wqy-zenhei_0.9.45-8_all.deb ...
2026-09-13T04:25:25.3112851Z Unpacking fonts-wqy-zenhei (0.9.45-8) ...
2026-09-13T04:25:25.7818065Z Selecting previously unselected package xfonts-encodings.
2026-09-13T04:25:25.7928386Z Preparing to unpack .../5-xfonts-encodings_1%3a1.0.5-0ubuntu2_all.deb ...
2026-09-13T04:25:25.7934519Z Unpacking xfonts-encodings (1:1.0.5-0ubuntu2) ...
2026-09-13T04:25:25.8144644Z Selecting previously unselected package xfonts-utils.
2026-09-13T04:25:25.8253718Z Preparing to unpack .../6-xfonts-utils_1%3a7.7+6build3_amd64.deb ...
2026-09-13T04:25:25.8259663Z Unpacking xfonts-utils (1:7.7+6build3) ...
2026-09-13T04:25:25.8531605Z Selecting previously unselected package xfonts-cyrillic.
2026-09-13T04:25:25.8643204Z Preparing to unpack .../7-xfonts-cyrillic_1%3a1.0.5+nmu1_all.deb ...
2026-09-13T04:25:25.8652300Z Unpacking xfonts-cyrillic (1:1.0.5+nmu1) ...
2026-09-13T04:25:26.0217865Z Selecting previously unselected package xfonts-scalable.
2026-09-13T04:25:26.0329291Z Preparing to unpack .../8-xfonts-scalable_1%3a1.0.3-1.3_all.deb ...
2026-09-13T04:25:26.0338424Z Unpacking xfonts-scalable (1:1.0.3-1.3) ...
2026-09-13T04:25:26.0669589Z Setting up fonts-wqy-zenhei (0.9.45-8) ...
2026-09-13T04:25:26.0773593Z Setting up fonts-freefont-ttf (20211204+svn4273-2) ...
2026-09-13T04:25:26.0789461Z Setting up fonts-tlwg-loma-otf (1:0.7.3-1) ...
2026-09-13T04:25:26.0805869Z Setting up xfonts-encodings (1:1.0.5-0ubuntu2) ...
2026-09-13T04:25:26.0821202Z Setting up fonts-ipafont-gothic (00303-21ubuntu1) ...
2026-09-13T04:25:26.0873259Z update-alternatives: using /usr/share/fonts/opentype/ipafont-gothic/ipag.ttf to provide /usr/share/fonts/truetype/fonts-japanese-gothic.ttf (fonts-japanese-gothic.ttf) in auto mode
2026-09-13T04:25:26.0887146Z Setting up fonts-unifont (1:15.1.01-1build1) ...
2026-09-13T04:25:26.0903498Z Setting up xfonts-utils (1:7.7+6build3) ...
2026-09-13T04:25:26.0938217Z Setting up xfonts-cyrillic (1:1.0.5+nmu1) ...
2026-09-13T04:25:26.1179565Z Setting up xfonts-scalable (1:1.0.3-1.3) ...
2026-09-13T04:25:26.1396915Z Processing triggers for man-db (2.12.0-4build2) ...
2026-09-13T04:25:26.1414776Z Not building database; man-db/auto-update is not 'true'.
2026-09-13T04:25:26.1426687Z Processing triggers for fontconfig (2.15.0-1.1ubuntu2) ...
2026-09-13T04:25:26.7522908Z 
2026-09-13T04:25:26.7523506Z Running kernel seems to be up-to-date.
2026-09-13T04:25:26.7523822Z 
2026-09-13T04:25:26.7523974Z No services need to be restarted.
2026-09-13T04:25:26.7524141Z 
2026-09-13T04:25:26.7524291Z No containers need to be restarted.
2026-09-13T04:25:26.7524471Z 
2026-09-13T04:25:26.7524663Z No user sessions are running outdated binaries.
2026-09-13T04:25:26.7524874Z 
2026-09-13T04:25:26.7525133Z No VM guests are running outdated hypervisor (qemu) binaries on this host.
2026-09-13T04:25:27.6826797Z Downloading Chrome for Testing 148.0.7778.96 (playwright chromium v1223) from https://cdn.playwright.dev/builds/cft/148.0.7778.96/linux64/chrome-linux64.zip
2026-09-13T04:25:28.7103006Z |                                                                                |   0% of 175.4 MiB
2026-09-13T04:25:28.8931701Z |■■■■■■■■                                                                        |  10% of 175.4 MiB
2026-09-13T04:25:28.9737332Z |■■■■■■■■■■■■■■■■                                                                |  20% of 175.4 MiB
2026-09-13T04:25:29.0663528Z |■■■■■■■■■■■■■■■■■■■■■■■■                                                        |  30% of 175.4 MiB
2026-09-13T04:25:29.1376553Z |■■■■■■■■■■■■■■■■■■■■■■■■■■■■■■■■                                                |  40% of 175.4 MiB
2026-09-13T04:25:29.3296267Z |■■■■■■■■■■■■■■■■■■■■■■■■■■■■■■■■■■■■■■■■                                        |  50% of 175.4 MiB
2026-09-13T04:25:29.4366609Z |■■■■■■■■■■■■■■■■■■■■■■■■■■■■■■■■■■■■■■■■■■■■■■■■                                |  60% of 175.4 MiB
2026-09-13T04:25:29.5403620Z |■■■■■■■■■■■■■■■■■■■■■■■■■■■■■■■■■■■■■■■■■■■■■■■■■■■■■■■■                        |  70% of 175.4 MiB
2026-09-13T04:25:29.6383867Z |■■■■■■■■■■■■■■■■■■■■■■■■■■■■■■■■■■■■■■■■■■■■■■■■■■■■■■■■■■■■■■■■                |  80% of 175.4 MiB
2026-09-13T04:25:29.7680691Z |■■■■■■■■■■■■■■■■■■■■■■■■■■■■■■■■■■■■■■■■■■■■■■■■■■■■■■■■■■■■■■■■■■■■■■■■        |  90% of 175.4 MiB
2026-09-13T04:25:29.8541250Z |■■■■■■■■■■■■■■■■■■■■■■■■■■■■■■■■■■■■■■■■■■■■■■■■■■■■■■■■■■■■■■■■■■■■■■■■■■■■■■■■| 100% of 175.4 MiB
2026-09-13T04:25:32.2776325Z Chrome for Testing 148.0.7778.96 (playwright chromium v1223) downloaded to /home/runner/.cache/ms-playwright/chromium-1223
2026-09-13T04:25:32.2779296Z Downloading FFmpeg (playwright ffmpeg v1011) from https://cdn.playwright.dev/dbazure/download/playwright/builds/ffmpeg/1011/ffmpeg-linux.zip
2026-09-13T04:25:33.2473236Z |                                                                                |   0% of 2.3 MiB
2026-09-13T04:25:33.2505369Z |■■■■■■■■                                                                        |  10% of 2.3 MiB
2026-09-13T04:25:33.2527447Z |■■■■■■■■■■■■■■■■                                                                |  20% of 2.3 MiB
2026-09-13T04:25:33.2547028Z |■■■■■■■■■■■■■■■■■■■■■■■■                                                        |  30% of 2.3 MiB
2026-09-13T04:25:33.2564929Z |■■■■■■■■■■■■■■■■■■■■■■■■■■■■■■■■                                                |  40% of 2.3 MiB
2026-09-13T04:25:33.2575784Z |■■■■■■■■■■■■■■■■■■■■■■■■■■■■■■■■■■■■■■■■                                        |  50% of 2.3 MiB
2026-09-13T04:25:33.2588607Z |■■■■■■■■■■■■■■■■■■■■■■■■■■■■■■■■■■■■■■■■■■■■■■■■                                |  60% of 2.3 MiB
2026-09-13T04:25:33.2599767Z |■■■■■■■■■■■■■■■■■■■■■■■■■■■■■■■■■■■■■■■■■■■■■■■■■■■■■■■■                        |  70% of 2.3 MiB
2026-09-13T04:25:33.2610667Z |■■■■■■■■■■■■■■■■■■■■■■■■■■■■■■■■■■■■■■■■■■■■■■■■■■■■■■■■■■■■■■■■                |  80% of 2.3 MiB
2026-09-13T04:25:33.2629325Z |■■■■■■■■■■■■■■■■■■■■■■■■■■■■■■■■■■■■■■■■■■■■■■■■■■■■■■■■■■■■■■■■■■■■■■■■        |  90% of 2.3 MiB
2026-09-13T04:25:33.2637903Z |■■■■■■■■■■■■■■■■■■■■■■■■■■■■■■■■■■■■■■■■■■■■■■■■■■■■■■■■■■■■■■■■■■■■■■■■■■■■■■■■| 100% of 2.3 MiB
2026-09-13T04:25:33.3168609Z FFmpeg (playwright ffmpeg v1011) downloaded to /home/runner/.cache/ms-playwright/ffmpeg-1011
2026-09-13T04:25:33.3171537Z Downloading Chrome Headless Shell 148.0.7778.96 (playwright chromium-headless-shell v1223) from https://cdn.playwright.dev/builds/cft/148.0.7778.96/linux64/chrome-headless-shell-linux64.zip
2026-09-13T04:25:34.3468984Z |                                                                                |   0% of 113.2 MiB
2026-09-13T04:25:34.4974279Z |■■■■■■■■                                                                        |  10% of 113.2 MiB
2026-09-13T04:25:34.5556417Z |■■■■■■■■■■■■■■■■                                                                |  20% of 113.2 MiB
2026-09-13T04:25:34.6317211Z |■■■■■■■■■■■■■■■■■■■■■■■■                                                        |  30% of 113.2 MiB
2026-09-13T04:25:34.6832127Z |■■■■■■■■■■■■■■■■■■■■■■■■■■■■■■■■                                                |  40% of 113.2 MiB
2026-09-13T04:25:34.7556414Z |■■■■■■■■■■■■■■■■■■■■■■■■■■■■■■■■■■■■■■■■                                        |  50% of 113.2 MiB
2026-09-13T04:25:34.8118184Z |■■■■■■■■■■■■■■■■■■■■■■■■■■■■■■■■■■■■■■■■■■■■■■■■                                |  60% of 113.2 MiB
2026-09-13T04:25:34.8680119Z |■■■■■■■■■■■■■■■■■■■■■■■■■■■■■■■■■■■■■■■■■■■■■■■■■■■■■■■■                        |  70% of 113.2 MiB
2026-09-13T04:25:34.9358494Z |■■■■■■■■■■■■■■■■■■■■■■■■■■■■■■■■■■■■■■■■■■■■■■■■■■■■■■■■■■■■■■■■                |  80% of 113.2 MiB
2026-09-13T04:25:34.9972079Z |■■■■■■■■■■■■■■■■■■■■■■■■■■■■■■■■■■■■■■■■■■■■■■■■■■■■■■■■■■■■■■■■■■■■■■■■        |  90% of 113.2 MiB
2026-09-13T04:25:35.0605045Z |■■■■■■■■■■■■■■■■■■■■■■■■■■■■■■■■■■■■■■■■■■■■■■■■■■■■■■■■■■■■■■■■■■■■■■■■■■■■■■■■| 100% of 113.2 MiB
2026-09-13T04:25:36.8191971Z Chrome Headless Shell 148.0.7778.96 (playwright chromium-headless-shell v1223) downloaded to /home/runner/.cache/ms-playwright/chromium_headless_shell-1223
2026-09-13T04:25:36.8380458Z ##[group]Run node scripts/rcap-raster-batch.mjs \
2026-09-13T04:25:36.8380844Z [36;1mnode scripts/rcap-raster-batch.mjs \[0m
2026-09-13T04:25:36.8381162Z [36;1m  --manifest "$MANIFEST_PATH" \[0m
2026-09-13T04:25:36.8381438Z [36;1m  --family "$FAMILY" \[0m
2026-09-13T04:25:36.8381691Z [36;1m  --commit "$COMMIT_SHA" \[0m
2026-09-13T04:25:36.8381951Z [36;1m  --scale "$REQUESTED_SCALE" \[0m
2026-09-13T04:25:36.8382681Z [36;1m  --run-id "$WORKFLOW_RUN_ID" \[0m
2026-09-13T04:25:36.8382986Z [36;1m  --out raster-out[0m
2026-09-13T04:25:36.8405616Z shell: /usr/bin/bash -e {0}
2026-09-13T04:25:36.8405906Z env:
2026-09-13T04:25:36.8406176Z   pythonLocation: /opt/hostedtoolcache/Python/3.12.14/x64
2026-09-13T04:25:36.8406592Z   PKG_CONFIG_PATH: /opt/hostedtoolcache/Python/3.12.14/x64/lib/pkgconfig
2026-09-13T04:25:36.8406996Z   Python_ROOT_DIR: /opt/hostedtoolcache/Python/3.12.14/x64
2026-09-13T04:25:36.8407380Z   Python2_ROOT_DIR: /opt/hostedtoolcache/Python/3.12.14/x64
2026-09-13T04:25:36.8407785Z   Python3_ROOT_DIR: /opt/hostedtoolcache/Python/3.12.14/x64
2026-09-13T04:25:36.8408169Z   LD_LIBRARY_PATH: /opt/hostedtoolcache/Python/3.12.14/x64/lib
2026-09-13T04:25:36.8408558Z   PLAYWRIGHT_BROWSERS_PATH: /home/runner/.cache/ms-playwright
2026-09-13T04:25:36.8409120Z   MANIFEST_PATH: data/rcap-grade-a/packet-factory-24h/pf08/ky-adopted-service-raster-manifest-20260913.json
2026-09-13T04:25:36.8409657Z   FAMILY: ky_protective_order_record_expungement-set
2026-09-13T04:25:36.8409988Z   COMMIT_SHA: 3c1bef26523ab9d60971c4d0e25fc86e1f651a18
2026-09-13T04:25:36.8410287Z   REQUESTED_SCALE: 2.5
2026-09-13T04:25:36.8410632Z   WORKFLOW_RUN_ID: 34737617513
2026-09-13T04:25:36.8413459Z   GH_TOKEN: ***
2026-09-13T04:25:36.8413667Z ##[endgroup]
2026-09-13T04:25:59.9227503Z RCAP_RECEIPT_BEGIN family=ky_protective_order_record_expungement-set run=34737617513 commit=3c1bef26523ab9d60971c4d0e25fc86e1f651a18
2026-09-13T04:25:59.9257509Z RCAP_RECEIPT_VERDICT {"schemaVersion":"rcap-raster-family-verdict/v1","familyId":"ky_protective_order_record_expungement-set","verdict":"RASTER_PASS","packetCommitSha":"3c1bef26523ab9d60971c4d0e25fc86e1f651a18","workflowRunId":"34737617513","requestedScale":2.5,"cssPxPerPt":1.3333333333333333,"browserExecutable":"/home/runner/.cache/ms-playwright/chromium-1223/chrome-linux64/chrome","resolvedBy":"PLAYWRIGHT_BROWSERS_PATH","operatingSystem":"Linux 6.17.0-1022-azure x64","nodeVersion":"v22.23.2","hashesBound":{"canonical":{"path":"data/rcap-all50/overlays/census-v1/ky/ky-protective-order-record-expungement-set--official-pdf-fill/fixtures/canonical.pdf","pinned":"dd797c6d4783f58979d964d0d483a9270261a1832177fe9b0a0150e2ef04d63e"},"boundary":{"path":"data/rcap-all50/overlays/census-v1/ky/ky-protective-order-record-expungement-set--official-pdf-fill/fixtures/boundary.pdf","pinned":"b219565f8e930db532f7613a3302e8433b4a933c32c679aab3eb1edb7df6a97d"}},"documentsRendered":[{"role":"canonical","document":"canonical.pdf","path":"data/rcap-all50/overlays/census-v1/ky/ky-protective-order-record-expungement-set--official-pdf-fill/fixtures/canonical.pdf","pinned":"dd797c6d4783f58979d964d0d483a9270261a1832177fe9b0a0150e2ef04d63e"},{"role":"boundary","document":"boundary.pdf","path":"data/rcap-all50/overlays/census-v1/ky/ky-protective-order-record-expungement-set--official-pdf-fill/fixtures/boundary.pdf","pinned":"b219565f8e930db532f7613a3302e8433b4a933c32c679aab3eb1edb7df6a97d"}],"documentsDigest":"bc5ddb142cf4823481e2f4b50d7b837a3494adbca8815c2a25ae31edb7ba942f","coversTheWholeFamily":true,"decryptionTransforms":[],"decryptionRule":"An encrypted source is hashed before any transform; Poppler and qpdf must independently agree on its page count; the temporary derivative is decrypted and serialized with explicit objects, then admitted only when geometry, decoded page content, fields/widgets, and XFA remain identical; only that temporary transport is passed to pdf-lib for calibrated rendering; the queued packet bytes are never modified.","pagesMeasured":2,"measurements":[{"kind":"canonical","document":"canonical.pdf","page":1,"png":"ky_protective_order_record_expungement-set/canonical/page-001.png","bytes":439563,"pngSha256":"b76f6f04b6ea95f07883505c186ae10c4073155c69dcd8a2fbc5e745a2e141a1","pngWidth":2040,"pngHeight":2640,"paper":{"x0":204,"y0":3,"x1":2243,"y1":2642,"width":2040,"height":2640},"pxPerPt":3.3333333333333335,"expectedPxPerPt":3.333333333333333,"pageWidthPt":612,"pageHeightPt":792,"expectedPx":{"width":2039.9999999999998,"height":2639.9999999999995,"tolerancePx":6.666666666666666},"calibrationResidualPx":0,"inkFractionInsidePaper":0.053900215389185976,"nonblank":true,"croppedToThePage":true},{"kind":"boundary","document":"boundary.pdf","page":1,"png":"ky_protective_order_record_expungement-set/boundary/page-001.png","bytes":450926,"pngSha256":"21c57d7d0ba26e502c9db89e7b4204cce4b5648d744a17e8c6c81b91c46db00f","pngWidth":2040,"pngHeight":2640,"paper":{"x0":204,"y0":3,"x1":2243,"y1":2642,"width":2040,"height":2640},"pxPerPt":3.3333333333333335,"expectedPxPerPt":3.333333333333333,"pageWidthPt":612,"pageHeightPt":792,"expectedPx":{"width":2039.9999999999998,"height":2639.9999999999995,"tolerancePx":6.666666666666666},"calibrationResidualPx":0,"inkFractionInsidePaper":0.05572192513368984,"nonblank":true,"croppedToThePage":true}],"problems":[],"environmentProblems":[],"whatThisDoesNotDecide":"This is one gate. RASTER_PASS does not make a family PASS_COMPLETE, promotes nothing, and opens no commercial route.","packetPdfsModified":0,"bodiesCommitted":0,"commercialRoutesOpened":0,"productionTouched":false}
2026-09-13T04:25:59.9282843Z RCAP_RECEIPT_INVENTORY [{"runId":"34737617513","familyId":"ky_protective_order_record_expungement-set","member":"ky_protective_order_record_expungement-set/canonical/page-001.png","bytes":439563,"sha256":"b76f6f04b6ea95f07883505c186ae10c4073155c69dcd8a2fbc5e745a2e141a1","pngWidth":2040,"pngHeight":2640},{"runId":"34737617513","familyId":"ky_protective_order_record_expungement-set","member":"ky_protective_order_record_expungement-set/boundary/page-001.png","bytes":450926,"sha256":"21c57d7d0ba26e502c9db89e7b4204cce4b5648d744a17e8c6c81b91c46db00f","pngWidth":2040,"pngHeight":2640}]
2026-09-13T04:25:59.9287166Z RCAP_RECEIPT_END family=ky_protective_order_record_expungement-set run=34737617513 pages=2
2026-09-13T04:25:59.9288807Z RASTER_PASS ky_protective_order_record_expungement-set — 2 document(s), 2 page(s) measured, 0 problem(s)
2026-09-13T04:25:59.9385457Z ##[group]Run set -uo pipefail
2026-09-13T04:25:59.9385792Z [36;1mset -uo pipefail[0m
2026-09-13T04:25:59.9386065Z [36;1mfor v in raster-out/*.verdict.json; do[0m
2026-09-13T04:25:59.9386366Z [36;1m  [ -e "$v" ] || continue[0m
2026-09-13T04:25:59.9386689Z [36;1m  echo "===== BEGIN VERDICT $(basename "$v") ====="[0m
2026-09-13T04:25:59.9387001Z [36;1m  cat "$v"[0m
2026-09-13T04:25:59.9387250Z [36;1m  echo "===== END VERDICT $(basename "$v") ====="[0m
2026-09-13T04:25:59.9387541Z [36;1mdone[0m
2026-09-13T04:25:59.9387779Z [36;1mecho "===== BEGIN PAGE DIGESTS ====="[0m
2026-09-13T04:25:59.9388206Z [36;1mfind raster-out -type f -name '*.png' -print0 | sort -z | xargs -0 -r sha256sum[0m
2026-09-13T04:25:59.9388628Z [36;1mecho "===== END PAGE DIGESTS ====="[0m
2026-09-13T04:25:59.9411016Z shell: /usr/bin/bash -e {0}
2026-09-13T04:25:59.9411286Z env:
2026-09-13T04:25:59.9411563Z   pythonLocation: /opt/hostedtoolcache/Python/3.12.14/x64
2026-09-13T04:25:59.9412058Z   PKG_CONFIG_PATH: /opt/hostedtoolcache/Python/3.12.14/x64/lib/pkgconfig
2026-09-13T04:25:59.9412676Z   Python_ROOT_DIR: /opt/hostedtoolcache/Python/3.12.14/x64
2026-09-13T04:25:59.9413057Z   Python2_ROOT_DIR: /opt/hostedtoolcache/Python/3.12.14/x64
2026-09-13T04:25:59.9413451Z   Python3_ROOT_DIR: /opt/hostedtoolcache/Python/3.12.14/x64
2026-09-13T04:25:59.9413834Z   LD_LIBRARY_PATH: /opt/hostedtoolcache/Python/3.12.14/x64/lib
2026-09-13T04:25:59.9414242Z   PLAYWRIGHT_BROWSERS_PATH: /home/runner/.cache/ms-playwright
2026-09-13T04:25:59.9414587Z ##[endgroup]
2026-09-13T04:25:59.9469776Z ===== BEGIN VERDICT ky_protective_order_record_expungement-set.verdict.json =====
2026-09-13T04:25:59.9477291Z {
2026-09-13T04:25:59.9477899Z   "schemaVersion": "rcap-raster-family-verdict/v1",
2026-09-13T04:25:59.9478641Z   "familyId": "ky_protective_order_record_expungement-set",
2026-09-13T04:25:59.9479227Z   "verdict": "RASTER_PASS",
2026-09-13T04:25:59.9479755Z   "packetCommitSha": "3c1bef26523ab9d60971c4d0e25fc86e1f651a18",
2026-09-13T04:25:59.9480150Z   "workflowRunId": "34737617513",
2026-09-13T04:25:59.9480419Z   "requestedScale": 2.5,
2026-09-13T04:25:59.9480676Z   "cssPxPerPt": 1.3333333333333333,
2026-09-13T04:25:59.9481155Z   "browserExecutable": "/home/runner/.cache/ms-playwright/chromium-1223/chrome-linux64/chrome",
2026-09-13T04:25:59.9481650Z   "resolvedBy": "PLAYWRIGHT_BROWSERS_PATH",
2026-09-13T04:25:59.9482002Z   "operatingSystem": "Linux 6.17.0-1022-azure x64",
2026-09-13T04:25:59.9482513Z   "nodeVersion": "v22.23.2",
2026-09-13T04:25:59.9482840Z   "hashesBound": {
2026-09-13T04:25:59.9483053Z     "canonical": {
2026-09-13T04:25:59.9483693Z       "path": "data/rcap-all50/overlays/census-v1/ky/ky-protective-order-record-expungement-set--official-pdf-fill/fixtures/canonical.pdf",
2026-09-13T04:25:59.9484470Z       "pinned": "dd797c6d4783f58979d964d0d483a9270261a1832177fe9b0a0150e2ef04d63e"
2026-09-13T04:25:59.9484843Z     },
2026-09-13T04:25:59.9485037Z     "boundary": {
2026-09-13T04:25:59.9485653Z       "path": "data/rcap-all50/overlays/census-v1/ky/ky-protective-order-record-expungement-set--official-pdf-fill/fixtures/boundary.pdf",
2026-09-13T04:25:59.9486410Z       "pinned": "b219565f8e930db532f7613a3302e8433b4a933c32c679aab3eb1edb7df6a97d"
2026-09-13T04:25:59.9486780Z     }
2026-09-13T04:25:59.9487153Z   },
2026-09-13T04:25:59.9487358Z   "documentsRendered": [
2026-09-13T04:25:59.9487580Z     {
2026-09-13T04:25:59.9487774Z       "role": "canonical",
2026-09-13T04:25:59.9488030Z       "document": "canonical.pdf",
2026-09-13T04:25:59.9488676Z       "path": "data/rcap-all50/overlays/census-v1/ky/ky-protective-order-record-expungement-set--official-pdf-fill/fixtures/canonical.pdf",
2026-09-13T04:25:59.9489429Z       "pinned": "dd797c6d4783f58979d964d0d483a9270261a1832177fe9b0a0150e2ef04d63e"
2026-09-13T04:25:59.9489796Z     },
2026-09-13T04:25:59.9489970Z     {
2026-09-13T04:25:59.9490158Z       "role": "boundary",
2026-09-13T04:25:59.9490405Z       "document": "boundary.pdf",
2026-09-13T04:25:59.9491157Z       "path": "data/rcap-all50/overlays/census-v1/ky/ky-protective-order-record-expungement-set--official-pdf-fill/fixtures/boundary.pdf",
2026-09-13T04:25:59.9491914Z       "pinned": "b219565f8e930db532f7613a3302e8433b4a933c32c679aab3eb1edb7df6a97d"
2026-09-13T04:25:59.9492441Z     }
2026-09-13T04:25:59.9492677Z   ],
2026-09-13T04:25:59.9493073Z   "documentsDigest": "bc5ddb142cf4823481e2f4b50d7b837a3494adbca8815c2a25ae31edb7ba942f",
2026-09-13T04:25:59.9493526Z   "coversTheWholeFamily": true,
2026-09-13T04:25:59.9493803Z   "decryptionTransforms": [],
2026-09-13T04:25:59.9495408Z   "decryptionRule": "An encrypted source is hashed before any transform; Poppler and qpdf must independently agree on its page count; the temporary derivative is decrypted and serialized with explicit objects, then admitted only when geometry, decoded page content, fields/widgets, and XFA remain identical; only that temporary transport is passed to pdf-lib for calibrated rendering; the queued packet bytes are never modified.",
2026-09-13T04:25:59.9496864Z   "pagesMeasured": 2,
2026-09-13T04:25:59.9497090Z   "measurements": [
2026-09-13T04:25:59.9497298Z     {
2026-09-13T04:25:59.9497489Z       "kind": "canonical",
2026-09-13T04:25:59.9497744Z       "document": "canonical.pdf",
2026-09-13T04:25:59.9497994Z       "page": 1,
2026-09-13T04:25:59.9498363Z       "png": "ky_protective_order_record_expungement-set/canonical/page-001.png",
2026-09-13T04:25:59.9498744Z       "bytes": 439563,
2026-09-13T04:25:59.9499146Z       "pngSha256": "b76f6f04b6ea95f07883505c186ae10c4073155c69dcd8a2fbc5e745a2e141a1",
2026-09-13T04:25:59.9499552Z       "pngWidth": 2040,
2026-09-13T04:25:59.9499823Z       "pngHeight": 2640,
2026-09-13T04:25:59.9500048Z       "paper": {
2026-09-13T04:25:59.9500251Z         "x0": 204,
2026-09-13T04:25:59.9500461Z         "y0": 3,
2026-09-13T04:25:59.9500656Z         "x1": 2243,
2026-09-13T04:25:59.9500911Z         "y1": 2642,
2026-09-13T04:25:59.9501174Z         "width": 2040,
2026-09-13T04:25:59.9501445Z         "height": 2640
2026-09-13T04:25:59.9501661Z       },
2026-09-13T04:25:59.9501876Z       "pxPerPt": 3.3333333333333335,
2026-09-13T04:25:59.9502467Z       "expectedPxPerPt": 3.333333333333333,
2026-09-13T04:25:59.9502754Z       "pageWidthPt": 612,
2026-09-13T04:25:59.9502994Z       "pageHeightPt": 792,
2026-09-13T04:25:59.9503237Z       "expectedPx": {
2026-09-13T04:25:59.9503480Z         "width": 2039.9999999999998,
2026-09-13T04:25:59.9503756Z         "height": 2639.9999999999995,
2026-09-13T04:25:59.9504039Z         "tolerancePx": 6.666666666666666
2026-09-13T04:25:59.9504285Z       },
2026-09-13T04:25:59.9504500Z       "calibrationResidualPx": 0,
2026-09-13T04:25:59.9504811Z       "inkFractionInsidePaper": 0.053900215389185976,
2026-09-13T04:25:59.9505101Z       "nonblank": true,
2026-09-13T04:25:59.9505356Z       "croppedToThePage": true
2026-09-13T04:25:59.9505596Z     },
2026-09-13T04:25:59.9505770Z     {
2026-09-13T04:25:59.9505958Z       "kind": "boundary",
2026-09-13T04:25:59.9506213Z       "document": "boundary.pdf",
2026-09-13T04:25:59.9506461Z       "page": 1,
2026-09-13T04:25:59.9506822Z       "png": "ky_protective_order_record_expungement-set/boundary/page-001.png",
2026-09-13T04:25:59.9507194Z       "bytes": 450926,
2026-09-13T04:25:59.9507587Z       "pngSha256": "21c57d7d0ba26e502c9db89e7b4204cce4b5648d744a17e8c6c81b91c46db00f",
2026-09-13T04:25:59.9508134Z       "pngWidth": 2040,
2026-09-13T04:25:59.9508368Z       "pngHeight": 2640,
2026-09-13T04:25:59.9508615Z       "paper": {
2026-09-13T04:25:59.9508853Z         "x0": 204,
2026-09-13T04:25:59.9509051Z         "y0": 3,
2026-09-13T04:25:59.9509247Z         "x1": 2243,
2026-09-13T04:25:59.9509454Z         "y1": 2642,
2026-09-13T04:25:59.9509681Z         "width": 2040,
2026-09-13T04:25:59.9509891Z         "height": 2640
2026-09-13T04:25:59.9510219Z       },
2026-09-13T04:25:59.9510542Z       "pxPerPt": 3.3333333333333335,
2026-09-13T04:25:59.9511167Z       "expectedPxPerPt": 3.333333333333333,
2026-09-13T04:25:59.9511525Z       "pageWidthPt": 612,
2026-09-13T04:25:59.9511885Z       "pageHeightPt": 792,
2026-09-13T04:25:59.9512145Z       "expectedPx": {
2026-09-13T04:25:59.9512820Z         "width": 2039.9999999999998,
2026-09-13T04:25:59.9513259Z         "height": 2639.9999999999995,
2026-09-13T04:25:59.9513739Z         "tolerancePx": 6.666666666666666
2026-09-13T04:25:59.9514329Z       },
2026-09-13T04:25:59.9514684Z       "calibrationResidualPx": 0,
2026-09-13T04:25:59.9515166Z       "inkFractionInsidePaper": 0.05572192513368984,
2026-09-13T04:25:59.9515602Z       "nonblank": true,
2026-09-13T04:25:59.9516161Z       "croppedToThePage": true
2026-09-13T04:25:59.9516542Z     }
2026-09-13T04:25:59.9516835Z   ],
2026-09-13T04:25:59.9517131Z   "problems": [],
2026-09-13T04:25:59.9517491Z   "environmentProblems": [],
2026-09-13T04:25:59.9518576Z   "whatThisDoesNotDecide": "This is one gate. RASTER_PASS does not make a family PASS_COMPLETE, promotes nothing, and opens no commercial route.",
2026-09-13T04:25:59.9519591Z   "packetPdfsModified": 0,
2026-09-13T04:25:59.9520003Z   "bodiesCommitted": 0,
2026-09-13T04:25:59.9520425Z   "commercialRoutesOpened": 0,
2026-09-13T04:25:59.9520874Z   "productionTouched": false
2026-09-13T04:25:59.9521258Z }
2026-09-13T04:25:59.9521922Z ===== END VERDICT ky_protective_order_record_expungement-set.verdict.json =====
2026-09-13T04:25:59.9522916Z ===== BEGIN PAGE DIGESTS =====
2026-09-13T04:25:59.9550881Z 21c57d7d0ba26e502c9db89e7b4204cce4b5648d744a17e8c6c81b91c46db00f  raster-out/ky_protective_order_record_expungement-set/boundary/page-001.png
2026-09-13T04:25:59.9554884Z 7860e3479cc9c4860be3e7b6d46ba5a0bc230609ff5cc2135b567d267214bcc1  raster-out/ky_protective_order_record_expungement-set/boundary/page-calibration.png
2026-09-13T04:25:59.9558810Z b76f6f04b6ea95f07883505c186ae10c4073155c69dcd8a2fbc5e745a2e141a1  raster-out/ky_protective_order_record_expungement-set/canonical/page-001.png
2026-09-13T04:25:59.9563059Z 17001bbfadcefd675a2368fed99e9a5df477c42876f7a8e7e4f18d9a631acd4d  raster-out/ky_protective_order_record_expungement-set/canonical/page-calibration.png
2026-09-13T04:25:59.9566234Z ===== END PAGE DIGESTS =====
2026-09-13T04:25:59.9590609Z ##[group]Run set -euo pipefail
2026-09-13T04:25:59.9590913Z [36;1mset -euo pipefail[0m
2026-09-13T04:25:59.9591259Z [36;1m# The render writes only under raster-out/. If a tracked file moved,[0m
2026-09-13T04:25:59.9591657Z [36;1m# something wrote where it must not.[0m
2026-09-13T04:25:59.9592001Z [36;1mgit diff --quiet && git diff --cached --quiet \[0m
2026-09-13T04:25:59.9592765Z [36;1m  || { echo "REFUSED: the render modified tracked files"; git status --porcelain; exit 1; }[0m
2026-09-13T04:25:59.9614355Z shell: /usr/bin/bash -e {0}
2026-09-13T04:25:59.9614618Z env:
2026-09-13T04:25:59.9614895Z   pythonLocation: /opt/hostedtoolcache/Python/3.12.14/x64
2026-09-13T04:25:59.9615338Z   PKG_CONFIG_PATH: /opt/hostedtoolcache/Python/3.12.14/x64/lib/pkgconfig
2026-09-13T04:25:59.9615752Z   Python_ROOT_DIR: /opt/hostedtoolcache/Python/3.12.14/x64
2026-09-13T04:25:59.9616122Z   Python2_ROOT_DIR: /opt/hostedtoolcache/Python/3.12.14/x64
2026-09-13T04:25:59.9616538Z   Python3_ROOT_DIR: /opt/hostedtoolcache/Python/3.12.14/x64
2026-09-13T04:25:59.9616915Z   LD_LIBRARY_PATH: /opt/hostedtoolcache/Python/3.12.14/x64/lib
2026-09-13T04:25:59.9617305Z   PLAYWRIGHT_BROWSERS_PATH: /home/runner/.cache/ms-playwright
2026-09-13T04:25:59.9617749Z ##[endgroup]
2026-09-13T04:26:00.1968593Z ##[group]Run printf 'FAMILY_SLUG=%s\n' "$(printf '%s' "$FAMILY" | tr -c 'A-Za-z0-9._-' '_')" >> "$GITHUB_ENV"
2026-09-13T04:26:00.1969765Z [36;1mprintf 'FAMILY_SLUG=%s\n' "$(printf '%s' "$FAMILY" | tr -c 'A-Za-z0-9._-' '_')" >> "$GITHUB_ENV"[0m
2026-09-13T04:26:00.2003328Z shell: /usr/bin/bash -e {0}
2026-09-13T04:26:00.2003785Z env:
2026-09-13T04:26:00.2004265Z   pythonLocation: /opt/hostedtoolcache/Python/3.12.14/x64
2026-09-13T04:26:00.2005142Z   PKG_CONFIG_PATH: /opt/hostedtoolcache/Python/3.12.14/x64/lib/pkgconfig
2026-09-13T04:26:00.2005965Z   Python_ROOT_DIR: /opt/hostedtoolcache/Python/3.12.14/x64
2026-09-13T04:26:00.2006689Z   Python2_ROOT_DIR: /opt/hostedtoolcache/Python/3.12.14/x64
2026-09-13T04:26:00.2007424Z   Python3_ROOT_DIR: /opt/hostedtoolcache/Python/3.12.14/x64
2026-09-13T04:26:00.2008162Z   LD_LIBRARY_PATH: /opt/hostedtoolcache/Python/3.12.14/x64/lib
2026-09-13T04:26:00.2008933Z   PLAYWRIGHT_BROWSERS_PATH: /home/runner/.cache/ms-playwright
2026-09-13T04:26:00.2009743Z   FAMILY: ky_protective_order_record_expungement-set
2026-09-13T04:26:00.2010321Z ##[endgroup]
2026-09-13T04:26:00.2151959Z Node 20 is being deprecated. This workflow is running with Node 24 by default. If you need to temporarily use Node 20, you can set the ACTIONS_ALLOW_USE_UNSECURE_NODE_VERSION=true environment variable. For more information see: https://github.blog/changelog/2025-09-19-deprecation-of-node-20-on-github-actions-runners/
2026-09-13T04:26:00.2153405Z ##[group]Run actions/upload-artifact@v4
2026-09-13T04:26:00.2153669Z with:
2026-09-13T04:26:00.2153968Z   name: rcap-raster-ky_protective_order_record_expungement-set-34737617513
2026-09-13T04:26:00.2154338Z   path: raster-out/
2026-09-13T04:26:00.2154555Z   if-no-files-found: error
2026-09-13T04:26:00.2154787Z   retention-days: 14
2026-09-13T04:26:00.2155005Z   compression-level: 6
2026-09-13T04:26:00.2155221Z   overwrite: false
2026-09-13T04:26:00.2155438Z   include-hidden-files: false
2026-09-13T04:26:00.2155682Z env:
2026-09-13T04:26:00.2155934Z   pythonLocation: /opt/hostedtoolcache/Python/3.12.14/x64
2026-09-13T04:26:00.2156397Z   PKG_CONFIG_PATH: /opt/hostedtoolcache/Python/3.12.14/x64/lib/pkgconfig
2026-09-13T04:26:00.2156808Z   Python_ROOT_DIR: /opt/hostedtoolcache/Python/3.12.14/x64
2026-09-13T04:26:00.2157177Z   Python2_ROOT_DIR: /opt/hostedtoolcache/Python/3.12.14/x64
2026-09-13T04:26:00.2157536Z   Python3_ROOT_DIR: /opt/hostedtoolcache/Python/3.12.14/x64
2026-09-13T04:26:00.2157907Z   LD_LIBRARY_PATH: /opt/hostedtoolcache/Python/3.12.14/x64/lib
2026-09-13T04:26:00.2158298Z   PLAYWRIGHT_BROWSERS_PATH: /home/runner/.cache/ms-playwright
2026-09-13T04:26:00.2158679Z   FAMILY_SLUG: ky_protective_order_record_expungement-set
2026-09-13T04:26:00.2158980Z ##[endgroup]
2026-09-13T04:26:00.3783885Z (node:3338) [DEP0040] DeprecationWarning: The `punycode` module is deprecated. Please use a userland alternative instead.
2026-09-13T04:26:00.3785215Z (Use `node --trace-deprecation ...` to show where the warning was created)
2026-09-13T04:26:00.3870734Z With the provided path, there will be 10 files uploaded
2026-09-13T04:26:00.3875885Z Artifact name is valid!
2026-09-13T04:26:00.3876625Z Root directory input is valid!
2026-09-13T04:26:00.7279346Z Beginning upload of artifact content to blob storage
2026-09-13T04:26:00.8367093Z (node:3338) [DEP0169] DeprecationWarning: `url.parse()` behavior is not standardized and prone to errors that have security implications. Use the WHATWG URL API instead. CVEs are not issued for `url.parse()` vulnerabilities.
2026-09-13T04:26:01.3847578Z Uploaded bytes 2333588
2026-09-13T04:26:01.4473740Z Finished uploading artifact content to blob storage!
2026-09-13T04:26:01.4476097Z SHA256 digest of uploaded artifact zip is 1a9d1e559c35e0815c338efe3fc7e9814b6085ae0f84547e6234506c6a1b45d6
2026-09-13T04:26:01.4478087Z Finalizing artifact upload
2026-09-13T04:26:01.6679741Z Artifact rcap-raster-ky_protective_order_record_expungement-set-34737617513.zip successfully finalized. Artifact ID 10311920765
2026-09-13T04:26:01.6681458Z Artifact rcap-raster-ky_protective_order_record_expungement-set-34737617513 has been successfully uploaded! Final size is 2333588 bytes. Artifact ID is 10311920765
2026-09-13T04:26:01.6688151Z Artifact download URL: https://github.com/Roger-LegalEase/legalease-partner-dashboard-clean/actions/runs/34737617513/artifacts/10311920765
2026-09-13T04:26:01.6837530Z Node 20 is being deprecated. This workflow is running with Node 24 by default. If you need to temporarily use Node 20, you can set the ACTIONS_ALLOW_USE_UNSECURE_NODE_VERSION=true environment variable. For more information see: https://github.blog/changelog/2025-09-19-deprecation-of-node-20-on-github-actions-runners/
2026-09-13T04:26:01.6838677Z Post job cleanup.
2026-09-13T04:26:01.8059494Z (node:3352) [DEP0040] DeprecationWarning: The `punycode` module is deprecated. Please use a userland alternative instead.
2026-09-13T04:26:01.8060269Z (Use `node --trace-deprecation ...` to show where the warning was created)
2026-09-13T04:26:01.8216959Z Node 20 is being deprecated. This workflow is running with Node 24 by default. If you need to temporarily use Node 20, you can set the ACTIONS_ALLOW_USE_UNSECURE_NODE_VERSION=true environment variable. For more information see: https://github.blog/changelog/2025-09-19-deprecation-of-node-20-on-github-actions-runners/
2026-09-13T04:26:01.8219436Z Post job cleanup.
2026-09-13T04:26:01.9513542Z (node:3360) [DEP0040] DeprecationWarning: The `punycode` module is deprecated. Please use a userland alternative instead.
2026-09-13T04:26:01.9514310Z (Use `node --trace-deprecation ...` to show where the warning was created)
2026-09-13T04:26:01.9718664Z Node 20 is being deprecated. This workflow is running with Node 24 by default. If you need to temporarily use Node 20, you can set the ACTIONS_ALLOW_USE_UNSECURE_NODE_VERSION=true environment variable. For more information see: https://github.blog/changelog/2025-09-19-deprecation-of-node-20-on-github-actions-runners/
2026-09-13T04:26:01.9721143Z Post job cleanup.
2026-09-13T04:26:02.0638329Z [command]/usr/bin/git version
2026-09-13T04:26:02.0679204Z git version 2.55.0
2026-09-13T04:26:02.0717163Z Temporarily overriding HOME='/home/runner/work/_temp/9072bf01-659e-492c-8bea-dd8034f2a270' before making global git config changes
2026-09-13T04:26:02.0718874Z Adding repository directory to the temporary git global config as a safe directory
2026-09-13T04:26:02.0723728Z [command]/usr/bin/git config --global --add safe.directory /home/runner/work/legalease-partner-dashboard-clean/legalease-partner-dashboard-clean
2026-09-13T04:26:02.0763635Z [command]/usr/bin/git config --local --name-only --get-regexp core\.sshCommand
2026-09-13T04:26:02.0798674Z [command]/usr/bin/git submodule foreach --recursive sh -c "git config --local --name-only --get-regexp 'core\.sshCommand' && git config --local --unset-all 'core.sshCommand' || :"
2026-09-13T04:26:02.1039708Z [command]/usr/bin/git config --local --name-only --get-regexp http\.https\:\/\/github\.com\/\.extraheader
2026-09-13T04:26:02.1063307Z http.https://github.com/.extraheader
2026-09-13T04:26:02.1077644Z [command]/usr/bin/git config --local --unset-all http.https://github.com/.extraheader
2026-09-13T04:26:02.1114502Z [command]/usr/bin/git submodule foreach --recursive sh -c "git config --local --name-only --get-regexp 'http\.https\:\/\/github\.com\/\.extraheader' && git config --local --unset-all 'http.https://github.com/.extraheader' || :"
2026-09-13T04:26:02.1359919Z [command]/usr/bin/git config --local --name-only --get-regexp ^includeIf\.gitdir:
2026-09-13T04:26:02.1397503Z [command]/usr/bin/git submodule foreach --recursive git config --local --show-origin --name-only --get-regexp remote.origin.url
2026-09-13T04:26:02.1813473Z Cleaning up orphan processes
2026-09-13T04:26:02.2059275Z ##[warning]Node.js 20 is deprecated. The following actions target Node.js 20 but are being forced to run on Node.js 24: actions/checkout@v4, actions/setup-node@v4, actions/setup-python@v5, actions/upload-artifact@v4. For more information see: https://github.blog/changelog/2025-09-19-deprecation-of-node-20-on-github-actions-runners/
