{
  "sourceChecks": [
    {
      "form": "CC-6-11",
      "sha256": "c0dcc5c093790f0a54199ab6769876d1c124485cea5de08fb8fc783e9f6a5492",
      "bytes": 3003355,
      "exact": true
    },
    {
      "form": "CC-6-11.2",
      "sha256": "8bfa884d66c2d485fc28acfae865075bdb02ae7d6b7a3de839c0248464e767b6",
      "bytes": 2766067,
      "exact": true
    },
    {
      "form": "CC-6-11A",
      "sha256": "615c64b428d5fdd43ea7d96e3be387bc623860709106b511a16c452c9d9a50ac",
      "bytes": 821244,
      "exact": true
    },
    {
      "form": "DC-1-15",
      "sha256": "43675986d4b740ebb26c0b6778655e25f5d1bd6145a439154b00350c6072cd5b",
      "bytes": 8485306,
      "exact": true
    }
  ],
  "courtWrites": [
    {
      "fixture": "canonical",
      "form": "CC-6-11",
      "packetPage": 1,
      "field": "TYPEOFCOURTRESULTS",
      "expected": "IN THE DISTRICT COURT OF",
      "rect": {
        "x": 43.31,
        "y": 672.45,
        "width": 236.62,
        "height": 18
      },
      "actualFontSize": 10,
      "actualPosition": {
        "x": 143.06099999999998,
        "y": 677.8639999999999
      },
      "actualWidth": 135.87
    },
    {
      "fixture": "canonical",
      "form": "CC-6-11.2",
      "packetPage": 2,
      "field": "TYPEOFCOURTRESULTS",
      "expected": "IN THE DISTRICT COURT OF",
      "rect": {
        "x": 43.31,
        "y": 672.45,
        "width": 236.62,
        "height": 18
      },
      "actualFontSize": 10,
      "actualPosition": {
        "x": 143.06099999999998,
        "y": 677.8639999999999
      },
      "actualWidth": 135.87
    },
    {
      "fixture": "canonical",
      "form": "DC-1-15",
      "packetPage": 4,
      "field": "TYPEOFCOURTRESULTS",
      "expected": "IN THE DISTRICT COURT OF",
      "rect": {
        "x": 43.31,
        "y": 672.45,
        "width": 236.62,
        "height": 18
      },
      "actualFontSize": 10,
      "actualPosition": {
        "x": 143.06099999999998,
        "y": 677.8639999999999
      },
      "actualWidth": 135.87
    },
    {
      "fixture": "boundary",
      "form": "CC-6-11",
      "packetPage": 1,
      "field": "TYPEOFCOURTRESULTS",
      "expected": "IN THE DISTRICT COURT OF",
      "rect": {
        "x": 43.31,
        "y": 672.45,
        "width": 236.62,
        "height": 18
      },
      "actualFontSize": 10,
      "actualPosition": {
        "x": 143.06099999999998,
        "y": 677.8639999999999
      },
      "actualWidth": 135.87
    },
    {
      "fixture": "boundary",
      "form": "CC-6-11.2",
      "packetPage": 2,
      "field": "TYPEOFCOURTRESULTS",
      "expected": "IN THE DISTRICT COURT OF",
      "rect": {
        "x": 43.31,
        "y": 672.45,
        "width": 236.62,
        "height": 18
      },
      "actualFontSize": 10,
      "actualPosition": {
        "x": 143.06099999999998,
        "y": 677.8639999999999
      },
      "actualWidth": 135.87
    },
    {
      "fixture": "boundary",
      "form": "DC-1-15",
      "packetPage": 4,
      "field": "TYPEOFCOURTRESULTS",
      "expected": "IN THE DISTRICT COURT OF",
      "rect": {
        "x": 43.31,
        "y": 672.45,
        "width": 236.62,
        "height": 18
      },
      "actualFontSize": 10,
      "actualPosition": {
        "x": 143.06099999999998,
        "y": 677.8639999999999
      },
      "actualWidth": 135.87
    }
  ],
  "artifacts": [
    {
      "fixture": "canonical",
      "sha256": "4f0b5ad8f9b01d6a3c2774a9233cf315a7d54e57f7f5d41dc5197ae8aedd2222",
      "byteLength": 3666686,
      "pages": 5,
      "finalAcroFields": 0,
      "countyNotInvented": true,
      "printPanelAbsent": true,
      "sourcePrintButtonPreserved": true
    },
    {
      "fixture": "boundary",
      "sha256": "c1b2ff856ff484b25cc6f7031a6a6e36fb41536b7108911ea5de73235156b9f5",
      "byteLength": 3667445,
      "pages": 5,
      "finalAcroFields": 0,
      "countyNotInvented": true,
      "printPanelAbsent": true,
      "sourcePrintButtonPreserved": true
    }
  ],
  "sourcePrintControls": [
    {
      "field": "Text20",
      "annotationFlags": [
        0
      ],
      "sourcePrintBit": false
    },
    {
      "field": "Text24",
      "annotationFlags": [
        0
      ],
      "sourcePrintBit": false
    },
    {
      "field": "divorce",
      "annotationFlags": [
        0
      ],
      "sourcePrintBit": false
    },
    {
      "field": "Group27",
      "annotationFlags": [
        0,
        0,
        0,
        0,
        0,
        0
      ],
      "sourcePrintBit": false
    },
    {
      "field": "Text4",
      "annotationFlags": [
        0
      ],
      "sourcePrintBit": false
    },
    {
      "field": "Text12",
      "annotationFlags": [
        0
      ],
      "sourcePrintBit": false
    },
    {
      "field": "emancipation",
      "annotationFlags": [
        0
      ],
      "sourcePrintBit": false
    },
    {
      "field": "Text2",
      "annotationFlags": [
        0
      ],
      "sourcePrintBit": false
    },
    {
      "field": "Text19",
      "annotationFlags": [
        0
      ],
      "sourcePrintBit": false
    },
    {
      "field": "Button63.0",
      "annotationFlags": [
        4
      ],
      "sourcePrintBit": true
    }
  ],
  "independentVerdict": false,
  "centralRasterReceipt": false,
  "requiredBeforeFilingCount": 23,
  "instructionFragmentsExcluded": true,
  "status": "PASS"
}
