{
  "status": "PASS",
  "cases": [
    {
      "name": "agency-application-treatment:obligation:track-only:CT:ct-destruction-request: matching published candidate and exact finding closures",
      "status": "PASS"
    },
    {
      "name": "agency-application-treatment:obligation:track-only:CT:ct-provisional-pardon: matching published candidate and exact finding closures",
      "status": "PASS"
    },
    {
      "name": "agency-application-treatment:obligation:track-pathway:CT:ct-absolute-pardon:absolute-pardon-resulting-in-erasure: matching published candidate and exact finding closures",
      "status": "PASS"
    },
    {
      "name": "refuse author/reviewer conflict",
      "status": "PASS"
    },
    {
      "name": "refuse wrong candidate base",
      "status": "PASS"
    },
    {
      "name": "refuse application discharged by guide",
      "status": "PASS"
    },
    {
      "name": "refuse runtime grant",
      "status": "PASS"
    },
    {
      "name": "refuse commercial grant",
      "status": "PASS"
    },
    {
      "name": "refuse missing complete guide output",
      "status": "PASS"
    },
    {
      "name": "refuse missing source dependency",
      "status": "PASS"
    },
    {
      "name": "refuse wrong original review",
      "status": "PASS"
    },
    {
      "name": "refuse unclosed original finding",
      "status": "PASS"
    },
    {
      "name": "refuse closure of different failure",
      "status": "PASS"
    },
    {
      "name": "refuse unmeasured destination",
      "status": "PASS"
    },
    {
      "name": "refuse missing closure evidence",
      "status": "PASS"
    },
    {
      "name": "refuse changed guide PDF",
      "status": "PASS"
    },
    {
      "name": "refuse changed complete Markdown",
      "status": "PASS"
    },
    {
      "name": "refuse changed current Board source",
      "status": "PASS"
    },
    {
      "name": "refuse changed invoking builder",
      "status": "PASS"
    },
    {
      "name": "refuse changed source receipt",
      "status": "PASS"
    },
    {
      "name": "unpublished review cannot grant treatment",
      "status": "PASS"
    },
    {
      "name": "changed original destruction output prevents source-only evidence reuse",
      "status": "PASS"
    },
    {
      "name": "preserve new legal hold",
      "status": "PASS"
    },
    {
      "name": "preserve owner delivery refusal",
      "status": "PASS"
    },
    {
      "name": "preserve measured current defect",
      "status": "PASS"
    },
    {
      "name": "preserve actual source unavailable",
      "status": "PASS"
    },
    {
      "name": "preserve new failure with old name",
      "status": "PASS"
    },
    {
      "name": "preserve new independent review base",
      "status": "PASS"
    },
    {
      "name": "preserve unclosed source hold",
      "status": "PASS"
    },
    {
      "name": "explicit root closure can close exactly its new verdict and source-hold objects",
      "status": "PASS"
    },
    {
      "name": "unrelated families are untouched",
      "status": "PASS"
    },
    {
      "name": "F29 recognizes only the exactly retained independently closed static failure",
      "status": "PASS"
    },
    {
      "name": "F29 refuses false fresh custody",
      "status": "PASS"
    },
    {
      "name": "F29 refuses packet promotion",
      "status": "PASS"
    },
    {
      "name": "F29 refuses later finding",
      "status": "PASS"
    },
    {
      "name": "F29 refuses later verifier base",
      "status": "PASS"
    },
    {
      "name": "F29 refuses author return",
      "status": "PASS"
    },
    {
      "name": "F29 refuses missing original attribution",
      "status": "PASS"
    },
    {
      "name": "F29 refuses different closed finding",
      "status": "PASS"
    },
    {
      "name": "F29 refuses stale review binding",
      "status": "PASS"
    },
    {
      "name": "F29 refuses unavailable source",
      "status": "PASS"
    },
    {
      "name": "F29 refuses measured defect",
      "status": "PASS"
    },
    {
      "name": "F29 refuses legal hold",
      "status": "PASS"
    },
    {
      "name": "F29 refuses owner refusal",
      "status": "PASS"
    },
    {
      "name": "F29 refuses unclosed source hold",
      "status": "PASS"
    },
    {
      "name": "F29 refuses remaining failed obligation",
      "status": "PASS"
    }
  ],
  "count": 46,
  "actualIndependentReviewCreated": false,
  "actualTreatmentGranted": false
}
