2026-09-10T23:27:13.3924957Z Current runner version: '2.337.0'
2026-09-10T23:27:13.3956223Z ##[group]Runner Image Provisioner
2026-09-10T23:27:13.3957445Z Hosted Compute Agent
2026-09-10T23:27:13.3958407Z Version: 20260828.587
2026-09-10T23:27:13.3959590Z Commit: abac92662cab4cc7352de4f9f9d2e2419aad9c29
2026-09-10T23:27:13.3960729Z Build Date: 2026-08-28T16:44:25Z
2026-09-10T23:27:13.3961869Z Worker ID: {f5853803-2fa7-44ef-86f6-026b062e624e}
2026-09-10T23:27:13.3962999Z Azure Region: eastus2
2026-09-10T23:27:13.3964361Z ##[endgroup]
2026-09-10T23:27:13.3966360Z ##[group]Operating System
2026-09-10T23:27:13.3967252Z Ubuntu
2026-09-10T23:27:13.3968114Z 24.04.5
2026-09-10T23:27:13.3968931Z LTS
2026-09-10T23:27:13.3969969Z ##[endgroup]
2026-09-10T23:27:13.3970827Z ##[group]Runner Image
2026-09-10T23:27:13.3971748Z Image: ubuntu-24.04
2026-09-10T23:27:13.3972666Z Version: 20260907.300.1
2026-09-10T23:27:13.3974650Z Included Software: https://github.com/actions/runner-images/blob/ubuntu24/20260907.300/images/ubuntu/Ubuntu2404-Readme.md
2026-09-10T23:27:13.3977243Z Image Release: https://github.com/actions/runner-images/releases/tag/ubuntu24%2F20260907.300
2026-09-10T23:27:13.3978727Z ##[endgroup]
2026-09-10T23:27:13.3980690Z ##[group]GITHUB_TOKEN Permissions
2026-09-10T23:27:13.3983656Z Contents: read
2026-09-10T23:27:13.3984692Z Metadata: read
2026-09-10T23:27:13.3985588Z ##[endgroup]
2026-09-10T23:27:13.3989657Z Secret source: Actions
2026-09-10T23:27:13.3991105Z Cache mode: write
2026-09-10T23:27:13.3992483Z Prepare workflow directory
2026-09-10T23:27:13.4453107Z Prepare all required actions
2026-09-10T23:27:13.4521327Z Getting action download info
2026-09-10T23:27:13.6702092Z Download action repository 'actions/checkout@v4' (SHA:11d5960a326750d5838078e36cf38b85af677262)
2026-09-10T23:27:13.7741141Z Download action repository 'actions/setup-node@v4' (SHA:49933ea5288caeca8642d1e84afbd3f7d6820020)
2026-09-10T23:27:13.9701728Z Complete job name: Plan the family matrix
2026-09-10T23:27:14.0469921Z Node 20 is being deprecated. This workflow is running with Node 24 by default. If you need to temporarily use Node 20, you can set the ACTIONS_ALLOW_USE_UNSECURE_NODE_VERSION=true environment variable. For more information see: https://github.blog/changelog/2025-09-19-deprecation-of-node-20-on-github-actions-runners/
2026-09-10T23:27:14.0478231Z ##[group]Run actions/checkout@v4
2026-09-10T23:27:14.0478934Z with:
2026-09-10T23:27:14.0479839Z   ref: c6a8059e9f473e002a2dc48e6493e92b2bfbd86c
2026-09-10T23:27:14.0480606Z   repository: Roger-LegalEase/legalease-partner-dashboard-clean
2026-09-10T23:27:14.0484957Z   token: ***
2026-09-10T23:27:14.0485408Z   ssh-strict: true
2026-09-10T23:27:14.0485862Z   ssh-user: git
2026-09-10T23:27:14.0486320Z   persist-credentials: true
2026-09-10T23:27:14.0486821Z   clean: true
2026-09-10T23:27:14.0487286Z   sparse-checkout-cone-mode: true
2026-09-10T23:27:14.0487815Z   fetch-depth: 1
2026-09-10T23:27:14.0488243Z   fetch-tags: false
2026-09-10T23:27:14.0488739Z   show-progress: true
2026-09-10T23:27:14.0489331Z   lfs: false
2026-09-10T23:27:14.0489763Z   submodules: false
2026-09-10T23:27:14.0490223Z   set-safe-directory: true
2026-09-10T23:27:14.0490729Z   allow-unsafe-pr-checkout: false
2026-09-10T23:27:14.0491540Z ##[endgroup]
2026-09-10T23:27:14.1537095Z Syncing repository: Roger-LegalEase/legalease-partner-dashboard-clean
2026-09-10T23:27:14.1539822Z ##[group]Getting Git version info
2026-09-10T23:27:14.1541127Z Working directory is '/home/runner/work/legalease-partner-dashboard-clean/legalease-partner-dashboard-clean'
2026-09-10T23:27:14.1542558Z [command]/usr/bin/git version
2026-09-10T23:27:14.1642076Z git version 2.55.0
2026-09-10T23:27:14.1669612Z ##[endgroup]
2026-09-10T23:27:14.1686452Z Temporarily overriding HOME='/home/runner/work/_temp/d29473fb-dd6d-4a7e-ac76-115238a9a15e' before making global git config changes
2026-09-10T23:27:14.1688915Z Adding repository directory to the temporary git global config as a safe directory
2026-09-10T23:27:14.1694729Z [command]/usr/bin/git config --global --add safe.directory /home/runner/work/legalease-partner-dashboard-clean/legalease-partner-dashboard-clean
2026-09-10T23:27:14.1750306Z Deleting the contents of '/home/runner/work/legalease-partner-dashboard-clean/legalease-partner-dashboard-clean'
2026-09-10T23:27:14.1759757Z ##[group]Initializing the repository
2026-09-10T23:27:14.1774118Z [command]/usr/bin/git init /home/runner/work/legalease-partner-dashboard-clean/legalease-partner-dashboard-clean
2026-09-10T23:27:14.1872880Z hint: Using 'master' as the name for the initial branch. This default branch name
2026-09-10T23:27:14.1874025Z hint: will change to "main" in Git 3.0. To configure the initial branch name
2026-09-10T23:27:14.1874994Z hint: to use in all of your new repositories, which will suppress this warning,
2026-09-10T23:27:14.1875791Z hint: call:
2026-09-10T23:27:14.1876201Z hint:
2026-09-10T23:27:14.1876732Z hint: 	git config --global init.defaultBranch <name>
2026-09-10T23:27:14.1877423Z hint:
2026-09-10T23:27:14.1878002Z hint: Names commonly chosen instead of 'master' are 'main', 'trunk' and
2026-09-10T23:27:14.1878947Z hint: 'development'. The just-created branch can be renamed via this command:
2026-09-10T23:27:14.1880311Z hint:
2026-09-10T23:27:14.1880944Z hint: 	git branch -m <name>
2026-09-10T23:27:14.1881653Z hint:
2026-09-10T23:27:14.1882620Z hint: Disable this message with "git config set advice.defaultBranchName false"
2026-09-10T23:27:14.1886698Z Initialized empty Git repository in /home/runner/work/legalease-partner-dashboard-clean/legalease-partner-dashboard-clean/.git/
2026-09-10T23:27:14.1900881Z [command]/usr/bin/git remote add origin https://github.com/Roger-LegalEase/legalease-partner-dashboard-clean
2026-09-10T23:27:14.1951201Z ##[endgroup]
2026-09-10T23:27:14.1952479Z ##[group]Disabling automatic garbage collection
2026-09-10T23:27:14.1955656Z [command]/usr/bin/git config --local gc.auto 0
2026-09-10T23:27:14.1992658Z ##[endgroup]
2026-09-10T23:27:14.1994440Z ##[group]Setting up auth
2026-09-10T23:27:14.2002048Z [command]/usr/bin/git config --local --name-only --get-regexp core\.sshCommand
2026-09-10T23:27:14.2040236Z [command]/usr/bin/git submodule foreach --recursive sh -c "git config --local --name-only --get-regexp 'core\.sshCommand' && git config --local --unset-all 'core.sshCommand' || :"
2026-09-10T23:27:14.2429662Z [command]/usr/bin/git config --local --name-only --get-regexp http\.https\:\/\/github\.com\/\.extraheader
2026-09-10T23:27:14.2473862Z [command]/usr/bin/git submodule foreach --recursive sh -c "git config --local --name-only --get-regexp 'http\.https\:\/\/github\.com\/\.extraheader' && git config --local --unset-all 'http.https://github.com/.extraheader' || :"
2026-09-10T23:27:14.2757611Z [command]/usr/bin/git config --local --name-only --get-regexp ^includeIf\.gitdir:
2026-09-10T23:27:14.2805626Z [command]/usr/bin/git submodule foreach --recursive git config --local --show-origin --name-only --get-regexp remote.origin.url
2026-09-10T23:27:14.3067188Z [command]/usr/bin/git config --local http.https://github.com/.extraheader AUTHORIZATION: basic ***
2026-09-10T23:27:14.3110186Z ##[endgroup]
2026-09-10T23:27:14.3111037Z ##[group]Fetching the repository
2026-09-10T23:27:14.3119698Z [command]/usr/bin/git -c protocol.version=2 fetch --no-tags --prune --no-recurse-submodules --depth=1 origin c6a8059e9f473e002a2dc48e6493e92b2bfbd86c
2026-09-10T23:28:00.7305224Z From https://github.com/Roger-LegalEase/legalease-partner-dashboard-clean
2026-09-10T23:28:00.7307332Z  * branch              c6a8059e9f473e002a2dc48e6493e92b2bfbd86c -> FETCH_HEAD
2026-09-10T23:28:00.7309789Z ##[endgroup]
2026-09-10T23:28:00.7310528Z ##[group]Determining the checkout info
2026-09-10T23:28:00.7312276Z ##[endgroup]
2026-09-10T23:28:00.7319683Z [command]/usr/bin/git sparse-checkout disable
2026-09-10T23:28:00.7375808Z [command]/usr/bin/git config --local --unset-all extensions.worktreeConfig
2026-09-10T23:28:00.7410019Z ##[group]Checking out the ref
2026-09-10T23:28:00.7414806Z [command]/usr/bin/git checkout --progress --force c6a8059e9f473e002a2dc48e6493e92b2bfbd86c
2026-09-10T23:28:01.8064579Z Updating files:  14% (2996/21182)
2026-09-10T23:28:01.8733583Z Updating files:  15% (3178/21182)
2026-09-10T23:28:01.9523654Z Updating files:  16% (3390/21182)
2026-09-10T23:28:02.0161708Z Updating files:  17% (3601/21182)
2026-09-10T23:28:02.0724070Z Updating files:  18% (3813/21182)
2026-09-10T23:28:02.1680992Z Updating files:  19% (4025/21182)
2026-09-10T23:28:02.2961768Z Updating files:  20% (4237/21182)
2026-09-10T23:28:02.4293741Z Updating files:  21% (4449/21182)
2026-09-10T23:28:02.5423014Z Updating files:  22% (4661/21182)
2026-09-10T23:28:02.7216006Z Updating files:  23% (4872/21182)
2026-09-10T23:28:02.7740081Z Updating files:  24% (5084/21182)
2026-09-10T23:28:02.8063515Z Updating files:  24% (5219/21182)
2026-09-10T23:28:02.8493676Z Updating files:  25% (5296/21182)
2026-09-10T23:28:02.9296279Z Updating files:  26% (5508/21182)
2026-09-10T23:28:03.0006127Z Updating files:  27% (5720/21182)
2026-09-10T23:28:03.0915438Z Updating files:  28% (5931/21182)
2026-09-10T23:28:03.1750750Z Updating files:  29% (6143/21182)
2026-09-10T23:28:03.3377544Z Updating files:  30% (6355/21182)
2026-09-10T23:28:03.5160115Z Updating files:  31% (6567/21182)
2026-09-10T23:28:03.6175907Z Updating files:  32% (6779/21182)
2026-09-10T23:28:03.7272604Z Updating files:  33% (6991/21182)
2026-09-10T23:28:03.7750503Z Updating files:  34% (7202/21182)
2026-09-10T23:28:03.8303530Z Updating files:  34% (7283/21182)
2026-09-10T23:28:03.8768106Z Updating files:  35% (7414/21182)
2026-09-10T23:28:03.9554988Z Updating files:  36% (7626/21182)
2026-09-10T23:28:04.0469837Z Updating files:  37% (7838/21182)
2026-09-10T23:28:04.0842615Z Updating files:  38% (8050/21182)
2026-09-10T23:28:04.1182376Z Updating files:  39% (8261/21182)
2026-09-10T23:28:04.1625816Z Updating files:  40% (8473/21182)
2026-09-10T23:28:04.2447104Z Updating files:  41% (8685/21182)
2026-09-10T23:28:04.2869239Z Updating files:  42% (8897/21182)
2026-09-10T23:28:04.3171140Z Updating files:  43% (9109/21182)
2026-09-10T23:28:04.3502971Z Updating files:  44% (9321/21182)
2026-09-10T23:28:04.3799688Z Updating files:  45% (9532/21182)
2026-09-10T23:28:04.3977094Z Updating files:  46% (9744/21182)
2026-09-10T23:28:04.4118030Z Updating files:  47% (9956/21182)
2026-09-10T23:28:04.4329803Z Updating files:  48% (10168/21182)
2026-09-10T23:28:04.4810106Z Updating files:  49% (10380/21182)
2026-09-10T23:28:04.4985769Z Updating files:  50% (10591/21182)
2026-09-10T23:28:04.6332678Z Updating files:  51% (10803/21182)
2026-09-10T23:28:04.7845632Z Updating files:  52% (11015/21182)
2026-09-10T23:28:04.8648651Z Updating files:  52% (11119/21182)
2026-09-10T23:28:04.8764971Z Updating files:  53% (11227/21182)
2026-09-10T23:28:04.9073042Z Updating files:  54% (11439/21182)
2026-09-10T23:28:04.9238093Z Updating files:  55% (11651/21182)
2026-09-10T23:28:04.9342716Z Updating files:  56% (11862/21182)
2026-09-10T23:28:04.9489775Z Updating files:  57% (12074/21182)
2026-09-10T23:28:04.9829897Z Updating files:  58% (12286/21182)
2026-09-10T23:28:05.0192711Z Updating files:  59% (12498/21182)
2026-09-10T23:28:05.1167110Z Updating files:  60% (12710/21182)
2026-09-10T23:28:05.1496433Z Updating files:  61% (12922/21182)
2026-09-10T23:28:05.2001862Z Updating files:  62% (13133/21182)
2026-09-10T23:28:05.2436909Z Updating files:  63% (13345/21182)
2026-09-10T23:28:05.3099586Z Updating files:  64% (13557/21182)
2026-09-10T23:28:05.4294664Z Updating files:  65% (13769/21182)
2026-09-10T23:28:05.4507889Z Updating files:  66% (13981/21182)
2026-09-10T23:28:05.4908447Z Updating files:  67% (14192/21182)
2026-09-10T23:28:05.6322318Z Updating files:  68% (14404/21182)
2026-09-10T23:28:05.7128863Z Updating files:  69% (14616/21182)
2026-09-10T23:28:05.7743437Z Updating files:  70% (14828/21182)
2026-09-10T23:28:05.7997607Z Updating files:  70% (15010/21182)
2026-09-10T23:28:05.9369883Z Updating files:  71% (15040/21182)
2026-09-10T23:28:06.0595331Z Updating files:  72% (15252/21182)
2026-09-10T23:28:06.0759491Z Updating files:  73% (15463/21182)
2026-09-10T23:28:06.0935835Z Updating files:  74% (15675/21182)
2026-09-10T23:28:06.1007234Z Updating files:  75% (15887/21182)
2026-09-10T23:28:06.1150460Z Updating files:  76% (16099/21182)
2026-09-10T23:28:06.2666316Z Updating files:  77% (16311/21182)
2026-09-10T23:28:06.3715839Z Updating files:  78% (16522/21182)
2026-09-10T23:28:06.4770747Z Updating files:  79% (16734/21182)
2026-09-10T23:28:06.5347402Z Updating files:  80% (16946/21182)
2026-09-10T23:28:06.5601475Z Updating files:  81% (17158/21182)
2026-09-10T23:28:06.5816758Z Updating files:  82% (17370/21182)
2026-09-10T23:28:06.6020246Z Updating files:  83% (17582/21182)
2026-09-10T23:28:06.6206770Z Updating files:  84% (17793/21182)
2026-09-10T23:28:06.6414181Z Updating files:  85% (18005/21182)
2026-09-10T23:28:06.6625233Z Updating files:  86% (18217/21182)
2026-09-10T23:28:06.6845570Z Updating files:  87% (18429/21182)
2026-09-10T23:28:06.7015629Z Updating files:  88% (18641/21182)
2026-09-10T23:28:06.7405846Z Updating files:  89% (18852/21182)
2026-09-10T23:28:06.7532884Z Updating files:  90% (19064/21182)
2026-09-10T23:28:06.7637044Z Updating files:  91% (19276/21182)
2026-09-10T23:28:06.7734825Z Updating files:  92% (19488/21182)
2026-09-10T23:28:06.7925749Z Updating files:  92% (19612/21182)
2026-09-10T23:28:07.0186350Z Updating files:  93% (19700/21182)
2026-09-10T23:28:07.0921377Z Updating files:  94% (19912/21182)
2026-09-10T23:28:07.1496309Z Updating files:  95% (20123/21182)
2026-09-10T23:28:07.1958089Z Updating files:  96% (20335/21182)
2026-09-10T23:28:07.2512452Z Updating files:  97% (20547/21182)
2026-09-10T23:28:07.3111497Z Updating files:  98% (20759/21182)
2026-09-10T23:28:07.3600975Z Updating files:  99% (20971/21182)
2026-09-10T23:28:07.3601502Z Updating files: 100% (21182/21182)
2026-09-10T23:28:07.3602034Z Updating files: 100% (21182/21182), done.
2026-09-10T23:28:07.4622585Z Note: switching to 'c6a8059e9f473e002a2dc48e6493e92b2bfbd86c'.
2026-09-10T23:28:07.4622904Z 
2026-09-10T23:28:07.4623422Z You are in 'detached HEAD' state. You can look around, make experimental
2026-09-10T23:28:07.4623931Z changes and commit them, and you can discard any commits you make in this
2026-09-10T23:28:07.4624409Z state without impacting any branches by switching back to a branch.
2026-09-10T23:28:07.4624696Z 
2026-09-10T23:28:07.4624881Z If you want to create a new branch to retain commits you create, you may
2026-09-10T23:28:07.4625337Z do so (now or later) by using -c with the switch command. Example:
2026-09-10T23:28:07.4625582Z 
2026-09-10T23:28:07.4625697Z   git switch -c <new-branch-name>
2026-09-10T23:28:07.4625860Z 
2026-09-10T23:28:07.4625967Z Or undo this operation with:
2026-09-10T23:28:07.4626121Z 
2026-09-10T23:28:07.4626221Z   git switch -
2026-09-10T23:28:07.4626350Z 
2026-09-10T23:28:07.4626565Z Turn off this advice by setting config variable advice.detachedHead to false
2026-09-10T23:28:07.4626871Z 
2026-09-10T23:28:07.4627154Z HEAD is now at c6a8059e chore(rcap): queue ten Hawaii route artifacts through existing raster manifest
2026-09-10T23:28:07.5173735Z ##[endgroup]
2026-09-10T23:28:07.5238852Z [command]/usr/bin/git log -1 --format=%H
2026-09-10T23:28:07.5268525Z c6a8059e9f473e002a2dc48e6493e92b2bfbd86c
2026-09-10T23:28:07.5487162Z ##[group]Run set -euo pipefail
2026-09-10T23:28:07.5487545Z [36;1mset -euo pipefail[0m
2026-09-10T23:28:07.5487950Z [36;1m# actions/checkout accepts a branch or tag here despite the input[0m
2026-09-10T23:28:07.5488487Z [36;1m# description. Three jobs resolve this ref independently, so a branch[0m
2026-09-10T23:28:07.5489209Z [36;1m# that moves mid-run would have them inspect different commits while[0m
2026-09-10T23:28:07.5489859Z [36;1m# every receipt recorded the literal branch name as the pin. An[0m
2026-09-10T23:28:07.5490329Z [36;1m# immutable 40-hex commit, verified against the checked-out HEAD, is[0m
2026-09-10T23:28:07.5490761Z [36;1m# the only input that makes a receipt findable again.[0m
2026-09-10T23:28:07.5491095Z [36;1mcase "$REF" in[0m
2026-09-10T23:28:07.5491549Z [36;1m  *[!0-9a-f]* | "") echo "REFUSED: commit_sha must be a full 40-character commit hash, got '$REF'"; exit 1;;[0m
2026-09-10T23:28:07.5492277Z [36;1mesac[0m
2026-09-10T23:28:07.5492714Z [36;1m[ "${#REF}" -eq 40 ] || { echo "REFUSED: commit_sha must be 40 hex characters, got ${#REF}"; exit 1; }[0m
2026-09-10T23:28:07.5493179Z [36;1mHEAD_SHA="$(git rev-parse HEAD)"[0m
2026-09-10T23:28:07.5493639Z [36;1m[ "$HEAD_SHA" = "$REF" ] || { echo "REFUSED: checked out $HEAD_SHA but the pin says $REF"; exit 1; }[0m
2026-09-10T23:28:07.5494116Z [36;1mecho "pinned commit confirmed: $HEAD_SHA"[0m
2026-09-10T23:28:07.5538050Z shell: /usr/bin/bash -e {0}
2026-09-10T23:28:07.5538315Z env:
2026-09-10T23:28:07.5538567Z   REF: c6a8059e9f473e002a2dc48e6493e92b2bfbd86c
2026-09-10T23:28:07.5538875Z ##[endgroup]
2026-09-10T23:28:07.5715609Z pinned commit confirmed: c6a8059e9f473e002a2dc48e6493e92b2bfbd86c
2026-09-10T23:28:07.5815066Z Node 20 is being deprecated. This workflow is running with Node 24 by default. If you need to temporarily use Node 20, you can set the ACTIONS_ALLOW_USE_UNSECURE_NODE_VERSION=true environment variable. For more information see: https://github.blog/changelog/2025-09-19-deprecation-of-node-20-on-github-actions-runners/
2026-09-10T23:28:07.5817006Z ##[group]Run actions/setup-node@v4
2026-09-10T23:28:07.5817269Z with:
2026-09-10T23:28:07.5817476Z   node-version: 22
2026-09-10T23:28:07.5817705Z   always-auth: false
2026-09-10T23:28:07.5817926Z   check-latest: false
2026-09-10T23:28:07.5820813Z   token: ***
2026-09-10T23:28:07.5821025Z ##[endgroup]
2026-09-10T23:28:07.7237432Z Found in cache @ /opt/hostedtoolcache/node/22.23.2/x64
2026-09-10T23:28:07.7240946Z (node:2278) [DEP0040] DeprecationWarning: The `punycode` module is deprecated. Please use a userland alternative instead.
2026-09-10T23:28:07.7241645Z (Use `node --trace-deprecation ...` to show where the warning was created)
2026-09-10T23:28:07.7244250Z ##[group]Environment details
2026-09-10T23:28:08.0977626Z node: v22.23.2
2026-09-10T23:28:08.0978048Z npm: 10.9.8
2026-09-10T23:28:08.0978357Z yarn: 1.22.22
2026-09-10T23:28:08.0979933Z ##[endgroup]
2026-09-10T23:28:08.1102792Z ##[group]Run node scripts/rcap-raster-plan.mjs \
2026-09-10T23:28:08.1103196Z [36;1mnode scripts/rcap-raster-plan.mjs \[0m
2026-09-10T23:28:08.1103510Z [36;1m  --manifest "$MANIFEST_PATH" \[0m
2026-09-10T23:28:08.1103859Z [36;1m  --families "$FAMILY_BATCH" >> "$GITHUB_OUTPUT"[0m
2026-09-10T23:28:08.1153719Z shell: /usr/bin/bash -e {0}
2026-09-10T23:28:08.1153990Z env:
2026-09-10T23:28:08.1154325Z   MANIFEST_PATH: data/rcap-grade-a/packet-factory-24h/RASTER_QUEUE.json
2026-09-10T23:28:08.1154989Z   FAMILY_BATCH: rcap-hi-custom-pleading::route::hi-first-time-drug-offender,rcap-hi-custom-pleading::route::h
2026-09-10T23:28:08.1155512Z ##[endgroup]
2026-09-10T23:28:08.1716492Z REFUSED raster plan — the queue holds no RASTER_PENDING row; nothing to render and no way to tell that from a queue that lost its contents
2026-09-10T23:28:08.1760026Z ##[error]Process completed with exit code 1.
2026-09-10T23:28:08.1908448Z Node 20 is being deprecated. This workflow is running with Node 24 by default. If you need to temporarily use Node 20, you can set the ACTIONS_ALLOW_USE_UNSECURE_NODE_VERSION=true environment variable. For more information see: https://github.blog/changelog/2025-09-19-deprecation-of-node-20-on-github-actions-runners/
2026-09-10T23:28:08.1909822Z Post job cleanup.
2026-09-10T23:28:08.2823271Z [command]/usr/bin/git version
2026-09-10T23:28:08.2866633Z git version 2.55.0
2026-09-10T23:28:08.2904281Z Temporarily overriding HOME='/home/runner/work/_temp/e97ebd0a-3066-48c2-b78a-3d2bfb2698f9' before making global git config changes
2026-09-10T23:28:08.2905785Z Adding repository directory to the temporary git global config as a safe directory
2026-09-10T23:28:08.2909646Z [command]/usr/bin/git config --global --add safe.directory /home/runner/work/legalease-partner-dashboard-clean/legalease-partner-dashboard-clean
2026-09-10T23:28:08.2950647Z [command]/usr/bin/git config --local --name-only --get-regexp core\.sshCommand
2026-09-10T23:28:08.2993487Z [command]/usr/bin/git submodule foreach --recursive sh -c "git config --local --name-only --get-regexp 'core\.sshCommand' && git config --local --unset-all 'core.sshCommand' || :"
2026-09-10T23:28:08.3286562Z [command]/usr/bin/git config --local --name-only --get-regexp http\.https\:\/\/github\.com\/\.extraheader
2026-09-10T23:28:08.3304722Z http.https://github.com/.extraheader
2026-09-10T23:28:08.3324839Z [command]/usr/bin/git config --local --unset-all http.https://github.com/.extraheader
2026-09-10T23:28:08.3364742Z [command]/usr/bin/git submodule foreach --recursive sh -c "git config --local --name-only --get-regexp 'http\.https\:\/\/github\.com\/\.extraheader' && git config --local --unset-all 'http.https://github.com/.extraheader' || :"
2026-09-10T23:28:08.3667080Z [command]/usr/bin/git config --local --name-only --get-regexp ^includeIf\.gitdir:
2026-09-10T23:28:08.3736901Z [command]/usr/bin/git submodule foreach --recursive git config --local --show-origin --name-only --get-regexp remote.origin.url
2026-09-10T23:28:08.4193925Z Evaluate and set job outputs
2026-09-10T23:28:08.4204597Z Cleaning up orphan processes
2026-09-10T23:28:08.4502035Z ##[warning]Node.js 20 is deprecated. The following actions target Node.js 20 but are being forced to run on Node.js 24: actions/checkout@v4, actions/setup-node@v4. For more information see: https://github.blog/changelog/2025-09-19-deprecation-of-node-20-on-github-actions-runners/
