{
  "familyId": "ri_decriminalized-set",
  "status": "COMPLETED",
  "counters": {
    "knownRequiredFieldsMissing": 0,
    "requiredFactsNotCollected": 0,
    "unclassifiedBlanks": 0,
    "incompleteRows": 0,
    "requiredOptionsMissing": 0,
    "requiredComponentsMissing": 0,
    "invisibleWrites": 0,
    "protectedWrites": 0,
    "visualDefects": 0
  },
  "directory": "data/rcap-all50/overlays/census-v1/ri/ri-decriminalized-set--official-pdf-fill",
  "implementationStrategy": "official_pdf_fill",
  "boundSources": 1,
  "sources": [
    {
      "sourceId": "official-form:DC-33",
      "custody": "master_library",
      "sha256": "342337451d61e363e03febb384431dba2f9bb08b44ee46380b94fc91901e9908",
      "byteLength": 307164,
      "pathInArchive": "STATES/RI/02_PACKET_FORMS/RI__FORM__DC-33__district-court-motion-affidavit-and-instructions-to-expunge-or-seal-record__REV-2025-02__EN.pdf"
    }
  ],
  "components": [
    "ri_decriminalized-primary-filing-1",
    "ri_decriminalized-decriminalization-affidavit-3",
    "ri_decriminalized-proposed-order-2",
    "ri_decriminalized-filing-instructions-4"
  ],
  "documents": [
    "ri_decriminalized-primary-filing-1",
    "ri_decriminalized-decriminalization-affidavit-3",
    "ri_decriminalized-proposed-order-2",
    "ri_decriminalized-filing-instructions-4"
  ],
  "affidavitPart": "Part Two: Decriminalized Offense",
  "proposedOrderVariant": "ri-district-court-proposed-order",
  "writes": 9,
  "requiredBeforeFiling": 25,
  "terminalFields": 97,
  "blankDispositions": {
    "REQUIRED_BEFORE_FILING": 25,
    "PARTICIPANT_ELECTION_GENUINE": 35,
    "PROTECTED_FIELD": 27,
    "NOT_APPLICABLE_ON_THIS_ROUTE": 1
  },
  "artifactHashes": [
    {
      "fixture": "canonical",
      "packetSha256": "8f816dce34a9d64e1c195e3ceed97871b048ec28ada230b424c8afc4105930c7",
      "pages": 10,
      "byteLength": 457419
    },
    {
      "fixture": "boundary",
      "packetSha256": "25954bf32f14108df69ec87ee92a62d88adcd2d416e9c6ecaf9fcde1b6f39961",
      "pages": 10,
      "byteLength": 457555
    }
  ],
  "rasterPages": 0,
  "rasterState": "BUILT_RASTER_PENDING",
  "nineCountersZero": true,
  "packetsSelfVerified": 0,
  "commercialRoutesOpened": 0,
  "productionTouched": false
}
