{
  "familyId": "ma-bmc-multi-set",
  "status": "CHECK_ONLY",
  "boundSources": 0,
  "codifiedGroundsVerified": [
    "data/record-clearing/legal-design-intake/MA.memo.json",
    "data/record-clearing/legal-design-packet-set-manifests.json",
    "data/rcap-grade-a/legal-decisions/LEGAL_BLOCKED_RESOLUTION_2026-09-11.json"
  ],
  "legalDecisionVerified": {
    "path": "data/rcap-grade-a/legal-decisions/LEGAL_BLOCKED_RESOLUTION_2026-09-11.json",
    "sha256": "5e3b6fb6bdeff849949d1d2c44d9b4e7badfdf6e7ba38be6135c388df176b1f2",
    "byteLength": 22372,
    "decisionId": "MA-BMC-CONSOLIDATED-THREE-PLUS-RECORDS"
  },
  "components": [
    "primary_filing",
    "instructions"
  ],
  "writes": 6,
  "blanks": 8
}
