TAP version 13
# Subtest: both guide routes carry the SAME conditional source-supported post-order section
ok 1 - both guide routes carry the SAME conditional source-supported post-order section
  ---
  duration_ms: 1.820563
  type: 'test'
  ...
# Subtest: follow-through does not derive an order, agency action or insurer act from fixture input
ok 2 - follow-through does not derive an order, agency action or insurer act from fixture input
  ---
  duration_ms: 1.394106
  type: 'test'
  ...
# Subtest: 13 exact guide/list pairs; every missing field occurrence is shown once with exact actor and page
ok 3 - 13 exact guide/list pairs; every missing field occurrence is shown once with exact actor and page
  ---
  duration_ms: 28.772658
  type: 'test'
  ...
# Subtest: filled canonical Race is NOT missing; boundary Race belongs only to boundary lists
ok 4 - filled canonical Race is NOT missing; boundary Race belongs only to boundary lists
  ---
  duration_ms: 1.562804
  type: 'test'
  ...
# Subtest: repeated slot 1 is attributed to actual second-sheet repository, never first-sheet petitioner
ok 5 - repeated slot 1 is attributed to actual second-sheet repository, never first-sheet petitioner
  ---
  duration_ms: 1.590671
  type: 'test'
  ...
# Subtest: standalone index is not mislabeled as one participant guide, and all lists preserve conditional FI-05 omission
ok 6 - standalone index is not mislabeled as one participant guide, and all lists preserve conditional FI-05 omission
  ---
  duration_ms: 2.350036
  type: 'test'
  ...
# Subtest: human-list regression controls reject an omitted row, duplicate row, lost party or wrong page
ok 7 - human-list regression controls reject an omitted row, duplicate row, lost party or wrong page
  ---
  duration_ms: 26.674144
  type: 'test'
  ...
# Subtest: future 7-party expansion retains third official party sheet without inventing a sixth-slot person
ok 8 - future 7-party expansion retains third official party sheet without inventing a sixth-slot person
  ---
  duration_ms: 698.924496
  type: 'test'
  ...
# Subtest: complete current four-component manifest and actual additional clerk-required FI-05 branch
ok 9 - complete current four-component manifest and actual additional clerk-required FI-05 branch
  ---
  duration_ms: 581.928258
  type: 'test'
  ...
# Subtest: clerk selection cannot silently coerce a string or unknown condition
ok 10 - clerk selection cannot silently coerce a string or unknown condition
  ---
  duration_ms: 1.225978
  type: 'test'
  ...
# Subtest: last-four SSN is not a full-SSN substitute on the actual confidential source
ok 11 - last-four SSN is not a full-SSN substitute on the actual confidential source
  ---
  duration_ms: 0.272404
  type: 'test'
  ...
# Subtest: every report blank uses the central closed vocabulary; unavailable facts are not execution blanks
ok 12 - every report blank uses the central closed vocabulary; unavailable facts are not execution blanks
  ---
  duration_ms: 339.044875
  type: 'test'
  ...
# Subtest: byte-derived field evidence covers every declared write in all thirteen variants
ok 13 - byte-derived field evidence covers every declared write in all thirteen variants
  ---
  duration_ms: 9.127236
  type: 'test'
  ...
# Subtest: known held fact falsely declared unavailable is caught
ok 14 - known held fact falsely declared unavailable is caught
  ---
  duration_ms: 288.193919
  type: 'test'
  ...
# Subtest: an undisclosed genuinely missing required fact is caught
ok 15 - an undisclosed genuinely missing required fact is caught
  ---
  duration_ms: 287.604252
  type: 'test'
  ...
# Subtest: out-of-vocabulary blank is caught
ok 16 - out-of-vocabulary blank is caught
  ---
  duration_ms: 276.922718
  type: 'test'
  ...
# Subtest: protected execution write is caught
ok 17 - protected execution write is caught
  ---
  duration_ms: 297.39417
  type: 'test'
  ...
# Subtest: required route election left unmade is caught
ok 18 - required route election left unmade is caught
  ---
  duration_ms: 330.807613
  type: 'test'
  ...
# Subtest: incomplete actual offence row is caught
ok 19 - incomplete actual offence row is caught
  ---
  duration_ms: 290.552098
  type: 'test'
  ...
# Subtest: a mapped but absent component is caught
ok 20 - a mapped but absent component is caught
  ---
  duration_ms: 359.734145
  type: 'test'
  ...
# Subtest: reported writes with no visible ink are caught
ok 21 - reported writes with no visible ink are caught
  ---
  duration_ms: 282.064627
  type: 'test'
  ...
# Subtest: measured field-boundary defect is caught
ok 22 - measured field-boundary defect is caught
  ---
  duration_ms: 368.304683
  type: 'test'
  ...
# Subtest: same printed Address on two different FI-05 parties does not invent a shared held fact
ok 23 - same printed Address on two different FI-05 parties does not invent a shared held fact
  ---
  duration_ms: 183.690722
  type: 'test'
  ...
# Subtest: all official component PDF bytes remain identical; instruction PDFs intentionally change
ok 24 - all official component PDF bytes remain identical; instruction PDFs intentionally change
  ---
  duration_ms: 2.828641
  type: 'test'
  ...
# Subtest: held CR301, CR311 and all four FI-05 pages match exact custody hashes
ok 25 - held CR301, CR311 and all four FI-05 pages match exact custody hashes
  ---
  duration_ms: 164.163762
  type: 'test'
  ...
# Subtest: current family importer keeps both coherent synthetic fixtures unchanged
ok 26 - current family importer keeps both coherent synthetic fixtures unchanged
  ---
  duration_ms: 4.507489
  type: 'test'
  ...
# Subtest: reject: distinct identity-theft family
ok 27 - reject: distinct identity-theft family
  ---
  duration_ms: 0.82385
  type: 'test'
  ...
# Subtest: reject: ordinary arrest family
ok 28 - reject: ordinary arrest family
  ---
  duration_ms: 0.419551
  type: 'test'
  ...
# Subtest: reject: conviction is not a dismissed/acquitted charge
ok 29 - reject: conviction is not a dismissed/acquitted charge
  ---
  duration_ms: 0.466299
  type: 'test'
  ...
# Subtest: reject: some charges still pending
ok 30 - reject: some charges still pending
  ---
  duration_ms: 0.215978
  type: 'test'
  ...
# Subtest: reject: unconfirmed identity assertion
ok 31 - reject: unconfirmed identity assertion
  ---
  duration_ms: 0.363829
  type: 'test'
  ...
# Subtest: reject: unconfirmed last-pending court
ok 32 - reject: unconfirmed last-pending court
  ---
  duration_ms: 0.194837
  type: 'test'
  ...
# Subtest: reject: unreviewed automatic notice for dismissal
ok 33 - reject: unreviewed automatic notice for dismissal
  ---
  duration_ms: 0.369471
  type: 'test'
  ...
# Subtest: reject: invalid calendar date
ok 34 - reject: invalid calendar date
  ---
  duration_ms: 0.498183
  type: 'test'
  ...
# Subtest: reject: arrest after disposition
ok 35 - reject: arrest after disposition
  ---
  duration_ms: 0.232104
  type: 'test'
  ...
# Subtest: reject: date of birth after arrest
ok 36 - reject: date of birth after arrest
  ---
  duration_ms: 0.156377
  type: 'test'
  ...
# Subtest: reject: mixed last-pending cases
ok 37 - reject: mixed last-pending cases
  ---
  duration_ms: 0.18092
  type: 'test'
  ...
# Subtest: reject: unknown condition is not false
ok 38 - reject: unknown condition is not false
  ---
  duration_ms: 0.166121
  type: 'test'
  ...
# Subtest: reject: duplicate one-slot record holder
ok 39 - reject: duplicate one-slot record holder
  ---
  duration_ms: 0.164214
  type: 'test'
  ...
# Subtest: reject: unknown respondent is not invented
ok 40 - reject: unknown respondent is not invented
  ---
  duration_ms: 0.13519
  type: 'test'
  ...
# Subtest: reject: unknown route
ok 41 - reject: unknown route
  ---
  duration_ms: 0.157424
  type: 'test'
  ...
# Subtest: protected execution input: signature
ok 42 - protected execution input: signature
  ---
  duration_ms: 0.206046
  type: 'test'
  ...
# Subtest: protected execution input: signedAt
ok 43 - protected execution input: signedAt
  ---
  duration_ms: 0.100222
  type: 'test'
  ...
# Subtest: protected execution input: notary
ok 44 - protected execution input: notary
  ---
  duration_ms: 0.092676
  type: 'test'
  ...
# Subtest: protected execution input: notarized
ok 45 - protected execution input: notarized
  ---
  duration_ms: 0.401423
  type: 'test'
  ...
# Subtest: protected execution input: judgeSignature
ok 46 - protected execution input: judgeSignature
  ---
  duration_ms: 0.165225
  type: 'test'
  ...
# Subtest: protected execution input: judgmentDate
ok 47 - protected execution input: judgmentDate
  ---
  duration_ms: 0.146034
  type: 'test'
  ...
# Subtest: protected execution input: courtFinding
ok 48 - protected execution input: courtFinding
  ---
  duration_ms: 0.185053
  type: 'test'
  ...
# Subtest: protected execution input: hearingDate
ok 49 - protected execution input: hearingDate
  ---
  duration_ms: 0.110258
  type: 'test'
  ...
# Subtest: protected execution input: serviceCompleted
ok 50 - protected execution input: serviceCompleted
  ---
  duration_ms: 0.093962
  type: 'test'
  ...
# Subtest: protected execution input: clerkCertification
ok 51 - protected execution input: clerkCertification
  ---
  duration_ms: 0.089007
  type: 'test'
  ...
# Subtest: protected execution input: courtApproved
ok 52 - protected execution input: courtApproved
  ---
  duration_ms: 0.089796
  type: 'test'
  ...
# Subtest: all eight petition condition combinations have exact page/component coverage and no surviving widgets
ok 53 - all eight petition condition combinations have exact page/component coverage and no surviving widgets
  ---
  duration_ms: 1915.746773
  type: 'test'
  ...
# Subtest: automatic notice produces guidance alone; does not default to a petition or claim an order exists
ok 54 - automatic notice produces guidance alone; does not default to a petition or claim an order exists
  ---
  duration_ms: 16.303981
  type: 'test'
  ...
# Subtest: missing optional identifiers remain blank; absent required case facts are disclosed, not invented
ok 55 - missing optional identifiers remain blank; absent required case facts are disclosed, not invented
  ---
  duration_ms: 457.922835
  type: 'test'
  ...
# Subtest: overlong known values refuse rather than clipping or replacing facts
ok 56 - overlong known values refuse rather than clipping or replacing facts
  ---
  duration_ms: 15.557644
  type: 'test'
  ...
# Subtest: the official party continuation is repeated when more than six parties must be identified
ok 57 - the official party continuation is repeated when more than six parties must be identified
  ---
  duration_ms: 537.800565
  type: 'test'
  ...
# Subtest: tampered source stops the build before an output directory is created
ok 58 - tampered source stops the build before an output directory is created
  ---
  duration_ms: 9.46941
  type: 'test'
  ...
# Subtest: wrapper imports as an API without starting a build or changing the current working directory
ok 59 - wrapper imports as an API without starting a build or changing the current working directory
  ---
  duration_ms: 6.912486
  type: 'test'
  ...
# Subtest: full CLI renderer twice compares EVERY generated family file, not a check-only probe
ok 60 - full CLI renderer twice compares EVERY generated family file, not a check-only probe
  ---
  duration_ms: 53792.356373
  type: 'test'
  ...
1..60
# tests 60
# suites 0
# pass 60
# fail 0
# cancelled 0
# skipped 0
# todo 0
# duration_ms 62350.697292
