Refreshing run status every 15 seconds. Press Ctrl+C to quit.

* main RCAP Packet Raster Acceptance (batch) Roger-LegalEase/legalease-partner-dashboard-clean#45 · 34589144801
Triggered via workflow_dispatch about 9 minutes ago

JOBS
✓ Synthetic canary and live negative controls in 2m20s (ID 103230165497)
  ✓ Set up job
  ✓ Run actions/checkout@v4
  ✓ Refuse a movable ref and prove the checkout is the pinned commit
  ✓ Run actions/setup-node@v4
  ✓ Run npm ci --cache /tmp/npm-cache
  ✓ Locate a full Chrome or Chromium, and refuse headless_shell
  ✓ Record the runtime
  ✓ Synthetic one-page PDF, rendered and measured
  ✓ Live negative controls
  ✓ Run actions/upload-artifact@v4
  ✓ Post Run actions/setup-node@v4
  ✓ Post Run actions/checkout@v4
  ✓ Complete job
✓ Plan the family matrix in 1m3s (ID 103230774330)
  ✓ Set up job
  ✓ Run actions/checkout@v4
  ✓ Refuse a movable ref and prove the checkout is the pinned commit
  ✓ Run actions/setup-node@v4
  ✓ Run node scripts/rcap-raster-plan.mjs \
  ✓ Post Run actions/setup-node@v4
  ✓ Post Run actions/checkout@v4
  ✓ Complete job
* az_record_sealing_arrest_no_charges-set (ID 103231048040)
  ✓ Set up job
  ✓ Run actions/checkout@v4
  ✓ Refuse a movable ref and prove the checkout is the pinned commit
  ✓ Run actions/setup-node@v4
  ✓ Run npm ci --cache /tmp/npm-cache
  ✓ Provision the browser
  * Render and measure az_record_sealing_arrest_no_charges-set
  * Refuse a modified packet byte
  * Artifact-safe label for this family
  * Run actions/upload-artifact@v4
  * Post Run actions/setup-node@v4
  * Post Run actions/checkout@v4
* az_record_sealing_dismissal_not_guilty-set (ID 103231048051)
  ✓ Set up job
  ✓ Run actions/checkout@v4
  ✓ Refuse a movable ref and prove the checkout is the pinned commit
  ✓ Run actions/setup-node@v4
  ✓ Run npm ci --cache /tmp/npm-cache
  * Provision the browser
  * Render and measure az_record_sealing_dismissal_not_guilty-set
  * Refuse a modified packet byte
  * Artifact-safe label for this family
  * Run actions/upload-artifact@v4
  * Post Run actions/setup-node@v4
  * Post Run actions/checkout@v4

ANNOTATIONS
! Node.js 20 is deprecated. The following actions target Node.js 20 but are being forced to run on Node.js 24: actions/checkout@v4, actions/setup-node@v4, actions/upload-artifact@v4. For more information see: https://github.blog/changelog/2025-09-19-deprecation-of-node-20-on-github-actions-runners/
Synthetic canary and live negative controls: .github#5

! Node.js 20 is deprecated. The following actions target Node.js 20 but are being forced to run on Node.js 24: actions/checkout@v4, actions/setup-node@v4. For more information see: https://github.blog/changelog/2025-09-19-deprecation-of-node-20-on-github-actions-runners/
Plan the family matrix: .github#5

Refreshing run status every 15 seconds. Press Ctrl+C to quit.

* main RCAP Packet Raster Acceptance (batch) Roger-LegalEase/legalease-partner-dashboard-clean#45 · 34589144801
Triggered via workflow_dispatch about 9 minutes ago

JOBS
✓ Synthetic canary and live negative controls in 2m20s (ID 103230165497)
  ✓ Set up job
  ✓ Run actions/checkout@v4
  ✓ Refuse a movable ref and prove the checkout is the pinned commit
  ✓ Run actions/setup-node@v4
  ✓ Run npm ci --cache /tmp/npm-cache
  ✓ Locate a full Chrome or Chromium, and refuse headless_shell
  ✓ Record the runtime
  ✓ Synthetic one-page PDF, rendered and measured
  ✓ Live negative controls
  ✓ Run actions/upload-artifact@v4
  ✓ Post Run actions/setup-node@v4
  ✓ Post Run actions/checkout@v4
  ✓ Complete job
✓ Plan the family matrix in 1m3s (ID 103230774330)
  ✓ Set up job
  ✓ Run actions/checkout@v4
  ✓ Refuse a movable ref and prove the checkout is the pinned commit
  ✓ Run actions/setup-node@v4
  ✓ Run node scripts/rcap-raster-plan.mjs \
  ✓ Post Run actions/setup-node@v4
  ✓ Post Run actions/checkout@v4
  ✓ Complete job
* az_record_sealing_arrest_no_charges-set (ID 103231048040)
  ✓ Set up job
  ✓ Run actions/checkout@v4
  ✓ Refuse a movable ref and prove the checkout is the pinned commit
  ✓ Run actions/setup-node@v4
  ✓ Run npm ci --cache /tmp/npm-cache
  ✓ Provision the browser
  * Render and measure az_record_sealing_arrest_no_charges-set
  * Refuse a modified packet byte
  * Artifact-safe label for this family
  * Run actions/upload-artifact@v4
  * Post Run actions/setup-node@v4
  * Post Run actions/checkout@v4
* az_record_sealing_dismissal_not_guilty-set (ID 103231048051)
  ✓ Set up job
  ✓ Run actions/checkout@v4
  ✓ Refuse a movable ref and prove the checkout is the pinned commit
  ✓ Run actions/setup-node@v4
  ✓ Run npm ci --cache /tmp/npm-cache
  * Provision the browser
  * Render and measure az_record_sealing_dismissal_not_guilty-set
  * Refuse a modified packet byte
  * Artifact-safe label for this family
  * Run actions/upload-artifact@v4
  * Post Run actions/setup-node@v4
  * Post Run actions/checkout@v4

ANNOTATIONS
! Node.js 20 is deprecated. The following actions target Node.js 20 but are being forced to run on Node.js 24: actions/checkout@v4, actions/setup-node@v4, actions/upload-artifact@v4. For more information see: https://github.blog/changelog/2025-09-19-deprecation-of-node-20-on-github-actions-runners/
Synthetic canary and live negative controls: .github#5

! Node.js 20 is deprecated. The following actions target Node.js 20 but are being forced to run on Node.js 24: actions/checkout@v4, actions/setup-node@v4. For more information see: https://github.blog/changelog/2025-09-19-deprecation-of-node-20-on-github-actions-runners/
Plan the family matrix: .github#5

Refreshing run status every 15 seconds. Press Ctrl+C to quit.

* main RCAP Packet Raster Acceptance (batch) Roger-LegalEase/legalease-partner-dashboard-clean#45 · 34589144801
Triggered via workflow_dispatch about 9 minutes ago

JOBS
✓ Synthetic canary and live negative controls in 2m20s (ID 103230165497)
  ✓ Set up job
  ✓ Run actions/checkout@v4
  ✓ Refuse a movable ref and prove the checkout is the pinned commit
  ✓ Run actions/setup-node@v4
  ✓ Run npm ci --cache /tmp/npm-cache
  ✓ Locate a full Chrome or Chromium, and refuse headless_shell
  ✓ Record the runtime
  ✓ Synthetic one-page PDF, rendered and measured
  ✓ Live negative controls
  ✓ Run actions/upload-artifact@v4
  ✓ Post Run actions/setup-node@v4
  ✓ Post Run actions/checkout@v4
  ✓ Complete job
✓ Plan the family matrix in 1m3s (ID 103230774330)
  ✓ Set up job
  ✓ Run actions/checkout@v4
  ✓ Refuse a movable ref and prove the checkout is the pinned commit
  ✓ Run actions/setup-node@v4
  ✓ Run node scripts/rcap-raster-plan.mjs \
  ✓ Post Run actions/setup-node@v4
  ✓ Post Run actions/checkout@v4
  ✓ Complete job
* az_record_sealing_arrest_no_charges-set (ID 103231048040)
  ✓ Set up job
  ✓ Run actions/checkout@v4
  ✓ Refuse a movable ref and prove the checkout is the pinned commit
  ✓ Run actions/setup-node@v4
  ✓ Run npm ci --cache /tmp/npm-cache
  ✓ Provision the browser
  * Render and measure az_record_sealing_arrest_no_charges-set
  * Refuse a modified packet byte
  * Artifact-safe label for this family
  * Run actions/upload-artifact@v4
  * Post Run actions/setup-node@v4
  * Post Run actions/checkout@v4
* az_record_sealing_dismissal_not_guilty-set (ID 103231048051)
  ✓ Set up job
  ✓ Run actions/checkout@v4
  ✓ Refuse a movable ref and prove the checkout is the pinned commit
  ✓ Run actions/setup-node@v4
  ✓ Run npm ci --cache /tmp/npm-cache
  * Provision the browser
  * Render and measure az_record_sealing_dismissal_not_guilty-set
  * Refuse a modified packet byte
  * Artifact-safe label for this family
  * Run actions/upload-artifact@v4
  * Post Run actions/setup-node@v4
  * Post Run actions/checkout@v4

ANNOTATIONS
! Node.js 20 is deprecated. The following actions target Node.js 20 but are being forced to run on Node.js 24: actions/checkout@v4, actions/setup-node@v4, actions/upload-artifact@v4. For more information see: https://github.blog/changelog/2025-09-19-deprecation-of-node-20-on-github-actions-runners/
Synthetic canary and live negative controls: .github#5

! Node.js 20 is deprecated. The following actions target Node.js 20 but are being forced to run on Node.js 24: actions/checkout@v4, actions/setup-node@v4. For more information see: https://github.blog/changelog/2025-09-19-deprecation-of-node-20-on-github-actions-runners/
Plan the family matrix: .github#5

Refreshing run status every 15 seconds. Press Ctrl+C to quit.

* main RCAP Packet Raster Acceptance (batch) Roger-LegalEase/legalease-partner-dashboard-clean#45 · 34589144801
Triggered via workflow_dispatch about 10 minutes ago

JOBS
✓ Synthetic canary and live negative controls in 2m20s (ID 103230165497)
  ✓ Set up job
  ✓ Run actions/checkout@v4
  ✓ Refuse a movable ref and prove the checkout is the pinned commit
  ✓ Run actions/setup-node@v4
  ✓ Run npm ci --cache /tmp/npm-cache
  ✓ Locate a full Chrome or Chromium, and refuse headless_shell
  ✓ Record the runtime
  ✓ Synthetic one-page PDF, rendered and measured
  ✓ Live negative controls
  ✓ Run actions/upload-artifact@v4
  ✓ Post Run actions/setup-node@v4
  ✓ Post Run actions/checkout@v4
  ✓ Complete job
✓ Plan the family matrix in 1m3s (ID 103230774330)
  ✓ Set up job
  ✓ Run actions/checkout@v4
  ✓ Refuse a movable ref and prove the checkout is the pinned commit
  ✓ Run actions/setup-node@v4
  ✓ Run node scripts/rcap-raster-plan.mjs \
  ✓ Post Run actions/setup-node@v4
  ✓ Post Run actions/checkout@v4
  ✓ Complete job
* az_record_sealing_arrest_no_charges-set (ID 103231048040)
  ✓ Set up job
  ✓ Run actions/checkout@v4
  ✓ Refuse a movable ref and prove the checkout is the pinned commit
  ✓ Run actions/setup-node@v4
  ✓ Run npm ci --cache /tmp/npm-cache
  ✓ Provision the browser
  * Render and measure az_record_sealing_arrest_no_charges-set
  * Refuse a modified packet byte
  * Artifact-safe label for this family
  * Run actions/upload-artifact@v4
  * Post Run actions/setup-node@v4
  * Post Run actions/checkout@v4
* az_record_sealing_dismissal_not_guilty-set (ID 103231048051)
  ✓ Set up job
  ✓ Run actions/checkout@v4
  ✓ Refuse a movable ref and prove the checkout is the pinned commit
  ✓ Run actions/setup-node@v4
  ✓ Run npm ci --cache /tmp/npm-cache
  ✓ Provision the browser
  * Render and measure az_record_sealing_dismissal_not_guilty-set
  * Refuse a modified packet byte
  * Artifact-safe label for this family
  * Run actions/upload-artifact@v4
  * Post Run actions/setup-node@v4
  * Post Run actions/checkout@v4

ANNOTATIONS
! Node.js 20 is deprecated. The following actions target Node.js 20 but are being forced to run on Node.js 24: actions/checkout@v4, actions/setup-node@v4, actions/upload-artifact@v4. For more information see: https://github.blog/changelog/2025-09-19-deprecation-of-node-20-on-github-actions-runners/
Synthetic canary and live negative controls: .github#5

! Node.js 20 is deprecated. The following actions target Node.js 20 but are being forced to run on Node.js 24: actions/checkout@v4, actions/setup-node@v4. For more information see: https://github.blog/changelog/2025-09-19-deprecation-of-node-20-on-github-actions-runners/
Plan the family matrix: .github#5

Refreshing run status every 15 seconds. Press Ctrl+C to quit.

* main RCAP Packet Raster Acceptance (batch) Roger-LegalEase/legalease-partner-dashboard-clean#45 · 34589144801
Triggered via workflow_dispatch about 10 minutes ago

JOBS
✓ Synthetic canary and live negative controls in 2m20s (ID 103230165497)
  ✓ Set up job
  ✓ Run actions/checkout@v4
  ✓ Refuse a movable ref and prove the checkout is the pinned commit
  ✓ Run actions/setup-node@v4
  ✓ Run npm ci --cache /tmp/npm-cache
  ✓ Locate a full Chrome or Chromium, and refuse headless_shell
  ✓ Record the runtime
  ✓ Synthetic one-page PDF, rendered and measured
  ✓ Live negative controls
  ✓ Run actions/upload-artifact@v4
  ✓ Post Run actions/setup-node@v4
  ✓ Post Run actions/checkout@v4
  ✓ Complete job
✓ Plan the family matrix in 1m3s (ID 103230774330)
  ✓ Set up job
  ✓ Run actions/checkout@v4
  ✓ Refuse a movable ref and prove the checkout is the pinned commit
  ✓ Run actions/setup-node@v4
  ✓ Run node scripts/rcap-raster-plan.mjs \
  ✓ Post Run actions/setup-node@v4
  ✓ Post Run actions/checkout@v4
  ✓ Complete job
* az_record_sealing_arrest_no_charges-set (ID 103231048040)
  ✓ Set up job
  ✓ Run actions/checkout@v4
  ✓ Refuse a movable ref and prove the checkout is the pinned commit
  ✓ Run actions/setup-node@v4
  ✓ Run npm ci --cache /tmp/npm-cache
  ✓ Provision the browser
  * Render and measure az_record_sealing_arrest_no_charges-set
  * Refuse a modified packet byte
  * Artifact-safe label for this family
  * Run actions/upload-artifact@v4
  * Post Run actions/setup-node@v4
  * Post Run actions/checkout@v4
* az_record_sealing_dismissal_not_guilty-set (ID 103231048051)
  ✓ Set up job
  ✓ Run actions/checkout@v4
  ✓ Refuse a movable ref and prove the checkout is the pinned commit
  ✓ Run actions/setup-node@v4
  ✓ Run npm ci --cache /tmp/npm-cache
  ✓ Provision the browser
  * Render and measure az_record_sealing_dismissal_not_guilty-set
  * Refuse a modified packet byte
  * Artifact-safe label for this family
  * Run actions/upload-artifact@v4
  * Post Run actions/setup-node@v4
  * Post Run actions/checkout@v4

ANNOTATIONS
! Node.js 20 is deprecated. The following actions target Node.js 20 but are being forced to run on Node.js 24: actions/checkout@v4, actions/setup-node@v4, actions/upload-artifact@v4. For more information see: https://github.blog/changelog/2025-09-19-deprecation-of-node-20-on-github-actions-runners/
Synthetic canary and live negative controls: .github#5

! Node.js 20 is deprecated. The following actions target Node.js 20 but are being forced to run on Node.js 24: actions/checkout@v4, actions/setup-node@v4. For more information see: https://github.blog/changelog/2025-09-19-deprecation-of-node-20-on-github-actions-runners/
Plan the family matrix: .github#5

Refreshing run status every 15 seconds. Press Ctrl+C to quit.

* main RCAP Packet Raster Acceptance (batch) Roger-LegalEase/legalease-partner-dashboard-clean#45 · 34589144801
Triggered via workflow_dispatch about 10 minutes ago

JOBS
✓ Synthetic canary and live negative controls in 2m20s (ID 103230165497)
  ✓ Set up job
  ✓ Run actions/checkout@v4
  ✓ Refuse a movable ref and prove the checkout is the pinned commit
  ✓ Run actions/setup-node@v4
  ✓ Run npm ci --cache /tmp/npm-cache
  ✓ Locate a full Chrome or Chromium, and refuse headless_shell
  ✓ Record the runtime
  ✓ Synthetic one-page PDF, rendered and measured
  ✓ Live negative controls
  ✓ Run actions/upload-artifact@v4
  ✓ Post Run actions/setup-node@v4
  ✓ Post Run actions/checkout@v4
  ✓ Complete job
✓ Plan the family matrix in 1m3s (ID 103230774330)
  ✓ Set up job
  ✓ Run actions/checkout@v4
  ✓ Refuse a movable ref and prove the checkout is the pinned commit
  ✓ Run actions/setup-node@v4
  ✓ Run node scripts/rcap-raster-plan.mjs \
  ✓ Post Run actions/setup-node@v4
  ✓ Post Run actions/checkout@v4
  ✓ Complete job
* az_record_sealing_arrest_no_charges-set (ID 103231048040)
  ✓ Set up job
  ✓ Run actions/checkout@v4
  ✓ Refuse a movable ref and prove the checkout is the pinned commit
  ✓ Run actions/setup-node@v4
  ✓ Run npm ci --cache /tmp/npm-cache
  ✓ Provision the browser
  * Render and measure az_record_sealing_arrest_no_charges-set
  * Refuse a modified packet byte
  * Artifact-safe label for this family
  * Run actions/upload-artifact@v4
  * Post Run actions/setup-node@v4
  * Post Run actions/checkout@v4
* az_record_sealing_dismissal_not_guilty-set (ID 103231048051)
  ✓ Set up job
  ✓ Run actions/checkout@v4
  ✓ Refuse a movable ref and prove the checkout is the pinned commit
  ✓ Run actions/setup-node@v4
  ✓ Run npm ci --cache /tmp/npm-cache
  ✓ Provision the browser
  * Render and measure az_record_sealing_dismissal_not_guilty-set
  * Refuse a modified packet byte
  * Artifact-safe label for this family
  * Run actions/upload-artifact@v4
  * Post Run actions/setup-node@v4
  * Post Run actions/checkout@v4

ANNOTATIONS
! Node.js 20 is deprecated. The following actions target Node.js 20 but are being forced to run on Node.js 24: actions/checkout@v4, actions/setup-node@v4, actions/upload-artifact@v4. For more information see: https://github.blog/changelog/2025-09-19-deprecation-of-node-20-on-github-actions-runners/
Synthetic canary and live negative controls: .github#5

! Node.js 20 is deprecated. The following actions target Node.js 20 but are being forced to run on Node.js 24: actions/checkout@v4, actions/setup-node@v4. For more information see: https://github.blog/changelog/2025-09-19-deprecation-of-node-20-on-github-actions-runners/
Plan the family matrix: .github#5

Refreshing run status every 15 seconds. Press Ctrl+C to quit.

* main RCAP Packet Raster Acceptance (batch) Roger-LegalEase/legalease-partner-dashboard-clean#45 · 34589144801
Triggered via workflow_dispatch about 10 minutes ago

JOBS
✓ Synthetic canary and live negative controls in 2m20s (ID 103230165497)
  ✓ Set up job
  ✓ Run actions/checkout@v4
  ✓ Refuse a movable ref and prove the checkout is the pinned commit
  ✓ Run actions/setup-node@v4
  ✓ Run npm ci --cache /tmp/npm-cache
  ✓ Locate a full Chrome or Chromium, and refuse headless_shell
  ✓ Record the runtime
  ✓ Synthetic one-page PDF, rendered and measured
  ✓ Live negative controls
  ✓ Run actions/upload-artifact@v4
  ✓ Post Run actions/setup-node@v4
  ✓ Post Run actions/checkout@v4
  ✓ Complete job
✓ Plan the family matrix in 1m3s (ID 103230774330)
  ✓ Set up job
  ✓ Run actions/checkout@v4
  ✓ Refuse a movable ref and prove the checkout is the pinned commit
  ✓ Run actions/setup-node@v4
  ✓ Run node scripts/rcap-raster-plan.mjs \
  ✓ Post Run actions/setup-node@v4
  ✓ Post Run actions/checkout@v4
  ✓ Complete job
* az_record_sealing_arrest_no_charges-set (ID 103231048040)
  ✓ Set up job
  ✓ Run actions/checkout@v4
  ✓ Refuse a movable ref and prove the checkout is the pinned commit
  ✓ Run actions/setup-node@v4
  ✓ Run npm ci --cache /tmp/npm-cache
  ✓ Provision the browser
  * Render and measure az_record_sealing_arrest_no_charges-set
  * Refuse a modified packet byte
  * Artifact-safe label for this family
  * Run actions/upload-artifact@v4
  * Post Run actions/setup-node@v4
  * Post Run actions/checkout@v4
* az_record_sealing_dismissal_not_guilty-set (ID 103231048051)
  ✓ Set up job
  ✓ Run actions/checkout@v4
  ✓ Refuse a movable ref and prove the checkout is the pinned commit
  ✓ Run actions/setup-node@v4
  ✓ Run npm ci --cache /tmp/npm-cache
  ✓ Provision the browser
  * Render and measure az_record_sealing_dismissal_not_guilty-set
  * Refuse a modified packet byte
  * Artifact-safe label for this family
  * Run actions/upload-artifact@v4
  * Post Run actions/setup-node@v4
  * Post Run actions/checkout@v4

ANNOTATIONS
! Node.js 20 is deprecated. The following actions target Node.js 20 but are being forced to run on Node.js 24: actions/checkout@v4, actions/setup-node@v4, actions/upload-artifact@v4. For more information see: https://github.blog/changelog/2025-09-19-deprecation-of-node-20-on-github-actions-runners/
Synthetic canary and live negative controls: .github#5

! Node.js 20 is deprecated. The following actions target Node.js 20 but are being forced to run on Node.js 24: actions/checkout@v4, actions/setup-node@v4. For more information see: https://github.blog/changelog/2025-09-19-deprecation-of-node-20-on-github-actions-runners/
Plan the family matrix: .github#5

Refreshing run status every 15 seconds. Press Ctrl+C to quit.

* main RCAP Packet Raster Acceptance (batch) Roger-LegalEase/legalease-partner-dashboard-clean#45 · 34589144801
Triggered via workflow_dispatch about 11 minutes ago

JOBS
✓ Synthetic canary and live negative controls in 2m20s (ID 103230165497)
  ✓ Set up job
  ✓ Run actions/checkout@v4
  ✓ Refuse a movable ref and prove the checkout is the pinned commit
  ✓ Run actions/setup-node@v4
  ✓ Run npm ci --cache /tmp/npm-cache
  ✓ Locate a full Chrome or Chromium, and refuse headless_shell
  ✓ Record the runtime
  ✓ Synthetic one-page PDF, rendered and measured
  ✓ Live negative controls
  ✓ Run actions/upload-artifact@v4
  ✓ Post Run actions/setup-node@v4
  ✓ Post Run actions/checkout@v4
  ✓ Complete job
✓ Plan the family matrix in 1m3s (ID 103230774330)
  ✓ Set up job
  ✓ Run actions/checkout@v4
  ✓ Refuse a movable ref and prove the checkout is the pinned commit
  ✓ Run actions/setup-node@v4
  ✓ Run node scripts/rcap-raster-plan.mjs \
  ✓ Post Run actions/setup-node@v4
  ✓ Post Run actions/checkout@v4
  ✓ Complete job
✓ az_record_sealing_arrest_no_charges-set in 7m34s (ID 103231048040)
  ✓ Set up job
  ✓ Run actions/checkout@v4
  ✓ Refuse a movable ref and prove the checkout is the pinned commit
  ✓ Run actions/setup-node@v4
  ✓ Run npm ci --cache /tmp/npm-cache
  ✓ Provision the browser
  ✓ Render and measure az_record_sealing_arrest_no_charges-set
  ✓ Refuse a modified packet byte
  ✓ Artifact-safe label for this family
  ✓ Run actions/upload-artifact@v4
  ✓ Post Run actions/setup-node@v4
  ✓ Post Run actions/checkout@v4
  ✓ Complete job
* az_record_sealing_dismissal_not_guilty-set (ID 103231048051)
  ✓ Set up job
  ✓ Run actions/checkout@v4
  ✓ Refuse a movable ref and prove the checkout is the pinned commit
  ✓ Run actions/setup-node@v4
  ✓ Run npm ci --cache /tmp/npm-cache
  ✓ Provision the browser
  * Render and measure az_record_sealing_dismissal_not_guilty-set
  * Refuse a modified packet byte
  * Artifact-safe label for this family
  * Run actions/upload-artifact@v4
  * Post Run actions/setup-node@v4
  * Post Run actions/checkout@v4

ANNOTATIONS
! Node.js 20 is deprecated. The following actions target Node.js 20 but are being forced to run on Node.js 24: actions/checkout@v4, actions/setup-node@v4, actions/upload-artifact@v4. For more information see: https://github.blog/changelog/2025-09-19-deprecation-of-node-20-on-github-actions-runners/
Synthetic canary and live negative controls: .github#5

! Node.js 20 is deprecated. The following actions target Node.js 20 but are being forced to run on Node.js 24: actions/checkout@v4, actions/setup-node@v4. For more information see: https://github.blog/changelog/2025-09-19-deprecation-of-node-20-on-github-actions-runners/
Plan the family matrix: .github#5

! Node.js 20 is deprecated. The following actions target Node.js 20 but are being forced to run on Node.js 24: actions/checkout@v4, actions/setup-node@v4, actions/upload-artifact@v4. For more information see: https://github.blog/changelog/2025-09-19-deprecation-of-node-20-on-github-actions-runners/
az_record_sealing_arrest_no_charges-set: .github#2

Refreshing run status every 15 seconds. Press Ctrl+C to quit.

* main RCAP Packet Raster Acceptance (batch) Roger-LegalEase/legalease-partner-dashboard-clean#45 · 34589144801
Triggered via workflow_dispatch about 11 minutes ago

JOBS
✓ Synthetic canary and live negative controls in 2m20s (ID 103230165497)
  ✓ Set up job
  ✓ Run actions/checkout@v4
  ✓ Refuse a movable ref and prove the checkout is the pinned commit
  ✓ Run actions/setup-node@v4
  ✓ Run npm ci --cache /tmp/npm-cache
  ✓ Locate a full Chrome or Chromium, and refuse headless_shell
  ✓ Record the runtime
  ✓ Synthetic one-page PDF, rendered and measured
  ✓ Live negative controls
  ✓ Run actions/upload-artifact@v4
  ✓ Post Run actions/setup-node@v4
  ✓ Post Run actions/checkout@v4
  ✓ Complete job
✓ Plan the family matrix in 1m3s (ID 103230774330)
  ✓ Set up job
  ✓ Run actions/checkout@v4
  ✓ Refuse a movable ref and prove the checkout is the pinned commit
  ✓ Run actions/setup-node@v4
  ✓ Run node scripts/rcap-raster-plan.mjs \
  ✓ Post Run actions/setup-node@v4
  ✓ Post Run actions/checkout@v4
  ✓ Complete job
✓ az_record_sealing_arrest_no_charges-set in 7m34s (ID 103231048040)
  ✓ Set up job
  ✓ Run actions/checkout@v4
  ✓ Refuse a movable ref and prove the checkout is the pinned commit
  ✓ Run actions/setup-node@v4
  ✓ Run npm ci --cache /tmp/npm-cache
  ✓ Provision the browser
  ✓ Render and measure az_record_sealing_arrest_no_charges-set
  ✓ Refuse a modified packet byte
  ✓ Artifact-safe label for this family
  ✓ Run actions/upload-artifact@v4
  ✓ Post Run actions/setup-node@v4
  ✓ Post Run actions/checkout@v4
  ✓ Complete job
* az_record_sealing_dismissal_not_guilty-set (ID 103231048051)
  ✓ Set up job
  ✓ Run actions/checkout@v4
  ✓ Refuse a movable ref and prove the checkout is the pinned commit
  ✓ Run actions/setup-node@v4
  ✓ Run npm ci --cache /tmp/npm-cache
  ✓ Provision the browser
  * Render and measure az_record_sealing_dismissal_not_guilty-set
  * Refuse a modified packet byte
  * Artifact-safe label for this family
  * Run actions/upload-artifact@v4
  * Post Run actions/setup-node@v4
  * Post Run actions/checkout@v4

ANNOTATIONS
! Node.js 20 is deprecated. The following actions target Node.js 20 but are being forced to run on Node.js 24: actions/checkout@v4, actions/setup-node@v4, actions/upload-artifact@v4. For more information see: https://github.blog/changelog/2025-09-19-deprecation-of-node-20-on-github-actions-runners/
Synthetic canary and live negative controls: .github#5

! Node.js 20 is deprecated. The following actions target Node.js 20 but are being forced to run on Node.js 24: actions/checkout@v4, actions/setup-node@v4. For more information see: https://github.blog/changelog/2025-09-19-deprecation-of-node-20-on-github-actions-runners/
Plan the family matrix: .github#5

! Node.js 20 is deprecated. The following actions target Node.js 20 but are being forced to run on Node.js 24: actions/checkout@v4, actions/setup-node@v4, actions/upload-artifact@v4. For more information see: https://github.blog/changelog/2025-09-19-deprecation-of-node-20-on-github-actions-runners/
az_record_sealing_arrest_no_charges-set: .github#2

Refreshing run status every 15 seconds. Press Ctrl+C to quit.

* main RCAP Packet Raster Acceptance (batch) Roger-LegalEase/legalease-partner-dashboard-clean#45 · 34589144801
Triggered via workflow_dispatch about 11 minutes ago

JOBS
✓ Synthetic canary and live negative controls in 2m20s (ID 103230165497)
  ✓ Set up job
  ✓ Run actions/checkout@v4
  ✓ Refuse a movable ref and prove the checkout is the pinned commit
  ✓ Run actions/setup-node@v4
  ✓ Run npm ci --cache /tmp/npm-cache
  ✓ Locate a full Chrome or Chromium, and refuse headless_shell
  ✓ Record the runtime
  ✓ Synthetic one-page PDF, rendered and measured
  ✓ Live negative controls
  ✓ Run actions/upload-artifact@v4
  ✓ Post Run actions/setup-node@v4
  ✓ Post Run actions/checkout@v4
  ✓ Complete job
✓ Plan the family matrix in 1m3s (ID 103230774330)
  ✓ Set up job
  ✓ Run actions/checkout@v4
  ✓ Refuse a movable ref and prove the checkout is the pinned commit
  ✓ Run actions/setup-node@v4
  ✓ Run node scripts/rcap-raster-plan.mjs \
  ✓ Post Run actions/setup-node@v4
  ✓ Post Run actions/checkout@v4
  ✓ Complete job
✓ az_record_sealing_arrest_no_charges-set in 7m34s (ID 103231048040)
  ✓ Set up job
  ✓ Run actions/checkout@v4
  ✓ Refuse a movable ref and prove the checkout is the pinned commit
  ✓ Run actions/setup-node@v4
  ✓ Run npm ci --cache /tmp/npm-cache
  ✓ Provision the browser
  ✓ Render and measure az_record_sealing_arrest_no_charges-set
  ✓ Refuse a modified packet byte
  ✓ Artifact-safe label for this family
  ✓ Run actions/upload-artifact@v4
  ✓ Post Run actions/setup-node@v4
  ✓ Post Run actions/checkout@v4
  ✓ Complete job
* az_record_sealing_dismissal_not_guilty-set (ID 103231048051)
  ✓ Set up job
  ✓ Run actions/checkout@v4
  ✓ Refuse a movable ref and prove the checkout is the pinned commit
  ✓ Run actions/setup-node@v4
  ✓ Run npm ci --cache /tmp/npm-cache
  ✓ Provision the browser
  * Render and measure az_record_sealing_dismissal_not_guilty-set
  * Refuse a modified packet byte
  * Artifact-safe label for this family
  * Run actions/upload-artifact@v4
  * Post Run actions/setup-node@v4
  * Post Run actions/checkout@v4

ANNOTATIONS
! Node.js 20 is deprecated. The following actions target Node.js 20 but are being forced to run on Node.js 24: actions/checkout@v4, actions/setup-node@v4, actions/upload-artifact@v4. For more information see: https://github.blog/changelog/2025-09-19-deprecation-of-node-20-on-github-actions-runners/
Synthetic canary and live negative controls: .github#5

! Node.js 20 is deprecated. The following actions target Node.js 20 but are being forced to run on Node.js 24: actions/checkout@v4, actions/setup-node@v4. For more information see: https://github.blog/changelog/2025-09-19-deprecation-of-node-20-on-github-actions-runners/
Plan the family matrix: .github#5

! Node.js 20 is deprecated. The following actions target Node.js 20 but are being forced to run on Node.js 24: actions/checkout@v4, actions/setup-node@v4, actions/upload-artifact@v4. For more information see: https://github.blog/changelog/2025-09-19-deprecation-of-node-20-on-github-actions-runners/
az_record_sealing_arrest_no_charges-set: .github#2

Refreshing run status every 15 seconds. Press Ctrl+C to quit.

* main RCAP Packet Raster Acceptance (batch) Roger-LegalEase/legalease-partner-dashboard-clean#45 · 34589144801
Triggered via workflow_dispatch about 11 minutes ago

JOBS
✓ Synthetic canary and live negative controls in 2m20s (ID 103230165497)
  ✓ Set up job
  ✓ Run actions/checkout@v4
  ✓ Refuse a movable ref and prove the checkout is the pinned commit
  ✓ Run actions/setup-node@v4
  ✓ Run npm ci --cache /tmp/npm-cache
  ✓ Locate a full Chrome or Chromium, and refuse headless_shell
  ✓ Record the runtime
  ✓ Synthetic one-page PDF, rendered and measured
  ✓ Live negative controls
  ✓ Run actions/upload-artifact@v4
  ✓ Post Run actions/setup-node@v4
  ✓ Post Run actions/checkout@v4
  ✓ Complete job
✓ Plan the family matrix in 1m3s (ID 103230774330)
  ✓ Set up job
  ✓ Run actions/checkout@v4
  ✓ Refuse a movable ref and prove the checkout is the pinned commit
  ✓ Run actions/setup-node@v4
  ✓ Run node scripts/rcap-raster-plan.mjs \
  ✓ Post Run actions/setup-node@v4
  ✓ Post Run actions/checkout@v4
  ✓ Complete job
✓ az_record_sealing_arrest_no_charges-set in 7m34s (ID 103231048040)
  ✓ Set up job
  ✓ Run actions/checkout@v4
  ✓ Refuse a movable ref and prove the checkout is the pinned commit
  ✓ Run actions/setup-node@v4
  ✓ Run npm ci --cache /tmp/npm-cache
  ✓ Provision the browser
  ✓ Render and measure az_record_sealing_arrest_no_charges-set
  ✓ Refuse a modified packet byte
  ✓ Artifact-safe label for this family
  ✓ Run actions/upload-artifact@v4
  ✓ Post Run actions/setup-node@v4
  ✓ Post Run actions/checkout@v4
  ✓ Complete job
* az_record_sealing_dismissal_not_guilty-set (ID 103231048051)
  ✓ Set up job
  ✓ Run actions/checkout@v4
  ✓ Refuse a movable ref and prove the checkout is the pinned commit
  ✓ Run actions/setup-node@v4
  ✓ Run npm ci --cache /tmp/npm-cache
  ✓ Provision the browser
  * Render and measure az_record_sealing_dismissal_not_guilty-set
  * Refuse a modified packet byte
  * Artifact-safe label for this family
  * Run actions/upload-artifact@v4
  * Post Run actions/setup-node@v4
  * Post Run actions/checkout@v4

ANNOTATIONS
! Node.js 20 is deprecated. The following actions target Node.js 20 but are being forced to run on Node.js 24: actions/checkout@v4, actions/setup-node@v4, actions/upload-artifact@v4. For more information see: https://github.blog/changelog/2025-09-19-deprecation-of-node-20-on-github-actions-runners/
Synthetic canary and live negative controls: .github#5

! Node.js 20 is deprecated. The following actions target Node.js 20 but are being forced to run on Node.js 24: actions/checkout@v4, actions/setup-node@v4. For more information see: https://github.blog/changelog/2025-09-19-deprecation-of-node-20-on-github-actions-runners/
Plan the family matrix: .github#5

! Node.js 20 is deprecated. The following actions target Node.js 20 but are being forced to run on Node.js 24: actions/checkout@v4, actions/setup-node@v4, actions/upload-artifact@v4. For more information see: https://github.blog/changelog/2025-09-19-deprecation-of-node-20-on-github-actions-runners/
az_record_sealing_arrest_no_charges-set: .github#2

Refreshing run status every 15 seconds. Press Ctrl+C to quit.

* main RCAP Packet Raster Acceptance (batch) Roger-LegalEase/legalease-partner-dashboard-clean#45 · 34589144801
Triggered via workflow_dispatch about 12 minutes ago

JOBS
✓ Synthetic canary and live negative controls in 2m20s (ID 103230165497)
  ✓ Set up job
  ✓ Run actions/checkout@v4
  ✓ Refuse a movable ref and prove the checkout is the pinned commit
  ✓ Run actions/setup-node@v4
  ✓ Run npm ci --cache /tmp/npm-cache
  ✓ Locate a full Chrome or Chromium, and refuse headless_shell
  ✓ Record the runtime
  ✓ Synthetic one-page PDF, rendered and measured
  ✓ Live negative controls
  ✓ Run actions/upload-artifact@v4
  ✓ Post Run actions/setup-node@v4
  ✓ Post Run actions/checkout@v4
  ✓ Complete job
✓ Plan the family matrix in 1m3s (ID 103230774330)
  ✓ Set up job
  ✓ Run actions/checkout@v4
  ✓ Refuse a movable ref and prove the checkout is the pinned commit
  ✓ Run actions/setup-node@v4
  ✓ Run node scripts/rcap-raster-plan.mjs \
  ✓ Post Run actions/setup-node@v4
  ✓ Post Run actions/checkout@v4
  ✓ Complete job
✓ az_record_sealing_arrest_no_charges-set in 7m34s (ID 103231048040)
  ✓ Set up job
  ✓ Run actions/checkout@v4
  ✓ Refuse a movable ref and prove the checkout is the pinned commit
  ✓ Run actions/setup-node@v4
  ✓ Run npm ci --cache /tmp/npm-cache
  ✓ Provision the browser
  ✓ Render and measure az_record_sealing_arrest_no_charges-set
  ✓ Refuse a modified packet byte
  ✓ Artifact-safe label for this family
  ✓ Run actions/upload-artifact@v4
  ✓ Post Run actions/setup-node@v4
  ✓ Post Run actions/checkout@v4
  ✓ Complete job
* az_record_sealing_dismissal_not_guilty-set (ID 103231048051)
  ✓ Set up job
  ✓ Run actions/checkout@v4
  ✓ Refuse a movable ref and prove the checkout is the pinned commit
  ✓ Run actions/setup-node@v4
  ✓ Run npm ci --cache /tmp/npm-cache
  ✓ Provision the browser
  * Render and measure az_record_sealing_dismissal_not_guilty-set
  * Refuse a modified packet byte
  * Artifact-safe label for this family
  * Run actions/upload-artifact@v4
  * Post Run actions/setup-node@v4
  * Post Run actions/checkout@v4

ANNOTATIONS
! Node.js 20 is deprecated. The following actions target Node.js 20 but are being forced to run on Node.js 24: actions/checkout@v4, actions/setup-node@v4, actions/upload-artifact@v4. For more information see: https://github.blog/changelog/2025-09-19-deprecation-of-node-20-on-github-actions-runners/
Synthetic canary and live negative controls: .github#5

! Node.js 20 is deprecated. The following actions target Node.js 20 but are being forced to run on Node.js 24: actions/checkout@v4, actions/setup-node@v4. For more information see: https://github.blog/changelog/2025-09-19-deprecation-of-node-20-on-github-actions-runners/
Plan the family matrix: .github#5

! Node.js 20 is deprecated. The following actions target Node.js 20 but are being forced to run on Node.js 24: actions/checkout@v4, actions/setup-node@v4, actions/upload-artifact@v4. For more information see: https://github.blog/changelog/2025-09-19-deprecation-of-node-20-on-github-actions-runners/
az_record_sealing_arrest_no_charges-set: .github#2

Refreshing run status every 15 seconds. Press Ctrl+C to quit.

* main RCAP Packet Raster Acceptance (batch) Roger-LegalEase/legalease-partner-dashboard-clean#45 · 34589144801
Triggered via workflow_dispatch about 12 minutes ago

JOBS
✓ Synthetic canary and live negative controls in 2m20s (ID 103230165497)
  ✓ Set up job
  ✓ Run actions/checkout@v4
  ✓ Refuse a movable ref and prove the checkout is the pinned commit
  ✓ Run actions/setup-node@v4
  ✓ Run npm ci --cache /tmp/npm-cache
  ✓ Locate a full Chrome or Chromium, and refuse headless_shell
  ✓ Record the runtime
  ✓ Synthetic one-page PDF, rendered and measured
  ✓ Live negative controls
  ✓ Run actions/upload-artifact@v4
  ✓ Post Run actions/setup-node@v4
  ✓ Post Run actions/checkout@v4
  ✓ Complete job
✓ Plan the family matrix in 1m3s (ID 103230774330)
  ✓ Set up job
  ✓ Run actions/checkout@v4
  ✓ Refuse a movable ref and prove the checkout is the pinned commit
  ✓ Run actions/setup-node@v4
  ✓ Run node scripts/rcap-raster-plan.mjs \
  ✓ Post Run actions/setup-node@v4
  ✓ Post Run actions/checkout@v4
  ✓ Complete job
✓ az_record_sealing_arrest_no_charges-set in 7m34s (ID 103231048040)
  ✓ Set up job
  ✓ Run actions/checkout@v4
  ✓ Refuse a movable ref and prove the checkout is the pinned commit
  ✓ Run actions/setup-node@v4
  ✓ Run npm ci --cache /tmp/npm-cache
  ✓ Provision the browser
  ✓ Render and measure az_record_sealing_arrest_no_charges-set
  ✓ Refuse a modified packet byte
  ✓ Artifact-safe label for this family
  ✓ Run actions/upload-artifact@v4
  ✓ Post Run actions/setup-node@v4
  ✓ Post Run actions/checkout@v4
  ✓ Complete job
* az_record_sealing_dismissal_not_guilty-set (ID 103231048051)
  ✓ Set up job
  ✓ Run actions/checkout@v4
  ✓ Refuse a movable ref and prove the checkout is the pinned commit
  ✓ Run actions/setup-node@v4
  ✓ Run npm ci --cache /tmp/npm-cache
  ✓ Provision the browser
  * Render and measure az_record_sealing_dismissal_not_guilty-set
  * Refuse a modified packet byte
  * Artifact-safe label for this family
  * Run actions/upload-artifact@v4
  * Post Run actions/setup-node@v4
  * Post Run actions/checkout@v4

ANNOTATIONS
! Node.js 20 is deprecated. The following actions target Node.js 20 but are being forced to run on Node.js 24: actions/checkout@v4, actions/setup-node@v4, actions/upload-artifact@v4. For more information see: https://github.blog/changelog/2025-09-19-deprecation-of-node-20-on-github-actions-runners/
Synthetic canary and live negative controls: .github#5

! Node.js 20 is deprecated. The following actions target Node.js 20 but are being forced to run on Node.js 24: actions/checkout@v4, actions/setup-node@v4. For more information see: https://github.blog/changelog/2025-09-19-deprecation-of-node-20-on-github-actions-runners/
Plan the family matrix: .github#5

! Node.js 20 is deprecated. The following actions target Node.js 20 but are being forced to run on Node.js 24: actions/checkout@v4, actions/setup-node@v4, actions/upload-artifact@v4. For more information see: https://github.blog/changelog/2025-09-19-deprecation-of-node-20-on-github-actions-runners/
az_record_sealing_arrest_no_charges-set: .github#2

Refreshing run status every 15 seconds. Press Ctrl+C to quit.

* main RCAP Packet Raster Acceptance (batch) Roger-LegalEase/legalease-partner-dashboard-clean#45 · 34589144801
Triggered via workflow_dispatch about 12 minutes ago

JOBS
✓ Synthetic canary and live negative controls in 2m20s (ID 103230165497)
  ✓ Set up job
  ✓ Run actions/checkout@v4
  ✓ Refuse a movable ref and prove the checkout is the pinned commit
  ✓ Run actions/setup-node@v4
  ✓ Run npm ci --cache /tmp/npm-cache
  ✓ Locate a full Chrome or Chromium, and refuse headless_shell
  ✓ Record the runtime
  ✓ Synthetic one-page PDF, rendered and measured
  ✓ Live negative controls
  ✓ Run actions/upload-artifact@v4
  ✓ Post Run actions/setup-node@v4
  ✓ Post Run actions/checkout@v4
  ✓ Complete job
✓ Plan the family matrix in 1m3s (ID 103230774330)
  ✓ Set up job
  ✓ Run actions/checkout@v4
  ✓ Refuse a movable ref and prove the checkout is the pinned commit
  ✓ Run actions/setup-node@v4
  ✓ Run node scripts/rcap-raster-plan.mjs \
  ✓ Post Run actions/setup-node@v4
  ✓ Post Run actions/checkout@v4
  ✓ Complete job
✓ az_record_sealing_arrest_no_charges-set in 7m34s (ID 103231048040)
  ✓ Set up job
  ✓ Run actions/checkout@v4
  ✓ Refuse a movable ref and prove the checkout is the pinned commit
  ✓ Run actions/setup-node@v4
  ✓ Run npm ci --cache /tmp/npm-cache
  ✓ Provision the browser
  ✓ Render and measure az_record_sealing_arrest_no_charges-set
  ✓ Refuse a modified packet byte
  ✓ Artifact-safe label for this family
  ✓ Run actions/upload-artifact@v4
  ✓ Post Run actions/setup-node@v4
  ✓ Post Run actions/checkout@v4
  ✓ Complete job
* az_record_sealing_dismissal_not_guilty-set (ID 103231048051)
  ✓ Set up job
  ✓ Run actions/checkout@v4
  ✓ Refuse a movable ref and prove the checkout is the pinned commit
  ✓ Run actions/setup-node@v4
  ✓ Run npm ci --cache /tmp/npm-cache
  ✓ Provision the browser
  * Render and measure az_record_sealing_dismissal_not_guilty-set
  * Refuse a modified packet byte
  * Artifact-safe label for this family
  * Run actions/upload-artifact@v4
  * Post Run actions/setup-node@v4
  * Post Run actions/checkout@v4

ANNOTATIONS
! Node.js 20 is deprecated. The following actions target Node.js 20 but are being forced to run on Node.js 24: actions/checkout@v4, actions/setup-node@v4, actions/upload-artifact@v4. For more information see: https://github.blog/changelog/2025-09-19-deprecation-of-node-20-on-github-actions-runners/
Synthetic canary and live negative controls: .github#5

! Node.js 20 is deprecated. The following actions target Node.js 20 but are being forced to run on Node.js 24: actions/checkout@v4, actions/setup-node@v4. For more information see: https://github.blog/changelog/2025-09-19-deprecation-of-node-20-on-github-actions-runners/
Plan the family matrix: .github#5

! Node.js 20 is deprecated. The following actions target Node.js 20 but are being forced to run on Node.js 24: actions/checkout@v4, actions/setup-node@v4, actions/upload-artifact@v4. For more information see: https://github.blog/changelog/2025-09-19-deprecation-of-node-20-on-github-actions-runners/
az_record_sealing_arrest_no_charges-set: .github#2

Refreshing run status every 15 seconds. Press Ctrl+C to quit.

* main RCAP Packet Raster Acceptance (batch) Roger-LegalEase/legalease-partner-dashboard-clean#45 · 34589144801
Triggered via workflow_dispatch about 12 minutes ago

JOBS
✓ Synthetic canary and live negative controls in 2m20s (ID 103230165497)
  ✓ Set up job
  ✓ Run actions/checkout@v4
  ✓ Refuse a movable ref and prove the checkout is the pinned commit
  ✓ Run actions/setup-node@v4
  ✓ Run npm ci --cache /tmp/npm-cache
  ✓ Locate a full Chrome or Chromium, and refuse headless_shell
  ✓ Record the runtime
  ✓ Synthetic one-page PDF, rendered and measured
  ✓ Live negative controls
  ✓ Run actions/upload-artifact@v4
  ✓ Post Run actions/setup-node@v4
  ✓ Post Run actions/checkout@v4
  ✓ Complete job
✓ Plan the family matrix in 1m3s (ID 103230774330)
  ✓ Set up job
  ✓ Run actions/checkout@v4
  ✓ Refuse a movable ref and prove the checkout is the pinned commit
  ✓ Run actions/setup-node@v4
  ✓ Run node scripts/rcap-raster-plan.mjs \
  ✓ Post Run actions/setup-node@v4
  ✓ Post Run actions/checkout@v4
  ✓ Complete job
✓ az_record_sealing_arrest_no_charges-set in 7m34s (ID 103231048040)
  ✓ Set up job
  ✓ Run actions/checkout@v4
  ✓ Refuse a movable ref and prove the checkout is the pinned commit
  ✓ Run actions/setup-node@v4
  ✓ Run npm ci --cache /tmp/npm-cache
  ✓ Provision the browser
  ✓ Render and measure az_record_sealing_arrest_no_charges-set
  ✓ Refuse a modified packet byte
  ✓ Artifact-safe label for this family
  ✓ Run actions/upload-artifact@v4
  ✓ Post Run actions/setup-node@v4
  ✓ Post Run actions/checkout@v4
  ✓ Complete job
* az_record_sealing_dismissal_not_guilty-set (ID 103231048051)
  ✓ Set up job
  ✓ Run actions/checkout@v4
  ✓ Refuse a movable ref and prove the checkout is the pinned commit
  ✓ Run actions/setup-node@v4
  ✓ Run npm ci --cache /tmp/npm-cache
  ✓ Provision the browser
  * Render and measure az_record_sealing_dismissal_not_guilty-set
  * Refuse a modified packet byte
  * Artifact-safe label for this family
  * Run actions/upload-artifact@v4
  * Post Run actions/setup-node@v4
  * Post Run actions/checkout@v4

ANNOTATIONS
! Node.js 20 is deprecated. The following actions target Node.js 20 but are being forced to run on Node.js 24: actions/checkout@v4, actions/setup-node@v4, actions/upload-artifact@v4. For more information see: https://github.blog/changelog/2025-09-19-deprecation-of-node-20-on-github-actions-runners/
Synthetic canary and live negative controls: .github#5

! Node.js 20 is deprecated. The following actions target Node.js 20 but are being forced to run on Node.js 24: actions/checkout@v4, actions/setup-node@v4. For more information see: https://github.blog/changelog/2025-09-19-deprecation-of-node-20-on-github-actions-runners/
Plan the family matrix: .github#5

! Node.js 20 is deprecated. The following actions target Node.js 20 but are being forced to run on Node.js 24: actions/checkout@v4, actions/setup-node@v4, actions/upload-artifact@v4. For more information see: https://github.blog/changelog/2025-09-19-deprecation-of-node-20-on-github-actions-runners/
az_record_sealing_arrest_no_charges-set: .github#2

Refreshing run status every 15 seconds. Press Ctrl+C to quit.

* main RCAP Packet Raster Acceptance (batch) Roger-LegalEase/legalease-partner-dashboard-clean#45 · 34589144801
Triggered via workflow_dispatch about 13 minutes ago

JOBS
✓ Synthetic canary and live negative controls in 2m20s (ID 103230165497)
  ✓ Set up job
  ✓ Run actions/checkout@v4
  ✓ Refuse a movable ref and prove the checkout is the pinned commit
  ✓ Run actions/setup-node@v4
  ✓ Run npm ci --cache /tmp/npm-cache
  ✓ Locate a full Chrome or Chromium, and refuse headless_shell
  ✓ Record the runtime
  ✓ Synthetic one-page PDF, rendered and measured
  ✓ Live negative controls
  ✓ Run actions/upload-artifact@v4
  ✓ Post Run actions/setup-node@v4
  ✓ Post Run actions/checkout@v4
  ✓ Complete job
✓ Plan the family matrix in 1m3s (ID 103230774330)
  ✓ Set up job
  ✓ Run actions/checkout@v4
  ✓ Refuse a movable ref and prove the checkout is the pinned commit
  ✓ Run actions/setup-node@v4
  ✓ Run node scripts/rcap-raster-plan.mjs \
  ✓ Post Run actions/setup-node@v4
  ✓ Post Run actions/checkout@v4
  ✓ Complete job
✓ az_record_sealing_arrest_no_charges-set in 7m34s (ID 103231048040)
  ✓ Set up job
  ✓ Run actions/checkout@v4
  ✓ Refuse a movable ref and prove the checkout is the pinned commit
  ✓ Run actions/setup-node@v4
  ✓ Run npm ci --cache /tmp/npm-cache
  ✓ Provision the browser
  ✓ Render and measure az_record_sealing_arrest_no_charges-set
  ✓ Refuse a modified packet byte
  ✓ Artifact-safe label for this family
  ✓ Run actions/upload-artifact@v4
  ✓ Post Run actions/setup-node@v4
  ✓ Post Run actions/checkout@v4
  ✓ Complete job
* az_record_sealing_dismissal_not_guilty-set (ID 103231048051)
  ✓ Set up job
  ✓ Run actions/checkout@v4
  ✓ Refuse a movable ref and prove the checkout is the pinned commit
  ✓ Run actions/setup-node@v4
  ✓ Run npm ci --cache /tmp/npm-cache
  ✓ Provision the browser
  * Render and measure az_record_sealing_dismissal_not_guilty-set
  * Refuse a modified packet byte
  * Artifact-safe label for this family
  * Run actions/upload-artifact@v4
  * Post Run actions/setup-node@v4
  * Post Run actions/checkout@v4

ANNOTATIONS
! Node.js 20 is deprecated. The following actions target Node.js 20 but are being forced to run on Node.js 24: actions/checkout@v4, actions/setup-node@v4, actions/upload-artifact@v4. For more information see: https://github.blog/changelog/2025-09-19-deprecation-of-node-20-on-github-actions-runners/
Synthetic canary and live negative controls: .github#5

! Node.js 20 is deprecated. The following actions target Node.js 20 but are being forced to run on Node.js 24: actions/checkout@v4, actions/setup-node@v4. For more information see: https://github.blog/changelog/2025-09-19-deprecation-of-node-20-on-github-actions-runners/
Plan the family matrix: .github#5

! Node.js 20 is deprecated. The following actions target Node.js 20 but are being forced to run on Node.js 24: actions/checkout@v4, actions/setup-node@v4, actions/upload-artifact@v4. For more information see: https://github.blog/changelog/2025-09-19-deprecation-of-node-20-on-github-actions-runners/
az_record_sealing_arrest_no_charges-set: .github#2

Refreshing run status every 15 seconds. Press Ctrl+C to quit.

* main RCAP Packet Raster Acceptance (batch) Roger-LegalEase/legalease-partner-dashboard-clean#45 · 34589144801
Triggered via workflow_dispatch about 13 minutes ago

JOBS
✓ Synthetic canary and live negative controls in 2m20s (ID 103230165497)
  ✓ Set up job
  ✓ Run actions/checkout@v4
  ✓ Refuse a movable ref and prove the checkout is the pinned commit
  ✓ Run actions/setup-node@v4
  ✓ Run npm ci --cache /tmp/npm-cache
  ✓ Locate a full Chrome or Chromium, and refuse headless_shell
  ✓ Record the runtime
  ✓ Synthetic one-page PDF, rendered and measured
  ✓ Live negative controls
  ✓ Run actions/upload-artifact@v4
  ✓ Post Run actions/setup-node@v4
  ✓ Post Run actions/checkout@v4
  ✓ Complete job
✓ Plan the family matrix in 1m3s (ID 103230774330)
  ✓ Set up job
  ✓ Run actions/checkout@v4
  ✓ Refuse a movable ref and prove the checkout is the pinned commit
  ✓ Run actions/setup-node@v4
  ✓ Run node scripts/rcap-raster-plan.mjs \
  ✓ Post Run actions/setup-node@v4
  ✓ Post Run actions/checkout@v4
  ✓ Complete job
✓ az_record_sealing_arrest_no_charges-set in 7m34s (ID 103231048040)
  ✓ Set up job
  ✓ Run actions/checkout@v4
  ✓ Refuse a movable ref and prove the checkout is the pinned commit
  ✓ Run actions/setup-node@v4
  ✓ Run npm ci --cache /tmp/npm-cache
  ✓ Provision the browser
  ✓ Render and measure az_record_sealing_arrest_no_charges-set
  ✓ Refuse a modified packet byte
  ✓ Artifact-safe label for this family
  ✓ Run actions/upload-artifact@v4
  ✓ Post Run actions/setup-node@v4
  ✓ Post Run actions/checkout@v4
  ✓ Complete job
* az_record_sealing_dismissal_not_guilty-set (ID 103231048051)
  ✓ Set up job
  ✓ Run actions/checkout@v4
  ✓ Refuse a movable ref and prove the checkout is the pinned commit
  ✓ Run actions/setup-node@v4
  ✓ Run npm ci --cache /tmp/npm-cache
  ✓ Provision the browser
  * Render and measure az_record_sealing_dismissal_not_guilty-set
  * Refuse a modified packet byte
  * Artifact-safe label for this family
  * Run actions/upload-artifact@v4
  * Post Run actions/setup-node@v4
  * Post Run actions/checkout@v4

ANNOTATIONS
! Node.js 20 is deprecated. The following actions target Node.js 20 but are being forced to run on Node.js 24: actions/checkout@v4, actions/setup-node@v4, actions/upload-artifact@v4. For more information see: https://github.blog/changelog/2025-09-19-deprecation-of-node-20-on-github-actions-runners/
Synthetic canary and live negative controls: .github#5

! Node.js 20 is deprecated. The following actions target Node.js 20 but are being forced to run on Node.js 24: actions/checkout@v4, actions/setup-node@v4. For more information see: https://github.blog/changelog/2025-09-19-deprecation-of-node-20-on-github-actions-runners/
Plan the family matrix: .github#5

! Node.js 20 is deprecated. The following actions target Node.js 20 but are being forced to run on Node.js 24: actions/checkout@v4, actions/setup-node@v4, actions/upload-artifact@v4. For more information see: https://github.blog/changelog/2025-09-19-deprecation-of-node-20-on-github-actions-runners/
az_record_sealing_arrest_no_charges-set: .github#2

Refreshing run status every 15 seconds. Press Ctrl+C to quit.

* main RCAP Packet Raster Acceptance (batch) Roger-LegalEase/legalease-partner-dashboard-clean#45 · 34589144801
Triggered via workflow_dispatch about 13 minutes ago

JOBS
✓ Synthetic canary and live negative controls in 2m20s (ID 103230165497)
  ✓ Set up job
  ✓ Run actions/checkout@v4
  ✓ Refuse a movable ref and prove the checkout is the pinned commit
  ✓ Run actions/setup-node@v4
  ✓ Run npm ci --cache /tmp/npm-cache
  ✓ Locate a full Chrome or Chromium, and refuse headless_shell
  ✓ Record the runtime
  ✓ Synthetic one-page PDF, rendered and measured
  ✓ Live negative controls
  ✓ Run actions/upload-artifact@v4
  ✓ Post Run actions/setup-node@v4
  ✓ Post Run actions/checkout@v4
  ✓ Complete job
✓ Plan the family matrix in 1m3s (ID 103230774330)
  ✓ Set up job
  ✓ Run actions/checkout@v4
  ✓ Refuse a movable ref and prove the checkout is the pinned commit
  ✓ Run actions/setup-node@v4
  ✓ Run node scripts/rcap-raster-plan.mjs \
  ✓ Post Run actions/setup-node@v4
  ✓ Post Run actions/checkout@v4
  ✓ Complete job
✓ az_record_sealing_arrest_no_charges-set in 7m34s (ID 103231048040)
  ✓ Set up job
  ✓ Run actions/checkout@v4
  ✓ Refuse a movable ref and prove the checkout is the pinned commit
  ✓ Run actions/setup-node@v4
  ✓ Run npm ci --cache /tmp/npm-cache
  ✓ Provision the browser
  ✓ Render and measure az_record_sealing_arrest_no_charges-set
  ✓ Refuse a modified packet byte
  ✓ Artifact-safe label for this family
  ✓ Run actions/upload-artifact@v4
  ✓ Post Run actions/setup-node@v4
  ✓ Post Run actions/checkout@v4
  ✓ Complete job
* az_record_sealing_dismissal_not_guilty-set (ID 103231048051)
  ✓ Set up job
  ✓ Run actions/checkout@v4
  ✓ Refuse a movable ref and prove the checkout is the pinned commit
  ✓ Run actions/setup-node@v4
  ✓ Run npm ci --cache /tmp/npm-cache
  ✓ Provision the browser
  * Render and measure az_record_sealing_dismissal_not_guilty-set
  * Refuse a modified packet byte
  * Artifact-safe label for this family
  * Run actions/upload-artifact@v4
  * Post Run actions/setup-node@v4
  * Post Run actions/checkout@v4

ANNOTATIONS
! Node.js 20 is deprecated. The following actions target Node.js 20 but are being forced to run on Node.js 24: actions/checkout@v4, actions/setup-node@v4, actions/upload-artifact@v4. For more information see: https://github.blog/changelog/2025-09-19-deprecation-of-node-20-on-github-actions-runners/
Synthetic canary and live negative controls: .github#5

! Node.js 20 is deprecated. The following actions target Node.js 20 but are being forced to run on Node.js 24: actions/checkout@v4, actions/setup-node@v4. For more information see: https://github.blog/changelog/2025-09-19-deprecation-of-node-20-on-github-actions-runners/
Plan the family matrix: .github#5

! Node.js 20 is deprecated. The following actions target Node.js 20 but are being forced to run on Node.js 24: actions/checkout@v4, actions/setup-node@v4, actions/upload-artifact@v4. For more information see: https://github.blog/changelog/2025-09-19-deprecation-of-node-20-on-github-actions-runners/
az_record_sealing_arrest_no_charges-set: .github#2

Refreshing run status every 15 seconds. Press Ctrl+C to quit.

* main RCAP Packet Raster Acceptance (batch) Roger-LegalEase/legalease-partner-dashboard-clean#45 · 34589144801
Triggered via workflow_dispatch about 14 minutes ago

JOBS
✓ Synthetic canary and live negative controls in 2m20s (ID 103230165497)
  ✓ Set up job
  ✓ Run actions/checkout@v4
  ✓ Refuse a movable ref and prove the checkout is the pinned commit
  ✓ Run actions/setup-node@v4
  ✓ Run npm ci --cache /tmp/npm-cache
  ✓ Locate a full Chrome or Chromium, and refuse headless_shell
  ✓ Record the runtime
  ✓ Synthetic one-page PDF, rendered and measured
  ✓ Live negative controls
  ✓ Run actions/upload-artifact@v4
  ✓ Post Run actions/setup-node@v4
  ✓ Post Run actions/checkout@v4
  ✓ Complete job
✓ Plan the family matrix in 1m3s (ID 103230774330)
  ✓ Set up job
  ✓ Run actions/checkout@v4
  ✓ Refuse a movable ref and prove the checkout is the pinned commit
  ✓ Run actions/setup-node@v4
  ✓ Run node scripts/rcap-raster-plan.mjs \
  ✓ Post Run actions/setup-node@v4
  ✓ Post Run actions/checkout@v4
  ✓ Complete job
✓ az_record_sealing_arrest_no_charges-set in 7m34s (ID 103231048040)
  ✓ Set up job
  ✓ Run actions/checkout@v4
  ✓ Refuse a movable ref and prove the checkout is the pinned commit
  ✓ Run actions/setup-node@v4
  ✓ Run npm ci --cache /tmp/npm-cache
  ✓ Provision the browser
  ✓ Render and measure az_record_sealing_arrest_no_charges-set
  ✓ Refuse a modified packet byte
  ✓ Artifact-safe label for this family
  ✓ Run actions/upload-artifact@v4
  ✓ Post Run actions/setup-node@v4
  ✓ Post Run actions/checkout@v4
  ✓ Complete job
* az_record_sealing_dismissal_not_guilty-set (ID 103231048051)
  ✓ Set up job
  ✓ Run actions/checkout@v4
  ✓ Refuse a movable ref and prove the checkout is the pinned commit
  ✓ Run actions/setup-node@v4
  ✓ Run npm ci --cache /tmp/npm-cache
  ✓ Provision the browser
  * Render and measure az_record_sealing_dismissal_not_guilty-set
  * Refuse a modified packet byte
  * Artifact-safe label for this family
  * Run actions/upload-artifact@v4
  * Post Run actions/setup-node@v4
  * Post Run actions/checkout@v4

ANNOTATIONS
! Node.js 20 is deprecated. The following actions target Node.js 20 but are being forced to run on Node.js 24: actions/checkout@v4, actions/setup-node@v4, actions/upload-artifact@v4. For more information see: https://github.blog/changelog/2025-09-19-deprecation-of-node-20-on-github-actions-runners/
Synthetic canary and live negative controls: .github#5

! Node.js 20 is deprecated. The following actions target Node.js 20 but are being forced to run on Node.js 24: actions/checkout@v4, actions/setup-node@v4. For more information see: https://github.blog/changelog/2025-09-19-deprecation-of-node-20-on-github-actions-runners/
Plan the family matrix: .github#5

! Node.js 20 is deprecated. The following actions target Node.js 20 but are being forced to run on Node.js 24: actions/checkout@v4, actions/setup-node@v4, actions/upload-artifact@v4. For more information see: https://github.blog/changelog/2025-09-19-deprecation-of-node-20-on-github-actions-runners/
az_record_sealing_arrest_no_charges-set: .github#2

Refreshing run status every 15 seconds. Press Ctrl+C to quit.

* main RCAP Packet Raster Acceptance (batch) Roger-LegalEase/legalease-partner-dashboard-clean#45 · 34589144801
Triggered via workflow_dispatch about 14 minutes ago

JOBS
✓ Synthetic canary and live negative controls in 2m20s (ID 103230165497)
  ✓ Set up job
  ✓ Run actions/checkout@v4
  ✓ Refuse a movable ref and prove the checkout is the pinned commit
  ✓ Run actions/setup-node@v4
  ✓ Run npm ci --cache /tmp/npm-cache
  ✓ Locate a full Chrome or Chromium, and refuse headless_shell
  ✓ Record the runtime
  ✓ Synthetic one-page PDF, rendered and measured
  ✓ Live negative controls
  ✓ Run actions/upload-artifact@v4
  ✓ Post Run actions/setup-node@v4
  ✓ Post Run actions/checkout@v4
  ✓ Complete job
✓ Plan the family matrix in 1m3s (ID 103230774330)
  ✓ Set up job
  ✓ Run actions/checkout@v4
  ✓ Refuse a movable ref and prove the checkout is the pinned commit
  ✓ Run actions/setup-node@v4
  ✓ Run node scripts/rcap-raster-plan.mjs \
  ✓ Post Run actions/setup-node@v4
  ✓ Post Run actions/checkout@v4
  ✓ Complete job
✓ az_record_sealing_arrest_no_charges-set in 7m34s (ID 103231048040)
  ✓ Set up job
  ✓ Run actions/checkout@v4
  ✓ Refuse a movable ref and prove the checkout is the pinned commit
  ✓ Run actions/setup-node@v4
  ✓ Run npm ci --cache /tmp/npm-cache
  ✓ Provision the browser
  ✓ Render and measure az_record_sealing_arrest_no_charges-set
  ✓ Refuse a modified packet byte
  ✓ Artifact-safe label for this family
  ✓ Run actions/upload-artifact@v4
  ✓ Post Run actions/setup-node@v4
  ✓ Post Run actions/checkout@v4
  ✓ Complete job
* az_record_sealing_dismissal_not_guilty-set (ID 103231048051)
  ✓ Set up job
  ✓ Run actions/checkout@v4
  ✓ Refuse a movable ref and prove the checkout is the pinned commit
  ✓ Run actions/setup-node@v4
  ✓ Run npm ci --cache /tmp/npm-cache
  ✓ Provision the browser
  * Render and measure az_record_sealing_dismissal_not_guilty-set
  * Refuse a modified packet byte
  * Artifact-safe label for this family
  * Run actions/upload-artifact@v4
  * Post Run actions/setup-node@v4
  * Post Run actions/checkout@v4

ANNOTATIONS
! Node.js 20 is deprecated. The following actions target Node.js 20 but are being forced to run on Node.js 24: actions/checkout@v4, actions/setup-node@v4, actions/upload-artifact@v4. For more information see: https://github.blog/changelog/2025-09-19-deprecation-of-node-20-on-github-actions-runners/
Synthetic canary and live negative controls: .github#5

! Node.js 20 is deprecated. The following actions target Node.js 20 but are being forced to run on Node.js 24: actions/checkout@v4, actions/setup-node@v4. For more information see: https://github.blog/changelog/2025-09-19-deprecation-of-node-20-on-github-actions-runners/
Plan the family matrix: .github#5

! Node.js 20 is deprecated. The following actions target Node.js 20 but are being forced to run on Node.js 24: actions/checkout@v4, actions/setup-node@v4, actions/upload-artifact@v4. For more information see: https://github.blog/changelog/2025-09-19-deprecation-of-node-20-on-github-actions-runners/
az_record_sealing_arrest_no_charges-set: .github#2

Refreshing run status every 15 seconds. Press Ctrl+C to quit.

* main RCAP Packet Raster Acceptance (batch) Roger-LegalEase/legalease-partner-dashboard-clean#45 · 34589144801
Triggered via workflow_dispatch about 14 minutes ago

JOBS
✓ Synthetic canary and live negative controls in 2m20s (ID 103230165497)
  ✓ Set up job
  ✓ Run actions/checkout@v4
  ✓ Refuse a movable ref and prove the checkout is the pinned commit
  ✓ Run actions/setup-node@v4
  ✓ Run npm ci --cache /tmp/npm-cache
  ✓ Locate a full Chrome or Chromium, and refuse headless_shell
  ✓ Record the runtime
  ✓ Synthetic one-page PDF, rendered and measured
  ✓ Live negative controls
  ✓ Run actions/upload-artifact@v4
  ✓ Post Run actions/setup-node@v4
  ✓ Post Run actions/checkout@v4
  ✓ Complete job
✓ Plan the family matrix in 1m3s (ID 103230774330)
  ✓ Set up job
  ✓ Run actions/checkout@v4
  ✓ Refuse a movable ref and prove the checkout is the pinned commit
  ✓ Run actions/setup-node@v4
  ✓ Run node scripts/rcap-raster-plan.mjs \
  ✓ Post Run actions/setup-node@v4
  ✓ Post Run actions/checkout@v4
  ✓ Complete job
✓ az_record_sealing_arrest_no_charges-set in 7m34s (ID 103231048040)
  ✓ Set up job
  ✓ Run actions/checkout@v4
  ✓ Refuse a movable ref and prove the checkout is the pinned commit
  ✓ Run actions/setup-node@v4
  ✓ Run npm ci --cache /tmp/npm-cache
  ✓ Provision the browser
  ✓ Render and measure az_record_sealing_arrest_no_charges-set
  ✓ Refuse a modified packet byte
  ✓ Artifact-safe label for this family
  ✓ Run actions/upload-artifact@v4
  ✓ Post Run actions/setup-node@v4
  ✓ Post Run actions/checkout@v4
  ✓ Complete job
* az_record_sealing_dismissal_not_guilty-set (ID 103231048051)
  ✓ Set up job
  ✓ Run actions/checkout@v4
  ✓ Refuse a movable ref and prove the checkout is the pinned commit
  ✓ Run actions/setup-node@v4
  ✓ Run npm ci --cache /tmp/npm-cache
  ✓ Provision the browser
  * Render and measure az_record_sealing_dismissal_not_guilty-set
  * Refuse a modified packet byte
  * Artifact-safe label for this family
  * Run actions/upload-artifact@v4
  * Post Run actions/setup-node@v4
  * Post Run actions/checkout@v4

ANNOTATIONS
! Node.js 20 is deprecated. The following actions target Node.js 20 but are being forced to run on Node.js 24: actions/checkout@v4, actions/setup-node@v4, actions/upload-artifact@v4. For more information see: https://github.blog/changelog/2025-09-19-deprecation-of-node-20-on-github-actions-runners/
Synthetic canary and live negative controls: .github#5

! Node.js 20 is deprecated. The following actions target Node.js 20 but are being forced to run on Node.js 24: actions/checkout@v4, actions/setup-node@v4. For more information see: https://github.blog/changelog/2025-09-19-deprecation-of-node-20-on-github-actions-runners/
Plan the family matrix: .github#5

! Node.js 20 is deprecated. The following actions target Node.js 20 but are being forced to run on Node.js 24: actions/checkout@v4, actions/setup-node@v4, actions/upload-artifact@v4. For more information see: https://github.blog/changelog/2025-09-19-deprecation-of-node-20-on-github-actions-runners/
az_record_sealing_arrest_no_charges-set: .github#2

Refreshing run status every 15 seconds. Press Ctrl+C to quit.

* main RCAP Packet Raster Acceptance (batch) Roger-LegalEase/legalease-partner-dashboard-clean#45 · 34589144801
Triggered via workflow_dispatch about 14 minutes ago

JOBS
✓ Synthetic canary and live negative controls in 2m20s (ID 103230165497)
  ✓ Set up job
  ✓ Run actions/checkout@v4
  ✓ Refuse a movable ref and prove the checkout is the pinned commit
  ✓ Run actions/setup-node@v4
  ✓ Run npm ci --cache /tmp/npm-cache
  ✓ Locate a full Chrome or Chromium, and refuse headless_shell
  ✓ Record the runtime
  ✓ Synthetic one-page PDF, rendered and measured
  ✓ Live negative controls
  ✓ Run actions/upload-artifact@v4
  ✓ Post Run actions/setup-node@v4
  ✓ Post Run actions/checkout@v4
  ✓ Complete job
✓ Plan the family matrix in 1m3s (ID 103230774330)
  ✓ Set up job
  ✓ Run actions/checkout@v4
  ✓ Refuse a movable ref and prove the checkout is the pinned commit
  ✓ Run actions/setup-node@v4
  ✓ Run node scripts/rcap-raster-plan.mjs \
  ✓ Post Run actions/setup-node@v4
  ✓ Post Run actions/checkout@v4
  ✓ Complete job
✓ az_record_sealing_arrest_no_charges-set in 7m34s (ID 103231048040)
  ✓ Set up job
  ✓ Run actions/checkout@v4
  ✓ Refuse a movable ref and prove the checkout is the pinned commit
  ✓ Run actions/setup-node@v4
  ✓ Run npm ci --cache /tmp/npm-cache
  ✓ Provision the browser
  ✓ Render and measure az_record_sealing_arrest_no_charges-set
  ✓ Refuse a modified packet byte
  ✓ Artifact-safe label for this family
  ✓ Run actions/upload-artifact@v4
  ✓ Post Run actions/setup-node@v4
  ✓ Post Run actions/checkout@v4
  ✓ Complete job
* az_record_sealing_dismissal_not_guilty-set (ID 103231048051)
  ✓ Set up job
  ✓ Run actions/checkout@v4
  ✓ Refuse a movable ref and prove the checkout is the pinned commit
  ✓ Run actions/setup-node@v4
  ✓ Run npm ci --cache /tmp/npm-cache
  ✓ Provision the browser
  * Render and measure az_record_sealing_dismissal_not_guilty-set
  * Refuse a modified packet byte
  * Artifact-safe label for this family
  * Run actions/upload-artifact@v4
  * Post Run actions/setup-node@v4
  * Post Run actions/checkout@v4

ANNOTATIONS
! Node.js 20 is deprecated. The following actions target Node.js 20 but are being forced to run on Node.js 24: actions/checkout@v4, actions/setup-node@v4, actions/upload-artifact@v4. For more information see: https://github.blog/changelog/2025-09-19-deprecation-of-node-20-on-github-actions-runners/
Synthetic canary and live negative controls: .github#5

! Node.js 20 is deprecated. The following actions target Node.js 20 but are being forced to run on Node.js 24: actions/checkout@v4, actions/setup-node@v4. For more information see: https://github.blog/changelog/2025-09-19-deprecation-of-node-20-on-github-actions-runners/
Plan the family matrix: .github#5

! Node.js 20 is deprecated. The following actions target Node.js 20 but are being forced to run on Node.js 24: actions/checkout@v4, actions/setup-node@v4, actions/upload-artifact@v4. For more information see: https://github.blog/changelog/2025-09-19-deprecation-of-node-20-on-github-actions-runners/
az_record_sealing_arrest_no_charges-set: .github#2

Refreshing run status every 15 seconds. Press Ctrl+C to quit.

* main RCAP Packet Raster Acceptance (batch) Roger-LegalEase/legalease-partner-dashboard-clean#45 · 34589144801
Triggered via workflow_dispatch about 15 minutes ago

JOBS
✓ Synthetic canary and live negative controls in 2m20s (ID 103230165497)
  ✓ Set up job
  ✓ Run actions/checkout@v4
  ✓ Refuse a movable ref and prove the checkout is the pinned commit
  ✓ Run actions/setup-node@v4
  ✓ Run npm ci --cache /tmp/npm-cache
  ✓ Locate a full Chrome or Chromium, and refuse headless_shell
  ✓ Record the runtime
  ✓ Synthetic one-page PDF, rendered and measured
  ✓ Live negative controls
  ✓ Run actions/upload-artifact@v4
  ✓ Post Run actions/setup-node@v4
  ✓ Post Run actions/checkout@v4
  ✓ Complete job
✓ Plan the family matrix in 1m3s (ID 103230774330)
  ✓ Set up job
  ✓ Run actions/checkout@v4
  ✓ Refuse a movable ref and prove the checkout is the pinned commit
  ✓ Run actions/setup-node@v4
  ✓ Run node scripts/rcap-raster-plan.mjs \
  ✓ Post Run actions/setup-node@v4
  ✓ Post Run actions/checkout@v4
  ✓ Complete job
✓ az_record_sealing_arrest_no_charges-set in 7m34s (ID 103231048040)
  ✓ Set up job
  ✓ Run actions/checkout@v4
  ✓ Refuse a movable ref and prove the checkout is the pinned commit
  ✓ Run actions/setup-node@v4
  ✓ Run npm ci --cache /tmp/npm-cache
  ✓ Provision the browser
  ✓ Render and measure az_record_sealing_arrest_no_charges-set
  ✓ Refuse a modified packet byte
  ✓ Artifact-safe label for this family
  ✓ Run actions/upload-artifact@v4
  ✓ Post Run actions/setup-node@v4
  ✓ Post Run actions/checkout@v4
  ✓ Complete job
* az_record_sealing_dismissal_not_guilty-set (ID 103231048051)
  ✓ Set up job
  ✓ Run actions/checkout@v4
  ✓ Refuse a movable ref and prove the checkout is the pinned commit
  ✓ Run actions/setup-node@v4
  ✓ Run npm ci --cache /tmp/npm-cache
  ✓ Provision the browser
  * Render and measure az_record_sealing_dismissal_not_guilty-set
  * Refuse a modified packet byte
  * Artifact-safe label for this family
  * Run actions/upload-artifact@v4
  * Post Run actions/setup-node@v4
  * Post Run actions/checkout@v4

ANNOTATIONS
! Node.js 20 is deprecated. The following actions target Node.js 20 but are being forced to run on Node.js 24: actions/checkout@v4, actions/setup-node@v4, actions/upload-artifact@v4. For more information see: https://github.blog/changelog/2025-09-19-deprecation-of-node-20-on-github-actions-runners/
Synthetic canary and live negative controls: .github#5

! Node.js 20 is deprecated. The following actions target Node.js 20 but are being forced to run on Node.js 24: actions/checkout@v4, actions/setup-node@v4. For more information see: https://github.blog/changelog/2025-09-19-deprecation-of-node-20-on-github-actions-runners/
Plan the family matrix: .github#5

! Node.js 20 is deprecated. The following actions target Node.js 20 but are being forced to run on Node.js 24: actions/checkout@v4, actions/setup-node@v4, actions/upload-artifact@v4. For more information see: https://github.blog/changelog/2025-09-19-deprecation-of-node-20-on-github-actions-runners/
az_record_sealing_arrest_no_charges-set: .github#2

Refreshing run status every 15 seconds. Press Ctrl+C to quit.

* main RCAP Packet Raster Acceptance (batch) Roger-LegalEase/legalease-partner-dashboard-clean#45 · 34589144801
Triggered via workflow_dispatch about 15 minutes ago

JOBS
✓ Synthetic canary and live negative controls in 2m20s (ID 103230165497)
  ✓ Set up job
  ✓ Run actions/checkout@v4
  ✓ Refuse a movable ref and prove the checkout is the pinned commit
  ✓ Run actions/setup-node@v4
  ✓ Run npm ci --cache /tmp/npm-cache
  ✓ Locate a full Chrome or Chromium, and refuse headless_shell
  ✓ Record the runtime
  ✓ Synthetic one-page PDF, rendered and measured
  ✓ Live negative controls
  ✓ Run actions/upload-artifact@v4
  ✓ Post Run actions/setup-node@v4
  ✓ Post Run actions/checkout@v4
  ✓ Complete job
✓ Plan the family matrix in 1m3s (ID 103230774330)
  ✓ Set up job
  ✓ Run actions/checkout@v4
  ✓ Refuse a movable ref and prove the checkout is the pinned commit
  ✓ Run actions/setup-node@v4
  ✓ Run node scripts/rcap-raster-plan.mjs \
  ✓ Post Run actions/setup-node@v4
  ✓ Post Run actions/checkout@v4
  ✓ Complete job
✓ az_record_sealing_arrest_no_charges-set in 7m34s (ID 103231048040)
  ✓ Set up job
  ✓ Run actions/checkout@v4
  ✓ Refuse a movable ref and prove the checkout is the pinned commit
  ✓ Run actions/setup-node@v4
  ✓ Run npm ci --cache /tmp/npm-cache
  ✓ Provision the browser
  ✓ Render and measure az_record_sealing_arrest_no_charges-set
  ✓ Refuse a modified packet byte
  ✓ Artifact-safe label for this family
  ✓ Run actions/upload-artifact@v4
  ✓ Post Run actions/setup-node@v4
  ✓ Post Run actions/checkout@v4
  ✓ Complete job
* az_record_sealing_dismissal_not_guilty-set (ID 103231048051)
  ✓ Set up job
  ✓ Run actions/checkout@v4
  ✓ Refuse a movable ref and prove the checkout is the pinned commit
  ✓ Run actions/setup-node@v4
  ✓ Run npm ci --cache /tmp/npm-cache
  ✓ Provision the browser
  * Render and measure az_record_sealing_dismissal_not_guilty-set
  * Refuse a modified packet byte
  * Artifact-safe label for this family
  * Run actions/upload-artifact@v4
  * Post Run actions/setup-node@v4
  * Post Run actions/checkout@v4

ANNOTATIONS
! Node.js 20 is deprecated. The following actions target Node.js 20 but are being forced to run on Node.js 24: actions/checkout@v4, actions/setup-node@v4, actions/upload-artifact@v4. For more information see: https://github.blog/changelog/2025-09-19-deprecation-of-node-20-on-github-actions-runners/
Synthetic canary and live negative controls: .github#5

! Node.js 20 is deprecated. The following actions target Node.js 20 but are being forced to run on Node.js 24: actions/checkout@v4, actions/setup-node@v4. For more information see: https://github.blog/changelog/2025-09-19-deprecation-of-node-20-on-github-actions-runners/
Plan the family matrix: .github#5

! Node.js 20 is deprecated. The following actions target Node.js 20 but are being forced to run on Node.js 24: actions/checkout@v4, actions/setup-node@v4, actions/upload-artifact@v4. For more information see: https://github.blog/changelog/2025-09-19-deprecation-of-node-20-on-github-actions-runners/
az_record_sealing_arrest_no_charges-set: .github#2

Refreshing run status every 15 seconds. Press Ctrl+C to quit.

* main RCAP Packet Raster Acceptance (batch) Roger-LegalEase/legalease-partner-dashboard-clean#45 · 34589144801
Triggered via workflow_dispatch about 15 minutes ago

JOBS
✓ Synthetic canary and live negative controls in 2m20s (ID 103230165497)
  ✓ Set up job
  ✓ Run actions/checkout@v4
  ✓ Refuse a movable ref and prove the checkout is the pinned commit
  ✓ Run actions/setup-node@v4
  ✓ Run npm ci --cache /tmp/npm-cache
  ✓ Locate a full Chrome or Chromium, and refuse headless_shell
  ✓ Record the runtime
  ✓ Synthetic one-page PDF, rendered and measured
  ✓ Live negative controls
  ✓ Run actions/upload-artifact@v4
  ✓ Post Run actions/setup-node@v4
  ✓ Post Run actions/checkout@v4
  ✓ Complete job
✓ Plan the family matrix in 1m3s (ID 103230774330)
  ✓ Set up job
  ✓ Run actions/checkout@v4
  ✓ Refuse a movable ref and prove the checkout is the pinned commit
  ✓ Run actions/setup-node@v4
  ✓ Run node scripts/rcap-raster-plan.mjs \
  ✓ Post Run actions/setup-node@v4
  ✓ Post Run actions/checkout@v4
  ✓ Complete job
✓ az_record_sealing_arrest_no_charges-set in 7m34s (ID 103231048040)
  ✓ Set up job
  ✓ Run actions/checkout@v4
  ✓ Refuse a movable ref and prove the checkout is the pinned commit
  ✓ Run actions/setup-node@v4
  ✓ Run npm ci --cache /tmp/npm-cache
  ✓ Provision the browser
  ✓ Render and measure az_record_sealing_arrest_no_charges-set
  ✓ Refuse a modified packet byte
  ✓ Artifact-safe label for this family
  ✓ Run actions/upload-artifact@v4
  ✓ Post Run actions/setup-node@v4
  ✓ Post Run actions/checkout@v4
  ✓ Complete job
* az_record_sealing_dismissal_not_guilty-set (ID 103231048051)
  ✓ Set up job
  ✓ Run actions/checkout@v4
  ✓ Refuse a movable ref and prove the checkout is the pinned commit
  ✓ Run actions/setup-node@v4
  ✓ Run npm ci --cache /tmp/npm-cache
  ✓ Provision the browser
  * Render and measure az_record_sealing_dismissal_not_guilty-set
  * Refuse a modified packet byte
  * Artifact-safe label for this family
  * Run actions/upload-artifact@v4
  * Post Run actions/setup-node@v4
  * Post Run actions/checkout@v4

ANNOTATIONS
! Node.js 20 is deprecated. The following actions target Node.js 20 but are being forced to run on Node.js 24: actions/checkout@v4, actions/setup-node@v4, actions/upload-artifact@v4. For more information see: https://github.blog/changelog/2025-09-19-deprecation-of-node-20-on-github-actions-runners/
Synthetic canary and live negative controls: .github#5

! Node.js 20 is deprecated. The following actions target Node.js 20 but are being forced to run on Node.js 24: actions/checkout@v4, actions/setup-node@v4. For more information see: https://github.blog/changelog/2025-09-19-deprecation-of-node-20-on-github-actions-runners/
Plan the family matrix: .github#5

! Node.js 20 is deprecated. The following actions target Node.js 20 but are being forced to run on Node.js 24: actions/checkout@v4, actions/setup-node@v4, actions/upload-artifact@v4. For more information see: https://github.blog/changelog/2025-09-19-deprecation-of-node-20-on-github-actions-runners/
az_record_sealing_arrest_no_charges-set: .github#2

Refreshing run status every 15 seconds. Press Ctrl+C to quit.

* main RCAP Packet Raster Acceptance (batch) Roger-LegalEase/legalease-partner-dashboard-clean#45 · 34589144801
Triggered via workflow_dispatch about 15 minutes ago

JOBS
✓ Synthetic canary and live negative controls in 2m20s (ID 103230165497)
  ✓ Set up job
  ✓ Run actions/checkout@v4
  ✓ Refuse a movable ref and prove the checkout is the pinned commit
  ✓ Run actions/setup-node@v4
  ✓ Run npm ci --cache /tmp/npm-cache
  ✓ Locate a full Chrome or Chromium, and refuse headless_shell
  ✓ Record the runtime
  ✓ Synthetic one-page PDF, rendered and measured
  ✓ Live negative controls
  ✓ Run actions/upload-artifact@v4
  ✓ Post Run actions/setup-node@v4
  ✓ Post Run actions/checkout@v4
  ✓ Complete job
✓ Plan the family matrix in 1m3s (ID 103230774330)
  ✓ Set up job
  ✓ Run actions/checkout@v4
  ✓ Refuse a movable ref and prove the checkout is the pinned commit
  ✓ Run actions/setup-node@v4
  ✓ Run node scripts/rcap-raster-plan.mjs \
  ✓ Post Run actions/setup-node@v4
  ✓ Post Run actions/checkout@v4
  ✓ Complete job
✓ az_record_sealing_arrest_no_charges-set in 7m34s (ID 103231048040)
  ✓ Set up job
  ✓ Run actions/checkout@v4
  ✓ Refuse a movable ref and prove the checkout is the pinned commit
  ✓ Run actions/setup-node@v4
  ✓ Run npm ci --cache /tmp/npm-cache
  ✓ Provision the browser
  ✓ Render and measure az_record_sealing_arrest_no_charges-set
  ✓ Refuse a modified packet byte
  ✓ Artifact-safe label for this family
  ✓ Run actions/upload-artifact@v4
  ✓ Post Run actions/setup-node@v4
  ✓ Post Run actions/checkout@v4
  ✓ Complete job
* az_record_sealing_dismissal_not_guilty-set (ID 103231048051)
  ✓ Set up job
  ✓ Run actions/checkout@v4
  ✓ Refuse a movable ref and prove the checkout is the pinned commit
  ✓ Run actions/setup-node@v4
  ✓ Run npm ci --cache /tmp/npm-cache
  ✓ Provision the browser
  * Render and measure az_record_sealing_dismissal_not_guilty-set
  * Refuse a modified packet byte
  * Artifact-safe label for this family
  * Run actions/upload-artifact@v4
  * Post Run actions/setup-node@v4
  * Post Run actions/checkout@v4

ANNOTATIONS
! Node.js 20 is deprecated. The following actions target Node.js 20 but are being forced to run on Node.js 24: actions/checkout@v4, actions/setup-node@v4, actions/upload-artifact@v4. For more information see: https://github.blog/changelog/2025-09-19-deprecation-of-node-20-on-github-actions-runners/
Synthetic canary and live negative controls: .github#5

! Node.js 20 is deprecated. The following actions target Node.js 20 but are being forced to run on Node.js 24: actions/checkout@v4, actions/setup-node@v4. For more information see: https://github.blog/changelog/2025-09-19-deprecation-of-node-20-on-github-actions-runners/
Plan the family matrix: .github#5

! Node.js 20 is deprecated. The following actions target Node.js 20 but are being forced to run on Node.js 24: actions/checkout@v4, actions/setup-node@v4, actions/upload-artifact@v4. For more information see: https://github.blog/changelog/2025-09-19-deprecation-of-node-20-on-github-actions-runners/
az_record_sealing_arrest_no_charges-set: .github#2

Refreshing run status every 15 seconds. Press Ctrl+C to quit.

* main RCAP Packet Raster Acceptance (batch) Roger-LegalEase/legalease-partner-dashboard-clean#45 · 34589144801
Triggered via workflow_dispatch about 16 minutes ago

JOBS
✓ Synthetic canary and live negative controls in 2m20s (ID 103230165497)
  ✓ Set up job
  ✓ Run actions/checkout@v4
  ✓ Refuse a movable ref and prove the checkout is the pinned commit
  ✓ Run actions/setup-node@v4
  ✓ Run npm ci --cache /tmp/npm-cache
  ✓ Locate a full Chrome or Chromium, and refuse headless_shell
  ✓ Record the runtime
  ✓ Synthetic one-page PDF, rendered and measured
  ✓ Live negative controls
  ✓ Run actions/upload-artifact@v4
  ✓ Post Run actions/setup-node@v4
  ✓ Post Run actions/checkout@v4
  ✓ Complete job
✓ Plan the family matrix in 1m3s (ID 103230774330)
  ✓ Set up job
  ✓ Run actions/checkout@v4
  ✓ Refuse a movable ref and prove the checkout is the pinned commit
  ✓ Run actions/setup-node@v4
  ✓ Run node scripts/rcap-raster-plan.mjs \
  ✓ Post Run actions/setup-node@v4
  ✓ Post Run actions/checkout@v4
  ✓ Complete job
✓ az_record_sealing_arrest_no_charges-set in 7m34s (ID 103231048040)
  ✓ Set up job
  ✓ Run actions/checkout@v4
  ✓ Refuse a movable ref and prove the checkout is the pinned commit
  ✓ Run actions/setup-node@v4
  ✓ Run npm ci --cache /tmp/npm-cache
  ✓ Provision the browser
  ✓ Render and measure az_record_sealing_arrest_no_charges-set
  ✓ Refuse a modified packet byte
  ✓ Artifact-safe label for this family
  ✓ Run actions/upload-artifact@v4
  ✓ Post Run actions/setup-node@v4
  ✓ Post Run actions/checkout@v4
  ✓ Complete job
* az_record_sealing_dismissal_not_guilty-set (ID 103231048051)
  ✓ Set up job
  ✓ Run actions/checkout@v4
  ✓ Refuse a movable ref and prove the checkout is the pinned commit
  ✓ Run actions/setup-node@v4
  ✓ Run npm ci --cache /tmp/npm-cache
  ✓ Provision the browser
  ✓ Render and measure az_record_sealing_dismissal_not_guilty-set
  ✓ Refuse a modified packet byte
  ✓ Artifact-safe label for this family
  * Run actions/upload-artifact@v4
  * Post Run actions/setup-node@v4
  * Post Run actions/checkout@v4

ANNOTATIONS
! Node.js 20 is deprecated. The following actions target Node.js 20 but are being forced to run on Node.js 24: actions/checkout@v4, actions/setup-node@v4, actions/upload-artifact@v4. For more information see: https://github.blog/changelog/2025-09-19-deprecation-of-node-20-on-github-actions-runners/
Synthetic canary and live negative controls: .github#5

! Node.js 20 is deprecated. The following actions target Node.js 20 but are being forced to run on Node.js 24: actions/checkout@v4, actions/setup-node@v4. For more information see: https://github.blog/changelog/2025-09-19-deprecation-of-node-20-on-github-actions-runners/
Plan the family matrix: .github#5

! Node.js 20 is deprecated. The following actions target Node.js 20 but are being forced to run on Node.js 24: actions/checkout@v4, actions/setup-node@v4, actions/upload-artifact@v4. For more information see: https://github.blog/changelog/2025-09-19-deprecation-of-node-20-on-github-actions-runners/
az_record_sealing_arrest_no_charges-set: .github#2

✓ main RCAP Packet Raster Acceptance (batch) Roger-LegalEase/legalease-partner-dashboard-clean#45 · 34589144801
Triggered via workflow_dispatch about 16 minutes ago

JOBS
✓ Synthetic canary and live negative controls in 2m20s (ID 103230165497)
  ✓ Set up job
  ✓ Run actions/checkout@v4
  ✓ Refuse a movable ref and prove the checkout is the pinned commit
  ✓ Run actions/setup-node@v4
  ✓ Run npm ci --cache /tmp/npm-cache
  ✓ Locate a full Chrome or Chromium, and refuse headless_shell
  ✓ Record the runtime
  ✓ Synthetic one-page PDF, rendered and measured
  ✓ Live negative controls
  ✓ Run actions/upload-artifact@v4
  ✓ Post Run actions/setup-node@v4
  ✓ Post Run actions/checkout@v4
  ✓ Complete job
✓ Plan the family matrix in 1m3s (ID 103230774330)
  ✓ Set up job
  ✓ Run actions/checkout@v4
  ✓ Refuse a movable ref and prove the checkout is the pinned commit
  ✓ Run actions/setup-node@v4
  ✓ Run node scripts/rcap-raster-plan.mjs \
  ✓ Post Run actions/setup-node@v4
  ✓ Post Run actions/checkout@v4
  ✓ Complete job
✓ az_record_sealing_arrest_no_charges-set in 7m34s (ID 103231048040)
  ✓ Set up job
  ✓ Run actions/checkout@v4
  ✓ Refuse a movable ref and prove the checkout is the pinned commit
  ✓ Run actions/setup-node@v4
  ✓ Run npm ci --cache /tmp/npm-cache
  ✓ Provision the browser
  ✓ Render and measure az_record_sealing_arrest_no_charges-set
  ✓ Refuse a modified packet byte
  ✓ Artifact-safe label for this family
  ✓ Run actions/upload-artifact@v4
  ✓ Post Run actions/setup-node@v4
  ✓ Post Run actions/checkout@v4
  ✓ Complete job
✓ az_record_sealing_dismissal_not_guilty-set in 12m39s (ID 103231048051)
  ✓ Set up job
  ✓ Run actions/checkout@v4
  ✓ Refuse a movable ref and prove the checkout is the pinned commit
  ✓ Run actions/setup-node@v4
  ✓ Run npm ci --cache /tmp/npm-cache
  ✓ Provision the browser
  ✓ Render and measure az_record_sealing_dismissal_not_guilty-set
  ✓ Refuse a modified packet byte
  ✓ Artifact-safe label for this family
  ✓ Run actions/upload-artifact@v4
  ✓ Post Run actions/setup-node@v4
  ✓ Post Run actions/checkout@v4
  ✓ Complete job

ANNOTATIONS
! Node.js 20 is deprecated. The following actions target Node.js 20 but are being forced to run on Node.js 24: actions/checkout@v4, actions/setup-node@v4, actions/upload-artifact@v4. For more information see: https://github.blog/changelog/2025-09-19-deprecation-of-node-20-on-github-actions-runners/
Synthetic canary and live negative controls: .github#5

! Node.js 20 is deprecated. The following actions target Node.js 20 but are being forced to run on Node.js 24: actions/checkout@v4, actions/setup-node@v4. For more information see: https://github.blog/changelog/2025-09-19-deprecation-of-node-20-on-github-actions-runners/
Plan the family matrix: .github#5

! Node.js 20 is deprecated. The following actions target Node.js 20 but are being forced to run on Node.js 24: actions/checkout@v4, actions/setup-node@v4, actions/upload-artifact@v4. For more information see: https://github.blog/changelog/2025-09-19-deprecation-of-node-20-on-github-actions-runners/
az_record_sealing_arrest_no_charges-set: .github#2

! Node.js 20 is deprecated. The following actions target Node.js 20 but are being forced to run on Node.js 24: actions/checkout@v4, actions/setup-node@v4, actions/upload-artifact@v4. For more information see: https://github.blog/changelog/2025-09-19-deprecation-of-node-20-on-github-actions-runners/
az_record_sealing_dismissal_not_guilty-set: .github#2

