{
  "familyId": "ms-misd-addl-set",
  "status": "COMPLETED",
  "counters": {
    "knownRequiredFieldsMissing": 0,
    "requiredFactsNotCollected": 0,
    "unclassifiedBlanks": 0,
    "incompleteRows": 0,
    "requiredOptionsMissing": 0,
    "requiredComponentsMissing": 0,
    "invisibleWrites": 0,
    "protectedWrites": 0,
    "visualDefects": 0
  },
  "directory": "data/rcap-all50/overlays/census-v1/ms/ms-misd-addl-set--custom-pleading",
  "implementationStrategy": "custom_pleading",
  "boundSources": 0,
  "components": [
    "ms-misd-addl-primary-filing-1",
    "ms-misd-addl-proposed-order-2",
    "ms-misd-addl-certificate-of-service-3",
    "ms-misd-addl-attachment-4",
    "ms-misd-addl-instructions-5"
  ],
  "documents": [
    "ms-misd-addl-primary-filing-1",
    "ms-misd-addl-proposed-order-2",
    "ms-misd-addl-certificate-of-service-3",
    "ms-misd-addl-attachment-4",
    "ms-misd-addl-instructions-5"
  ],
  "writes": 9,
  "requiredBeforeFiling": 20,
  "artifactHashes": [
    {
      "fixture": "canonical",
      "packetSha256": "3eae7b19429f3c843bcc94c65bd36bd3e01d656a960955db1cbf9d888fedafcd",
      "pages": 7
    },
    {
      "fixture": "boundary",
      "packetSha256": "588ceb06a1f94a4fdc40b4c75509946a4ed7781bc5bbff5e77c616ef3497e9cb",
      "pages": 7
    }
  ],
  "rasterPages": 0,
  "rasterState": "BUILT_RASTER_PENDING",
  "nineCountersZero": true,
  "packetsSelfVerified": 0,
  "commercialRoutesOpened": 0,
  "productionTouched": false
}
