2026-09-08T15:15:14.9133469Z Current runner version: '2.337.0'
2026-09-08T15:15:14.9161147Z ##[group]Runner Image Provisioner
2026-09-08T15:15:14.9162109Z Hosted Compute Agent
2026-09-08T15:15:14.9162779Z Version: 20260828.587
2026-09-08T15:15:14.9163584Z Commit: abac92662cab4cc7352de4f9f9d2e2419aad9c29
2026-09-08T15:15:14.9164385Z Build Date: 2026-08-28T16:44:25Z
2026-09-08T15:15:14.9165157Z Worker ID: {a86d9550-588e-47df-a267-c4f3bd33f1ca}
2026-09-08T15:15:14.9165969Z Azure Region: westus
2026-09-08T15:15:14.9166649Z ##[endgroup]
2026-09-08T15:15:14.9168372Z ##[group]Operating System
2026-09-08T15:15:14.9169590Z Ubuntu
2026-09-08T15:15:14.9170155Z 24.04.4
2026-09-08T15:15:14.9170806Z LTS
2026-09-08T15:15:14.9171426Z ##[endgroup]
2026-09-08T15:15:14.9172079Z ##[group]Runner Image
2026-09-08T15:15:14.9172748Z Image: ubuntu-24.04
2026-09-08T15:15:14.9173314Z Version: 20260831.293.1
2026-09-08T15:15:14.9174723Z Included Software: https://github.com/actions/runner-images/blob/ubuntu24/20260831.293/images/ubuntu/Ubuntu2404-Readme.md
2026-09-08T15:15:14.9176902Z Image Release: https://github.com/actions/runner-images/releases/tag/ubuntu24%2F20260831.293
2026-09-08T15:15:14.9177986Z ##[endgroup]
2026-09-08T15:15:14.9179612Z ##[group]GITHUB_TOKEN Permissions
2026-09-08T15:15:14.9181822Z Contents: read
2026-09-08T15:15:14.9182423Z Metadata: read
2026-09-08T15:15:14.9183093Z ##[endgroup]
2026-09-08T15:15:14.9185279Z Secret source: Actions
2026-09-08T15:15:14.9186537Z Prepare workflow directory
2026-09-08T15:15:14.9557738Z Prepare all required actions
2026-09-08T15:15:14.9616765Z Getting action download info
2026-09-08T15:15:15.3332792Z Download action repository 'actions/checkout@v4' (SHA:11d5960a326750d5838078e36cf38b85af677262)
2026-09-08T15:15:15.4409726Z Download action repository 'actions/setup-node@v4' (SHA:49933ea5288caeca8642d1e84afbd3f7d6820020)
2026-09-08T15:15:15.5344914Z Download action repository 'actions/upload-artifact@v4' (SHA:ea165f8d65b6e75b540449e92b4886f43607fa02)
2026-09-08T15:15:15.7592757Z Complete job name: Synthetic canary and live negative controls
2026-09-08T15:15:15.8448922Z Node 20 is being deprecated. This workflow is running with Node 24 by default. If you need to temporarily use Node 20, you can set the ACTIONS_ALLOW_USE_UNSECURE_NODE_VERSION=true environment variable. For more information see: https://github.blog/changelog/2025-09-19-deprecation-of-node-20-on-github-actions-runners/
2026-09-08T15:15:15.8458839Z ##[group]Run actions/checkout@v4
2026-09-08T15:15:15.8459787Z with:
2026-09-08T15:15:15.8460401Z   ref: a6cadb0bf023a77ca8216f151b14c3a4dfac5adf
2026-09-08T15:15:15.8461315Z   repository: Roger-LegalEase/legalease-partner-dashboard-clean
2026-09-08T15:15:15.8466343Z   token: ***
2026-09-08T15:15:15.8466903Z   ssh-strict: true
2026-09-08T15:15:15.8467470Z   ssh-user: git
2026-09-08T15:15:15.8468064Z   persist-credentials: true
2026-09-08T15:15:15.8468856Z   clean: true
2026-09-08T15:15:15.8469445Z   sparse-checkout-cone-mode: true
2026-09-08T15:15:15.8470102Z   fetch-depth: 1
2026-09-08T15:15:15.8470663Z   fetch-tags: false
2026-09-08T15:15:15.8471313Z   show-progress: true
2026-09-08T15:15:15.8471890Z   lfs: false
2026-09-08T15:15:15.8472442Z   submodules: false
2026-09-08T15:15:15.8473024Z   set-safe-directory: true
2026-09-08T15:15:15.8473723Z   allow-unsafe-pr-checkout: false
2026-09-08T15:15:15.8474665Z ##[endgroup]
2026-09-08T15:15:15.9600094Z Syncing repository: Roger-LegalEase/legalease-partner-dashboard-clean
2026-09-08T15:15:15.9603235Z ##[group]Getting Git version info
2026-09-08T15:15:15.9605140Z Working directory is '/home/runner/work/legalease-partner-dashboard-clean/legalease-partner-dashboard-clean'
2026-09-08T15:15:15.9607610Z [command]/usr/bin/git version
2026-09-08T15:15:15.9660862Z git version 2.55.0
2026-09-08T15:15:15.9685952Z ##[endgroup]
2026-09-08T15:15:15.9720802Z Temporarily overriding HOME='/home/runner/work/_temp/57a857f2-01a0-4eb1-bec5-fadc15e32040' before making global git config changes
2026-09-08T15:15:15.9723288Z Adding repository directory to the temporary git global config as a safe directory
2026-09-08T15:15:15.9727126Z [command]/usr/bin/git config --global --add safe.directory /home/runner/work/legalease-partner-dashboard-clean/legalease-partner-dashboard-clean
2026-09-08T15:15:15.9780715Z Deleting the contents of '/home/runner/work/legalease-partner-dashboard-clean/legalease-partner-dashboard-clean'
2026-09-08T15:15:15.9800325Z ##[group]Initializing the repository
2026-09-08T15:15:15.9802376Z [command]/usr/bin/git init /home/runner/work/legalease-partner-dashboard-clean/legalease-partner-dashboard-clean
2026-09-08T15:15:15.9947331Z hint: Using 'master' as the name for the initial branch. This default branch name
2026-09-08T15:15:15.9969605Z hint: will change to "main" in Git 3.0. To configure the initial branch name
2026-09-08T15:15:15.9979687Z hint: to use in all of your new repositories, which will suppress this warning,
2026-09-08T15:15:15.9982096Z hint: call:
2026-09-08T15:15:15.9989236Z hint:
2026-09-08T15:15:15.9990314Z hint: 	git config --global init.defaultBranch <name>
2026-09-08T15:15:15.9991584Z hint:
2026-09-08T15:15:15.9992777Z hint: Names commonly chosen instead of 'master' are 'main', 'trunk' and
2026-09-08T15:15:15.9994441Z hint: 'development'. The just-created branch can be renamed via this command:
2026-09-08T15:15:15.9995707Z hint:
2026-09-08T15:15:15.9996182Z hint: 	git branch -m <name>
2026-09-08T15:15:15.9996695Z hint:
2026-09-08T15:15:15.9997369Z hint: Disable this message with "git config set advice.defaultBranchName false"
2026-09-08T15:15:15.9999793Z Initialized empty Git repository in /home/runner/work/legalease-partner-dashboard-clean/legalease-partner-dashboard-clean/.git/
2026-09-08T15:15:16.0002505Z [command]/usr/bin/git remote add origin https://github.com/Roger-LegalEase/legalease-partner-dashboard-clean
2026-09-08T15:15:16.0040318Z ##[endgroup]
2026-09-08T15:15:16.0042001Z ##[group]Disabling automatic garbage collection
2026-09-08T15:15:16.0043492Z [command]/usr/bin/git config --local gc.auto 0
2026-09-08T15:15:16.0073094Z ##[endgroup]
2026-09-08T15:15:16.0075228Z ##[group]Setting up auth
2026-09-08T15:15:16.0080024Z [command]/usr/bin/git config --local --name-only --get-regexp core\.sshCommand
2026-09-08T15:15:16.0124418Z [command]/usr/bin/git submodule foreach --recursive sh -c "git config --local --name-only --get-regexp 'core\.sshCommand' && git config --local --unset-all 'core.sshCommand' || :"
2026-09-08T15:15:16.0600923Z [command]/usr/bin/git config --local --name-only --get-regexp http\.https\:\/\/github\.com\/\.extraheader
2026-09-08T15:15:16.0654803Z [command]/usr/bin/git submodule foreach --recursive sh -c "git config --local --name-only --get-regexp 'http\.https\:\/\/github\.com\/\.extraheader' && git config --local --unset-all 'http.https://github.com/.extraheader' || :"
2026-09-08T15:15:16.0930810Z [command]/usr/bin/git config --local --name-only --get-regexp ^includeIf\.gitdir:
2026-09-08T15:15:16.0970645Z [command]/usr/bin/git submodule foreach --recursive git config --local --show-origin --name-only --get-regexp remote.origin.url
2026-09-08T15:15:16.1217959Z [command]/usr/bin/git config --local http.https://github.com/.extraheader AUTHORIZATION: basic ***
2026-09-08T15:15:16.1262770Z ##[endgroup]
2026-09-08T15:15:16.1264865Z ##[group]Fetching the repository
2026-09-08T15:15:16.1276190Z [command]/usr/bin/git -c protocol.version=2 fetch --no-tags --prune --no-recurse-submodules --depth=1 origin a6cadb0bf023a77ca8216f151b14c3a4dfac5adf
2026-09-08T15:16:21.4027356Z From https://github.com/Roger-LegalEase/legalease-partner-dashboard-clean
2026-09-08T15:16:21.4028983Z  * branch              a6cadb0bf023a77ca8216f151b14c3a4dfac5adf -> FETCH_HEAD
2026-09-08T15:16:21.4033495Z ##[endgroup]
2026-09-08T15:16:21.4034171Z ##[group]Determining the checkout info
2026-09-08T15:16:21.4037097Z ##[endgroup]
2026-09-08T15:16:21.4044576Z [command]/usr/bin/git sparse-checkout disable
2026-09-08T15:16:21.4102204Z [command]/usr/bin/git config --local --unset-all extensions.worktreeConfig
2026-09-08T15:16:21.4140766Z ##[group]Checking out the ref
2026-09-08T15:16:21.4146399Z [command]/usr/bin/git checkout --progress --force a6cadb0bf023a77ca8216f151b14c3a4dfac5adf
2026-09-08T15:16:22.4726429Z Updating files:  16% (3140/19032)
2026-09-08T15:16:22.5106042Z Updating files:  17% (3236/19032)
2026-09-08T15:16:22.5840369Z Updating files:  18% (3426/19032)
2026-09-08T15:16:22.6828248Z Updating files:  19% (3617/19032)
2026-09-08T15:16:22.8007407Z Updating files:  20% (3807/19032)
2026-09-08T15:16:22.8974487Z Updating files:  21% (3997/19032)
2026-09-08T15:16:23.0243535Z Updating files:  22% (4188/19032)
2026-09-08T15:16:23.1327970Z Updating files:  23% (4378/19032)
2026-09-08T15:16:23.1843345Z Updating files:  24% (4568/19032)
2026-09-08T15:16:23.2440582Z Updating files:  25% (4758/19032)
2026-09-08T15:16:23.3047010Z Updating files:  26% (4949/19032)
2026-09-08T15:16:23.3654147Z Updating files:  27% (5139/19032)
2026-09-08T15:16:23.4435692Z Updating files:  28% (5329/19032)
2026-09-08T15:16:23.4520942Z Updating files:  28% (5508/19032)
2026-09-08T15:16:23.5255463Z Updating files:  29% (5520/19032)
2026-09-08T15:16:23.6668296Z Updating files:  30% (5710/19032)
2026-09-08T15:16:23.8196060Z Updating files:  31% (5900/19032)
2026-09-08T15:16:23.9079681Z Updating files:  32% (6091/19032)
2026-09-08T15:16:24.0122397Z Updating files:  33% (6281/19032)
2026-09-08T15:16:24.0847116Z Updating files:  34% (6471/19032)
2026-09-08T15:16:24.1290106Z Updating files:  35% (6662/19032)
2026-09-08T15:16:24.1790482Z Updating files:  36% (6852/19032)
2026-09-08T15:16:24.2699015Z Updating files:  37% (7042/19032)
2026-09-08T15:16:24.3160702Z Updating files:  38% (7233/19032)
2026-09-08T15:16:24.3524068Z Updating files:  39% (7423/19032)
2026-09-08T15:16:24.3738321Z Updating files:  40% (7613/19032)
2026-09-08T15:16:24.4186398Z Updating files:  41% (7804/19032)
2026-09-08T15:16:24.4464629Z Updating files:  42% (7994/19032)
2026-09-08T15:16:24.5148116Z Updating files:  42% (8086/19032)
2026-09-08T15:16:24.5430255Z Updating files:  43% (8184/19032)
2026-09-08T15:16:24.5673251Z Updating files:  44% (8375/19032)
2026-09-08T15:16:24.5914933Z Updating files:  45% (8565/19032)
2026-09-08T15:16:24.6219014Z Updating files:  46% (8755/19032)
2026-09-08T15:16:24.6450280Z Updating files:  47% (8946/19032)
2026-09-08T15:16:24.6590369Z Updating files:  48% (9136/19032)
2026-09-08T15:16:24.6724253Z Updating files:  49% (9326/19032)
2026-09-08T15:16:24.6990252Z Updating files:  50% (9516/19032)
2026-09-08T15:16:24.7356368Z Updating files:  51% (9707/19032)
2026-09-08T15:16:24.7517260Z Updating files:  52% (9897/19032)
2026-09-08T15:16:24.8796301Z Updating files:  53% (10087/19032)
2026-09-08T15:16:25.1170612Z Updating files:  54% (10278/19032)
2026-09-08T15:16:25.1271288Z Updating files:  55% (10468/19032)
2026-09-08T15:16:25.1398571Z Updating files:  56% (10658/19032)
2026-09-08T15:16:25.1555005Z Updating files:  57% (10849/19032)
2026-09-08T15:16:25.2025780Z Updating files:  58% (11039/19032)
2026-09-08T15:16:25.2969063Z Updating files:  59% (11229/19032)
2026-09-08T15:16:25.3217596Z Updating files:  60% (11420/19032)
2026-09-08T15:16:25.3654102Z Updating files:  61% (11610/19032)
2026-09-08T15:16:25.3983522Z Updating files:  62% (11800/19032)
2026-09-08T15:16:25.4442658Z Updating files:  63% (11991/19032)
2026-09-08T15:16:25.4564805Z Updating files:  63% (12139/19032)
2026-09-08T15:16:25.5645982Z Updating files:  64% (12181/19032)
2026-09-08T15:16:25.6091996Z Updating files:  65% (12371/19032)
2026-09-08T15:16:25.7421934Z Updating files:  66% (12562/19032)
2026-09-08T15:16:25.7930132Z Updating files:  67% (12752/19032)
2026-09-08T15:16:25.8979447Z Updating files:  68% (12942/19032)
2026-09-08T15:16:26.0486255Z Updating files:  69% (13133/19032)
2026-09-08T15:16:26.1208436Z Updating files:  70% (13323/19032)
2026-09-08T15:16:26.1343828Z Updating files:  71% (13513/19032)
2026-09-08T15:16:26.1510468Z Updating files:  72% (13704/19032)
2026-09-08T15:16:26.1577932Z Updating files:  73% (13894/19032)
2026-09-08T15:16:26.1705307Z Updating files:  74% (14084/19032)
2026-09-08T15:16:26.2815032Z Updating files:  75% (14274/19032)
2026-09-08T15:16:26.3510584Z Updating files:  76% (14465/19032)
2026-09-08T15:16:26.4483152Z Updating files:  77% (14655/19032)
2026-09-08T15:16:26.4972265Z Updating files:  77% (14754/19032)
2026-09-08T15:16:26.5426705Z Updating files:  78% (14845/19032)
2026-09-08T15:16:26.5658249Z Updating files:  79% (15036/19032)
2026-09-08T15:16:26.5870419Z Updating files:  80% (15226/19032)
2026-09-08T15:16:26.6063577Z Updating files:  81% (15416/19032)
2026-09-08T15:16:26.6228567Z Updating files:  82% (15607/19032)
2026-09-08T15:16:26.6408323Z Updating files:  83% (15797/19032)
2026-09-08T15:16:26.6600127Z Updating files:  84% (15987/19032)
2026-09-08T15:16:26.6787597Z Updating files:  85% (16178/19032)
2026-09-08T15:16:26.7001595Z Updating files:  86% (16368/19032)
2026-09-08T15:16:26.7151269Z Updating files:  87% (16558/19032)
2026-09-08T15:16:26.7517153Z Updating files:  88% (16749/19032)
2026-09-08T15:16:26.7629268Z Updating files:  89% (16939/19032)
2026-09-08T15:16:26.7740517Z Updating files:  90% (17129/19032)
2026-09-08T15:16:26.7890482Z Updating files:  91% (17320/19032)
2026-09-08T15:16:26.9492072Z Updating files:  92% (17510/19032)
2026-09-08T15:16:27.0769722Z Updating files:  93% (17700/19032)
2026-09-08T15:16:27.1198467Z Updating files:  94% (17891/19032)
2026-09-08T15:16:27.1740431Z Updating files:  95% (18081/19032)
2026-09-08T15:16:27.2074331Z Updating files:  96% (18271/19032)
2026-09-08T15:16:27.2562680Z Updating files:  97% (18462/19032)
2026-09-08T15:16:27.3094132Z Updating files:  98% (18652/19032)
2026-09-08T15:16:27.3488403Z Updating files:  99% (18842/19032)
2026-09-08T15:16:27.3490024Z Updating files: 100% (19032/19032)
2026-09-08T15:16:27.3490708Z Updating files: 100% (19032/19032), done.
2026-09-08T15:16:27.4603926Z Note: switching to 'a6cadb0bf023a77ca8216f151b14c3a4dfac5adf'.
2026-09-08T15:16:27.4604918Z 
2026-09-08T15:16:27.4605355Z You are in 'detached HEAD' state. You can look around, make experimental
2026-09-08T15:16:27.4606417Z changes and commit them, and you can discard any commits you make in this
2026-09-08T15:16:27.4607772Z state without impacting any branches by switching back to a branch.
2026-09-08T15:16:27.4608371Z 
2026-09-08T15:16:27.4608979Z If you want to create a new branch to retain commits you create, you may
2026-09-08T15:16:27.4609974Z do so (now or later) by using -c with the switch command. Example:
2026-09-08T15:16:27.4610535Z 
2026-09-08T15:16:27.4610753Z   git switch -c <new-branch-name>
2026-09-08T15:16:27.4611141Z 
2026-09-08T15:16:27.4611352Z Or undo this operation with:
2026-09-08T15:16:27.4611704Z 
2026-09-08T15:16:27.4611882Z   git switch -
2026-09-08T15:16:27.4612148Z 
2026-09-08T15:16:27.4612596Z Turn off this advice by setting config variable advice.detachedHead to false
2026-09-08T15:16:27.4613273Z 
2026-09-08T15:16:27.4613916Z HEAD is now at a6cadb0b Admit independently reviewed Connecticut provisional guidance at 189 of 346
2026-09-08T15:16:27.5331896Z ##[endgroup]
2026-09-08T15:16:27.6200996Z [command]/usr/bin/git log -1 --format=%H
2026-09-08T15:16:27.6237778Z a6cadb0bf023a77ca8216f151b14c3a4dfac5adf
2026-09-08T15:16:27.6483757Z ##[group]Run set -euo pipefail
2026-09-08T15:16:27.6484218Z [36;1mset -euo pipefail[0m
2026-09-08T15:16:27.6484677Z [36;1m# actions/checkout accepts a branch or tag here despite the input[0m
2026-09-08T15:16:27.6485314Z [36;1m# description. Three jobs resolve this ref independently, so a branch[0m
2026-09-08T15:16:27.6485940Z [36;1m# that moves mid-run would have them inspect different commits while[0m
2026-09-08T15:16:27.6486525Z [36;1m# every receipt recorded the literal branch name as the pin. An[0m
2026-09-08T15:16:27.6487104Z [36;1m# immutable 40-hex commit, verified against the checked-out HEAD, is[0m
2026-09-08T15:16:27.6487654Z [36;1m# the only input that makes a receipt findable again.[0m
2026-09-08T15:16:27.6488066Z [36;1mcase "$REF" in[0m
2026-09-08T15:16:27.6488833Z [36;1m  *[!0-9a-f]* | "") echo "REFUSED: commit_sha must be a full 40-character commit hash, got '$REF'"; exit 1;;[0m
2026-09-08T15:16:27.6489441Z [36;1mesac[0m
2026-09-08T15:16:27.6490174Z [36;1m[ "${#REF}" -eq 40 ] || { echo "REFUSED: commit_sha must be 40 hex characters, got ${#REF}"; exit 1; }[0m
2026-09-08T15:16:27.6490751Z [36;1mHEAD_SHA="$(git rev-parse HEAD)"[0m
2026-09-08T15:16:27.6491352Z [36;1m[ "$HEAD_SHA" = "$REF" ] || { echo "REFUSED: checked out $HEAD_SHA but the pin says $REF"; exit 1; }[0m
2026-09-08T15:16:27.6491957Z [36;1mecho "pinned commit confirmed: $HEAD_SHA"[0m
2026-09-08T15:16:27.6533902Z shell: /usr/bin/bash -e {0}
2026-09-08T15:16:27.6534267Z env:
2026-09-08T15:16:27.6534600Z   REF: a6cadb0bf023a77ca8216f151b14c3a4dfac5adf
2026-09-08T15:16:27.6535019Z ##[endgroup]
2026-09-08T15:16:27.6740327Z pinned commit confirmed: a6cadb0bf023a77ca8216f151b14c3a4dfac5adf
2026-09-08T15:16:27.6854759Z Node 20 is being deprecated. This workflow is running with Node 24 by default. If you need to temporarily use Node 20, you can set the ACTIONS_ALLOW_USE_UNSECURE_NODE_VERSION=true environment variable. For more information see: https://github.blog/changelog/2025-09-19-deprecation-of-node-20-on-github-actions-runners/
2026-09-08T15:16:27.6856909Z ##[group]Run actions/setup-node@v4
2026-09-08T15:16:27.6857216Z with:
2026-09-08T15:16:27.6857442Z   node-version: 22
2026-09-08T15:16:27.6857690Z   always-auth: false
2026-09-08T15:16:27.6857937Z   check-latest: false
2026-09-08T15:16:27.6861129Z   token: ***
2026-09-08T15:16:27.6861368Z ##[endgroup]
2026-09-08T15:16:27.8750944Z Found in cache @ /opt/hostedtoolcache/node/22.23.2/x64
2026-09-08T15:16:27.8755348Z (node:2273) [DEP0040] DeprecationWarning: The `punycode` module is deprecated. Please use a userland alternative instead.
2026-09-08T15:16:27.8756793Z (Use `node --trace-deprecation ...` to show where the warning was created)
2026-09-08T15:16:27.8759711Z ##[group]Environment details
2026-09-08T15:16:29.9223014Z node: v22.23.2
2026-09-08T15:16:29.9223411Z npm: 10.9.8
2026-09-08T15:16:29.9223684Z yarn: 1.22.22
2026-09-08T15:16:29.9225905Z ##[endgroup]
2026-09-08T15:16:29.9365858Z ##[group]Run npm ci --cache /tmp/npm-cache
2026-09-08T15:16:29.9366379Z [36;1mnpm ci --cache /tmp/npm-cache[0m
2026-09-08T15:16:29.9417107Z shell: /usr/bin/bash -e {0}
2026-09-08T15:16:29.9417502Z ##[endgroup]
2026-09-08T15:16:52.2706333Z 
2026-09-08T15:16:52.2718218Z added 492 packages, and audited 493 packages in 22s
2026-09-08T15:16:52.2719810Z 
2026-09-08T15:16:52.2720585Z 186 packages are looking for funding
2026-09-08T15:16:52.2721619Z   run `npm fund` for details
2026-09-08T15:16:52.4782230Z 
2026-09-08T15:16:52.4783675Z 38 vulnerabilities (2 low, 29 moderate, 7 high)
2026-09-08T15:16:52.4784685Z 
2026-09-08T15:16:52.4785284Z To address issues that do not require attention, run:
2026-09-08T15:16:52.4786702Z   npm audit fix
2026-09-08T15:16:52.4787721Z 
2026-09-08T15:16:52.4788255Z To address all issues, run:
2026-09-08T15:16:52.4789320Z   npm audit fix --force
2026-09-08T15:16:52.4789666Z 
2026-09-08T15:16:52.4789938Z Run `npm audit` for details.
2026-09-08T15:16:52.5605851Z ##[group]Run set -euo pipefail
2026-09-08T15:16:52.5606307Z [36;1mset -euo pipefail[0m
2026-09-08T15:16:52.5606760Z [36;1mexport PLAYWRIGHT_BROWSERS_PATH="$HOME/.cache/ms-playwright"[0m
2026-09-08T15:16:52.5607380Z [36;1m# The version is the committed package-lock's. Never apt-get: a[0m
2026-09-08T15:16:52.5607978Z [36;1m# distribution build is a different rendering stack and the[0m
2026-09-08T15:16:52.5608534Z [36;1m# calibration tolerances are measured against this one.[0m
2026-09-08T15:16:52.5609714Z [36;1mnpx --yes playwright install --with-deps chromium[0m
2026-09-08T15:16:52.5610405Z [36;1mEXE="$(node --input-type=module -e '[0m
2026-09-08T15:16:52.5611221Z [36;1m  import { resolveChromium } from "./scripts/raster/pdf-page-raster.mjs";[0m
2026-09-08T15:16:52.5612175Z [36;1m  process.stdout.write(resolveChromium().executablePath ?? "");[0m
2026-09-08T15:16:52.5612857Z [36;1m')"[0m
2026-09-08T15:16:52.5613631Z [36;1m[ -n "$EXE" ] || { echo "no executable Chromium on a runner that is supposed to have one"; exit 1; }[0m
2026-09-08T15:16:52.5614997Z [36;1m[ -f "$EXE" ] && [ -x "$EXE" ] || { echo "$EXE is not an executable file"; exit 1; }[0m
2026-09-08T15:16:52.5615976Z [36;1m# headless_shell launches, satisfies every existence test, and has no[0m
2026-09-08T15:16:52.5616981Z [36;1m# PDF viewer: navigating to a PDF starts a download instead of drawing[0m
2026-09-08T15:16:52.5617893Z [36;1m# a page. A gate that accepts it reports that it looked.[0m
2026-09-08T15:16:52.5619161Z [36;1mcase "$EXE" in *headless_shell*) echo "REFUSED: $EXE is headless_shell, which cannot render a PDF"; exit 1;; esac[0m
2026-09-08T15:16:52.5620142Z [36;1mecho "executable=$EXE" >> "$GITHUB_OUTPUT"[0m
2026-09-08T15:16:52.5620908Z [36;1mecho "version=$("$EXE" --version 2>/dev/null || echo unknown)" >> "$GITHUB_OUTPUT"[0m
2026-09-08T15:16:52.5621858Z [36;1mecho "PLAYWRIGHT_BROWSERS_PATH=$PLAYWRIGHT_BROWSERS_PATH" >> "$GITHUB_ENV"[0m
2026-09-08T15:16:52.5622570Z [36;1mecho "RCAP_CHROMIUM_PATH=$EXE" >> "$GITHUB_ENV"[0m
2026-09-08T15:16:52.5665688Z shell: /usr/bin/bash -e {0}
2026-09-08T15:16:52.5666016Z ##[endgroup]
2026-09-08T15:16:53.4070495Z Installing dependencies...
2026-09-08T15:16:53.4144404Z Switching to root user to install dependencies...
2026-09-08T15:16:53.5184175Z Get:1 file:/etc/apt/apt-mirrors.txt Mirrorlist [144 B]
2026-09-08T15:16:53.5836754Z Hit:2 http://azure.archive.ubuntu.com/ubuntu noble InRelease
2026-09-08T15:16:53.5951383Z Get:6 https://packages.microsoft.com/ubuntu/24.04/prod noble InRelease [3600 B]
2026-09-08T15:16:53.6051345Z Get:3 http://azure.archive.ubuntu.com/ubuntu noble-updates InRelease [126 kB]
2026-09-08T15:16:53.6053497Z Get:4 http://azure.archive.ubuntu.com/ubuntu noble-backports InRelease [126 kB]
2026-09-08T15:16:53.6055118Z Get:5 http://azure.archive.ubuntu.com/ubuntu noble-security InRelease [126 kB]
2026-09-08T15:16:53.6756455Z Get:7 https://dl.google.com/linux/chrome-stable/deb stable InRelease [2548 B]
2026-09-08T15:16:53.7473993Z Get:8 https://packages.microsoft.com/ubuntu/24.04/prod noble/main amd64 Packages [441 kB]
2026-09-08T15:16:53.7640297Z Get:9 https://packages.microsoft.com/ubuntu/24.04/prod noble/main arm64 Packages [394 kB]
2026-09-08T15:16:53.8122066Z Get:10 http://azure.archive.ubuntu.com/ubuntu noble-updates/main amd64 Packages [1260 kB]
2026-09-08T15:16:53.8211025Z Get:11 http://azure.archive.ubuntu.com/ubuntu noble-updates/main Translation-en [292 kB]
2026-09-08T15:16:53.8221248Z Get:12 http://azure.archive.ubuntu.com/ubuntu noble-updates/main amd64 Components [180 kB]
2026-09-08T15:16:53.8231081Z Get:13 http://azure.archive.ubuntu.com/ubuntu noble-updates/universe amd64 Packages [1691 kB]
2026-09-08T15:16:53.8316388Z Get:14 http://azure.archive.ubuntu.com/ubuntu noble-updates/universe Translation-en [339 kB]
2026-09-08T15:16:53.8338509Z Get:15 http://azure.archive.ubuntu.com/ubuntu noble-updates/universe amd64 Components [388 kB]
2026-09-08T15:16:53.8363393Z Get:16 http://azure.archive.ubuntu.com/ubuntu noble-updates/restricted amd64 Packages [1536 kB]
2026-09-08T15:16:53.8444038Z Get:17 http://azure.archive.ubuntu.com/ubuntu noble-updates/restricted Translation-en [352 kB]
2026-09-08T15:16:53.8467393Z Get:18 http://azure.archive.ubuntu.com/ubuntu noble-updates/multiverse amd64 Components [940 B]
2026-09-08T15:16:53.8870392Z Get:19 http://azure.archive.ubuntu.com/ubuntu noble-backports/main amd64 Components [5760 B]
2026-09-08T15:16:53.9326558Z Get:20 http://azure.archive.ubuntu.com/ubuntu noble-backports/universe amd64 Components [12.6 kB]
2026-09-08T15:16:53.9484100Z Get:21 http://azure.archive.ubuntu.com/ubuntu noble-security/main amd64 Packages [1002 kB]
2026-09-08T15:16:53.9552038Z Get:22 http://azure.archive.ubuntu.com/ubuntu noble-security/main Translation-en [212 kB]
2026-09-08T15:16:53.9567873Z Get:23 http://azure.archive.ubuntu.com/ubuntu noble-security/main amd64 Components [46.3 kB]
2026-09-08T15:16:53.9589356Z Get:24 http://azure.archive.ubuntu.com/ubuntu noble-security/universe amd64 Packages [1206 kB]
2026-09-08T15:16:53.9672457Z Get:25 http://azure.archive.ubuntu.com/ubuntu noble-security/universe Translation-en [241 kB]
2026-09-08T15:16:53.9686006Z Get:26 http://azure.archive.ubuntu.com/ubuntu noble-security/universe amd64 Components [76.2 kB]
2026-09-08T15:16:53.9701338Z Get:27 http://azure.archive.ubuntu.com/ubuntu noble-security/restricted amd64 Packages [1437 kB]
2026-09-08T15:16:53.9800314Z Get:28 http://azure.archive.ubuntu.com/ubuntu noble-security/restricted Translation-en [334 kB]
2026-09-08T15:16:54.0648149Z Get:29 https://dl.google.com/linux/chrome-stable/deb stable/main amd64 Packages [1401 B]
2026-09-08T15:16:58.7457616Z Fetched 11.8 MB in 1s (8311 kB/s)
2026-09-08T15:16:59.6618545Z Reading package lists...
2026-09-08T15:16:59.6922311Z Reading package lists...
2026-09-08T15:16:59.9611998Z Building dependency tree...
2026-09-08T15:16:59.9620904Z Reading state information...
2026-09-08T15:17:00.1852316Z libasound2t64 is already the newest version (1.2.11-1ubuntu0.3).
2026-09-08T15:17:00.1853750Z libasound2t64 set to manually installed.
2026-09-08T15:17:00.1854888Z libatk-bridge2.0-0t64 is already the newest version (2.52.0-1build1).
2026-09-08T15:17:00.1856007Z libatk-bridge2.0-0t64 set to manually installed.
2026-09-08T15:17:00.1856929Z libatk1.0-0t64 is already the newest version (2.52.0-1build1).
2026-09-08T15:17:00.1857773Z libatk1.0-0t64 set to manually installed.
2026-09-08T15:17:00.1858887Z libatspi2.0-0t64 is already the newest version (2.52.0-1build1).
2026-09-08T15:17:00.1859624Z libatspi2.0-0t64 set to manually installed.
2026-09-08T15:17:00.1860317Z libcairo2 is already the newest version (1.18.0-3build1).
2026-09-08T15:17:00.1860841Z libcairo2 set to manually installed.
2026-09-08T15:17:00.1861392Z libcups2t64 is already the newest version (2.4.7-1.2ubuntu7.14).
2026-09-08T15:17:00.1862071Z libcups2t64 set to manually installed.
2026-09-08T15:17:00.1862598Z libdbus-1-3 is already the newest version (1.14.10-4ubuntu4.1).
2026-09-08T15:17:00.1863205Z libdbus-1-3 set to manually installed.
2026-09-08T15:17:00.1863732Z libdrm2 is already the newest version (2.4.125-1ubuntu0.1~24.04.2).
2026-09-08T15:17:00.1864193Z libdrm2 set to manually installed.
2026-09-08T15:17:00.1864621Z libgbm1 is already the newest version (25.2.8-0ubuntu0.24.04.2).
2026-09-08T15:17:00.1865060Z libgbm1 set to manually installed.
2026-09-08T15:17:00.1865558Z libglib2.0-0t64 is already the newest version (2.80.0-6ubuntu3.8).
2026-09-08T15:17:00.1866184Z libglib2.0-0t64 set to manually installed.
2026-09-08T15:17:00.1866651Z libnspr4 is already the newest version (2:4.35-1.1build1).
2026-09-08T15:17:00.1867062Z libnspr4 set to manually installed.
2026-09-08T15:17:00.1867472Z libnss3 is already the newest version (2:3.98-1ubuntu0.2).
2026-09-08T15:17:00.1867866Z libnss3 set to manually installed.
2026-09-08T15:17:00.1868397Z libpango-1.0-0 is already the newest version (1.52.1+ds-1build1).
2026-09-08T15:17:00.1869293Z libpango-1.0-0 set to manually installed.
2026-09-08T15:17:00.1870449Z libx11-6 is already the newest version (2:1.8.7-1build1).
2026-09-08T15:17:00.1871144Z libx11-6 set to manually installed.
2026-09-08T15:17:00.1871841Z libxcb1 is already the newest version (1.15-1ubuntu2).
2026-09-08T15:17:00.1872312Z libxcb1 set to manually installed.
2026-09-08T15:17:00.1872783Z libxcomposite1 is already the newest version (1:0.4.5-1build3).
2026-09-08T15:17:00.1873264Z libxcomposite1 set to manually installed.
2026-09-08T15:17:00.1873756Z libxdamage1 is already the newest version (1:1.1.6-1build1).
2026-09-08T15:17:00.1874490Z libxdamage1 set to manually installed.
2026-09-08T15:17:00.1875261Z libxext6 is already the newest version (2:1.3.4-1build2).
2026-09-08T15:17:00.1875971Z libxext6 set to manually installed.
2026-09-08T15:17:00.1876468Z libxfixes3 is already the newest version (1:6.0.0-2build1).
2026-09-08T15:17:00.1876919Z libxfixes3 set to manually installed.
2026-09-08T15:17:00.1877388Z libxkbcommon0 is already the newest version (1.6.0-1build1).
2026-09-08T15:17:00.1878068Z libxkbcommon0 set to manually installed.
2026-09-08T15:17:00.1879131Z libxrandr2 is already the newest version (2:1.5.2-2build1).
2026-09-08T15:17:00.1880183Z libxrandr2 set to manually installed.
2026-09-08T15:17:00.1880922Z xvfb is already the newest version (2:21.1.12-1ubuntu1.6).
2026-09-08T15:17:00.1881937Z fonts-noto-color-emoji is already the newest version (2.047-0ubuntu0.24.04.1).
2026-09-08T15:17:00.1882952Z libfontconfig1 is already the newest version (2.15.0-1.1ubuntu2).
2026-09-08T15:17:00.1883719Z libfontconfig1 set to manually installed.
2026-09-08T15:17:00.1884506Z libfreetype6 is already the newest version (2.13.2+dfsg-1ubuntu0.1).
2026-09-08T15:17:00.1885266Z libfreetype6 set to manually installed.
2026-09-08T15:17:00.1885988Z fonts-liberation is already the newest version (1:2.1.5-3).
2026-09-08T15:17:00.1886719Z fonts-liberation set to manually installed.
2026-09-08T15:17:00.1887427Z The following additional packages will be installed:
2026-09-08T15:17:00.1888041Z   xfonts-encodings xfonts-utils
2026-09-08T15:17:00.1888545Z Recommended packages:
2026-09-08T15:17:00.1889291Z   fonts-ipafont-mincho fonts-tlwg-loma
2026-09-08T15:17:00.2106034Z The following NEW packages will be installed:
2026-09-08T15:17:00.2107658Z   fonts-freefont-ttf fonts-ipafont-gothic fonts-tlwg-loma-otf fonts-unifont
2026-09-08T15:17:00.2117825Z   fonts-wqy-zenhei xfonts-cyrillic xfonts-encodings xfonts-scalable
2026-09-08T15:17:00.2119121Z   xfonts-utils
2026-09-08T15:17:00.2331044Z 0 upgraded, 9 newly installed, 0 to remove and 44 not upgraded.
2026-09-08T15:17:00.2331773Z Need to get 21.1 MB of archives.
2026-09-08T15:17:00.2332386Z After this operation, 79.5 MB of additional disk space will be used.
2026-09-08T15:17:00.2333123Z Get:1 file:/etc/apt/apt-mirrors.txt Mirrorlist [144 B]
2026-09-08T15:17:00.3097134Z Get:2 http://azure.archive.ubuntu.com/ubuntu noble/universe amd64 fonts-ipafont-gothic all 00303-21ubuntu1 [3513 kB]
2026-09-08T15:17:01.1241229Z Get:3 http://azure.archive.ubuntu.com/ubuntu noble/main amd64 fonts-freefont-ttf all 20211204+svn4273-2 [5641 kB]
2026-09-08T15:17:02.4103701Z Get:4 http://azure.archive.ubuntu.com/ubuntu noble/universe amd64 fonts-tlwg-loma-otf all 1:0.7.3-1 [107 kB]
2026-09-08T15:17:02.4784713Z Get:5 http://azure.archive.ubuntu.com/ubuntu noble/universe amd64 fonts-unifont all 1:15.1.01-1build1 [2993 kB]
2026-09-08T15:17:03.1967935Z Get:6 http://azure.archive.ubuntu.com/ubuntu noble/universe amd64 fonts-wqy-zenhei all 0.9.45-8 [7472 kB]
2026-09-08T15:17:04.9325164Z Get:7 http://azure.archive.ubuntu.com/ubuntu noble/main amd64 xfonts-encodings all 1:1.0.5-0ubuntu2 [578 kB]
2026-09-08T15:17:05.1240201Z Get:8 http://azure.archive.ubuntu.com/ubuntu noble/main amd64 xfonts-utils amd64 1:7.7+6build3 [94.4 kB]
2026-09-08T15:17:05.1905306Z Get:9 http://azure.archive.ubuntu.com/ubuntu noble/universe amd64 xfonts-cyrillic all 1:1.0.5+nmu1 [384 kB]
2026-09-08T15:17:05.3216667Z Get:10 http://azure.archive.ubuntu.com/ubuntu noble/main amd64 xfonts-scalable all 1:1.0.3-1.3 [304 kB]
2026-09-08T15:17:05.6831846Z Fetched 21.1 MB in 5s (4082 kB/s)
2026-09-08T15:17:05.7090968Z Selecting previously unselected package fonts-ipafont-gothic.
2026-09-08T15:17:05.7419786Z (Reading database ... 
2026-09-08T15:17:05.7420646Z (Reading database ... 5%
2026-09-08T15:17:05.7421575Z (Reading database ... 10%
2026-09-08T15:17:05.7422335Z (Reading database ... 15%
2026-09-08T15:17:05.7423081Z (Reading database ... 20%
2026-09-08T15:17:05.7423895Z (Reading database ... 25%
2026-09-08T15:17:05.7425230Z (Reading database ... 30%
2026-09-08T15:17:05.7425997Z (Reading database ... 35%
2026-09-08T15:17:05.7426681Z (Reading database ... 40%
2026-09-08T15:17:05.7427155Z (Reading database ... 45%
2026-09-08T15:17:05.7427601Z (Reading database ... 50%
2026-09-08T15:17:05.7457055Z (Reading database ... 55%
2026-09-08T15:17:05.9173263Z (Reading database ... 60%
2026-09-08T15:17:06.0231102Z (Reading database ... 65%
2026-09-08T15:17:06.2293840Z (Reading database ... 70%
2026-09-08T15:17:06.3759520Z (Reading database ... 75%
2026-09-08T15:17:06.5660518Z (Reading database ... 80%
2026-09-08T15:17:06.7660181Z (Reading database ... 85%
2026-09-08T15:17:06.9349745Z (Reading database ... 90%
2026-09-08T15:17:07.0623364Z (Reading database ... 95%
2026-09-08T15:17:07.0624472Z (Reading database ... 100%
2026-09-08T15:17:07.0626189Z (Reading database ... 201676 files and directories currently installed.)
2026-09-08T15:17:07.0679904Z Preparing to unpack .../0-fonts-ipafont-gothic_00303-21ubuntu1_all.deb ...
2026-09-08T15:17:07.0788043Z Unpacking fonts-ipafont-gothic (00303-21ubuntu1) ...
2026-09-08T15:17:07.3185033Z Selecting previously unselected package fonts-freefont-ttf.
2026-09-08T15:17:07.3320894Z Preparing to unpack .../1-fonts-freefont-ttf_20211204+svn4273-2_all.deb ...
2026-09-08T15:17:07.3330304Z Unpacking fonts-freefont-ttf (20211204+svn4273-2) ...
2026-09-08T15:17:07.4243397Z Selecting previously unselected package fonts-tlwg-loma-otf.
2026-09-08T15:17:07.4408415Z Preparing to unpack .../2-fonts-tlwg-loma-otf_1%3a0.7.3-1_all.deb ...
2026-09-08T15:17:07.4409901Z Unpacking fonts-tlwg-loma-otf (1:0.7.3-1) ...
2026-09-08T15:17:07.4629781Z Selecting previously unselected package fonts-unifont.
2026-09-08T15:17:07.4772428Z Preparing to unpack .../3-fonts-unifont_1%3a15.1.01-1build1_all.deb ...
2026-09-08T15:17:07.4782120Z Unpacking fonts-unifont (1:15.1.01-1build1) ...
2026-09-08T15:17:07.5911285Z Selecting previously unselected package fonts-wqy-zenhei.
2026-09-08T15:17:07.6051057Z Preparing to unpack .../4-fonts-wqy-zenhei_0.9.45-8_all.deb ...
2026-09-08T15:17:07.6163892Z Unpacking fonts-wqy-zenhei (0.9.45-8) ...
2026-09-08T15:17:08.0975126Z Selecting previously unselected package xfonts-encodings.
2026-09-08T15:17:08.1115650Z Preparing to unpack .../5-xfonts-encodings_1%3a1.0.5-0ubuntu2_all.deb ...
2026-09-08T15:17:08.1125520Z Unpacking xfonts-encodings (1:1.0.5-0ubuntu2) ...
2026-09-08T15:17:08.2289070Z Selecting previously unselected package xfonts-utils.
2026-09-08T15:17:08.2438505Z Preparing to unpack .../6-xfonts-utils_1%3a7.7+6build3_amd64.deb ...
2026-09-08T15:17:08.2447547Z Unpacking xfonts-utils (1:7.7+6build3) ...
2026-09-08T15:17:08.2866578Z Selecting previously unselected package xfonts-cyrillic.
2026-09-08T15:17:08.3006328Z Preparing to unpack .../7-xfonts-cyrillic_1%3a1.0.5+nmu1_all.deb ...
2026-09-08T15:17:08.3014425Z Unpacking xfonts-cyrillic (1:1.0.5+nmu1) ...
2026-09-08T15:17:08.3401359Z Selecting previously unselected package xfonts-scalable.
2026-09-08T15:17:08.3542257Z Preparing to unpack .../8-xfonts-scalable_1%3a1.0.3-1.3_all.deb ...
2026-09-08T15:17:08.3550964Z Unpacking xfonts-scalable (1:1.0.3-1.3) ...
2026-09-08T15:17:08.4022696Z Setting up fonts-wqy-zenhei (0.9.45-8) ...
2026-09-08T15:17:08.4154361Z Setting up fonts-freefont-ttf (20211204+svn4273-2) ...
2026-09-08T15:17:08.4175736Z Setting up fonts-tlwg-loma-otf (1:0.7.3-1) ...
2026-09-08T15:17:08.4199681Z Setting up xfonts-encodings (1:1.0.5-0ubuntu2) ...
2026-09-08T15:17:08.4221079Z Setting up fonts-ipafont-gothic (00303-21ubuntu1) ...
2026-09-08T15:17:08.4295182Z update-alternatives: using /usr/share/fonts/opentype/ipafont-gothic/ipag.ttf to provide /usr/share/fonts/truetype/fonts-japanese-gothic.ttf (fonts-japanese-gothic.ttf) in auto mode
2026-09-08T15:17:08.4311232Z Setting up fonts-unifont (1:15.1.01-1build1) ...
2026-09-08T15:17:08.4333354Z Setting up xfonts-utils (1:7.7+6build3) ...
2026-09-08T15:17:08.4384637Z Setting up xfonts-cyrillic (1:1.0.5+nmu1) ...
2026-09-08T15:17:08.4710563Z Setting up xfonts-scalable (1:1.0.3-1.3) ...
2026-09-08T15:17:08.5004879Z Processing triggers for man-db (2.12.0-4build2) ...
2026-09-08T15:17:08.5031377Z Not building database; man-db/auto-update is not 'true'.
2026-09-08T15:17:08.5046181Z Processing triggers for fontconfig (2.15.0-1.1ubuntu2) ...
2026-09-08T15:17:09.2836463Z 
2026-09-08T15:17:09.2837354Z Running kernel seems to be up-to-date.
2026-09-08T15:17:09.2838049Z 
2026-09-08T15:17:09.2838383Z No services need to be restarted.
2026-09-08T15:17:09.2838962Z 
2026-09-08T15:17:09.2839268Z No containers need to be restarted.
2026-09-08T15:17:09.2839662Z 
2026-09-08T15:17:09.2840079Z No user sessions are running outdated binaries.
2026-09-08T15:17:09.2840863Z 
2026-09-08T15:17:09.2841492Z No VM guests are running outdated hypervisor (qemu) binaries on this host.
2026-09-08T15:17:10.6498260Z Downloading Chrome for Testing 148.0.7778.96 (playwright chromium v1223) from https://cdn.playwright.dev/builds/cft/148.0.7778.96/linux64/chrome-linux64.zip
2026-09-08T15:17:11.7861522Z |                                                                                |   0% of 175.4 MiB
2026-09-08T15:17:12.1694875Z |■■■■■■■■                                                                        |  10% of 175.4 MiB
2026-09-08T15:17:12.3716743Z |■■■■■■■■■■■■■■■■                                                                |  20% of 175.4 MiB
2026-09-08T15:17:12.5882536Z |■■■■■■■■■■■■■■■■■■■■■■■■                                                        |  30% of 175.4 MiB
2026-09-08T15:17:12.7920788Z |■■■■■■■■■■■■■■■■■■■■■■■■■■■■■■■■                                                |  40% of 175.4 MiB
2026-09-08T15:17:12.9985281Z |■■■■■■■■■■■■■■■■■■■■■■■■■■■■■■■■■■■■■■■■                                        |  50% of 175.4 MiB
2026-09-08T15:17:13.2015233Z |■■■■■■■■■■■■■■■■■■■■■■■■■■■■■■■■■■■■■■■■■■■■■■■■                                |  60% of 175.4 MiB
2026-09-08T15:17:13.3997415Z |■■■■■■■■■■■■■■■■■■■■■■■■■■■■■■■■■■■■■■■■■■■■■■■■■■■■■■■■                        |  70% of 175.4 MiB
2026-09-08T15:17:13.6044912Z |■■■■■■■■■■■■■■■■■■■■■■■■■■■■■■■■■■■■■■■■■■■■■■■■■■■■■■■■■■■■■■■■                |  80% of 175.4 MiB
2026-09-08T15:17:13.7959620Z |■■■■■■■■■■■■■■■■■■■■■■■■■■■■■■■■■■■■■■■■■■■■■■■■■■■■■■■■■■■■■■■■■■■■■■■■        |  90% of 175.4 MiB
2026-09-08T15:17:13.9933670Z |■■■■■■■■■■■■■■■■■■■■■■■■■■■■■■■■■■■■■■■■■■■■■■■■■■■■■■■■■■■■■■■■■■■■■■■■■■■■■■■■| 100% of 175.4 MiB
2026-09-08T15:17:16.8081974Z Chrome for Testing 148.0.7778.96 (playwright chromium v1223) downloaded to /home/runner/.cache/ms-playwright/chromium-1223
2026-09-08T15:17:16.8086096Z Downloading FFmpeg (playwright ffmpeg v1011) from https://cdn.playwright.dev/dbazure/download/playwright/builds/ffmpeg/1011/ffmpeg-linux.zip
2026-09-08T15:17:17.7964393Z |                                                                                |   0% of 2.3 MiB
2026-09-08T15:17:17.8037002Z |■■■■■■■■                                                                        |  10% of 2.3 MiB
2026-09-08T15:17:17.8057657Z |■■■■■■■■■■■■■■■■                                                                |  20% of 2.3 MiB
2026-09-08T15:17:17.8073805Z |■■■■■■■■■■■■■■■■■■■■■■■■                                                        |  30% of 2.3 MiB
2026-09-08T15:17:17.8090661Z |■■■■■■■■■■■■■■■■■■■■■■■■■■■■■■■■                                                |  40% of 2.3 MiB
2026-09-08T15:17:17.8102864Z |■■■■■■■■■■■■■■■■■■■■■■■■■■■■■■■■■■■■■■■■                                        |  50% of 2.3 MiB
2026-09-08T15:17:17.8120051Z |■■■■■■■■■■■■■■■■■■■■■■■■■■■■■■■■■■■■■■■■■■■■■■■■                                |  60% of 2.3 MiB
2026-09-08T15:17:17.8133085Z |■■■■■■■■■■■■■■■■■■■■■■■■■■■■■■■■■■■■■■■■■■■■■■■■■■■■■■■■                        |  70% of 2.3 MiB
2026-09-08T15:17:17.8151475Z |■■■■■■■■■■■■■■■■■■■■■■■■■■■■■■■■■■■■■■■■■■■■■■■■■■■■■■■■■■■■■■■■                |  80% of 2.3 MiB
2026-09-08T15:17:17.8167721Z |■■■■■■■■■■■■■■■■■■■■■■■■■■■■■■■■■■■■■■■■■■■■■■■■■■■■■■■■■■■■■■■■■■■■■■■■        |  90% of 2.3 MiB
2026-09-08T15:17:17.8178581Z |■■■■■■■■■■■■■■■■■■■■■■■■■■■■■■■■■■■■■■■■■■■■■■■■■■■■■■■■■■■■■■■■■■■■■■■■■■■■■■■■| 100% of 2.3 MiB
2026-09-08T15:17:17.8881974Z FFmpeg (playwright ffmpeg v1011) downloaded to /home/runner/.cache/ms-playwright/ffmpeg-1011
2026-09-08T15:17:17.8885903Z Downloading Chrome Headless Shell 148.0.7778.96 (playwright chromium-headless-shell v1223) from https://cdn.playwright.dev/builds/cft/148.0.7778.96/linux64/chrome-headless-shell-linux64.zip
2026-09-08T15:17:18.9879845Z |                                                                                |   0% of 113.2 MiB
2026-09-08T15:17:19.3590686Z |■■■■■■■■                                                                        |  10% of 113.2 MiB
2026-09-08T15:17:19.6117662Z |■■■■■■■■■■■■■■■■                                                                |  20% of 113.2 MiB
2026-09-08T15:17:19.8820009Z |■■■■■■■■■■■■■■■■■■■■■■■■                                                        |  30% of 113.2 MiB
2026-09-08T15:17:20.1406112Z |■■■■■■■■■■■■■■■■■■■■■■■■■■■■■■■■                                                |  40% of 113.2 MiB
2026-09-08T15:17:20.3944701Z |■■■■■■■■■■■■■■■■■■■■■■■■■■■■■■■■■■■■■■■■                                        |  50% of 113.2 MiB
2026-09-08T15:17:20.6334735Z |■■■■■■■■■■■■■■■■■■■■■■■■■■■■■■■■■■■■■■■■■■■■■■■■                                |  60% of 113.2 MiB
2026-09-08T15:17:20.9058028Z |■■■■■■■■■■■■■■■■■■■■■■■■■■■■■■■■■■■■■■■■■■■■■■■■■■■■■■■■                        |  70% of 113.2 MiB
2026-09-08T15:17:21.1617160Z |■■■■■■■■■■■■■■■■■■■■■■■■■■■■■■■■■■■■■■■■■■■■■■■■■■■■■■■■■■■■■■■■                |  80% of 113.2 MiB
2026-09-08T15:17:21.4576040Z |■■■■■■■■■■■■■■■■■■■■■■■■■■■■■■■■■■■■■■■■■■■■■■■■■■■■■■■■■■■■■■■■■■■■■■■■        |  90% of 113.2 MiB
2026-09-08T15:17:21.7250177Z |■■■■■■■■■■■■■■■■■■■■■■■■■■■■■■■■■■■■■■■■■■■■■■■■■■■■■■■■■■■■■■■■■■■■■■■■■■■■■■■■| 100% of 113.2 MiB
2026-09-08T15:17:23.7657546Z Chrome Headless Shell 148.0.7778.96 (playwright chromium-headless-shell v1223) downloaded to /home/runner/.cache/ms-playwright/chromium_headless_shell-1223
2026-09-08T15:17:24.4007462Z ##[group]Run set -euo pipefail
2026-09-08T15:17:24.4007890Z [36;1mset -euo pipefail[0m
2026-09-08T15:17:24.4008221Z [36;1mmkdir -p raster-out[0m
2026-09-08T15:17:24.4008536Z [36;1mnode -e '[0m
2026-09-08T15:17:24.4009189Z [36;1m  const fs = require("node:fs");[0m
2026-09-08T15:17:24.4009704Z [36;1m  const { execFileSync } = require("node:child_process");[0m
2026-09-08T15:17:24.4010342Z [36;1m  fs.writeFileSync("raster-out/runtime-receipt.json", JSON.stringify({[0m
2026-09-08T15:17:24.4010960Z [36;1m    schemaVersion: "rcap-raster-runtime-receipt/v1",[0m
2026-09-08T15:17:24.4011444Z [36;1m    commitSha: process.env.COMMIT_SHA,[0m
2026-09-08T15:17:24.4011921Z [36;1m    browserExecutable: process.env.BROWSER_EXECUTABLE,[0m
2026-09-08T15:17:24.4012660Z [36;1m    browserVersion: process.env.BROWSER_VERSION,[0m
2026-09-08T15:17:24.4013283Z [36;1m    operatingSystem: execFileSync("uname", ["-srm"], { encoding: "utf8" }).trim(),[0m
2026-09-08T15:17:24.4013969Z [36;1m    runnerImage: process.env.RUNNER_OS ?? "unknown",[0m
2026-09-08T15:17:24.4014430Z [36;1m    nodeVersion: process.version,[0m
2026-09-08T15:17:24.4014907Z [36;1m    requestedScale: process.env.REQUESTED_SCALE,[0m
2026-09-08T15:17:24.4015391Z [36;1m    workflowRunId: process.env.WORKFLOW_RUN_ID,[0m
2026-09-08T15:17:24.4015808Z [36;1m    bodiesCommitted: 0,[0m
2026-09-08T15:17:24.4016154Z [36;1m    packetPdfsModified: 0,[0m
2026-09-08T15:17:24.4016521Z [36;1m    commercialRoutesOpened: 0,[0m
2026-09-08T15:17:24.4016890Z [36;1m    productionTouched: false[0m
2026-09-08T15:17:24.4017344Z [36;1m  }, null, 2) + "\n");[0m
2026-09-08T15:17:24.4017687Z [36;1m'[0m
2026-09-08T15:17:24.4017973Z [36;1mcat raster-out/runtime-receipt.json[0m
2026-09-08T15:17:24.4057369Z shell: /usr/bin/bash -e {0}
2026-09-08T15:17:24.4057698Z env:
2026-09-08T15:17:24.4058064Z   PLAYWRIGHT_BROWSERS_PATH: /home/runner/.cache/ms-playwright
2026-09-08T15:17:24.4059057Z   RCAP_CHROMIUM_PATH: /home/runner/.cache/ms-playwright/chromium-1223/chrome-linux64/chrome
2026-09-08T15:17:24.4059778Z   COMMIT_SHA: a6cadb0bf023a77ca8216f151b14c3a4dfac5adf
2026-09-08T15:17:24.4060488Z   BROWSER_EXECUTABLE: /home/runner/.cache/ms-playwright/chromium-1223/chrome-linux64/chrome
2026-09-08T15:17:24.4061240Z   BROWSER_VERSION: Google Chrome for Testing 148.0.7778.96 
2026-09-08T15:17:24.4061707Z   REQUESTED_SCALE: 2.5
2026-09-08T15:17:24.4062025Z   WORKFLOW_RUN_ID: 34243539560
2026-09-08T15:17:24.4062361Z ##[endgroup]
2026-09-08T15:17:24.4488926Z {
2026-09-08T15:17:24.4489911Z   "schemaVersion": "rcap-raster-runtime-receipt/v1",
2026-09-08T15:17:24.4491288Z   "commitSha": "a6cadb0bf023a77ca8216f151b14c3a4dfac5adf",
2026-09-08T15:17:24.4493228Z   "browserExecutable": "/home/runner/.cache/ms-playwright/chromium-1223/chrome-linux64/chrome",
2026-09-08T15:17:24.4494968Z   "browserVersion": "Google Chrome for Testing 148.0.7778.96 ",
2026-09-08T15:17:24.4495914Z   "operatingSystem": "Linux 6.17.0-1022-azure x86_64",
2026-09-08T15:17:24.4496522Z   "runnerImage": "Linux",
2026-09-08T15:17:24.4496976Z   "nodeVersion": "v22.23.2",
2026-09-08T15:17:24.4497421Z   "requestedScale": "2.5",
2026-09-08T15:17:24.4497906Z   "workflowRunId": "34243539560",
2026-09-08T15:17:24.4498382Z   "bodiesCommitted": 0,
2026-09-08T15:17:24.4499350Z   "packetPdfsModified": 0,
2026-09-08T15:17:24.4499947Z   "commercialRoutesOpened": 0,
2026-09-08T15:17:24.4500441Z   "productionTouched": false
2026-09-08T15:17:24.4500873Z }
2026-09-08T15:17:24.4535813Z ##[group]Run node scripts/rcap-raster-canary.mjs --out raster-out --scale "$REQUESTED_SCALE"
2026-09-08T15:17:24.4536722Z [36;1mnode scripts/rcap-raster-canary.mjs --out raster-out --scale "$REQUESTED_SCALE"[0m
2026-09-08T15:17:24.4575542Z shell: /usr/bin/bash -e {0}
2026-09-08T15:17:24.4575892Z env:
2026-09-08T15:17:24.4576289Z   PLAYWRIGHT_BROWSERS_PATH: /home/runner/.cache/ms-playwright
2026-09-08T15:17:24.4577042Z   RCAP_CHROMIUM_PATH: /home/runner/.cache/ms-playwright/chromium-1223/chrome-linux64/chrome
2026-09-08T15:17:24.4577678Z   REQUESTED_SCALE: 2.5
2026-09-08T15:17:24.4577978Z ##[endgroup]
2026-09-08T15:17:36.4717871Z {
2026-09-08T15:17:36.4719140Z   "schemaVersion": "rcap-raster-canary/v1",
2026-09-08T15:17:36.4720645Z   "browserExecutable": "/home/runner/.cache/ms-playwright/chromium-1223/chrome-linux64/chrome",
2026-09-08T15:17:36.4722407Z   "resolvedBy": "RCAP_CHROMIUM_PATH",
2026-09-08T15:17:36.4723509Z   "operatingSystem": "Linux 6.17.0-1022-azure x64",
2026-09-08T15:17:36.4724649Z   "nodeVersion": "v22.23.2",
2026-09-08T15:17:36.4725442Z   "requestedScale": 2.5,
2026-09-08T15:17:36.4726213Z   "pdfPointsPerInch": 72,
2026-09-08T15:17:36.4727129Z   "cssPxPerPt": 1.3333333333333333,
2026-09-08T15:17:36.4728053Z   "pxPerPt": 3.3333333333333335,
2026-09-08T15:17:36.4729405Z   "expectedPxPerPt": 3.333333333333333,
2026-09-08T15:17:36.4729981Z   "syntheticPdfCreated": true,
2026-09-08T15:17:36.4730442Z   "pngWritten": true,
2026-09-08T15:17:36.4730851Z   "pngPath": "page.png",
2026-09-08T15:17:36.4731259Z   "paper": {
2026-09-08T15:17:36.4731605Z     "x0": 204,
2026-09-08T15:17:36.4731968Z     "y0": 3,
2026-09-08T15:17:36.4732308Z     "x1": 2243,
2026-09-08T15:17:36.4732647Z     "y1": 2642,
2026-09-08T15:17:36.4732994Z     "width": 2040,
2026-09-08T15:17:36.4733360Z     "height": 2640
2026-09-08T15:17:36.4733714Z   },
2026-09-08T15:17:36.4734059Z   "expected": {
2026-09-08T15:17:36.4734472Z     "width": 2039.9999999999998,
2026-09-08T15:17:36.4734958Z     "height": 2639.9999999999995,
2026-09-08T15:17:36.4735472Z     "tolerancePx": 6.666666666666666
2026-09-08T15:17:36.4735919Z   },
2026-09-08T15:17:36.4736272Z   "calibrationResidualPx": 0,
2026-09-08T15:17:36.4736719Z   "nonblank": true,
2026-09-08T15:17:36.4737222Z   "inkFractionInsidePaper": 0.020409982174688056,
2026-09-08T15:17:36.4737850Z   "croppedToThePage": true,
2026-09-08T15:17:36.4738317Z   "verdict": "CANARY_PASSED",
2026-09-08T15:17:36.4738953Z   "problems": [],
2026-09-08T15:17:36.4739294Z   "packetPdfsModified": 0,
2026-09-08T15:17:36.4739658Z   "bodiesCommitted": 0,
2026-09-08T15:17:36.4740052Z   "commercialRoutesOpened": 0,
2026-09-08T15:17:36.4740440Z   "productionTouched": false
2026-09-08T15:17:36.4740791Z }
2026-09-08T15:17:36.4740951Z 
2026-09-08T15:17:36.4741126Z RCAP_RASTER_CANARY_PASSED
2026-09-08T15:17:36.4965358Z ##[group]Run node scripts/rcap-raster-canary.mjs --negative-controls --out raster-out
2026-09-08T15:17:36.4966253Z [36;1mnode scripts/rcap-raster-canary.mjs --negative-controls --out raster-out[0m
2026-09-08T15:17:36.5003973Z shell: /usr/bin/bash -e {0}
2026-09-08T15:17:36.5004321Z env:
2026-09-08T15:17:36.5004722Z   PLAYWRIGHT_BROWSERS_PATH: /home/runner/.cache/ms-playwright
2026-09-08T15:17:36.5005469Z   RCAP_CHROMIUM_PATH: /home/runner/.cache/ms-playwright/chromium-1223/chrome-linux64/chrome
2026-09-08T15:17:36.5006115Z ##[endgroup]
2026-09-08T15:17:48.9198969Z   refused  no_browser_refused             an environment with no browser must resolve nothing
2026-09-08T15:17:48.9201531Z   refused  non_executable_refused         a non-executable file must not resolve as a browser
2026-09-08T15:17:48.9203731Z   refused  directory_refused              a directory must not resolve as a browser
2026-09-08T15:17:48.9205616Z   refused  headless_shell_path_refused    an executable at a headless_shell path must not resolve as a browser
2026-09-08T15:17:48.9207563Z   not run  headless_shell_render_refused  not exercised: no real headless_shell on this runner. The resolver-level refusal is proven by headless_shell_path_refused.
2026-09-08T15:17:48.9209505Z   refused  blank_page_is_detectable       paper found, ink fraction 0.00e+0
2026-09-08T15:17:48.9210120Z 
2026-09-08T15:17:48.9210514Z 5 refused, 0 missed, 1 not exercised on this runner.
2026-09-08T15:17:48.9210953Z 
2026-09-08T15:17:48.9211254Z RCAP_RASTER_NEGATIVE_CONTROLS_HELD
2026-09-08T15:17:48.9522061Z Node 20 is being deprecated. This workflow is running with Node 24 by default. If you need to temporarily use Node 20, you can set the ACTIONS_ALLOW_USE_UNSECURE_NODE_VERSION=true environment variable. For more information see: https://github.blog/changelog/2025-09-19-deprecation-of-node-20-on-github-actions-runners/
2026-09-08T15:17:48.9524491Z ##[group]Run actions/upload-artifact@v4
2026-09-08T15:17:48.9525003Z with:
2026-09-08T15:17:48.9525397Z   name: rcap-raster-canary
2026-09-08T15:17:48.9525875Z   path: raster-out/
2026-09-08T15:17:48.9526294Z   if-no-files-found: error
2026-09-08T15:17:48.9526742Z   retention-days: 14
2026-09-08T15:17:48.9527152Z   compression-level: 6
2026-09-08T15:17:48.9527629Z   overwrite: false
2026-09-08T15:17:48.9528042Z   include-hidden-files: false
2026-09-08T15:17:48.9528491Z env:
2026-09-08T15:17:48.9529295Z   PLAYWRIGHT_BROWSERS_PATH: /home/runner/.cache/ms-playwright
2026-09-08T15:17:48.9530677Z   RCAP_CHROMIUM_PATH: /home/runner/.cache/ms-playwright/chromium-1223/chrome-linux64/chrome
2026-09-08T15:17:48.9531514Z ##[endgroup]
2026-09-08T15:17:49.1425693Z (node:3444) [DEP0040] DeprecationWarning: The `punycode` module is deprecated. Please use a userland alternative instead.
2026-09-08T15:17:49.1427156Z (Use `node --trace-deprecation ...` to show where the warning was created)
2026-09-08T15:17:49.1519795Z With the provided path, there will be 7 files uploaded
2026-09-08T15:17:49.1529319Z Artifact name is valid!
2026-09-08T15:17:49.1530098Z Root directory input is valid!
2026-09-08T15:17:49.5590167Z Beginning upload of artifact content to blob storage
2026-09-08T15:17:49.5919438Z (node:3444) [DEP0169] DeprecationWarning: `url.parse()` behavior is not standardized and prone to errors that have security implications. Use the WHATWG URL API instead. CVEs are not issued for `url.parse()` vulnerabilities.
2026-09-08T15:17:49.8507781Z Uploaded bytes 5957
2026-09-08T15:17:49.9246155Z Finished uploading artifact content to blob storage!
2026-09-08T15:17:49.9248570Z SHA256 digest of uploaded artifact zip is 036a4568e8c83e13da32ee878032693a66a2ad85cfd36be2cf2dfdcb50a022fc
2026-09-08T15:17:49.9251024Z Finalizing artifact upload
2026-09-08T15:17:50.2362440Z Artifact rcap-raster-canary.zip successfully finalized. Artifact ID 10063102243
2026-09-08T15:17:50.2364521Z Artifact rcap-raster-canary has been successfully uploaded! Final size is 5957 bytes. Artifact ID is 10063102243
2026-09-08T15:17:50.2371629Z Artifact download URL: https://github.com/Roger-LegalEase/legalease-partner-dashboard-clean/actions/runs/34243539560/artifacts/10063102243
2026-09-08T15:17:50.2586443Z Node 20 is being deprecated. This workflow is running with Node 24 by default. If you need to temporarily use Node 20, you can set the ACTIONS_ALLOW_USE_UNSECURE_NODE_VERSION=true environment variable. For more information see: https://github.blog/changelog/2025-09-19-deprecation-of-node-20-on-github-actions-runners/
2026-09-08T15:17:50.2588155Z Post job cleanup.
2026-09-08T15:17:50.3931835Z (node:3456) [DEP0040] DeprecationWarning: The `punycode` module is deprecated. Please use a userland alternative instead.
2026-09-08T15:17:50.3933533Z (Use `node --trace-deprecation ...` to show where the warning was created)
2026-09-08T15:17:50.4087686Z Node 20 is being deprecated. This workflow is running with Node 24 by default. If you need to temporarily use Node 20, you can set the ACTIONS_ALLOW_USE_UNSECURE_NODE_VERSION=true environment variable. For more information see: https://github.blog/changelog/2025-09-19-deprecation-of-node-20-on-github-actions-runners/
2026-09-08T15:17:50.4089486Z Post job cleanup.
2026-09-08T15:17:50.5025460Z [command]/usr/bin/git version
2026-09-08T15:17:50.5074416Z git version 2.55.0
2026-09-08T15:17:50.5116972Z Temporarily overriding HOME='/home/runner/work/_temp/87f8c272-b147-4115-8745-af7e408d0c17' before making global git config changes
2026-09-08T15:17:50.5119390Z Adding repository directory to the temporary git global config as a safe directory
2026-09-08T15:17:50.5124908Z [command]/usr/bin/git config --global --add safe.directory /home/runner/work/legalease-partner-dashboard-clean/legalease-partner-dashboard-clean
2026-09-08T15:17:50.5170953Z [command]/usr/bin/git config --local --name-only --get-regexp core\.sshCommand
2026-09-08T15:17:50.5211128Z [command]/usr/bin/git submodule foreach --recursive sh -c "git config --local --name-only --get-regexp 'core\.sshCommand' && git config --local --unset-all 'core.sshCommand' || :"
2026-09-08T15:17:50.5519057Z [command]/usr/bin/git config --local --name-only --get-regexp http\.https\:\/\/github\.com\/\.extraheader
2026-09-08T15:17:50.5557687Z http.https://github.com/.extraheader
2026-09-08T15:17:50.5576274Z [command]/usr/bin/git config --local --unset-all http.https://github.com/.extraheader
2026-09-08T15:17:50.5617263Z [command]/usr/bin/git submodule foreach --recursive sh -c "git config --local --name-only --get-regexp 'http\.https\:\/\/github\.com\/\.extraheader' && git config --local --unset-all 'http.https://github.com/.extraheader' || :"
2026-09-08T15:17:50.5929246Z [command]/usr/bin/git config --local --name-only --get-regexp ^includeIf\.gitdir:
2026-09-08T15:17:50.5975327Z [command]/usr/bin/git submodule foreach --recursive git config --local --show-origin --name-only --get-regexp remote.origin.url
2026-09-08T15:17:50.6427471Z Evaluate and set job outputs
2026-09-08T15:17:50.6433733Z Set output 'browser'
2026-09-08T15:17:50.6435588Z Set output 'version'
2026-09-08T15:17:50.6437055Z Cleaning up orphan processes
2026-09-08T15:17:50.6809424Z ##[warning]Node.js 20 is deprecated. The following actions target Node.js 20 but are being forced to run on Node.js 24: actions/checkout@v4, actions/setup-node@v4, actions/upload-artifact@v4. For more information see: https://github.blog/changelog/2025-09-19-deprecation-of-node-20-on-github-actions-runners/
