{
  "familyId": "il-prostitution-j-vacate-set",
  "status": "COMPLETED",
  "counters": {
    "knownRequiredFieldsMissing": 0,
    "requiredFactsNotCollected": 0,
    "unclassifiedBlanks": 0,
    "incompleteRows": 0,
    "requiredOptionsMissing": 0,
    "requiredComponentsMissing": 0,
    "invisibleWrites": 0,
    "protectedWrites": 0,
    "visualDefects": 0
  },
  "directory": "data/rcap-all50/overlays/census-v1/il/il-prostitution-j-vacate-set--custom-pleading",
  "implementationStrategy": "custom_pleading",
  "boundSources": 0,
  "components": [
    "primary_filing",
    "proposed_order"
  ],
  "documents": [
    "primary_filing",
    "proposed_order"
  ],
  "writes": 5,
  "requiredBeforeFiling": 9,
  "artifactHashes": [
    {
      "fixture": "canonical",
      "packetSha256": "d4cb765983ed2ed180a74feb1a70b7b5cc43134419b2c497746d8fd188bd2657",
      "pages": 3
    },
    {
      "fixture": "boundary",
      "packetSha256": "ea728bba06d2112537e99846f12d78a1c3d7f49eb8ae0f101a94291920bbf25e",
      "pages": 3
    }
  ],
  "rasterPages": 0,
  "rasterState": "BUILT_RASTER_PENDING",
  "nineCountersZero": true,
  "packetsSelfVerified": 0,
  "commercialRoutesOpened": 0,
  "productionTouched": false
}
