{
  "familyId": "tx_nd_veterans_reemployment-set",
  "status": "CHECK_ONLY",
  "boundSources": 3,
  "sources": [
    {
      "sourceId": "official-form:OCA Model Petition for an Order of Nondisclosure under Section 411.0729",
      "custody": "master_library",
      "sha256": "5fbe7c7fe7efb752b2d3bce84298d66305f0384b9e30710ca660107ce6fc6c10",
      "pages": 3
    },
    {
      "sourceId": "official-form:OCA Model Order of Nondisclosure under Section 411.0729",
      "custody": "master_library",
      "sha256": "3440721f4f22e37b60539789222518b27f49dcd7a8c4b9d64536181041382ba9",
      "pages": 3
    },
    {
      "sourceId": "official-form:Statement of Inability to Afford Payment of Court Costs or an Appeal Bond",
      "custody": "human_source_returns",
      "sha256": "bd17a3fe43d6989d1828c91c9a46c873908c272d8e2e342af35ce8bdb2fab10d",
      "pages": 12
    }
  ],
  "fields": [
    {
      "document": "tx_nd_veterans_reemployment-petition-2",
      "mapped": 13,
      "unmapped": 0,
      "stale": 0
    },
    {
      "document": "tx_nd_veterans_reemployment-proposed-order-3",
      "mapped": 11,
      "unmapped": 0,
      "stale": 0
    },
    {
      "document": "tx_nd_veterans_reemployment-fee-waiver-statement-4",
      "mapped": 132,
      "unmapped": 0,
      "stale": 0
    }
  ],
  "captionDrift": [],
  "unmappedFields": [],
  "staleDictionaryKeys": []
}
