{
  "familyId": "tx_nd_conviction_no_supervision-set",
  "status": "CHECK_ONLY",
  "boundSources": 3,
  "sources": [
    {
      "sourceId": "official-form:OCA Model Petition for an Order of Nondisclosure under Section 411.0735",
      "custody": "master_library",
      "sha256": "da0bd63c66a6ee35a7a0659556a02268f1fd6053ebf7419e912b78fd3fb3dd13",
      "pages": 5
    },
    {
      "sourceId": "official-form:OCA Model Order of Nondisclosure under Section 411.0735",
      "custody": "master_library",
      "sha256": "6a60f72ac40a776ca721f99fede4eb1397da83c68b07d11d3c931d4e5d4f6680",
      "pages": 3
    },
    {
      "sourceId": "official-form:Statement of Inability to Afford Payment of Court Costs or an Appeal Bond",
      "custody": "human_source_returns",
      "sha256": "bd17a3fe43d6989d1828c91c9a46c873908c272d8e2e342af35ce8bdb2fab10d",
      "pages": 12
    }
  ],
  "fields": [
    {
      "document": "tx_nd_conviction_no_supervision-petition-1",
      "mapped": 17,
      "unmapped": 0,
      "stale": 0
    },
    {
      "document": "tx_nd_conviction_no_supervision-proposed-order-2",
      "mapped": 19,
      "unmapped": 0,
      "stale": 0
    },
    {
      "document": "tx_nd_conviction_no_supervision-fee-waiver-statement-4",
      "mapped": 132,
      "unmapped": 0,
      "stale": 0
    }
  ],
  "captionDrift": [],
  "unmappedFields": [],
  "staleDictionaryKeys": []
}
