{
  "familyId": "tx_nd_deferred_other-set",
  "status": "CHECK_ONLY",
  "boundSources": 3,
  "sources": [
    {
      "sourceId": "official-form:OCA Model Petition for an Order of Nondisclosure under Section 411.0725",
      "custody": "master_library",
      "sha256": "2eb2e9699e0803d0fa0766cbb1fad38f088a8d8b15a18b21add93da5e879ae67",
      "pages": 6
    },
    {
      "sourceId": "official-form:OCA Model Order of Nondisclosure under Section 411.0725",
      "custody": "master_library",
      "sha256": "6a60f72ac40a776ca721f99fede4eb1397da83c68b07d11d3c931d4e5d4f6680",
      "pages": 3
    },
    {
      "sourceId": "official-form:Statement of Inability to Afford Payment of Court Costs or an Appeal Bond",
      "custody": "human_source_returns",
      "sha256": "bd17a3fe43d6989d1828c91c9a46c873908c272d8e2e342af35ce8bdb2fab10d",
      "pages": 12
    }
  ],
  "fields": [
    {
      "document": "tx_nd_deferred_other-petition-1",
      "mapped": 26,
      "unmapped": 0,
      "stale": 0
    },
    {
      "document": "tx_nd_deferred_other-proposed-order-2",
      "mapped": 19,
      "unmapped": 0,
      "stale": 0
    },
    {
      "document": "tx_nd_deferred_other-fee-waiver-statement-4",
      "mapped": 132,
      "unmapped": 0,
      "stale": 0
    }
  ],
  "captionDrift": [],
  "unmappedFields": [],
  "staleDictionaryKeys": []
}
