{
  "familyId": "tx_nd_dwi_deferred-set",
  "status": "CHECK_ONLY",
  "boundSources": 3,
  "sources": [
    {
      "sourceId": "official-form:OCA Model Petition for an Order of Nondisclosure under Section 411.0726",
      "custody": "master_library",
      "sha256": "0ef70a8afe2521b0173a210b8ac22eee503c6231c0cf71fcd3c6a91af82db27d",
      "pages": 5
    },
    {
      "sourceId": "official-form:OCA Model Order of Nondisclosure (Driving While Intoxicated) under Section 411.0726",
      "custody": "master_library",
      "sha256": "c2b4c3ecf0033ef5af21ae05eaf79f7be197228150c5d6e752d1d423736d2b06",
      "pages": 3
    },
    {
      "sourceId": "official-form:Statement of Inability to Afford Payment of Court Costs or an Appeal Bond",
      "custody": "human_source_returns",
      "sha256": "bd17a3fe43d6989d1828c91c9a46c873908c272d8e2e342af35ce8bdb2fab10d",
      "pages": 12
    }
  ],
  "fields": [
    {
      "document": "tx_nd_dwi_deferred-petition-1",
      "mapped": 15,
      "unmapped": 0,
      "stale": 0
    },
    {
      "document": "tx_nd_dwi_deferred-proposed-order-2",
      "mapped": 14,
      "unmapped": 0,
      "stale": 0
    },
    {
      "document": "tx_nd_dwi_deferred-fee-waiver-statement-4",
      "mapped": 132,
      "unmapped": 0,
      "stale": 0
    }
  ],
  "captionDrift": [],
  "unmappedFields": [],
  "staleDictionaryKeys": []
}
