PASS  1-with-the-option-off-an-unwritten-widget-with-MK-BC-and-no-AP-is-delivered-as-a-stroked-rectangle
PASS  2-with-the-option-on-the-same-widget-flattens-to-zero-ink-at-its-rect
PASS  3-the-count-is-reported-per-document-and-is-zero-when-the-option-is-off
PASS  4-a-chooser-whose-source-appearance-draws-only-a-rule-keeps-that-rule-and-loses-the-box
PASS  5-a-written-field-is-byte-identical-either-way-and-keeps-its-value
PASS  6-a-chooser-whose-source-appearance-shows-a-prompt-is-still-dropped-whole-with-the-option-on
PASS  7-with-the-option-off-a-written-underline-styled-widget-is-delivered-inside-a-stroked-rectangle
PASS  8-with-the-option-on-the-box-is-gone-from-every-side-the-underline-style-does-not-declare
PASS  9-the-writing-rule-the-underline-style-declares-is-drawn-back-and-a-bare-BC-deletion-loses-it
PASS  10-the-value-is-still-legible-and-the-widget-is-reported-with-the-geometry-it-was-drawn-at
PASS  11-a-written-widget-that-declares-no-border-style-keeps-its-box-and-not-a-byte-moves
PASS  12-a-widget-declaring-an-underline-whose-own-appearance-draws-a-box-is-refused-and-counted
PASS  13-the-new-option-never-reaches-an-unwritten-field-and-the-two-remedies-do-not-overlap
{
  "control": "synthesized widget borders from /MK",
  "dpi": 300,
  "results": [
    {
      "control": "1-with-the-option-off-an-unwritten-widget-with-MK-BC-and-no-AP-is-delivered-as-a-stroked-rectangle",
      "darkPixelsInWidgetRect": 1452,
      "synthesizedBy": "pdf-lib defaultTextFieldAppearanceProvider via form.updateFieldAppearances(), reading /MK /BC",
      "pass": true
    },
    {
      "control": "2-with-the-option-on-the-same-widget-flattens-to-zero-ink-at-its-rect",
      "darkPixelsInWidgetRect": 0,
      "wasBefore": 1452,
      "matchesAConformingViewer": "ISO 32000-1 12.5.6.19: /MK is consulted only to CONSTRUCT an appearance, and a widget carrying no value has nothing to show",
      "pass": true
    },
    {
      "control": "3-the-count-is-reported-per-document-and-is-zero-when-the-option-is-off",
      "withOptionOn": 1,
      "withOptionOff": 0,
      "pass": true
    },
    {
      "control": "4-a-chooser-whose-source-appearance-draws-only-a-rule-keeps-that-rule-and-loses-the-box",
      "withOptionOff": {
        "darkPixelsInWidgetRect": 1452,
        "aboveTheRuleBand": 762
      },
      "withOptionOn": {
        "darkPixelsInWidgetRect": 2668,
        "aboveTheRuleBand": 0
      },
      "covering": "the delivered page draws what the pinned form draws at that widget, and nothing else",
      "pass": true
    },
    {
      "control": "5-a-written-field-is-byte-identical-either-way-and-keeps-its-value",
      "bytes": 1465,
      "identical": true,
      "darkPixelsInWidgetRect": 4052,
      "covering": "both halves of the remedy are reached only for a field this run did not write",
      "pass": true
    },
    {
      "control": "6-a-chooser-whose-source-appearance-shows-a-prompt-is-still-dropped-whole-with-the-option-on",
      "darkPixelsInWidgetRect": 0,
      "keptAsSilent": 0,
      "covering": "the unwritten-input drop is narrowed by the option, never widened",
      "pass": true
    },
    {
      "control": "7-with-the-option-off-a-written-underline-styled-widget-is-delivered-inside-a-stroked-rectangle",
      "darkPixelsInWidgetRect": 8316,
      "leftEdgeBand": 196,
      "topEdgeBand": 2664,
      "synthesizedBy": "pdf-lib defaultTextFieldAppearanceProvider reads /MK /BC and never reads /BS /S",
      "pass": true
    },
    {
      "control": "8-with-the-option-on-the-box-is-gone-from-every-side-the-underline-style-does-not-declare",
      "leftEdgeBand": {
        "before": 196,
        "after": 0
      },
      "topEdgeBand": {
        "before": 2664,
        "after": 0
      },
      "matchesAConformingViewer": "ISO 32000-1 12.5.4 Table 166: /S /U is 'a single line along the bottom of the annotation rectangle', not a border around it",
      "pass": true
    },
    {
      "control": "9-the-writing-rule-the-underline-style-declares-is-drawn-back-and-a-bare-BC-deletion-loses-it",
      "ruleBand": {
        "withTheOptionOn": 2664,
        "withTheBorderColourSimplyDeleted": 0
      },
      "covering": "at the Pennsylvania widgets the court's rule is drawn ONLY by the widget's own appearance stream and not by the page, so removing /MK /BC alone trades a border the form does not print for the loss of a rule the form does",
      "pass": true
    },
    {
      "control": "10-the-value-is-still-legible-and-the-widget-is-reported-with-the-geometry-it-was-drawn-at",
      "valueReadBackWithPdftotext": "Jordan Reyes",
      "reported": {
        "field": "the.field",
        "fromPt": [
          0,
          0.5
        ],
        "toPt": [
          160,
          0.5
        ],
        "widthPt": 1
      },
      "withOptionOff": "no declaredWidgetBorderStyles key at all",
      "pass": true
    },
    {
      "control": "11-a-written-widget-that-declares-no-border-style-keeps-its-box-and-not-a-byte-moves",
      "bytes": 1465,
      "identical": true,
      "leftEdgeBand": 49,
      "covering": "the default style is solid, and a solid border is a border around the rectangle",
      "pass": true
    },
    {
      "control": "12-a-widget-declaring-an-underline-whose-own-appearance-draws-a-box-is-refused-and-counted",
      "identical": true,
      "refusedContradictoryAppearance": [
        "the.field"
      ],
      "covering": "two signals must agree; where the form contradicts itself, honouring either would change what the court's own form shows",
      "pass": true
    },
    {
      "control": "13-the-new-option-never-reaches-an-unwritten-field-and-the-two-remedies-do-not-overlap",
      "honorWidgetBorderStyleTouched": 0,
      "suppressSynthesizedWidgetBordersTouched": 0,
      "covering": "suppressSynthesizedWidgetBorders acts only on a field this run did not write; honorWidgetBorderStyle acts only on a field this run did write",
      "pass": true
    }
  ]
}
