
=== pa_490_nonconviction-set: PA-RCRIM-P-490-PETITION ===
  source 082c515ce5a60de3… 87204 bytes; 1 pages; 76 fields
  canonical: wrote 13; refused 63; selections 0; held-but-not-printed 0
  raster: 1/1 pages
  boundary: wrote 7; refused 69; selections 0; held-but-not-printed 6
  raster: 1/1 pages

=== pa_490_nonconviction-set: PA-RCRIM-P-490-ORDER ===
  source ac671421035b12b6… 143399 bytes; 2 pages; 29 fields
  canonical: wrote 9; refused 20; selections 0; held-but-not-printed 0
  raster: 2/2 pages
  boundary: wrote 6; refused 23; selections 0; held-but-not-printed 3
  raster: 2/2 pages

=== pa_490_nonconviction-set: PA-IFP-MDJ ===
  source 91fa3ce45096bffb… 1233641 bytes; 2 pages; 94 fields

=== pa_490_nonconviction-set: pa_490_nonconviction-certificate-of-service-3 ===
  canonical: composed service certificate; wrote 2; refused 5
  raster: 1/1 pages

=== pa_490_nonconviction-set: pa_490_nonconviction-certificate-of-service-3 ===
  boundary: composed service certificate; wrote 2; refused 5
  raster: 1/1 pages

pa_490_nonconviction-set: BUILD PASS (6 PDFs; 8 page rasters)
