node:internal/modules/cjs/loader:1456
  const err = new Error(message);
              ^

Error: Cannot find module 'sharp'
Require stack:
- /workspaces/legalease-vf03/scripts/build-census-v1-nj_arrest_no_conviction-set.mjs
    at Module._resolveFilename (node:internal/modules/cjs/loader:1456:15)
    at defaultResolveImpl (node:internal/modules/cjs/loader:1066:19)
    at resolveForCJSWithHooks (node:internal/modules/cjs/loader:1071:22)
    at Module._load (node:internal/modules/cjs/loader:1242:25)
    at wrapModuleLoad (node:internal/modules/cjs/loader:255:19)
    at Module.require (node:internal/modules/cjs/loader:1556:12)
    at require (node:internal/modules/helpers:152:16)
    at file:///workspaces/legalease-vf03/scripts/build-census-v1-nj_arrest_no_conviction-set.mjs:44:15 {
  code: 'MODULE_NOT_FOUND',
  requireStack: [
    '/workspaces/legalease-vf03/scripts/build-census-v1-nj_arrest_no_conviction-set.mjs'
  ]
}

Node.js v24.14.0
