
=== pa_790_nonconviction-set: PA-RCRIM-P-790-PETITION ===
  source fc06486e75773d4f… 87647 bytes; 1 pages; 76 fields
  canonical: wrote 13; refused 63; selections 0; held-but-not-printed 0
  raster: 1/1 pages
  boundary: wrote 7; refused 69; selections 0; held-but-not-printed 6
  raster: 1/1 pages

=== pa_790_nonconviction-set: PA-RCRIM-P-790-ORDER ===
  source 4d312ebde4aed7c1… 151853 bytes; 2 pages; 29 fields
  canonical: wrote 9; refused 20; selections 0; held-but-not-printed 0
  raster: 2/2 pages
  boundary: wrote 6; refused 23; selections 0; held-but-not-printed 3
  raster: 2/2 pages

=== pa_790_nonconviction-set: PA-IFP-CCP ===
  source b1255ef0503f9c9f… 760989 bytes; 2 pages; 68 fields

=== pa_790_nonconviction-set: pa_790_nonconviction-certificate-of-service-3 ===
  canonical: composed service certificate; wrote 2; refused 5
  raster: 1/1 pages

=== pa_790_nonconviction-set: pa_790_nonconviction-certificate-of-service-3 ===
  boundary: composed service certificate; wrote 2; refused 5
  raster: 1/1 pages

pa_790_nonconviction-set: BUILD PASS (6 PDFs; 8 page rasters)
