{
  "familyId": "va_exp_nonconviction-set",
  "status": "COMPLETED",
  "counters": {
    "knownRequiredFieldsMissing": 0,
    "requiredFactsNotCollected": 0,
    "unclassifiedBlanks": 0,
    "incompleteRows": 0,
    "requiredOptionsMissing": 0,
    "requiredComponentsMissing": 0,
    "invisibleWrites": 0,
    "protectedWrites": 0,
    "visualDefects": 0
  },
  "directory": "data/rcap-all50/overlays/census-v1/va/va-exp-nonconviction-set--official-pdf-fill",
  "officialForm": "CC-1473",
  "officialFormAssigned": "CC-1473",
  "officialFormMatchesAssignment": true,
  "sourceSha256": "6176c2f55bdb320682acecf0a79931bd5e496c4c93b5696645d4ef447fa67219",
  "components": [
    "primary_filing",
    "commonwealth_service_and_stipulation_request",
    "ccre_forwarding_request",
    "records_checklist",
    "filing_instructions"
  ],
  "documents": [
    "CC-1473",
    "commonwealth_service_and_stipulation_request",
    "ccre_forwarding_request",
    "records_checklist",
    "filing_instructions"
  ],
  "writes": 11,
  "requiredBeforeFiling": 18,
  "routeSelectionsMade": 4,
  "participantElections": 8,
  "artifactHashes": [
    {
      "fixture": "canonical",
      "packetSha256": "95c6fd7f20b2628a5055e4b247ad32dbbf0d33331b4a1d47cbbd65c03ac19e82",
      "primaryFilingSha256": "fb78335106929880be467eef37be576a6e46be0a2bdc3fff99f78b47763ee58e",
      "pages": 9
    },
    {
      "fixture": "boundary",
      "packetSha256": "334ea36f100a4a377a581040182a5d01a7c534c2cbb2ab51269dcf7d34da6dae",
      "primaryFilingSha256": "e7bc916a98af2288158914c89d8dafb52a41e59352d93fe691d3856b8f6cccbe",
      "pages": 9
    }
  ],
  "rasterPages": 0,
  "rasterState": "BUILT_RASTER_PENDING",
  "nineCountersZero": true,
  "packetsSelfVerified": 0,
  "commercialRoutesOpened": 0,
  "productionTouched": false
}
