{
  "planInputs": [
    "case_outcome",
    "charge",
    "contact_information",
    "court",
    "date_of_birth",
    "disposition_date",
    "email_address",
    "identity_error",
    "jurisdiction",
    "mailing_address",
    "offense_category",
    "offense_level",
    "pardon_status",
    "participant_full_legal_name",
    "pathway_id",
    "phone_number",
    "record_type",
    "residency_or_location",
    "trafficking_status"
  ],
  "registryInputs": [
    "case_outcome",
    "charge",
    "contact_information",
    "court",
    "date_of_birth",
    "disposition_date",
    "email_address",
    "identity_error",
    "jurisdiction",
    "mailing_address",
    "offense_category",
    "offense_level",
    "pardon_status",
    "participant_full_legal_name",
    "pathway_id",
    "phone_number",
    "record_type",
    "residency_or_location",
    "trafficking_status"
  ],
  "requiredInputsMatch": true,
  "factoryAdmitted": true,
  "resolver": {
    "routeKind": "factory_v2",
    "rendererKind": "packet_document_v1",
    "sellable": false,
    "creditConsumable": false,
    "availability": "UNFINISHED"
  }
}
