{
  "status": "PASS",
  "localOnly": true,
  "testDoubles": [],
  "mutationFilesIsolated": true,
  "currentResult": "PASS_COMPLETE",
  "checks": [
    {
      "name": "current evidence copied unchanged",
      "result": "PASS",
      "auditResult": "PASS_COMPLETE",
      "counter": null
    },
    {
      "name": "missing canonical companion write",
      "result": "PASS",
      "auditResult": "FAIL_MISSING_REQUIRED_FACTS",
      "counter": "knownRequiredFieldsMissing"
    },
    {
      "name": "missing boundary companion write",
      "result": "PASS",
      "auditResult": "FAIL_MISSING_REQUIRED_FACTS",
      "counter": "knownRequiredFieldsMissing"
    },
    {
      "name": "wrong companion fact",
      "result": "PASS",
      "auditResult": "FAIL_MISSING_REQUIRED_FACTS",
      "counter": "knownRequiredFieldsMissing"
    },
    {
      "name": "write in another document does not complete this caption",
      "result": "PASS",
      "auditResult": "FAIL_MISSING_REQUIRED_FACTS",
      "counter": "knownRequiredFieldsMissing"
    },
    {
      "name": "nonprinting companion cannot count as delivered",
      "result": "PASS",
      "auditResult": "FAIL_MISSING_REQUIRED_FACTS",
      "counter": "knownRequiredFieldsMissing"
    },
    {
      "name": "unmeasured write report cannot count as evidence",
      "result": "PASS",
      "auditResult": "FAIL_MISSING_REQUIRED_FACTS",
      "counter": "knownRequiredFieldsMissing"
    },
    {
      "name": "write report without actual visible ink",
      "result": "PASS",
      "auditResult": "FAIL_MISSING_REQUIRED_FACTS",
      "counter": "knownRequiredFieldsMissing"
    },
    {
      "name": "wrong source option text",
      "result": "PASS",
      "auditResult": "FAIL_MISSING_REQUIRED_FACTS",
      "counter": "knownRequiredFieldsMissing"
    },
    {
      "name": "stale rendered bytes",
      "result": "PASS",
      "auditResult": "FAIL_MISSING_REQUIRED_FACTS",
      "counter": "knownRequiredFieldsMissing"
    },
    {
      "name": "source hash mismatch",
      "result": "PASS",
      "auditResult": "FAIL_MISSING_REQUIRED_FACTS",
      "counter": "knownRequiredFieldsMissing"
    },
    {
      "name": "self-declared verified flag cannot bypass evidence",
      "result": "PASS",
      "auditResult": "FAIL_MISSING_REQUIRED_FACTS",
      "counter": "knownRequiredFieldsMissing"
    },
    {
      "name": "contradictory participant-blank declaration fails closed",
      "result": "PASS",
      "auditResult": "FAIL_MISSING_PREFILLS",
      "counter": "unclassifiedBlanks"
    },
    {
      "name": "ordinary participant text field cannot be a viewer button",
      "result": "PASS",
      "auditResult": "FAIL_MISSING_PREFILLS",
      "counter": "unclassifiedBlanks"
    },
    {
      "name": "ordinary unknown blank still fails",
      "result": "PASS",
      "auditResult": "FAIL_MISSING_PREFILLS",
      "counter": "unclassifiedBlanks"
    },
    {
      "name": "missing held name still fails",
      "result": "PASS",
      "auditResult": "FAIL_MISSING_REQUIRED_FACTS",
      "counter": "knownRequiredFieldsMissing"
    },
    {
      "name": "same actual field name remains available even beside footer",
      "result": "PASS",
      "auditResult": "FAIL_MISSING_REQUIRED_FACTS",
      "counter": "knownRequiredFieldsMissing"
    },
    {
      "name": "specific duplicate printed label still denotes held fact",
      "result": "PASS",
      "auditResult": "FAIL_MISSING_REQUIRED_FACTS",
      "counter": "knownRequiredFieldsMissing"
    },
    {
      "name": "manual county companion cannot disappear",
      "result": "PASS",
      "auditResult": "FAIL_MISSING_PREFILLS",
      "counter": "unclassifiedBlanks"
    },
    {
      "name": "unbound instruction reference still fails",
      "result": "PASS",
      "auditResult": "FAIL_MISSING_PREFILLS",
      "counter": "unclassifiedBlanks"
    },
    {
      "name": "source presentation cannot excuse an unmade route election",
      "result": "PASS",
      "auditResult": "FAIL_ROUTE_SELECTION",
      "counter": "requiredOptionsMissing"
    },
    {
      "name": "protected fields and undeclared defaults preserved",
      "result": "PASS"
    },
    {
      "name": "unchanged real family nj-arrest-no-conviction-set",
      "result": "PASS"
    },
    {
      "name": "unchanged real family nc-146-dismissal-petition-set",
      "result": "PASS"
    }
  ]
}
