{
  "status": "PASS",
  "checks": 10,
  "artifacts": [
    {
      "fixture": "canonical",
      "sha256": "dd6825cc8dea9ad107d22058743c722799ae07ebcd57dec45edc01abe8c3bfcc",
      "pageCount": 5
    },
    {
      "fixture": "boundary",
      "sha256": "a9f3627451b4b9b3bdb1c9d42e436d22f0c516c0e3ce24296c8208550f57e695",
      "pageCount": 5
    }
  ],
  "measurements": [
    {
      "fixture": "canonical",
      "formNumber": "CC-6-11",
      "page": 1,
      "field": "defendant",
      "expected": "Jordan Avery Reyes",
      "rect": {
        "x": 109.31,
        "y": 575.21,
        "width": 197.94,
        "height": 14.4
      },
      "actualFontSize": 10,
      "reportedFontSize": 10,
      "actualTextPosition": {
        "x": 110.309,
        "y": 578.822
      },
      "textWidthInRenderedHelvetica": 89.28,
      "usableWidth": 193.94
    },
    {
      "fixture": "canonical",
      "formNumber": "CC-6-11",
      "page": 1,
      "field": "streetaddress",
      "expected": "118 Maple Street",
      "rect": {
        "x": 235.64,
        "y": 297.29,
        "width": 268.36,
        "height": 14.4
      },
      "actualFontSize": 10,
      "reportedFontSize": 10,
      "actualTextPosition": {
        "x": 236.639,
        "y": 300.902
      },
      "textWidthInRenderedHelvetica": 76.15,
      "usableWidth": 264.36
    },
    {
      "fixture": "canonical",
      "formNumber": "CC-6-11",
      "page": 1,
      "field": "emailaddress",
      "expected": "jordan.reyes@example.com",
      "rect": {
        "x": 193.09,
        "y": 248.4,
        "width": 310.91,
        "height": 14.4
      },
      "actualFontSize": 10,
      "reportedFontSize": 10,
      "actualTextPosition": {
        "x": 194.091,
        "y": 252.0085
      },
      "textWidthInRenderedHelvetica": 123.78,
      "usableWidth": 306.91
    },
    {
      "fixture": "canonical",
      "formNumber": "CC-6-11.2",
      "page": 2,
      "field": "defendant",
      "expected": "Jordan Avery Reyes",
      "rect": {
        "x": 108,
        "y": 550.44,
        "width": 197.05,
        "height": 14.4
      },
      "actualFontSize": 10,
      "reportedFontSize": 10,
      "actualTextPosition": {
        "x": 109,
        "y": 554.051
      },
      "textWidthInRenderedHelvetica": 89.28,
      "usableWidth": 193.05
    },
    {
      "fixture": "canonical",
      "formNumber": "DC-1-15",
      "page": 4,
      "field": "defendant",
      "expected": "Jordan Avery Reyes",
      "rect": {
        "x": 106.32,
        "y": 562.72,
        "width": 189,
        "height": 14.4
      },
      "actualFontSize": 10,
      "reportedFontSize": 10,
      "actualTextPosition": {
        "x": 107.316,
        "y": 566.328
      },
      "textWidthInRenderedHelvetica": 89.28,
      "usableWidth": 185
    },
    {
      "fixture": "boundary",
      "formNumber": "CC-6-11",
      "page": 1,
      "field": "defendant",
      "expected": "Alexandrina-Katharine Montgomery-Vandenberg-Oyelaran Fitzwilliam",
      "rect": {
        "x": 109.31,
        "y": 575.21,
        "width": 197.94,
        "height": 14.4
      },
      "actualFontSize": 6,
      "reportedFontSize": 6,
      "actualTextPosition": {
        "x": 110.309,
        "y": 580.2579999999999
      },
      "textWidthInRenderedHelvetica": 184.302,
      "usableWidth": 193.94
    },
    {
      "fixture": "boundary",
      "formNumber": "CC-6-11",
      "page": 1,
      "field": "streetaddress",
      "expected": "12345 Southwest Grandview Boulevard Northeast, Building 7, Apartment 4321-B",
      "rect": {
        "x": 235.64,
        "y": 297.29,
        "width": 268.36,
        "height": 14.4
      },
      "actualFontSize": 7,
      "reportedFontSize": 7,
      "actualTextPosition": {
        "x": 236.639,
        "y": 301.979
      },
      "textWidthInRenderedHelvetica": 250.46,
      "usableWidth": 264.36
    },
    {
      "fixture": "boundary",
      "formNumber": "CC-6-11",
      "page": 1,
      "field": "emailaddress",
      "expected": "alexandrina.montgomery.vandenberg.oyelaran.fitzwilliam@department-of-example.example.gov",
      "rect": {
        "x": 193.09,
        "y": 248.4,
        "width": 310.91,
        "height": 14.4
      },
      "actualFontSize": 7,
      "reportedFontSize": 7,
      "actualTextPosition": {
        "x": 194.091,
        "y": 253.0855
      },
      "textWidthInRenderedHelvetica": 296.065,
      "usableWidth": 306.91
    },
    {
      "fixture": "boundary",
      "formNumber": "CC-6-11.2",
      "page": 2,
      "field": "defendant",
      "expected": "Alexandrina-Katharine Montgomery-Vandenberg-Oyelaran Fitzwilliam",
      "rect": {
        "x": 108,
        "y": 550.44,
        "width": 197.05,
        "height": 14.4
      },
      "actualFontSize": 6,
      "reportedFontSize": 6,
      "actualTextPosition": {
        "x": 109,
        "y": 555.487
      },
      "textWidthInRenderedHelvetica": 184.302,
      "usableWidth": 193.05
    },
    {
      "fixture": "boundary",
      "formNumber": "DC-1-15",
      "page": 4,
      "field": "defendant",
      "expected": "Alexandrina-Katharine Montgomery-Vandenberg-Oyelaran Fitzwilliam",
      "rect": {
        "x": 106.32,
        "y": 562.72,
        "width": 189,
        "height": 14.4
      },
      "actualFontSize": 6,
      "reportedFontSize": 6,
      "actualTextPosition": {
        "x": 107.316,
        "y": 567.764
      },
      "textWidthInRenderedHelvetica": 184.302,
      "usableWidth": 185
    }
  ],
  "method": "Actual PDF text operators and font sizes, associated with source widget rectangles; Helvetica metric width. This is distinct from manual 300dpi image inspection.",
  "independentVerdict": false,
  "centralRasterReceipt": false
}
