{
  "familyId": "rcap-hi-custom-pleading",
  "status": "STOPPED",
  "stopClass": "BLOCKED_SOURCE",
  "failedSourceIdentities": [
    {
      "sourceId": "official-form:HCJDC-159B",
      "declaredPath": "LegalEase Hawaii/EXPUNGEMENT_APPLICATION_Rev-2026-06.pdf",
      "declaredSha256": "1cb4f3acc20d569820379410c3aeb67c59fe3e24866932696371f25efaad935a",
      "why": "no file under any mounted custody has both this declared path and this content digest",
      "pathsTried": [
        "/workspaces/legalease-partner-dashboard-clean/private/source-imports/Expungement_AI_RCAP_Master_Library_Edition_1/LegalEase Hawaii/EXPUNGEMENT_APPLICATION_Rev-2026-06.pdf"
      ]
    }
  ],
  "why": "a bound source did not resolve to its declared content digest under any mounted custody, and no similarly named file may stand in for it",
  "mountsSearched": [
    "/workspaces/legalease-partner-dashboard-clean/private/source-imports/Expungement_AI_RCAP_Master_Library_Edition_1"
  ],
  "overlayDirectoryTouched": false
}
