{
  "familyId": "rcap-hi-custom-pleading",
  "status": "COMPLETED",
  "counters": {
    "knownRequiredFieldsMissing": 0,
    "requiredFactsNotCollected": 0,
    "unclassifiedBlanks": 0,
    "incompleteRows": 0,
    "requiredOptionsMissing": 0,
    "requiredComponentsMissing": 0,
    "invisibleWrites": 0,
    "protectedWrites": 0,
    "visualDefects": 0
  },
  "directory": "data/rcap-all50/overlays/census-v1/hi/rcap-hi-custom-pleading--custom-pleading",
  "implementationStrategy": "custom_pleading",
  "sourcesBound": [
    {
      "sourceId": "official-form:HCJDC-159B",
      "sha256": "1cb4f3acc20d569820379410c3aeb67c59fe3e24866932696371f25efaad935a",
      "resolvedAt": "/workspaces/legalease-partner-dashboard-clean/private/source-imports/Nationwide_Recovery_Pool_2026-09-02/LegalEase Hawaii/EXPUNGEMENT_APPLICATION_Rev-2026-06.pdf"
    }
  ],
  "recordsBound": [
    {
      "recordId": "legal-design-track-registry:hi-five-conviction-expungement-tracks",
      "sha256": "b62ae6910be2be283eaba5c90b25460f023bb2212a5abdb0e01d3993463681c0"
    }
  ],
  "components": [
    "hi_first_time_drug_offender_expungement-primary-filing-1",
    "hi_first_time_drug_offender_expungement-proposed-order-2",
    "hi_first_time_drug_offender_expungement-primary-filing-3",
    "hi_marijuana_three_grams_expungement-primary-filing-1",
    "hi_marijuana_three_grams_expungement-proposed-order-2",
    "hi_marijuana_three_grams_expungement-primary-filing-3",
    "hi_pre_2004_drug_offender_expungement-primary-filing-1",
    "hi_pre_2004_drug_offender_expungement-proposed-order-2",
    "hi_pre_2004_drug_offender_expungement-primary-filing-3",
    "hi_first_time_property_offender_expungement-primary-filing-1",
    "hi_first_time_property_offender_expungement-proposed-order-2",
    "hi_first_time_property_offender_expungement-primary-filing-3",
    "hi_under_21_dui_expungement-primary-filing-1",
    "hi_under_21_dui_expungement-proposed-order-2",
    "hi_under_21_dui_expungement-primary-filing-3"
  ],
  "documents": [
    "hi_first_time_drug_offender_expungement-primary-filing-1",
    "hi_first_time_drug_offender_expungement-proposed-order-2",
    "hi_first_time_drug_offender_expungement-primary-filing-3",
    "hi_marijuana_three_grams_expungement-primary-filing-1",
    "hi_marijuana_three_grams_expungement-proposed-order-2",
    "hi_marijuana_three_grams_expungement-primary-filing-3",
    "hi_pre_2004_drug_offender_expungement-primary-filing-1",
    "hi_pre_2004_drug_offender_expungement-proposed-order-2",
    "hi_pre_2004_drug_offender_expungement-primary-filing-3",
    "hi_first_time_property_offender_expungement-primary-filing-1",
    "hi_first_time_property_offender_expungement-proposed-order-2",
    "hi_first_time_property_offender_expungement-primary-filing-3",
    "hi_under_21_dui_expungement-primary-filing-1",
    "hi_under_21_dui_expungement-proposed-order-2",
    "hi_under_21_dui_expungement-primary-filing-3"
  ],
  "writes": 35,
  "requiredBeforeFiling": 125,
  "artifactHashes": [
    {
      "fixture": "canonical",
      "packetSha256": "fee2da64179ff2d2d9dcaa084febbbb33c86e91264a83d8602ba6f2bc94a7136",
      "byteLength": 945081,
      "pages": 20
    },
    {
      "fixture": "boundary",
      "packetSha256": "66fb5be12513ca388c083a89e19a19434aaf06891d5adaa8f1620703e13afb28",
      "byteLength": 945443,
      "pages": 20
    }
  ],
  "glyphReadings": [
    {
      "fixture": "canonical",
      "addedGlyphsReadFromOutputBytes": 21622,
      "nonWhitespaceGlyphsOutsideMeasuredWriteBoxes": 0
    },
    {
      "fixture": "boundary",
      "addedGlyphsReadFromOutputBytes": 22447,
      "nonWhitespaceGlyphsOutsideMeasuredWriteBoxes": 0
    }
  ],
  "routeArtifactHashes": [
    {
      "fixture": "canonical",
      "route": "hi-first-time-drug-offender",
      "routeKey": "obligation:track-pathway:HI:hi_first_time_drug_offender_expungement:first-time-drug-conviction",
      "routeLabel": "First-time drug offender expungement - HRS 706-622.5(4)",
      "packetSha256": "da91374bd13b3dc786e53b9f0ee99fffb3e051178d5b293dc626b3b40b0ff413",
      "pages": 4
    },
    {
      "fixture": "canonical",
      "route": "hi-marijuana-three-grams",
      "routeKey": "obligation:track-only:HI:hi_marijuana_three_grams_expungement",
      "routeLabel": "Marijuana three grams or less expungement - HRS 706-622.5(5)",
      "packetSha256": "4d45ae1ee783b6746a364474fd80966ef5fc894170c8bfb8967037e8d181ce5a",
      "pages": 4
    },
    {
      "fixture": "canonical",
      "route": "hi-pre-2004-drug-offender",
      "routeKey": "obligation:track-pathway:HI:hi_pre_2004_drug_offender_expungement:first-time-drug-conviction",
      "routeLabel": "Pre-July-2004 first-time drug offender expungement - HRS 706-622.8",
      "packetSha256": "3ff758aa8461d962c46ac918d538667f1c795cb9fc0193f07b2c0f9c4b42b3f0",
      "pages": 4
    },
    {
      "fixture": "canonical",
      "route": "hi-first-time-property-offender",
      "routeKey": "obligation:track-only:HI:hi_first_time_property_offender_expungement",
      "routeLabel": "First-time property offender expungement - HRS 706-622.9",
      "packetSha256": "5cd8f1dc2fe1552f1822817144360fc29fbae86544cb2f16d835850ccdf38427",
      "pages": 4
    },
    {
      "fixture": "canonical",
      "route": "hi-under-21-dui",
      "routeKey": "obligation:track-pathway:HI:hi_under_21_dui_expungement:dui-under-21-conviction",
      "routeLabel": "DUI under 21 expungement - HRS 291E-64(e)",
      "packetSha256": "c53fa4d424ca37e9ac7296a13b9780c00edc022ff1a17003af776d0d333195ea",
      "pages": 4
    },
    {
      "fixture": "boundary",
      "route": "hi-first-time-drug-offender",
      "routeKey": "obligation:track-pathway:HI:hi_first_time_drug_offender_expungement:first-time-drug-conviction",
      "routeLabel": "First-time drug offender expungement - HRS 706-622.5(4)",
      "packetSha256": "de47ff637c0a692b2fee770dc56a99ab2773c37993e0c087950e2ee600815f52",
      "pages": 4
    },
    {
      "fixture": "boundary",
      "route": "hi-marijuana-three-grams",
      "routeKey": "obligation:track-only:HI:hi_marijuana_three_grams_expungement",
      "routeLabel": "Marijuana three grams or less expungement - HRS 706-622.5(5)",
      "packetSha256": "251520a44f0353f17eab9d2c75f41590762e2ed1a718272adddd4eaa671759de",
      "pages": 4
    },
    {
      "fixture": "boundary",
      "route": "hi-pre-2004-drug-offender",
      "routeKey": "obligation:track-pathway:HI:hi_pre_2004_drug_offender_expungement:first-time-drug-conviction",
      "routeLabel": "Pre-July-2004 first-time drug offender expungement - HRS 706-622.8",
      "packetSha256": "93b67f7cfc477c167a48443d5b64fcf31a7d088c81ed9ac980ac5fefb7b61cdc",
      "pages": 4
    },
    {
      "fixture": "boundary",
      "route": "hi-first-time-property-offender",
      "routeKey": "obligation:track-only:HI:hi_first_time_property_offender_expungement",
      "routeLabel": "First-time property offender expungement - HRS 706-622.9",
      "packetSha256": "9a16c496616f1ad4af2bbfe073fbdc55370681c0ab925755aa93aefbb3d8b718",
      "pages": 4
    },
    {
      "fixture": "boundary",
      "route": "hi-under-21-dui",
      "routeKey": "obligation:track-pathway:HI:hi_under_21_dui_expungement:dui-under-21-conviction",
      "routeLabel": "DUI under 21 expungement - HRS 291E-64(e)",
      "packetSha256": "62b92bb71189db9ae1121072a7600d45c3c2248efb105dd92cc49e7f97fad86a",
      "pages": 4
    }
  ],
  "rasterPages": 0,
  "rasterState": "BUILT_RASTER_PENDING",
  "nineCountersZero": true,
  "packetsSelfVerified": 0,
  "commercialRoutesOpened": 0,
  "productionTouched": false
}
