{
  "familyId": "composed-treatment:obligation:runtime-only:WY:human-trafficking-victim-vacatur-w-s-6-2-708",
  "status": "COMPLETED",
  "counters": {
    "knownRequiredFieldsMissing": 0,
    "requiredFactsNotCollected": 0,
    "unclassifiedBlanks": 0,
    "incompleteRows": 0,
    "requiredOptionsMissing": 0,
    "requiredComponentsMissing": 0,
    "invisibleWrites": 0,
    "protectedWrites": 0,
    "visualDefects": 0
  },
  "directory": "data/rcap-all50/overlays/census-v1/wy/composed-treatment:obligation:runtime-only:wy:human-trafficking-victim-vacatur-w-s-6-2-708--custom-pleading",
  "implementationStrategy": "custom_pleading",
  "recordsBound": [
    {
      "recordId": "route-contract:WY:human-trafficking-victim-vacatur-w-s-6-2-708",
      "sha256": "6ca51b6dbc3a9383636b4b1cbdd19630db401d40c03760b8c91d8ae0357962f8"
    },
    {
      "recordId": "compiled-profile:WY-wyoming#human-trafficking-victim-vacatur-w-s-6-2-708",
      "sha256": "335463128603a3c980661a61f8740db103898a8aafe02d7b7220dcbaab4c6dea"
    },
    {
      "recordId": "route-obligation-census:obligation:runtime-only:WY:human-trafficking-victim-vacatur-w-s-6-2-708",
      "sha256": "f6fc081419eadf6001fb0b7fa943eaf1175650127bac9cb149c4ff5b593c4a81"
    },
    {
      "recordId": "legal-decision:WY-TRAFFICKING-VACATUR-6-2-708C",
      "sha256": "5e3b6fb6bdeff849949d1d2c44d9b4e7badfdf6e7ba38be6135c388df176b1f2"
    }
  ],
  "components": [
    "wy-6-2-708-vacatur-primary-filing-1",
    "wy-6-2-708-vacatur-participant-declaration-2",
    "wy-6-2-708-vacatur-filing-instructions-3"
  ],
  "documents": [
    "wy-6-2-708-vacatur-primary-filing-1",
    "wy-6-2-708-vacatur-participant-declaration-2",
    "wy-6-2-708-vacatur-filing-instructions-3"
  ],
  "writes": 11,
  "requiredBeforeFiling": 11,
  "artifactHashes": [
    {
      "fixture": "canonical",
      "packetSha256": "6ba52db6bc56e40f9aa95299943cbeb4500d2a5e67f5ec3ef68af3d7315532ce",
      "pages": 5
    },
    {
      "fixture": "boundary",
      "packetSha256": "ad899a31ad68e31df1478548001b050ebab0c7ff511e660c3d84b75d9bd75952",
      "pages": 5
    }
  ],
  "rasterPages": 0,
  "rasterState": "BUILT_RASTER_PENDING",
  "nineCountersZero": true,
  "packetsSelfVerified": 0,
  "commercialRoutesOpened": 0,
  "productionTouched": false
}
