{
  "familyId": "mo-610-140-conviction-set",
  "output": "data/rcap-all50/overlays/census-v1/mo/mo-610-140-conviction-set--official-pdf-fill",
  "status": "PASS_COMPLETE",
  "counters": {
    "knownRequiredFieldsMissing": 0,
    "requiredFactsNotCollected": 0,
    "unclassifiedBlanks": 0,
    "incompleteRows": 0,
    "requiredOptionsMissing": 0,
    "requiredComponentsMissing": 0,
    "invisibleWrites": 0,
    "protectedWrites": 0,
    "visualDefects": 0
  },
  "fixtures": {
    "canonical": {
      "pages": 12
    },
    "boundary": {
      "pages": 14
    }
  }
}
