{
  "familyId": "wy_fel_1502-set",
  "status": "COMPLETED",
  "counters": {
    "knownRequiredFieldsMissing": 0,
    "requiredFactsNotCollected": 0,
    "unclassifiedBlanks": 0,
    "incompleteRows": 0,
    "requiredOptionsMissing": 0,
    "requiredComponentsMissing": 0,
    "invisibleWrites": 0,
    "protectedWrites": 0,
    "visualDefects": 0
  },
  "directory": "data/rcap-all50/overlays/census-v1/wy/wy-fel-1502-set--custom-pleading",
  "implementationStrategy": "custom_pleading",
  "boundSources": 0,
  "components": [
    "wy_fel_1502-primary-filing-1",
    "wy_fel_1502-proposed-order-2",
    "wy_fel_1502-verification-3",
    "wy_fel_1502-certificate-of-service-4",
    "wy_fel_1502-filing-instructions-5"
  ],
  "documents": [
    "wy_fel_1502-primary-filing-1",
    "wy_fel_1502-proposed-order-2",
    "wy_fel_1502-verification-3",
    "wy_fel_1502-certificate-of-service-4",
    "wy_fel_1502-filing-instructions-5"
  ],
  "writes": 9,
  "requiredBeforeFiling": 28,
  "artifactHashes": [
    {
      "fixture": "canonical",
      "packetSha256": "3dcdbc4ec3d9f08b6c6302b84f254663aa9302a4f712d7451000e2ecda302e30",
      "pages": 8
    },
    {
      "fixture": "boundary",
      "packetSha256": "703e8d3202e8ecc45aefc000346d65db8bec60ae2b9f1e8ce34796e97400f800",
      "pages": 8
    }
  ],
  "rasterPages": 0,
  "rasterState": "BUILT_RASTER_PENDING",
  "nineCountersZero": true,
  "packetsSelfVerified": 0,
  "commercialRoutesOpened": 0,
  "productionTouched": false
}
