✔ IL exact owner pair has fifteen independent obligations and central raster proof (604.400385ms)
✔ MS owner approval cannot substitute a local raster for the central receipt (242.027644ms)
✔ MS successor rejects renamed obligation with same count (23.266368ms)
✔ MS successor rejects missing obligation (10.599169ms)
✔ MS successor rejects stale evidence input hash (42.313271ms)
✔ MS successor rejects failed obligation (46.49412ms)
✔ MS successor rejects nonindependent reviewer (49.190475ms)
✔ MS successor rejects rejected canonical digest (38.260629ms)
✔ MS successor rejects rejected boundary digest (18.95927ms)
✔ MS successor rejects wrong family (8.033221ms)
✔ MS successor rejects superseded proof (11.127245ms)
✔ IL current successor rejects local receipt with hosted-looking identifiers (758.548387ms)
✔ IL current successor rejects missing workflow (923.576591ms)
✔ IL current successor rejects missing job (864.239187ms)
✔ IL current successor rejects partial family (241.720594ms)
✔ IL current successor rejects raster failure (139.056495ms)
✔ IL current successor rejects failed hosted job (194.19031ms)
✔ IL current successor rejects wrong raster digest (201.534185ms)
PASS: 114 composed adapters preserve renderer logic; all adapter PDFs preserve text, coordinates, page count and clean bytes.
✔ scripts/rcap-custom-pleading/court-facing-rows.test.mjs (50354.527685ms)
ℹ tests 19
ℹ suites 0
ℹ pass 19
ℹ fail 0
ℹ cancelled 0
ℹ skipped 0
ℹ todo 0
ℹ duration_ms 55240.007368
