PASS refusal: MS cannot use WY reconciliation
PASS refusal: different route
PASS refusal: changed approved memo
PASS refusal: selected track changed
PASS refusal: selected track removed
PASS refusal: selected track duplicated
PASS refusal: shared authority changed
PASS refusal: another sibling added
node:internal/modules/run_main:107
    triggerUncaughtException(
    ^

AssertionError [ERR_ASSERTION]: The input did not match the regular expression /WY unchanged-track refusal/. Input:

'Error: First-cohort evidence refusal: specification derivation canonical on disk is no longer the approved artifact'

    at refuse (file:///tmp/task53-counterfactual-hutzm_3z/scripts/test-wy-unchanged-track-authority.mjs:11:42)
    at file:///tmp/task53-counterfactual-hutzm_3z/scripts/test-wy-unchanged-track-authority.mjs:22:65
    at ModuleJob.run (node:internal/modules/esm/module_job:561:25)
    at async node:internal/modules/esm/loader:647:26
    at async asyncRunEntryPointWithESMLoader (node:internal/modules/run_main:101:5) {
  generatedMessage: true,
  code: 'ERR_ASSERTION',
  actual: Error: First-cohort evidence refusal: specification derivation canonical on disk is no longer the approved artifact
      at insist (file:///tmp/task53-counterfactual-hutzm_3z/scripts/lib/specification-derivation-reconciliation.mjs:41:25)
      at assertDerivationRecord (file:///tmp/task53-counterfactual-hutzm_3z/scripts/lib/specification-derivation-reconciliation.mjs:121:5)
      at derivationReconciledSpecificationSha256 (file:///tmp/task53-counterfactual-hutzm_3z/scripts/lib/specification-derivation-reconciliation.mjs:67:10)
      at reconcileWyUnchangedTrack (file:///tmp/task53-counterfactual-hutzm_3z/scripts/lib/wy-unchanged-track-authority.mjs:66:22)
      at file:///tmp/task53-counterfactual-hutzm_3z/scripts/test-wy-unchanged-track-authority.mjs:11:55
      at getActual (node:assert:611:5)
      at strict.throws (node:assert:759:24)
      at refuse (file:///tmp/task53-counterfactual-hutzm_3z/scripts/test-wy-unchanged-track-authority.mjs:11:42)
      at file:///tmp/task53-counterfactual-hutzm_3z/scripts/test-wy-unchanged-track-authority.mjs:22:65
      at ModuleJob.run (node:internal/modules/esm/module_job:561:25),
  expected: /WY unchanged-track refusal/,
  operator: 'throws',
  diff: 'simple'
}

Node.js v24.21.0
