{
  "familyId": "ar-drug-court-set",
  "status": "CHECK_OK",
  "artifacts": [
    {
      "packetId": "pre-adjudication-canonical",
      "posture": "pre-adjudication",
      "fixture": "canonical",
      "file": "data/rcap-all50/overlays/census-v1/ar/ar-drug-court-set--official-pdf-fill/fixtures/pre-adjudication-canonical.pdf",
      "sha256": "87dafe5c83a0c958ee0e22a2b2fbad74156160d5e4c16ee56d83d4a6a5b91326",
      "byteLength": 693051,
      "pageCount": 9,
      "documents": [
        "ar-drug-court-process-guidance-1",
        "ACIC-PETITION-DRUG-COURT-PRE",
        "ACIC-ORDER-DRUG-COURT-PRE"
      ],
      "widthRefusals": [],
      "addedInkGlyphs": 140,
      "addedInkRunsOutsideMeasuredWriteBoxes": 0,
      "flattenedAppearancesWithInk": 12,
      "glyphsInFlattenedAppearances": 150,
      "flattenedWidgetFormXObjects": 94,
      "officialWidgets": 94,
      "annotationRefsRemoved": 2,
      "annotationRefsRemaining": 0,
      "refusedFieldsWithInk": []
    },
    {
      "packetId": "pre-adjudication-boundary",
      "posture": "pre-adjudication",
      "fixture": "boundary",
      "file": "data/rcap-all50/overlays/census-v1/ar/ar-drug-court-set--official-pdf-fill/fixtures/pre-adjudication-boundary.pdf",
      "sha256": "1c73806e7c00c43bc81d949c1198d410a2a5b41ee96710afca56a8b06fedd1d7",
      "byteLength": 693709,
      "pageCount": 9,
      "documents": [
        "ar-drug-court-process-guidance-1",
        "ACIC-PETITION-DRUG-COURT-PRE",
        "ACIC-ORDER-DRUG-COURT-PRE"
      ],
      "widthRefusals": [
        {
          "documentId": "ACIC-PETITION-DRUG-COURT-PRE",
          "fieldId": "ACIC-PETITION-DRUG-COURT-PRE:Case No",
          "fieldName": "Case No",
          "factId": "matter.case_number",
          "page": 1,
          "rect": {
            "x": 279.96,
            "y": 593.28,
            "width": 116.76,
            "height": 22.56
          },
          "effectiveLabel": "Case No",
          "printedRow": "vs. Case No. _______________",
          "outcome": "refused",
          "reason": "value_exceeds_widget_width_at_minimum_font",
          "widgetWidthPt": 116.76,
          "horizontalPaddingPt": 4,
          "usableWidthPt": 112.76,
          "minFontSizePt": 6,
          "requiredWidthAtMinPt": 118,
          "overflowAtMinPt": 5.24,
          "notTruncated": true,
          "withheldValue": "0123-45-2026-CR-900123.00-AB-CDE/2201",
          "whatTheParticipantMustDo": "This value does not fit the printed blank at the smallest readable size, so the packet leaves it blank rather than truncating it or drawing over the form. Write it on the printed line by hand, or ask the clerk how a value this long is recorded on this form."
        },
        {
          "documentId": "ACIC-PETITION-DRUG-COURT-PRE",
          "fieldId": "ACIC-PETITION-DRUG-COURT-PRE:WHEREFORE the Defendant",
          "fieldName": "WHEREFORE the Defendant",
          "factId": "participant.full_legal_name",
          "page": 3,
          "rect": {
            "x": 302.64,
            "y": 653.76,
            "width": 163.68,
            "height": 22.44
          },
          "effectiveLabel": "WHEREFORE, the Defendant,",
          "printedRow": "WHEREFORE, the Defendant, _____________________, prays this",
          "outcome": "refused",
          "reason": "value_exceeds_widget_width_at_minimum_font",
          "widgetWidthPt": 163.68,
          "horizontalPaddingPt": 4,
          "usableWidthPt": 159.68,
          "minFontSizePt": 6,
          "requiredWidthAtMinPt": 195.6,
          "overflowAtMinPt": 35.92,
          "notTruncated": true,
          "withheldValue": "Alexandrina-Katharine Montgomery-Vandenberg-Oyelaran y Fitzwilliam III",
          "whatTheParticipantMustDo": "This value does not fit the printed blank at the smallest readable size, so the packet leaves it blank rather than truncating it or drawing over the form. Write it on the printed line by hand, or ask the clerk how a value this long is recorded on this form."
        },
        {
          "documentId": "ACIC-ORDER-DRUG-COURT-PRE",
          "fieldId": "ACIC-ORDER-DRUG-COURT-PRE:Case No",
          "fieldName": "Case No",
          "factId": "matter.case_number",
          "page": 1,
          "rect": {
            "x": 279.96,
            "y": 593.28,
            "width": 116.76,
            "height": 16.8
          },
          "effectiveLabel": "Case No",
          "printedRow": "vs. Case No. _______________",
          "outcome": "refused",
          "reason": "value_exceeds_widget_width_at_minimum_font",
          "widgetWidthPt": 116.76,
          "horizontalPaddingPt": 4,
          "usableWidthPt": 112.76,
          "minFontSizePt": 6,
          "requiredWidthAtMinPt": 118,
          "overflowAtMinPt": 5.24,
          "notTruncated": true,
          "withheldValue": "0123-45-2026-CR-900123.00-AB-CDE/2201",
          "whatTheParticipantMustDo": "This value does not fit the printed blank at the smallest readable size, so the packet leaves it blank rather than truncating it or drawing over the form. Write it on the printed line by hand, or ask the clerk how a value this long is recorded on this form."
        },
        {
          "documentId": "ACIC-ORDER-DRUG-COURT-PRE",
          "fieldId": "ACIC-ORDER-DRUG-COURT-PRE:Defendant",
          "fieldName": "Defendant",
          "factId": "participant.full_legal_name",
          "page": 3,
          "rect": {
            "x": 158.04,
            "y": 687.48,
            "width": 179.04,
            "height": 16.8
          },
          "effectiveLabel": "Defendant,",
          "printedRow": "Defendant, _______________________, to Dismiss the Case and Seal",
          "outcome": "refused",
          "reason": "value_exceeds_widget_width_at_minimum_font",
          "widgetWidthPt": 179.04,
          "horizontalPaddingPt": 4,
          "usableWidthPt": 175.04,
          "minFontSizePt": 6,
          "requiredWidthAtMinPt": 195.6,
          "overflowAtMinPt": 20.56,
          "notTruncated": true,
          "withheldValue": "Alexandrina-Katharine Montgomery-Vandenberg-Oyelaran y Fitzwilliam III",
          "whatTheParticipantMustDo": "This value does not fit the printed blank at the smallest readable size, so the packet leaves it blank rather than truncating it or drawing over the form. Write it on the printed line by hand, or ask the clerk how a value this long is recorded on this form."
        }
      ],
      "addedInkGlyphs": 273,
      "addedInkRunsOutsideMeasuredWriteBoxes": 0,
      "flattenedAppearancesWithInk": 8,
      "glyphsInFlattenedAppearances": 294,
      "flattenedWidgetFormXObjects": 94,
      "officialWidgets": 94,
      "annotationRefsRemoved": 2,
      "annotationRefsRemaining": 0,
      "refusedFieldsWithInk": []
    },
    {
      "packetId": "post-adjudication-canonical",
      "posture": "post-adjudication",
      "fixture": "canonical",
      "file": "data/rcap-all50/overlays/census-v1/ar/ar-drug-court-set--official-pdf-fill/fixtures/post-adjudication-canonical.pdf",
      "sha256": "503224a7b3d8b51a867beabbacd06b6fd40d81c4ae90f90cdce5d586b44a4aff",
      "byteLength": 1430795,
      "pageCount": 9,
      "documents": [
        "ar-drug-court-process-guidance-1",
        "ACIC-PETITION-DRUG-COURT-POST",
        "ACIC-ORDER-DRUG-COURT-POST"
      ],
      "widthRefusals": [],
      "addedInkGlyphs": 108,
      "addedInkRunsOutsideMeasuredWriteBoxes": 0,
      "flattenedAppearancesWithInk": 8,
      "glyphsInFlattenedAppearances": 116,
      "flattenedWidgetFormXObjects": 99,
      "officialWidgets": 99,
      "annotationRefsRemoved": 4,
      "annotationRefsRemaining": 0,
      "refusedFieldsWithInk": []
    },
    {
      "packetId": "post-adjudication-boundary",
      "posture": "post-adjudication",
      "fixture": "boundary",
      "file": "data/rcap-all50/overlays/census-v1/ar/ar-drug-court-set--official-pdf-fill/fixtures/post-adjudication-boundary.pdf",
      "sha256": "c10e941bfbc589d3d764db324c89c77a89816e065de452aaae232602a5e90f21",
      "byteLength": 1431401,
      "pageCount": 9,
      "documents": [
        "ar-drug-court-process-guidance-1",
        "ACIC-PETITION-DRUG-COURT-POST",
        "ACIC-ORDER-DRUG-COURT-POST"
      ],
      "widthRefusals": [
        {
          "documentId": "ACIC-PETITION-DRUG-COURT-POST",
          "fieldId": "ACIC-PETITION-DRUG-COURT-POST:Case No",
          "fieldName": "Case No",
          "factId": "matter.case_number",
          "page": 1,
          "rect": {
            "x": 269.92,
            "y": 593.28,
            "width": 104.85,
            "height": 19.84
          },
          "effectiveLabel": "Case No",
          "printedRow": "vs. Case No. _______________",
          "outcome": "refused",
          "reason": "value_exceeds_widget_width_at_minimum_font",
          "widgetWidthPt": 104.85,
          "horizontalPaddingPt": 4,
          "usableWidthPt": 100.85,
          "minFontSizePt": 6,
          "requiredWidthAtMinPt": 118,
          "overflowAtMinPt": 17.15,
          "notTruncated": true,
          "withheldValue": "0123-45-2026-CR-900123.00-AB-CDE/2201",
          "whatTheParticipantMustDo": "This value does not fit the printed blank at the smallest readable size, so the packet leaves it blank rather than truncating it or drawing over the form. Write it on the printed line by hand, or ask the clerk how a value this long is recorded on this form."
        },
        {
          "documentId": "ACIC-PETITION-DRUG-COURT-POST",
          "fieldId": "ACIC-PETITION-DRUG-COURT-POST:WHEREFORE the Defendant",
          "fieldName": "WHEREFORE the Defendant",
          "factId": "participant.full_legal_name",
          "page": 3,
          "rect": {
            "x": 259.64,
            "y": 609.36,
            "width": 189.15,
            "height": 20.58
          },
          "effectiveLabel": "WHEREFORE, the Defendant,",
          "printedRow": "WHEREFORE, the Defendant, ___________________________, prays",
          "outcome": "refused",
          "reason": "value_exceeds_widget_width_at_minimum_font",
          "widgetWidthPt": 189.15,
          "horizontalPaddingPt": 4,
          "usableWidthPt": 185.15,
          "minFontSizePt": 6,
          "requiredWidthAtMinPt": 195.6,
          "overflowAtMinPt": 10.45,
          "notTruncated": true,
          "withheldValue": "Alexandrina-Katharine Montgomery-Vandenberg-Oyelaran y Fitzwilliam III",
          "whatTheParticipantMustDo": "This value does not fit the printed blank at the smallest readable size, so the packet leaves it blank rather than truncating it or drawing over the form. Write it on the printed line by hand, or ask the clerk how a value this long is recorded on this form."
        },
        {
          "documentId": "ACIC-ORDER-DRUG-COURT-POST",
          "fieldId": "ACIC-ORDER-DRUG-COURT-POST:Case No",
          "fieldName": "Case No",
          "factId": "matter.case_number",
          "page": 1,
          "rect": {
            "x": 268.96,
            "y": 593.28,
            "width": 105.23,
            "height": 16.8
          },
          "effectiveLabel": "Case No",
          "printedRow": "vs. Case No. _______________",
          "outcome": "refused",
          "reason": "value_exceeds_widget_width_at_minimum_font",
          "widgetWidthPt": 105.23,
          "horizontalPaddingPt": 4,
          "usableWidthPt": 101.23,
          "minFontSizePt": 6,
          "requiredWidthAtMinPt": 118,
          "overflowAtMinPt": 16.77,
          "notTruncated": true,
          "withheldValue": "0123-45-2026-CR-900123.00-AB-CDE/2201",
          "whatTheParticipantMustDo": "This value does not fit the printed blank at the smallest readable size, so the packet leaves it blank rather than truncating it or drawing over the form. Write it on the printed line by hand, or ask the clerk how a value this long is recorded on this form."
        },
        {
          "documentId": "ACIC-ORDER-DRUG-COURT-POST",
          "fieldId": "ACIC-ORDER-DRUG-COURT-POST:Defendant",
          "fieldName": "Defendant",
          "factId": "participant.full_legal_name",
          "page": 3,
          "rect": {
            "x": 154.04,
            "y": 687.48,
            "width": 160.07,
            "height": 16.8
          },
          "effectiveLabel": "Defendant,",
          "printedRow": "Defendant, _______________________, to Dismiss and Seal the Record in the",
          "outcome": "refused",
          "reason": "value_exceeds_widget_width_at_minimum_font",
          "widgetWidthPt": 160.07,
          "horizontalPaddingPt": 4,
          "usableWidthPt": 156.07,
          "minFontSizePt": 6,
          "requiredWidthAtMinPt": 195.6,
          "overflowAtMinPt": 39.53,
          "notTruncated": true,
          "withheldValue": "Alexandrina-Katharine Montgomery-Vandenberg-Oyelaran y Fitzwilliam III",
          "whatTheParticipantMustDo": "This value does not fit the printed blank at the smallest readable size, so the packet leaves it blank rather than truncating it or drawing over the form. Write it on the printed line by hand, or ask the clerk how a value this long is recorded on this form."
        }
      ],
      "addedInkGlyphs": 152,
      "addedInkRunsOutsideMeasuredWriteBoxes": 0,
      "flattenedAppearancesWithInk": 4,
      "glyphsInFlattenedAppearances": 160,
      "flattenedWidgetFormXObjects": 99,
      "officialWidgets": 99,
      "annotationRefsRemoved": 4,
      "annotationRefsRemaining": 0,
      "refusedFieldsWithInk": []
    }
  ]
}
