✔ actual shared importer measures supported171areas and preserves aggregate285areas/two expected errors (4.787278ms)
✔ canonical: exact complete PDF, selected components and own whole guide section (63.156144ms)
✔ boundary: exact complete PDF, selected components and own whole guide section (58.941237ms)
✔ good-cause-waiver: exact complete PDF, selected components and own whole guide section (60.815144ms)
✔ exact-day-180: exact complete PDF, selected components and own whole guide section (55.648772ms)
✔ missing-contact: exact complete PDF, selected components and own whole guide section (62.719214ms)
✔ exact-day-180: default delivery refuses a diagnostic as a positive draft (135.577414ms)
✔ missing-contact: default delivery refuses a diagnostic as a positive draft (113.195856ms)
✔ missing-contact preserves12controls/11unknownfacts and no invented service recipient (4.037193ms)
✔ all five complete outputs enrolled; diagnostics retain explicit negative-delivery treatment (162.357351ms)
✔ actual validator and exact input binding reject wrong participant (62.70956ms)
✔ actual validator and exact input binding reject changed source date (57.636247ms)
✔ actual validator and exact input binding reject changed selected service method (68.707909ms)
✔ actual validator and exact input binding reject new known phone borrowing blank diagnostic (52.730953ms)
✔ actual validator and exact input binding reject exact day180 changed to181 borrowing old output (59.734547ms)
✔ actual validator and exact input binding reject unsupported179-day assertion (0.307807ms)
✔ actual validator and exact input binding reject missing acknowledgment (0.19469ms)
✔ actual validator and exact input binding reject invented signature (0.148671ms)
✔ actual validator and exact input binding reject invented fee election (0.142692ms)
✔ actual validator and exact input binding reject software-authored narrative (0.175871ms)
✔ actual validator and exact input binding reject identity waiver without legal assistance (0.204244ms)
✔ actual validator and exact input binding reject different participant narrative (90.088429ms)
✔ real participant input cannot use a retained synthetic packet (2.748517ms)
✔ declared selector rejects installed status (0.604699ms)
✔ declared selector rejects payment authority (0.466824ms)
✔ declared selector rejects sponsored authority (0.420365ms)
✔ declared selector rejects wrong route (1.878673ms)
✔ declared selector rejects diagnostic relabeled positive (56.654607ms)
✔ declared selector rejects dropped selected waiver sheet (64.542706ms)
✔ changed reviewed input cannot borrow prior proof: ia-rule-2-86-form-1-2024-08.pdf (12.417984ms)
✔ changed reviewed input cannot borrow prior proof: packet-level-readiness.json (10.030433ms)
✔ changed reviewed input cannot borrow prior proof: fixture-input-facts.json (9.726512ms)
✔ changed reviewed input cannot borrow prior proof: rendered-artifacts.json (13.835081ms)
✔ changed reviewed input cannot borrow prior proof: participant-instructions.md (8.978069ms)
✔ changed reviewed input cannot borrow prior proof: current-august2026-chapter2.pdf (36.962959ms)
✔ partial output inventory refuses declaration (50.785991ms)
✔ partial purported central pass cannot cover all selected branches (53.94643ms)
✔ actual shared importer regression remains fatal: known case omitted from both write lists (68.905963ms)
✔ actual shared importer regression remains fatal: genuinely missing contact counter laundered with known fact (66.669247ms)
✔ actual shared importer regression remains fatal: expected negative removed (93.736182ms)
✔ actual shared importer regression remains fatal: unrelated required option added (85.720634ms)
✔ actual shared importer regression remains fatal: required undisclosed information (69.235382ms)
✔ actual shared importer regression remains fatal: unclassified source blank (67.205335ms)
✔ actual shared importer regression remains fatal: incomplete repeating row (67.467915ms)
✔ actual shared importer regression remains fatal: protected actor write (80.070253ms)
✔ actual shared importer regression remains fatal: actual invisible writes (57.280978ms)
✔ actual shared importer regression remains fatal: actual visual defect (65.317728ms)
✔ actual shared importer regression remains fatal: missing component (61.911103ms)
✔ zero-area audit cannot satisfy exhaustive expected outcomes (72.480298ms)
✔ passing aggregate does not hide a lost per-fixture expected refusal (94.103207ms)
✔ supported combined partition is measured after individual outcomes (93.530396ms)
✔ unrelated families remain unchanged through declaration and enrollment (0.2288ms)
✔ all65 candidate files remain unchanged after every control (12.681445ms)
ℹ tests 53
ℹ suites 0
ℹ pass 53
ℹ fail 0
ℹ cancelled 0
ℹ skipped 0
ℹ todo 0
ℹ duration_ms 2514.254808
