nm_conviction-set	Set up job	﻿2026-09-11T23:52:45.0166592Z Current runner version: '2.337.0'
nm_conviction-set	Set up job	2026-09-11T23:52:45.0193971Z ##[group]Runner Image Provisioner
nm_conviction-set	Set up job	2026-09-11T23:52:45.0194849Z Hosted Compute Agent
nm_conviction-set	Set up job	2026-09-11T23:52:45.0195530Z Version: 20260828.587
nm_conviction-set	Set up job	2026-09-11T23:52:45.0196208Z Commit: abac92662cab4cc7352de4f9f9d2e2419aad9c29
nm_conviction-set	Set up job	2026-09-11T23:52:45.0197350Z Build Date: 2026-08-28T16:44:25Z
nm_conviction-set	Set up job	2026-09-11T23:52:45.0198185Z Worker ID: {294f3261-6799-4a69-9a29-6fdbf858a596}
nm_conviction-set	Set up job	2026-09-11T23:52:45.0198910Z Azure Region: eastus
nm_conviction-set	Set up job	2026-09-11T23:52:45.0199572Z ##[endgroup]
nm_conviction-set	Set up job	2026-09-11T23:52:45.0201581Z ##[group]Operating System
nm_conviction-set	Set up job	2026-09-11T23:52:45.0202480Z Ubuntu
nm_conviction-set	Set up job	2026-09-11T23:52:45.0203183Z 24.04.5
nm_conviction-set	Set up job	2026-09-11T23:52:45.0203907Z LTS
nm_conviction-set	Set up job	2026-09-11T23:52:45.0204907Z ##[endgroup]
nm_conviction-set	Set up job	2026-09-11T23:52:45.0205537Z ##[group]Runner Image
nm_conviction-set	Set up job	2026-09-11T23:52:45.0206139Z Image: ubuntu-24.04
nm_conviction-set	Set up job	2026-09-11T23:52:45.0206973Z Version: 20260907.300.1
nm_conviction-set	Set up job	2026-09-11T23:52:45.0208105Z Included Software: https://github.com/actions/runner-images/blob/ubuntu24/20260907.300/images/ubuntu/Ubuntu2404-Readme.md
nm_conviction-set	Set up job	2026-09-11T23:52:45.0210018Z Image Release: https://github.com/actions/runner-images/releases/tag/ubuntu24%2F20260907.300
nm_conviction-set	Set up job	2026-09-11T23:52:45.0210973Z ##[endgroup]
nm_conviction-set	Set up job	2026-09-11T23:52:45.0212206Z ##[group]GITHUB_TOKEN Permissions
nm_conviction-set	Set up job	2026-09-11T23:52:45.0214835Z Contents: read
nm_conviction-set	Set up job	2026-09-11T23:52:45.0215759Z Metadata: read
nm_conviction-set	Set up job	2026-09-11T23:52:45.0216366Z ##[endgroup]
nm_conviction-set	Set up job	2026-09-11T23:52:45.0219181Z Secret source: Actions
nm_conviction-set	Set up job	2026-09-11T23:52:45.0220133Z Cache mode: write
nm_conviction-set	Set up job	2026-09-11T23:52:45.0220929Z Prepare workflow directory
nm_conviction-set	Set up job	2026-09-11T23:52:45.0562794Z Prepare all required actions
nm_conviction-set	Set up job	2026-09-11T23:52:45.0612446Z Getting action download info
nm_conviction-set	Set up job	2026-09-11T23:52:45.2853562Z Download action repository 'actions/checkout@v4' (SHA:11d5960a326750d5838078e36cf38b85af677262)
nm_conviction-set	Set up job	2026-09-11T23:52:45.3978448Z Download action repository 'actions/setup-node@v4' (SHA:49933ea5288caeca8642d1e84afbd3f7d6820020)
nm_conviction-set	Set up job	2026-09-11T23:52:45.6558241Z Download action repository 'actions/setup-python@v5' (SHA:a26af69be951a213d495a4c3e4e4022e16d87065)
nm_conviction-set	Set up job	2026-09-11T23:52:45.8005809Z Download action repository 'actions/upload-artifact@v4' (SHA:ea165f8d65b6e75b540449e92b4886f43607fa02)
nm_conviction-set	Set up job	2026-09-11T23:52:46.0694960Z Complete job name: nm_conviction-set
nm_conviction-set	Run actions/checkout@v4	﻿2026-09-11T23:52:46.1640455Z Node 20 is being deprecated. This workflow is running with Node 24 by default. If you need to temporarily use Node 20, you can set the ACTIONS_ALLOW_USE_UNSECURE_NODE_VERSION=true environment variable. For more information see: https://github.blog/changelog/2025-09-19-deprecation-of-node-20-on-github-actions-runners/
nm_conviction-set	Run actions/checkout@v4	2026-09-11T23:52:46.1651756Z ##[group]Run actions/checkout@v4
nm_conviction-set	Run actions/checkout@v4	2026-09-11T23:52:46.1653129Z with:
nm_conviction-set	Run actions/checkout@v4	2026-09-11T23:52:46.1653895Z   ref: 2b927a4331b473ccf48080e95b3fb0e19a9bc87f
nm_conviction-set	Run actions/checkout@v4	2026-09-11T23:52:46.1655188Z   repository: Roger-LegalEase/legalease-partner-dashboard-clean
nm_conviction-set	Run actions/checkout@v4	2026-09-11T23:52:46.1664063Z   token: ***
nm_conviction-set	Run actions/checkout@v4	2026-09-11T23:52:46.1664757Z   ssh-strict: true
nm_conviction-set	Run actions/checkout@v4	2026-09-11T23:52:46.1665464Z   ssh-user: git
nm_conviction-set	Run actions/checkout@v4	2026-09-11T23:52:46.1666152Z   persist-credentials: true
nm_conviction-set	Run actions/checkout@v4	2026-09-11T23:52:46.1667099Z   clean: true
nm_conviction-set	Run actions/checkout@v4	2026-09-11T23:52:46.1667846Z   sparse-checkout-cone-mode: true
nm_conviction-set	Run actions/checkout@v4	2026-09-11T23:52:46.1668709Z   fetch-depth: 1
nm_conviction-set	Run actions/checkout@v4	2026-09-11T23:52:46.1669409Z   fetch-tags: false
nm_conviction-set	Run actions/checkout@v4	2026-09-11T23:52:46.1670160Z   show-progress: true
nm_conviction-set	Run actions/checkout@v4	2026-09-11T23:52:46.1670931Z   lfs: false
nm_conviction-set	Run actions/checkout@v4	2026-09-11T23:52:46.1671607Z   submodules: false
nm_conviction-set	Run actions/checkout@v4	2026-09-11T23:52:46.1672351Z   set-safe-directory: true
nm_conviction-set	Run actions/checkout@v4	2026-09-11T23:52:46.1673178Z   allow-unsafe-pr-checkout: false
nm_conviction-set	Run actions/checkout@v4	2026-09-11T23:52:46.1674329Z ##[endgroup]
nm_conviction-set	Run actions/checkout@v4	2026-09-11T23:52:46.2841020Z Syncing repository: Roger-LegalEase/legalease-partner-dashboard-clean
nm_conviction-set	Run actions/checkout@v4	2026-09-11T23:52:46.2845317Z ##[group]Getting Git version info
nm_conviction-set	Run actions/checkout@v4	2026-09-11T23:52:46.2848531Z Working directory is '/home/runner/work/legalease-partner-dashboard-clean/legalease-partner-dashboard-clean'
nm_conviction-set	Run actions/checkout@v4	2026-09-11T23:52:46.2852511Z [command]/usr/bin/git version
nm_conviction-set	Run actions/checkout@v4	2026-09-11T23:52:46.2907784Z git version 2.55.0
nm_conviction-set	Run actions/checkout@v4	2026-09-11T23:52:46.2943244Z ##[endgroup]
nm_conviction-set	Run actions/checkout@v4	2026-09-11T23:52:46.2954063Z Temporarily overriding HOME='/home/runner/work/_temp/c2bcaa95-cd8c-483a-bff3-8dd9fd971568' before making global git config changes
nm_conviction-set	Run actions/checkout@v4	2026-09-11T23:52:46.2965296Z Adding repository directory to the temporary git global config as a safe directory
nm_conviction-set	Run actions/checkout@v4	2026-09-11T23:52:46.2970051Z [command]/usr/bin/git config --global --add safe.directory /home/runner/work/legalease-partner-dashboard-clean/legalease-partner-dashboard-clean
nm_conviction-set	Run actions/checkout@v4	2026-09-11T23:52:46.3025110Z Deleting the contents of '/home/runner/work/legalease-partner-dashboard-clean/legalease-partner-dashboard-clean'
nm_conviction-set	Run actions/checkout@v4	2026-09-11T23:52:46.3029634Z ##[group]Initializing the repository
nm_conviction-set	Run actions/checkout@v4	2026-09-11T23:52:46.3034586Z [command]/usr/bin/git init /home/runner/work/legalease-partner-dashboard-clean/legalease-partner-dashboard-clean
nm_conviction-set	Run actions/checkout@v4	2026-09-11T23:52:46.3174635Z hint: Using 'master' as the name for the initial branch. This default branch name
nm_conviction-set	Run actions/checkout@v4	2026-09-11T23:52:46.3177855Z hint: will change to "main" in Git 3.0. To configure the initial branch name
nm_conviction-set	Run actions/checkout@v4	2026-09-11T23:52:46.3180602Z hint: to use in all of your new repositories, which will suppress this warning,
nm_conviction-set	Run actions/checkout@v4	2026-09-11T23:52:46.3182763Z hint: call:
nm_conviction-set	Run actions/checkout@v4	2026-09-11T23:52:46.3183780Z hint:
nm_conviction-set	Run actions/checkout@v4	2026-09-11T23:52:46.3185070Z hint: 	git config --global init.defaultBranch <name>
nm_conviction-set	Run actions/checkout@v4	2026-09-11T23:52:46.3186956Z hint:
nm_conviction-set	Run actions/checkout@v4	2026-09-11T23:52:46.3188524Z hint: Names commonly chosen instead of 'master' are 'main', 'trunk' and
nm_conviction-set	Run actions/checkout@v4	2026-09-11T23:52:46.3191241Z hint: 'development'. The just-created branch can be renamed via this command:
nm_conviction-set	Run actions/checkout@v4	2026-09-11T23:52:46.3193382Z hint:
nm_conviction-set	Run actions/checkout@v4	2026-09-11T23:52:46.3194405Z hint: 	git branch -m <name>
nm_conviction-set	Run actions/checkout@v4	2026-09-11T23:52:46.3195614Z hint:
nm_conviction-set	Run actions/checkout@v4	2026-09-11T23:52:46.3197993Z hint: Disable this message with "git config set advice.defaultBranchName false"
nm_conviction-set	Run actions/checkout@v4	2026-09-11T23:52:46.3202841Z Initialized empty Git repository in /home/runner/work/legalease-partner-dashboard-clean/legalease-partner-dashboard-clean/.git/
nm_conviction-set	Run actions/checkout@v4	2026-09-11T23:52:46.3209427Z [command]/usr/bin/git remote add origin https://github.com/Roger-LegalEase/legalease-partner-dashboard-clean
nm_conviction-set	Run actions/checkout@v4	2026-09-11T23:52:46.3254206Z ##[endgroup]
nm_conviction-set	Run actions/checkout@v4	2026-09-11T23:52:46.3256121Z ##[group]Disabling automatic garbage collection
nm_conviction-set	Run actions/checkout@v4	2026-09-11T23:52:46.3258608Z [command]/usr/bin/git config --local gc.auto 0
nm_conviction-set	Run actions/checkout@v4	2026-09-11T23:52:46.3294565Z ##[endgroup]
nm_conviction-set	Run actions/checkout@v4	2026-09-11T23:52:46.3297079Z ##[group]Setting up auth
nm_conviction-set	Run actions/checkout@v4	2026-09-11T23:52:46.3301087Z [command]/usr/bin/git config --local --name-only --get-regexp core\.sshCommand
nm_conviction-set	Run actions/checkout@v4	2026-09-11T23:52:46.3338253Z [command]/usr/bin/git submodule foreach --recursive sh -c "git config --local --name-only --get-regexp 'core\.sshCommand' && git config --local --unset-all 'core.sshCommand' || :"
nm_conviction-set	Run actions/checkout@v4	2026-09-11T23:52:46.3796292Z [command]/usr/bin/git config --local --name-only --get-regexp http\.https\:\/\/github\.com\/\.extraheader
nm_conviction-set	Run actions/checkout@v4	2026-09-11T23:52:46.3839288Z [command]/usr/bin/git submodule foreach --recursive sh -c "git config --local --name-only --get-regexp 'http\.https\:\/\/github\.com\/\.extraheader' && git config --local --unset-all 'http.https://github.com/.extraheader' || :"
nm_conviction-set	Run actions/checkout@v4	2026-09-11T23:52:46.4073363Z [command]/usr/bin/git config --local --name-only --get-regexp ^includeIf\.gitdir:
nm_conviction-set	Run actions/checkout@v4	2026-09-11T23:52:46.4112622Z [command]/usr/bin/git submodule foreach --recursive git config --local --show-origin --name-only --get-regexp remote.origin.url
nm_conviction-set	Run actions/checkout@v4	2026-09-11T23:52:46.4347577Z [command]/usr/bin/git config --local http.https://github.com/.extraheader AUTHORIZATION: basic ***
nm_conviction-set	Run actions/checkout@v4	2026-09-11T23:52:46.4388394Z ##[endgroup]
nm_conviction-set	Run actions/checkout@v4	2026-09-11T23:52:46.4389671Z ##[group]Fetching the repository
nm_conviction-set	Run actions/checkout@v4	2026-09-11T23:52:46.4398950Z [command]/usr/bin/git -c protocol.version=2 fetch --no-tags --prune --no-recurse-submodules --depth=1 origin 2b927a4331b473ccf48080e95b3fb0e19a9bc87f
nm_conviction-set	Run actions/checkout@v4	2026-09-11T23:53:39.3509565Z From https://github.com/Roger-LegalEase/legalease-partner-dashboard-clean
nm_conviction-set	Run actions/checkout@v4	2026-09-11T23:53:39.3514025Z  * branch              2b927a4331b473ccf48080e95b3fb0e19a9bc87f -> FETCH_HEAD
nm_conviction-set	Run actions/checkout@v4	2026-09-11T23:53:39.3518154Z ##[endgroup]
nm_conviction-set	Run actions/checkout@v4	2026-09-11T23:53:39.3519263Z ##[group]Determining the checkout info
nm_conviction-set	Run actions/checkout@v4	2026-09-11T23:53:39.3520311Z ##[endgroup]
nm_conviction-set	Run actions/checkout@v4	2026-09-11T23:53:39.3525795Z [command]/usr/bin/git sparse-checkout disable
nm_conviction-set	Run actions/checkout@v4	2026-09-11T23:53:39.3575779Z [command]/usr/bin/git config --local --unset-all extensions.worktreeConfig
nm_conviction-set	Run actions/checkout@v4	2026-09-11T23:53:39.3614696Z ##[group]Checking out the ref
nm_conviction-set	Run actions/checkout@v4	2026-09-11T23:53:39.3637621Z [command]/usr/bin/git checkout --progress --force 2b927a4331b473ccf48080e95b3fb0e19a9bc87f
nm_conviction-set	Run actions/checkout@v4	2026-09-11T23:53:40.3990900Z Updating files:  13% (3297/23621)
nm_conviction-set	Run actions/checkout@v4	2026-09-11T23:53:40.4635650Z Updating files:  14% (3307/23621)
nm_conviction-set	Run actions/checkout@v4	2026-09-11T23:53:40.5424943Z Updating files:  15% (3544/23621)
nm_conviction-set	Run actions/checkout@v4	2026-09-11T23:53:40.6042457Z Updating files:  16% (3780/23621)
nm_conviction-set	Run actions/checkout@v4	2026-09-11T23:53:40.6928451Z Updating files:  17% (4016/23621)
nm_conviction-set	Run actions/checkout@v4	2026-09-11T23:53:40.7931189Z Updating files:  18% (4252/23621)
nm_conviction-set	Run actions/checkout@v4	2026-09-11T23:53:40.9590714Z Updating files:  19% (4488/23621)
nm_conviction-set	Run actions/checkout@v4	2026-09-11T23:53:41.0768821Z Updating files:  20% (4725/23621)
nm_conviction-set	Run actions/checkout@v4	2026-09-11T23:53:41.2506538Z Updating files:  21% (4961/23621)
nm_conviction-set	Run actions/checkout@v4	2026-09-11T23:53:41.3234383Z Updating files:  22% (5197/23621)
nm_conviction-set	Run actions/checkout@v4	2026-09-11T23:53:41.3778979Z Updating files:  23% (5433/23621)
nm_conviction-set	Run actions/checkout@v4	2026-09-11T23:53:41.3971891Z Updating files:  24% (5670/23621)
nm_conviction-set	Run actions/checkout@v4	2026-09-11T23:53:41.4570156Z Updating files:  24% (5719/23621)
nm_conviction-set	Run actions/checkout@v4	2026-09-11T23:53:41.5289469Z Updating files:  25% (5906/23621)
nm_conviction-set	Run actions/checkout@v4	2026-09-11T23:53:41.6331918Z Updating files:  26% (6142/23621)
nm_conviction-set	Run actions/checkout@v4	2026-09-11T23:53:41.7378416Z Updating files:  27% (6378/23621)
nm_conviction-set	Run actions/checkout@v4	2026-09-11T23:53:41.9337236Z Updating files:  28% (6614/23621)
nm_conviction-set	Run actions/checkout@v4	2026-09-11T23:53:42.0525956Z Updating files:  29% (6851/23621)
nm_conviction-set	Run actions/checkout@v4	2026-09-11T23:53:42.1757800Z Updating files:  30% (7087/23621)
nm_conviction-set	Run actions/checkout@v4	2026-09-11T23:53:42.2732289Z Updating files:  31% (7323/23621)
nm_conviction-set	Run actions/checkout@v4	2026-09-11T23:53:42.3189977Z Updating files:  32% (7559/23621)
nm_conviction-set	Run actions/checkout@v4	2026-09-11T23:53:42.3980079Z Updating files:  33% (7795/23621)
nm_conviction-set	Run actions/checkout@v4	2026-09-11T23:53:42.4052442Z Updating files:  33% (8008/23621)
nm_conviction-set	Run actions/checkout@v4	2026-09-11T23:53:42.4842673Z Updating files:  34% (8032/23621)
nm_conviction-set	Run actions/checkout@v4	2026-09-11T23:53:42.5227666Z Updating files:  35% (8268/23621)
nm_conviction-set	Run actions/checkout@v4	2026-09-11T23:53:42.5581485Z Updating files:  36% (8504/23621)
nm_conviction-set	Run actions/checkout@v4	2026-09-11T23:53:42.6147584Z Updating files:  37% (8740/23621)
nm_conviction-set	Run actions/checkout@v4	2026-09-11T23:53:42.6907645Z Updating files:  38% (8976/23621)
nm_conviction-set	Run actions/checkout@v4	2026-09-11T23:53:42.7259134Z Updating files:  39% (9213/23621)
nm_conviction-set	Run actions/checkout@v4	2026-09-11T23:53:42.7612796Z Updating files:  40% (9449/23621)
nm_conviction-set	Run actions/checkout@v4	2026-09-11T23:53:42.7910364Z Updating files:  41% (9685/23621)
nm_conviction-set	Run actions/checkout@v4	2026-09-11T23:53:42.8084954Z Updating files:  42% (9921/23621)
nm_conviction-set	Run actions/checkout@v4	2026-09-11T23:53:42.8248896Z Updating files:  43% (10158/23621)
nm_conviction-set	Run actions/checkout@v4	2026-09-11T23:53:42.8614093Z Updating files:  44% (10394/23621)
nm_conviction-set	Run actions/checkout@v4	2026-09-11T23:53:42.8963345Z Updating files:  45% (10630/23621)
nm_conviction-set	Run actions/checkout@v4	2026-09-11T23:53:42.9144452Z Updating files:  46% (10866/23621)
nm_conviction-set	Run actions/checkout@v4	2026-09-11T23:53:43.2363418Z Updating files:  47% (11102/23621)
nm_conviction-set	Run actions/checkout@v4	2026-09-11T23:53:43.2490102Z Updating files:  48% (11339/23621)
nm_conviction-set	Run actions/checkout@v4	2026-09-11T23:53:43.2804735Z Updating files:  49% (11575/23621)
nm_conviction-set	Run actions/checkout@v4	2026-09-11T23:53:43.2975333Z Updating files:  50% (11811/23621)
nm_conviction-set	Run actions/checkout@v4	2026-09-11T23:53:43.3128012Z Updating files:  51% (12047/23621)
nm_conviction-set	Run actions/checkout@v4	2026-09-11T23:53:43.3295520Z Updating files:  52% (12283/23621)
nm_conviction-set	Run actions/checkout@v4	2026-09-11T23:53:43.3774461Z Updating files:  53% (12520/23621)
nm_conviction-set	Run actions/checkout@v4	2026-09-11T23:53:43.4046164Z Updating files:  54% (12756/23621)
nm_conviction-set	Run actions/checkout@v4	2026-09-11T23:53:43.4712476Z Updating files:  54% (12889/23621)
nm_conviction-set	Run actions/checkout@v4	2026-09-11T23:53:43.5050297Z Updating files:  55% (12992/23621)
nm_conviction-set	Run actions/checkout@v4	2026-09-11T23:53:43.5510025Z Updating files:  56% (13228/23621)
nm_conviction-set	Run actions/checkout@v4	2026-09-11T23:53:43.5806868Z Updating files:  57% (13464/23621)
nm_conviction-set	Run actions/checkout@v4	2026-09-11T23:53:43.6261310Z Updating files:  58% (13701/23621)
nm_conviction-set	Run actions/checkout@v4	2026-09-11T23:53:43.6591229Z Updating files:  59% (13937/23621)
nm_conviction-set	Run actions/checkout@v4	2026-09-11T23:53:43.7415985Z Updating files:  60% (14173/23621)
nm_conviction-set	Run actions/checkout@v4	2026-09-11T23:53:43.8497779Z Updating files:  61% (14409/23621)
nm_conviction-set	Run actions/checkout@v4	2026-09-11T23:53:43.8886760Z Updating files:  62% (14646/23621)
nm_conviction-set	Run actions/checkout@v4	2026-09-11T23:53:43.9365679Z Updating files:  63% (14882/23621)
nm_conviction-set	Run actions/checkout@v4	2026-09-11T23:53:44.0901724Z Updating files:  64% (15118/23621)
nm_conviction-set	Run actions/checkout@v4	2026-09-11T23:53:44.3980948Z Updating files:  65% (15354/23621)
nm_conviction-set	Run actions/checkout@v4	2026-09-11T23:53:44.4177602Z Updating files:  65% (15575/23621)
nm_conviction-set	Run actions/checkout@v4	2026-09-11T23:53:44.7119893Z Updating files:  66% (15590/23621)
nm_conviction-set	Run actions/checkout@v4	2026-09-11T23:53:44.7491590Z Updating files:  67% (15827/23621)
nm_conviction-set	Run actions/checkout@v4	2026-09-11T23:53:44.8133469Z Updating files:  68% (16063/23621)
nm_conviction-set	Run actions/checkout@v4	2026-09-11T23:53:44.9484431Z Updating files:  69% (16299/23621)
nm_conviction-set	Run actions/checkout@v4	2026-09-11T23:53:45.0038856Z Updating files:  70% (16535/23621)
nm_conviction-set	Run actions/checkout@v4	2026-09-11T23:53:45.0318627Z Updating files:  71% (16771/23621)
nm_conviction-set	Run actions/checkout@v4	2026-09-11T23:53:45.0884468Z Updating files:  72% (17008/23621)
nm_conviction-set	Run actions/checkout@v4	2026-09-11T23:53:45.2672525Z Updating files:  73% (17244/23621)
nm_conviction-set	Run actions/checkout@v4	2026-09-11T23:53:45.3861321Z Updating files:  74% (17480/23621)
nm_conviction-set	Run actions/checkout@v4	2026-09-11T23:53:45.3971409Z Updating files:  75% (17716/23621)
nm_conviction-set	Run actions/checkout@v4	2026-09-11T23:53:45.4101042Z Updating files:  75% (17791/23621)
nm_conviction-set	Run actions/checkout@v4	2026-09-11T23:53:45.4307435Z Updating files:  76% (17952/23621)
nm_conviction-set	Run actions/checkout@v4	2026-09-11T23:53:45.4394526Z Updating files:  77% (18189/23621)
nm_conviction-set	Run actions/checkout@v4	2026-09-11T23:53:45.4577177Z Updating files:  78% (18425/23621)
nm_conviction-set	Run actions/checkout@v4	2026-09-11T23:53:45.6132589Z Updating files:  79% (18661/23621)
nm_conviction-set	Run actions/checkout@v4	2026-09-11T23:53:45.7498713Z Updating files:  80% (18897/23621)
nm_conviction-set	Run actions/checkout@v4	2026-09-11T23:53:45.8469544Z Updating files:  81% (19134/23621)
nm_conviction-set	Run actions/checkout@v4	2026-09-11T23:53:45.8950633Z Updating files:  82% (19370/23621)
nm_conviction-set	Run actions/checkout@v4	2026-09-11T23:53:45.9194029Z Updating files:  83% (19606/23621)
nm_conviction-set	Run actions/checkout@v4	2026-09-11T23:53:45.9450157Z Updating files:  84% (19842/23621)
nm_conviction-set	Run actions/checkout@v4	2026-09-11T23:53:45.9650445Z Updating files:  85% (20078/23621)
nm_conviction-set	Run actions/checkout@v4	2026-09-11T23:53:45.9860584Z Updating files:  86% (20315/23621)
nm_conviction-set	Run actions/checkout@v4	2026-09-11T23:53:46.0095278Z Updating files:  87% (20551/23621)
nm_conviction-set	Run actions/checkout@v4	2026-09-11T23:53:46.0315673Z Updating files:  88% (20787/23621)
nm_conviction-set	Run actions/checkout@v4	2026-09-11T23:53:46.0543783Z Updating files:  89% (21023/23621)
nm_conviction-set	Run actions/checkout@v4	2026-09-11T23:53:46.0929828Z Updating files:  90% (21259/23621)
nm_conviction-set	Run actions/checkout@v4	2026-09-11T23:53:46.1073715Z Updating files:  91% (21496/23621)
nm_conviction-set	Run actions/checkout@v4	2026-09-11T23:53:46.1200042Z Updating files:  92% (21732/23621)
nm_conviction-set	Run actions/checkout@v4	2026-09-11T23:53:46.2002239Z Updating files:  93% (21968/23621)
nm_conviction-set	Run actions/checkout@v4	2026-09-11T23:53:46.4007267Z Updating files:  94% (22204/23621)
nm_conviction-set	Run actions/checkout@v4	2026-09-11T23:53:46.4927880Z Updating files:  94% (22315/23621)
nm_conviction-set	Run actions/checkout@v4	2026-09-11T23:53:46.5358210Z Updating files:  95% (22440/23621)
nm_conviction-set	Run actions/checkout@v4	2026-09-11T23:53:46.5927819Z Updating files:  96% (22677/23621)
nm_conviction-set	Run actions/checkout@v4	2026-09-11T23:53:46.6555273Z Updating files:  97% (22913/23621)
nm_conviction-set	Run actions/checkout@v4	2026-09-11T23:53:46.7127054Z Updating files:  98% (23149/23621)
nm_conviction-set	Run actions/checkout@v4	2026-09-11T23:53:46.7589826Z Updating files:  99% (23385/23621)
nm_conviction-set	Run actions/checkout@v4	2026-09-11T23:53:46.7590418Z Updating files: 100% (23621/23621)
nm_conviction-set	Run actions/checkout@v4	2026-09-11T23:53:46.7590802Z Updating files: 100% (23621/23621), done.
nm_conviction-set	Run actions/checkout@v4	2026-09-11T23:53:46.8098336Z Note: switching to '2b927a4331b473ccf48080e95b3fb0e19a9bc87f'.
nm_conviction-set	Run actions/checkout@v4	2026-09-11T23:53:46.8099547Z 
nm_conviction-set	Run actions/checkout@v4	2026-09-11T23:53:46.8100092Z You are in 'detached HEAD' state. You can look around, make experimental
nm_conviction-set	Run actions/checkout@v4	2026-09-11T23:53:46.8101167Z changes and commit them, and you can discard any commits you make in this
nm_conviction-set	Run actions/checkout@v4	2026-09-11T23:53:46.8102079Z state without impacting any branches by switching back to a branch.
nm_conviction-set	Run actions/checkout@v4	2026-09-11T23:53:46.8102532Z 
nm_conviction-set	Run actions/checkout@v4	2026-09-11T23:53:46.8102825Z If you want to create a new branch to retain commits you create, you may
nm_conviction-set	Run actions/checkout@v4	2026-09-11T23:53:46.8103617Z do so (now or later) by using -c with the switch command. Example:
nm_conviction-set	Run actions/checkout@v4	2026-09-11T23:53:46.8104104Z 
nm_conviction-set	Run actions/checkout@v4	2026-09-11T23:53:46.8104298Z   git switch -c <new-branch-name>
nm_conviction-set	Run actions/checkout@v4	2026-09-11T23:53:46.8104616Z 
nm_conviction-set	Run actions/checkout@v4	2026-09-11T23:53:46.8104790Z Or undo this operation with:
nm_conviction-set	Run actions/checkout@v4	2026-09-11T23:53:46.8105081Z 
nm_conviction-set	Run actions/checkout@v4	2026-09-11T23:53:46.8105238Z   git switch -
nm_conviction-set	Run actions/checkout@v4	2026-09-11T23:53:46.8105455Z 
nm_conviction-set	Run actions/checkout@v4	2026-09-11T23:53:46.8105798Z Turn off this advice by setting config variable advice.detachedHead to false
nm_conviction-set	Run actions/checkout@v4	2026-09-11T23:53:46.8106319Z 
nm_conviction-set	Run actions/checkout@v4	2026-09-11T23:53:46.8106995Z HEAD is now at 2b927a43 fix: rebuild three New Mexico packets on statewide Form 4-222
nm_conviction-set	Run actions/checkout@v4	2026-09-11T23:53:46.8317318Z ##[endgroup]
nm_conviction-set	Run actions/checkout@v4	2026-09-11T23:53:46.8376429Z [command]/usr/bin/git log -1 --format=%H
nm_conviction-set	Run actions/checkout@v4	2026-09-11T23:53:46.8406296Z 2b927a4331b473ccf48080e95b3fb0e19a9bc87f
nm_conviction-set	Refuse a movable ref and prove the checkout is the pinned commit	﻿2026-09-11T23:53:46.8622596Z ##[group]Run set -euo pipefail
nm_conviction-set	Refuse a movable ref and prove the checkout is the pinned commit	2026-09-11T23:53:46.8622964Z ^[[36;1mset -euo pipefail^[[0m
nm_conviction-set	Refuse a movable ref and prove the checkout is the pinned commit	2026-09-11T23:53:46.8623347Z ^[[36;1m# actions/checkout accepts a branch or tag here despite the input^[[0m
nm_conviction-set	Refuse a movable ref and prove the checkout is the pinned commit	2026-09-11T23:53:46.8623857Z ^[[36;1m# description. Three jobs resolve this ref independently, so a branch^[[0m
nm_conviction-set	Refuse a movable ref and prove the checkout is the pinned commit	2026-09-11T23:53:46.8624346Z ^[[36;1m# that moves mid-run would have them inspect different commits while^[[0m
nm_conviction-set	Refuse a movable ref and prove the checkout is the pinned commit	2026-09-11T23:53:46.8624806Z ^[[36;1m# every receipt recorded the literal branch name as the pin. An^[[0m
nm_conviction-set	Refuse a movable ref and prove the checkout is the pinned commit	2026-09-11T23:53:46.8625463Z ^[[36;1m# immutable 40-hex commit, verified against the checked-out HEAD, is^[[0m
nm_conviction-set	Refuse a movable ref and prove the checkout is the pinned commit	2026-09-11T23:53:46.8625895Z ^[[36;1m# the only input that makes a receipt findable again.^[[0m
nm_conviction-set	Refuse a movable ref and prove the checkout is the pinned commit	2026-09-11T23:53:46.8626210Z ^[[36;1mcase "$REF" in^[[0m
nm_conviction-set	Refuse a movable ref and prove the checkout is the pinned commit	2026-09-11T23:53:46.8626848Z ^[[36;1m  *[!0-9a-f]* | "") echo "REFUSED: commit_sha must be a full 40-character commit hash, got '$REF'"; exit 1;;^[[0m
nm_conviction-set	Refuse a movable ref and prove the checkout is the pinned commit	2026-09-11T23:53:46.8627317Z ^[[36;1mesac^[[0m
nm_conviction-set	Refuse a movable ref and prove the checkout is the pinned commit	2026-09-11T23:53:46.8627688Z ^[[36;1m[ "${#REF}" -eq 40 ] || { echo "REFUSED: commit_sha must be 40 hex characters, got ${#REF}"; exit 1; }^[[0m
nm_conviction-set	Refuse a movable ref and prove the checkout is the pinned commit	2026-09-11T23:53:46.8628182Z ^[[36;1mHEAD_SHA="$(git rev-parse HEAD)"^[[0m
nm_conviction-set	Refuse a movable ref and prove the checkout is the pinned commit	2026-09-11T23:53:46.8628627Z ^[[36;1m[ "$HEAD_SHA" = "$REF" ] || { echo "REFUSED: checked out $HEAD_SHA but the pin says $REF"; exit 1; }^[[0m
nm_conviction-set	Refuse a movable ref and prove the checkout is the pinned commit	2026-09-11T23:53:46.8629097Z ^[[36;1mecho "pinned commit confirmed: $HEAD_SHA"^[[0m
nm_conviction-set	Refuse a movable ref and prove the checkout is the pinned commit	2026-09-11T23:53:46.8669982Z shell: /usr/bin/bash -e {0}
nm_conviction-set	Refuse a movable ref and prove the checkout is the pinned commit	2026-09-11T23:53:46.8670245Z env:
nm_conviction-set	Refuse a movable ref and prove the checkout is the pinned commit	2026-09-11T23:53:46.8670473Z   REF: 2b927a4331b473ccf48080e95b3fb0e19a9bc87f
nm_conviction-set	Refuse a movable ref and prove the checkout is the pinned commit	2026-09-11T23:53:46.8670758Z ##[endgroup]
nm_conviction-set	Refuse a movable ref and prove the checkout is the pinned commit	2026-09-11T23:53:46.9698559Z pinned commit confirmed: 2b927a4331b473ccf48080e95b3fb0e19a9bc87f
nm_conviction-set	Run actions/setup-node@v4	﻿2026-09-11T23:53:46.9792088Z Node 20 is being deprecated. This workflow is running with Node 24 by default. If you need to temporarily use Node 20, you can set the ACTIONS_ALLOW_USE_UNSECURE_NODE_VERSION=true environment variable. For more information see: https://github.blog/changelog/2025-09-19-deprecation-of-node-20-on-github-actions-runners/
nm_conviction-set	Run actions/setup-node@v4	2026-09-11T23:53:46.9793828Z ##[group]Run actions/setup-node@v4
nm_conviction-set	Run actions/setup-node@v4	2026-09-11T23:53:46.9794085Z with:
nm_conviction-set	Run actions/setup-node@v4	2026-09-11T23:53:46.9794289Z   node-version: 22
nm_conviction-set	Run actions/setup-node@v4	2026-09-11T23:53:46.9794493Z   always-auth: false
nm_conviction-set	Run actions/setup-node@v4	2026-09-11T23:53:46.9794708Z   check-latest: false
nm_conviction-set	Run actions/setup-node@v4	2026-09-11T23:53:46.9797458Z   token: ***
nm_conviction-set	Run actions/setup-node@v4	2026-09-11T23:53:46.9797672Z ##[endgroup]
nm_conviction-set	Run actions/setup-node@v4	2026-09-11T23:53:47.3191931Z Found in cache @ /opt/hostedtoolcache/node/22.23.2/x64
nm_conviction-set	Run actions/setup-node@v4	2026-09-11T23:53:47.3197916Z (node:2273) [DEP0040] DeprecationWarning: The `punycode` module is deprecated. Please use a userland alternative instead.
nm_conviction-set	Run actions/setup-node@v4	2026-09-11T23:53:47.3199140Z (Use `node --trace-deprecation ...` to show where the warning was created)
nm_conviction-set	Run actions/setup-node@v4	2026-09-11T23:53:47.3203906Z ##[group]Environment details
nm_conviction-set	Run actions/setup-node@v4	2026-09-11T23:53:50.2671690Z node: v22.23.2
nm_conviction-set	Run actions/setup-node@v4	2026-09-11T23:53:50.2672205Z npm: 10.9.8
nm_conviction-set	Run actions/setup-node@v4	2026-09-11T23:53:50.2672557Z yarn: 1.22.22
nm_conviction-set	Run actions/setup-node@v4	2026-09-11T23:53:50.2674013Z ##[endgroup]
nm_conviction-set	Run npm ci --cache /tmp/npm-cache	﻿2026-09-11T23:53:50.2802652Z ##[group]Run npm ci --cache /tmp/npm-cache
nm_conviction-set	Run npm ci --cache /tmp/npm-cache	2026-09-11T23:53:50.2803024Z ^[[36;1mnpm ci --cache /tmp/npm-cache^[[0m
nm_conviction-set	Run npm ci --cache /tmp/npm-cache	2026-09-11T23:53:50.2847594Z shell: /usr/bin/bash -e {0}
nm_conviction-set	Run npm ci --cache /tmp/npm-cache	2026-09-11T23:53:50.2847859Z ##[endgroup]
nm_conviction-set	Run npm ci --cache /tmp/npm-cache	2026-09-11T23:54:12.9027429Z 
nm_conviction-set	Run npm ci --cache /tmp/npm-cache	2026-09-11T23:54:12.9036230Z added 492 packages, and audited 493 packages in 23s
nm_conviction-set	Run npm ci --cache /tmp/npm-cache	2026-09-11T23:54:12.9036580Z 
nm_conviction-set	Run npm ci --cache /tmp/npm-cache	2026-09-11T23:54:12.9037162Z 186 packages are looking for funding
nm_conviction-set	Run npm ci --cache /tmp/npm-cache	2026-09-11T23:54:12.9037490Z   run `npm fund` for details
nm_conviction-set	Run npm ci --cache /tmp/npm-cache	2026-09-11T23:54:13.0858901Z 
nm_conviction-set	Run npm ci --cache /tmp/npm-cache	2026-09-11T23:54:13.0859783Z 39 vulnerabilities (2 low, 29 moderate, 7 high, 1 critical)
nm_conviction-set	Run npm ci --cache /tmp/npm-cache	2026-09-11T23:54:13.0860206Z 
nm_conviction-set	Run npm ci --cache /tmp/npm-cache	2026-09-11T23:54:13.0860505Z To address issues that do not require attention, run:
nm_conviction-set	Run npm ci --cache /tmp/npm-cache	2026-09-11T23:54:13.0860973Z   npm audit fix
nm_conviction-set	Run npm ci --cache /tmp/npm-cache	2026-09-11T23:54:13.0861144Z 
nm_conviction-set	Run npm ci --cache /tmp/npm-cache	2026-09-11T23:54:13.0861309Z To address all issues, run:
nm_conviction-set	Run npm ci --cache /tmp/npm-cache	2026-09-11T23:54:13.0861653Z   npm audit fix --force
nm_conviction-set	Run npm ci --cache /tmp/npm-cache	2026-09-11T23:54:13.0861847Z 
nm_conviction-set	Run npm ci --cache /tmp/npm-cache	2026-09-11T23:54:13.0862003Z Run `npm audit` for details.
nm_conviction-set	Run actions/setup-python@v5	﻿2026-09-11T23:54:13.1675907Z Node 20 is being deprecated. This workflow is running with Node 24 by default. If you need to temporarily use Node 20, you can set the ACTIONS_ALLOW_USE_UNSECURE_NODE_VERSION=true environment variable. For more information see: https://github.blog/changelog/2025-09-19-deprecation-of-node-20-on-github-actions-runners/
nm_conviction-set	Run actions/setup-python@v5	2026-09-11T23:54:13.1677419Z ##[group]Run actions/setup-python@v5
nm_conviction-set	Run actions/setup-python@v5	2026-09-11T23:54:13.1677684Z with:
nm_conviction-set	Run actions/setup-python@v5	2026-09-11T23:54:13.1677885Z   python-version: 3.12
nm_conviction-set	Run actions/setup-python@v5	2026-09-11T23:54:13.1678117Z   check-latest: false
nm_conviction-set	Run actions/setup-python@v5	2026-09-11T23:54:13.1680551Z   token: ***
nm_conviction-set	Run actions/setup-python@v5	2026-09-11T23:54:13.1680950Z   update-environment: true
nm_conviction-set	Run actions/setup-python@v5	2026-09-11T23:54:13.1681189Z   allow-prereleases: false
nm_conviction-set	Run actions/setup-python@v5	2026-09-11T23:54:13.1681410Z   freethreaded: false
nm_conviction-set	Run actions/setup-python@v5	2026-09-11T23:54:13.1681621Z ##[endgroup]
nm_conviction-set	Run actions/setup-python@v5	2026-09-11T23:54:13.3011552Z ##[group]Installed versions
nm_conviction-set	Run actions/setup-python@v5	2026-09-11T23:54:13.3414786Z (node:2341) [DEP0040] DeprecationWarning: The `punycode` module is deprecated. Please use a userland alternative instead.
nm_conviction-set	Run actions/setup-python@v5	2026-09-11T23:54:13.3416440Z (Use `node --trace-deprecation ...` to show where the warning was created)
nm_conviction-set	Run actions/setup-python@v5	2026-09-11T23:54:13.3417692Z Successfully set up CPython (3.12.14)
nm_conviction-set	Run actions/setup-python@v5	2026-09-11T23:54:13.3418482Z ##[endgroup]
nm_conviction-set	Install the pinned encrypted-PDF reader	﻿2026-09-11T23:54:13.3558357Z ##[group]Run python -m pip install --disable-pip-version-check pikepdf==10.12.0
nm_conviction-set	Install the pinned encrypted-PDF reader	2026-09-11T23:54:13.3558965Z ^[[36;1mpython -m pip install --disable-pip-version-check pikepdf==10.12.0^[[0m
nm_conviction-set	Install the pinned encrypted-PDF reader	2026-09-11T23:54:13.3673854Z shell: /usr/bin/bash -e {0}
nm_conviction-set	Install the pinned encrypted-PDF reader	2026-09-11T23:54:13.3674265Z env:
nm_conviction-set	Install the pinned encrypted-PDF reader	2026-09-11T23:54:13.3674557Z   pythonLocation: /opt/hostedtoolcache/Python/3.12.14/x64
nm_conviction-set	Install the pinned encrypted-PDF reader	2026-09-11T23:54:13.3675048Z   PKG_CONFIG_PATH: /opt/hostedtoolcache/Python/3.12.14/x64/lib/pkgconfig
nm_conviction-set	Install the pinned encrypted-PDF reader	2026-09-11T23:54:13.3675483Z   Python_ROOT_DIR: /opt/hostedtoolcache/Python/3.12.14/x64
nm_conviction-set	Install the pinned encrypted-PDF reader	2026-09-11T23:54:13.3675881Z   Python2_ROOT_DIR: /opt/hostedtoolcache/Python/3.12.14/x64
nm_conviction-set	Install the pinned encrypted-PDF reader	2026-09-11T23:54:13.3676266Z   Python3_ROOT_DIR: /opt/hostedtoolcache/Python/3.12.14/x64
nm_conviction-set	Install the pinned encrypted-PDF reader	2026-09-11T23:54:13.3676885Z   LD_LIBRARY_PATH: /opt/hostedtoolcache/Python/3.12.14/x64/lib
nm_conviction-set	Install the pinned encrypted-PDF reader	2026-09-11T23:54:13.3677233Z ##[endgroup]
nm_conviction-set	Install the pinned encrypted-PDF reader	2026-09-11T23:54:16.2271077Z Collecting pikepdf==10.12.0
nm_conviction-set	Install the pinned encrypted-PDF reader	2026-09-11T23:54:16.2800745Z   Downloading pikepdf-10.12.0-cp312-cp312-manylinux_2_27_x86_64.manylinux_2_28_x86_64.whl.metadata (11 kB)
nm_conviction-set	Install the pinned encrypted-PDF reader	2026-09-11T23:54:16.4318865Z Collecting Pillow>=10.0.1 (from pikepdf==10.12.0)
nm_conviction-set	Install the pinned encrypted-PDF reader	2026-09-11T23:54:16.4358799Z   Downloading pillow-12.3.0-cp312-cp312-manylinux_2_27_x86_64.manylinux_2_28_x86_64.whl.metadata (9.1 kB)
nm_conviction-set	Install the pinned encrypted-PDF reader	2026-09-11T23:54:16.6552769Z Collecting lxml>=4.8 (from pikepdf==10.12.0)
nm_conviction-set	Install the pinned encrypted-PDF reader	2026-09-11T23:54:16.6595385Z   Downloading lxml-6.1.3-cp312-cp312-manylinux_2_26_x86_64.manylinux_2_28_x86_64.whl.metadata (3.3 kB)
nm_conviction-set	Install the pinned encrypted-PDF reader	2026-09-11T23:54:16.6767596Z Collecting packaging (from pikepdf==10.12.0)
nm_conviction-set	Install the pinned encrypted-PDF reader	2026-09-11T23:54:16.6799651Z   Downloading packaging-26.3-py3-none-any.whl.metadata (3.5 kB)
nm_conviction-set	Install the pinned encrypted-PDF reader	2026-09-11T23:54:16.6916252Z Downloading pikepdf-10.12.0-cp312-cp312-manylinux_2_27_x86_64.manylinux_2_28_x86_64.whl (2.3 MB)
nm_conviction-set	Install the pinned encrypted-PDF reader	2026-09-11T23:54:16.7247181Z    ━━━━━━━━━━━━━━━━━━━━━━━━━━━━━━━━━━━━━━━━ 2.3/2.3 MB 134.8 MB/s  0:00:00
nm_conviction-set	Install the pinned encrypted-PDF reader	2026-09-11T23:54:16.7294334Z Downloading lxml-6.1.3-cp312-cp312-manylinux_2_26_x86_64.manylinux_2_28_x86_64.whl (5.2 MB)
nm_conviction-set	Install the pinned encrypted-PDF reader	2026-09-11T23:54:16.7607304Z    ━━━━━━━━━━━━━━━━━━━━━━━━━━━━━━━━━━━━━━━━ 5.2/5.2 MB 172.9 MB/s  0:00:00
nm_conviction-set	Install the pinned encrypted-PDF reader	2026-09-11T23:54:16.7642522Z Downloading pillow-12.3.0-cp312-cp312-manylinux_2_27_x86_64.manylinux_2_28_x86_64.whl (6.9 MB)
nm_conviction-set	Install the pinned encrypted-PDF reader	2026-09-11T23:54:16.7910853Z    ━━━━━━━━━━━━━━━━━━━━━━━━━━━━━━━━━━━━━━━━ 6.9/6.9 MB 275.1 MB/s  0:00:00
nm_conviction-set	Install the pinned encrypted-PDF reader	2026-09-11T23:54:16.7946073Z Downloading packaging-26.3-py3-none-any.whl (129 kB)
nm_conviction-set	Install the pinned encrypted-PDF reader	2026-09-11T23:54:17.0242289Z Installing collected packages: Pillow, packaging, lxml, pikepdf
nm_conviction-set	Install the pinned encrypted-PDF reader	2026-09-11T23:54:17.6825914Z 
nm_conviction-set	Install the pinned encrypted-PDF reader	2026-09-11T23:54:17.6840391Z Successfully installed Pillow-12.3.0 lxml-6.1.3 packaging-26.3 pikepdf-10.12.0
nm_conviction-set	Provision the browser	﻿2026-09-11T23:54:17.7499822Z ##[group]Run set -euo pipefail
nm_conviction-set	Provision the browser	2026-09-11T23:54:17.7500167Z ^[[36;1mset -euo pipefail^[[0m
nm_conviction-set	Provision the browser	2026-09-11T23:54:17.7500510Z ^[[36;1mexport PLAYWRIGHT_BROWSERS_PATH="$HOME/.cache/ms-playwright"^[[0m
nm_conviction-set	Provision the browser	2026-09-11T23:54:17.7500944Z ^[[36;1mnpx --yes playwright install --with-deps chromium^[[0m
nm_conviction-set	Provision the browser	2026-09-11T23:54:17.7501402Z ^[[36;1mecho "PLAYWRIGHT_BROWSERS_PATH=$PLAYWRIGHT_BROWSERS_PATH" >> "$GITHUB_ENV"^[[0m
nm_conviction-set	Provision the browser	2026-09-11T23:54:17.7537928Z shell: /usr/bin/bash -e {0}
nm_conviction-set	Provision the browser	2026-09-11T23:54:17.7538176Z env:
nm_conviction-set	Provision the browser	2026-09-11T23:54:17.7538440Z   pythonLocation: /opt/hostedtoolcache/Python/3.12.14/x64
nm_conviction-set	Provision the browser	2026-09-11T23:54:17.7538866Z   PKG_CONFIG_PATH: /opt/hostedtoolcache/Python/3.12.14/x64/lib/pkgconfig
nm_conviction-set	Provision the browser	2026-09-11T23:54:17.7539289Z   Python_ROOT_DIR: /opt/hostedtoolcache/Python/3.12.14/x64
nm_conviction-set	Provision the browser	2026-09-11T23:54:17.7539664Z   Python2_ROOT_DIR: /opt/hostedtoolcache/Python/3.12.14/x64
nm_conviction-set	Provision the browser	2026-09-11T23:54:17.7540205Z   Python3_ROOT_DIR: /opt/hostedtoolcache/Python/3.12.14/x64
nm_conviction-set	Provision the browser	2026-09-11T23:54:17.7540586Z   LD_LIBRARY_PATH: /opt/hostedtoolcache/Python/3.12.14/x64/lib
nm_conviction-set	Provision the browser	2026-09-11T23:54:17.7540931Z ##[endgroup]
nm_conviction-set	Provision the browser	2026-09-11T23:54:18.5389484Z Installing dependencies...
nm_conviction-set	Provision the browser	2026-09-11T23:54:18.5457928Z Switching to root user to install dependencies...
nm_conviction-set	Provision the browser	2026-09-11T23:54:18.6548557Z Get:1 file:/etc/apt/apt-mirrors.txt Mirrorlist [144 B]
nm_conviction-set	Provision the browser	2026-09-11T23:54:18.7018771Z Hit:2 http://azure.archive.ubuntu.com/ubuntu noble InRelease
nm_conviction-set	Provision the browser	2026-09-11T23:54:18.7020244Z Get:6 https://packages.microsoft.com/ubuntu/24.04/prod noble InRelease [3600 B]
nm_conviction-set	Provision the browser	2026-09-11T23:54:18.7034225Z Get:3 http://azure.archive.ubuntu.com/ubuntu noble-updates InRelease [126 kB]
nm_conviction-set	Provision the browser	2026-09-11T23:54:18.7087489Z Get:4 http://azure.archive.ubuntu.com/ubuntu noble-backports InRelease [126 kB]
nm_conviction-set	Provision the browser	2026-09-11T23:54:18.7120878Z Get:5 http://azure.archive.ubuntu.com/ubuntu noble-security InRelease [126 kB]
nm_conviction-set	Provision the browser	2026-09-11T23:54:18.7131884Z Get:7 https://dl.google.com/linux/chrome-stable/deb stable InRelease [2548 B]
nm_conviction-set	Provision the browser	2026-09-11T23:54:18.8379064Z Get:8 https://packages.microsoft.com/ubuntu/24.04/prod noble/main arm64 Packages [414 kB]
nm_conviction-set	Provision the browser	2026-09-11T23:54:18.8538820Z Get:9 https://packages.microsoft.com/ubuntu/24.04/prod noble/main amd64 Packages [463 kB]
nm_conviction-set	Provision the browser	2026-09-11T23:54:18.8900862Z Get:10 http://azure.archive.ubuntu.com/ubuntu noble-updates/main amd64 Packages [1263 kB]
nm_conviction-set	Provision the browser	2026-09-11T23:54:18.8978337Z Get:11 http://azure.archive.ubuntu.com/ubuntu noble-updates/main Translation-en [292 kB]
nm_conviction-set	Provision the browser	2026-09-11T23:54:18.8991142Z Get:12 http://azure.archive.ubuntu.com/ubuntu noble-updates/main amd64 Components [180 kB]
nm_conviction-set	Provision the browser	2026-09-11T23:54:18.9008679Z Get:13 http://azure.archive.ubuntu.com/ubuntu noble-updates/universe amd64 Packages [1690 kB]
nm_conviction-set	Provision the browser	2026-09-11T23:54:18.9082717Z Get:14 http://azure.archive.ubuntu.com/ubuntu noble-updates/universe amd64 Components [387 kB]
nm_conviction-set	Provision the browser	2026-09-11T23:54:18.9106408Z Get:15 http://azure.archive.ubuntu.com/ubuntu noble-updates/restricted amd64 Packages [1544 kB]
nm_conviction-set	Provision the browser	2026-09-11T23:54:18.9188199Z Get:16 http://azure.archive.ubuntu.com/ubuntu noble-updates/restricted Translation-en [354 kB]
nm_conviction-set	Provision the browser	2026-09-11T23:54:18.9238573Z Get:17 http://azure.archive.ubuntu.com/ubuntu noble-updates/multiverse amd64 Components [940 B]
nm_conviction-set	Provision the browser	2026-09-11T23:54:18.9536241Z Get:18 http://azure.archive.ubuntu.com/ubuntu noble-backports/main amd64 Components [5748 B]
nm_conviction-set	Provision the browser	2026-09-11T23:54:18.9541721Z Get:19 http://azure.archive.ubuntu.com/ubuntu noble-backports/universe amd64 Components [12.6 kB]
nm_conviction-set	Provision the browser	2026-09-11T23:54:19.0555488Z Get:20 http://azure.archive.ubuntu.com/ubuntu noble-security/main amd64 Packages [1006 kB]
nm_conviction-set	Provision the browser	2026-09-11T23:54:19.0638441Z Get:21 http://azure.archive.ubuntu.com/ubuntu noble-security/main Translation-en [213 kB]
nm_conviction-set	Provision the browser	2026-09-11T23:54:19.0652861Z Get:22 http://azure.archive.ubuntu.com/ubuntu noble-security/main amd64 Components [46.5 kB]
nm_conviction-set	Provision the browser	2026-09-11T23:54:19.0668409Z Get:23 http://azure.archive.ubuntu.com/ubuntu noble-security/universe amd64 Packages [1206 kB]
nm_conviction-set	Provision the browser	2026-09-11T23:54:19.0731554Z Get:24 http://azure.archive.ubuntu.com/ubuntu noble-security/universe amd64 Components [76.3 kB]
nm_conviction-set	Provision the browser	2026-09-11T23:54:19.0768294Z Get:25 http://azure.archive.ubuntu.com/ubuntu noble-security/restricted amd64 Packages [1445 kB]
nm_conviction-set	Provision the browser	2026-09-11T23:54:19.0879082Z Get:26 http://azure.archive.ubuntu.com/ubuntu noble-security/restricted Translation-en [336 kB]
nm_conviction-set	Provision the browser	2026-09-11T23:54:19.0957971Z Get:27 https://dl.google.com/linux/chrome-stable/deb stable/main amd64 Packages [1413 B]
nm_conviction-set	Provision the browser	2026-09-11T23:54:23.2366989Z Fetched 11.3 MB in 1s (8740 kB/s)
nm_conviction-set	Provision the browser	2026-09-11T23:54:24.0480717Z Reading package lists...
nm_conviction-set	Provision the browser	2026-09-11T23:54:24.0720983Z Reading package lists...
nm_conviction-set	Provision the browser	2026-09-11T23:54:24.2379449Z Building dependency tree...
nm_conviction-set	Provision the browser	2026-09-11T23:54:24.2387216Z Reading state information...
nm_conviction-set	Provision the browser	2026-09-11T23:54:24.3696035Z libasound2t64 is already the newest version (1.2.11-1ubuntu0.3).
nm_conviction-set	Provision the browser	2026-09-11T23:54:24.3697176Z libasound2t64 set to manually installed.
nm_conviction-set	Provision the browser	2026-09-11T23:54:24.3698116Z libatk-bridge2.0-0t64 is already the newest version (2.52.0-1build1).
nm_conviction-set	Provision the browser	2026-09-11T23:54:24.3699598Z libatk-bridge2.0-0t64 set to manually installed.
nm_conviction-set	Provision the browser	2026-09-11T23:54:24.3700391Z libatk1.0-0t64 is already the newest version (2.52.0-1build1).
nm_conviction-set	Provision the browser	2026-09-11T23:54:24.3701142Z libatk1.0-0t64 set to manually installed.
nm_conviction-set	Provision the browser	2026-09-11T23:54:24.3701818Z libatspi2.0-0t64 is already the newest version (2.52.0-1build1).
nm_conviction-set	Provision the browser	2026-09-11T23:54:24.3702351Z libatspi2.0-0t64 set to manually installed.
nm_conviction-set	Provision the browser	2026-09-11T23:54:24.3702770Z libcairo2 is already the newest version (1.18.0-3build1).
nm_conviction-set	Provision the browser	2026-09-11T23:54:24.3703153Z libcairo2 set to manually installed.
nm_conviction-set	Provision the browser	2026-09-11T23:54:24.3703572Z libcups2t64 is already the newest version (2.4.7-1.2ubuntu7.14).
nm_conviction-set	Provision the browser	2026-09-11T23:54:24.3703982Z libcups2t64 set to manually installed.
nm_conviction-set	Provision the browser	2026-09-11T23:54:24.3704391Z libdbus-1-3 is already the newest version (1.14.10-4ubuntu4.1).
nm_conviction-set	Provision the browser	2026-09-11T23:54:24.3704788Z libdbus-1-3 set to manually installed.
nm_conviction-set	Provision the browser	2026-09-11T23:54:24.3705197Z libdrm2 is already the newest version (2.4.125-1ubuntu0.1~24.04.2).
nm_conviction-set	Provision the browser	2026-09-11T23:54:24.3705796Z libdrm2 set to manually installed.
nm_conviction-set	Provision the browser	2026-09-11T23:54:24.3706296Z libgbm1 is already the newest version (25.2.8-0ubuntu0.24.04.2).
nm_conviction-set	Provision the browser	2026-09-11T23:54:24.3706969Z libgbm1 set to manually installed.
nm_conviction-set	Provision the browser	2026-09-11T23:54:24.3707414Z libglib2.0-0t64 is already the newest version (2.80.0-6ubuntu3.8).
nm_conviction-set	Provision the browser	2026-09-11T23:54:24.3707844Z libglib2.0-0t64 set to manually installed.
nm_conviction-set	Provision the browser	2026-09-11T23:54:24.3708261Z libnspr4 is already the newest version (2:4.35-1.1build1).
nm_conviction-set	Provision the browser	2026-09-11T23:54:24.3708644Z libnspr4 set to manually installed.
nm_conviction-set	Provision the browser	2026-09-11T23:54:24.3709030Z libnss3 is already the newest version (2:3.98-1ubuntu0.2).
nm_conviction-set	Provision the browser	2026-09-11T23:54:24.3709522Z libnss3 set to manually installed.
nm_conviction-set	Provision the browser	2026-09-11T23:54:24.3710046Z libpango-1.0-0 is already the newest version (1.52.1+ds-1build1).
nm_conviction-set	Provision the browser	2026-09-11T23:54:24.3710471Z libpango-1.0-0 set to manually installed.
nm_conviction-set	Provision the browser	2026-09-11T23:54:24.3710866Z libx11-6 is already the newest version (2:1.8.7-1build1).
nm_conviction-set	Provision the browser	2026-09-11T23:54:24.3711230Z libx11-6 set to manually installed.
nm_conviction-set	Provision the browser	2026-09-11T23:54:24.3711588Z libxcb1 is already the newest version (1.15-1ubuntu2).
nm_conviction-set	Provision the browser	2026-09-11T23:54:24.3711941Z libxcb1 set to manually installed.
nm_conviction-set	Provision the browser	2026-09-11T23:54:24.3712353Z libxcomposite1 is already the newest version (1:0.4.5-1build3).
nm_conviction-set	Provision the browser	2026-09-11T23:54:24.3712771Z libxcomposite1 set to manually installed.
nm_conviction-set	Provision the browser	2026-09-11T23:54:24.3713416Z libxdamage1 is already the newest version (1:1.1.6-1build1).
nm_conviction-set	Provision the browser	2026-09-11T23:54:24.3714071Z libxdamage1 set to manually installed.
nm_conviction-set	Provision the browser	2026-09-11T23:54:24.3714742Z libxext6 is already the newest version (2:1.3.4-1build2).
nm_conviction-set	Provision the browser	2026-09-11T23:54:24.3715388Z libxext6 set to manually installed.
nm_conviction-set	Provision the browser	2026-09-11T23:54:24.3716097Z libxfixes3 is already the newest version (1:6.0.0-2build1).
nm_conviction-set	Provision the browser	2026-09-11T23:54:24.3716505Z libxfixes3 set to manually installed.
nm_conviction-set	Provision the browser	2026-09-11T23:54:24.3717186Z libxkbcommon0 is already the newest version (1.6.0-1build1).
nm_conviction-set	Provision the browser	2026-09-11T23:54:24.3717585Z libxkbcommon0 set to manually installed.
nm_conviction-set	Provision the browser	2026-09-11T23:54:24.3717977Z libxrandr2 is already the newest version (2:1.5.2-2build1).
nm_conviction-set	Provision the browser	2026-09-11T23:54:24.3718370Z libxrandr2 set to manually installed.
nm_conviction-set	Provision the browser	2026-09-11T23:54:24.3718751Z xvfb is already the newest version (2:21.1.12-1ubuntu1.6).
nm_conviction-set	Provision the browser	2026-09-11T23:54:24.3719271Z fonts-noto-color-emoji is already the newest version (2.047-0ubuntu0.24.04.1).
nm_conviction-set	Provision the browser	2026-09-11T23:54:24.3720637Z libfontconfig1 is already the newest version (2.15.0-1.1ubuntu2).
nm_conviction-set	Provision the browser	2026-09-11T23:54:24.3721386Z libfontconfig1 set to manually installed.
nm_conviction-set	Provision the browser	2026-09-11T23:54:24.3721958Z libfreetype6 is already the newest version (2.13.2+dfsg-1ubuntu0.1).
nm_conviction-set	Provision the browser	2026-09-11T23:54:24.3722401Z libfreetype6 set to manually installed.
nm_conviction-set	Provision the browser	2026-09-11T23:54:24.3722805Z fonts-liberation is already the newest version (1:2.1.5-3).
nm_conviction-set	Provision the browser	2026-09-11T23:54:24.3723207Z fonts-liberation set to manually installed.
nm_conviction-set	Provision the browser	2026-09-11T23:54:24.3723626Z The following additional packages will be installed:
nm_conviction-set	Provision the browser	2026-09-11T23:54:24.3723983Z   xfonts-encodings xfonts-utils
nm_conviction-set	Provision the browser	2026-09-11T23:54:24.3724267Z Recommended packages:
nm_conviction-set	Provision the browser	2026-09-11T23:54:24.3724539Z   fonts-ipafont-mincho fonts-tlwg-loma
nm_conviction-set	Provision the browser	2026-09-11T23:54:24.3909222Z The following NEW packages will be installed:
nm_conviction-set	Provision the browser	2026-09-11T23:54:24.3910239Z   fonts-freefont-ttf fonts-ipafont-gothic fonts-tlwg-loma-otf fonts-unifont
nm_conviction-set	Provision the browser	2026-09-11T23:54:24.3917313Z   fonts-wqy-zenhei xfonts-cyrillic xfonts-encodings xfonts-scalable
nm_conviction-set	Provision the browser	2026-09-11T23:54:24.3918240Z   xfonts-utils
nm_conviction-set	Provision the browser	2026-09-11T23:54:24.4092546Z 0 upgraded, 9 newly installed, 0 to remove and 50 not upgraded.
nm_conviction-set	Provision the browser	2026-09-11T23:54:24.4093359Z Need to get 21.1 MB of archives.
nm_conviction-set	Provision the browser	2026-09-11T23:54:24.4094059Z After this operation, 79.5 MB of additional disk space will be used.
nm_conviction-set	Provision the browser	2026-09-11T23:54:24.4094854Z Get:1 file:/etc/apt/apt-mirrors.txt Mirrorlist [144 B]
nm_conviction-set	Provision the browser	2026-09-11T23:54:24.4319412Z Get:2 http://azure.archive.ubuntu.com/ubuntu noble/universe amd64 fonts-ipafont-gothic all 00303-21ubuntu1 [3513 kB]
nm_conviction-set	Provision the browser	2026-09-11T23:54:24.5026994Z Get:3 http://azure.archive.ubuntu.com/ubuntu noble/main amd64 fonts-freefont-ttf all 20211204+svn4273-2 [5641 kB]
nm_conviction-set	Provision the browser	2026-09-11T23:54:24.6174024Z Get:4 http://azure.archive.ubuntu.com/ubuntu noble/universe amd64 fonts-tlwg-loma-otf all 1:0.7.3-1 [107 kB]
nm_conviction-set	Provision the browser	2026-09-11T23:54:24.6245174Z Get:5 http://azure.archive.ubuntu.com/ubuntu noble/universe amd64 fonts-unifont all 1:15.1.01-1build1 [2993 kB]
nm_conviction-set	Provision the browser	2026-09-11T23:54:24.6655415Z Get:6 http://azure.archive.ubuntu.com/ubuntu noble/universe amd64 fonts-wqy-zenhei all 0.9.45-8 [7472 kB]
nm_conviction-set	Provision the browser	2026-09-11T23:54:24.7485646Z Get:7 http://azure.archive.ubuntu.com/ubuntu noble/main amd64 xfonts-encodings all 1:1.0.5-0ubuntu2 [578 kB]
nm_conviction-set	Provision the browser	2026-09-11T23:54:24.7718238Z Get:8 http://azure.archive.ubuntu.com/ubuntu noble/main amd64 xfonts-utils amd64 1:7.7+6build3 [94.4 kB]
nm_conviction-set	Provision the browser	2026-09-11T23:54:24.7788875Z Get:9 http://azure.archive.ubuntu.com/ubuntu noble/universe amd64 xfonts-cyrillic all 1:1.0.5+nmu1 [384 kB]
nm_conviction-set	Provision the browser	2026-09-11T23:54:24.7890015Z Get:10 http://azure.archive.ubuntu.com/ubuntu noble/main amd64 xfonts-scalable all 1:1.0.3-1.3 [304 kB]
nm_conviction-set	Provision the browser	2026-09-11T23:54:25.0534254Z Fetched 21.1 MB in 0s (53.7 MB/s)
nm_conviction-set	Provision the browser	2026-09-11T23:54:25.0781605Z Selecting previously unselected package fonts-ipafont-gothic.
nm_conviction-set	Provision the browser	2026-09-11T23:54:25.1141973Z (Reading database ... 
nm_conviction-set	Provision the browser	2026-09-11T23:54:25.1142525Z (Reading database ... 5%
nm_conviction-set	Provision the browser	2026-09-11T23:54:25.1142963Z (Reading database ... 10%
nm_conviction-set	Provision the browser	2026-09-11T23:54:25.1143264Z (Reading database ... 15%
nm_conviction-set	Provision the browser	2026-09-11T23:54:25.1143539Z (Reading database ... 20%
nm_conviction-set	Provision the browser	2026-09-11T23:54:25.1143857Z (Reading database ... 25%
nm_conviction-set	Provision the browser	2026-09-11T23:54:25.1144125Z (Reading database ... 30%
nm_conviction-set	Provision the browser	2026-09-11T23:54:25.1144641Z (Reading database ... 35%
nm_conviction-set	Provision the browser	2026-09-11T23:54:25.1145105Z (Reading database ... 40%
nm_conviction-set	Provision the browser	2026-09-11T23:54:25.1145572Z (Reading database ... 45%
nm_conviction-set	Provision the browser	2026-09-11T23:54:25.1146039Z (Reading database ... 50%
nm_conviction-set	Provision the browser	2026-09-11T23:54:25.1191712Z (Reading database ... 55%
nm_conviction-set	Provision the browser	2026-09-11T23:54:25.2705472Z (Reading database ... 60%
nm_conviction-set	Provision the browser	2026-09-11T23:54:25.4136572Z (Reading database ... 65%
nm_conviction-set	Provision the browser	2026-09-11T23:54:25.6127934Z (Reading database ... 70%
nm_conviction-set	Provision the browser	2026-09-11T23:54:25.7717107Z (Reading database ... 75%
nm_conviction-set	Provision the browser	2026-09-11T23:54:25.9269185Z (Reading database ... 80%
nm_conviction-set	Provision the browser	2026-09-11T23:54:26.0190930Z (Reading database ... 85%
nm_conviction-set	Provision the browser	2026-09-11T23:54:26.1733576Z (Reading database ... 90%
nm_conviction-set	Provision the browser	2026-09-11T23:54:26.2875666Z (Reading database ... 95%
nm_conviction-set	Provision the browser	2026-09-11T23:54:26.2876348Z (Reading database ... 100%
nm_conviction-set	Provision the browser	2026-09-11T23:54:26.2877213Z (Reading database ... 201818 files and directories currently installed.)
nm_conviction-set	Provision the browser	2026-09-11T23:54:26.2919885Z Preparing to unpack .../0-fonts-ipafont-gothic_00303-21ubuntu1_all.deb ...
nm_conviction-set	Provision the browser	2026-09-11T23:54:26.3012713Z Unpacking fonts-ipafont-gothic (00303-21ubuntu1) ...
nm_conviction-set	Provision the browser	2026-09-11T23:54:26.5333466Z Selecting previously unselected package fonts-freefont-ttf.
nm_conviction-set	Provision the browser	2026-09-11T23:54:26.5459214Z Preparing to unpack .../1-fonts-freefont-ttf_20211204+svn4273-2_all.deb ...
nm_conviction-set	Provision the browser	2026-09-11T23:54:26.5467753Z Unpacking fonts-freefont-ttf (20211204+svn4273-2) ...
nm_conviction-set	Provision the browser	2026-09-11T23:54:26.6323405Z Selecting previously unselected package fonts-tlwg-loma-otf.
nm_conviction-set	Provision the browser	2026-09-11T23:54:26.6450094Z Preparing to unpack .../2-fonts-tlwg-loma-otf_1%3a0.7.3-1_all.deb ...
nm_conviction-set	Provision the browser	2026-09-11T23:54:26.6458490Z Unpacking fonts-tlwg-loma-otf (1:0.7.3-1) ...
nm_conviction-set	Provision the browser	2026-09-11T23:54:26.6872060Z Selecting previously unselected package fonts-unifont.
nm_conviction-set	Provision the browser	2026-09-11T23:54:26.7000303Z Preparing to unpack .../3-fonts-unifont_1%3a15.1.01-1build1_all.deb ...
nm_conviction-set	Provision the browser	2026-09-11T23:54:26.7008918Z Unpacking fonts-unifont (1:15.1.01-1build1) ...
nm_conviction-set	Provision the browser	2026-09-11T23:54:26.8172255Z Selecting previously unselected package fonts-wqy-zenhei.
nm_conviction-set	Provision the browser	2026-09-11T23:54:26.8297552Z Preparing to unpack .../4-fonts-wqy-zenhei_0.9.45-8_all.deb ...
nm_conviction-set	Provision the browser	2026-09-11T23:54:26.8396284Z Unpacking fonts-wqy-zenhei (0.9.45-8) ...
nm_conviction-set	Provision the browser	2026-09-11T23:54:27.3041037Z Selecting previously unselected package xfonts-encodings.
nm_conviction-set	Provision the browser	2026-09-11T23:54:27.3167908Z Preparing to unpack .../5-xfonts-encodings_1%3a1.0.5-0ubuntu2_all.deb ...
nm_conviction-set	Provision the browser	2026-09-11T23:54:27.3177196Z Unpacking xfonts-encodings (1:1.0.5-0ubuntu2) ...
nm_conviction-set	Provision the browser	2026-09-11T23:54:27.3480621Z Selecting previously unselected package xfonts-utils.
nm_conviction-set	Provision the browser	2026-09-11T23:54:27.3604508Z Preparing to unpack .../6-xfonts-utils_1%3a7.7+6build3_amd64.deb ...
nm_conviction-set	Provision the browser	2026-09-11T23:54:27.3613240Z Unpacking xfonts-utils (1:7.7+6build3) ...
nm_conviction-set	Provision the browser	2026-09-11T23:54:27.4015315Z Selecting previously unselected package xfonts-cyrillic.
nm_conviction-set	Provision the browser	2026-09-11T23:54:27.4140302Z Preparing to unpack .../7-xfonts-cyrillic_1%3a1.0.5+nmu1_all.deb ...
nm_conviction-set	Provision the browser	2026-09-11T23:54:27.4150676Z Unpacking xfonts-cyrillic (1:1.0.5+nmu1) ...
nm_conviction-set	Provision the browser	2026-09-11T23:54:27.4501661Z Selecting previously unselected package xfonts-scalable.
nm_conviction-set	Provision the browser	2026-09-11T23:54:27.4628060Z Preparing to unpack .../8-xfonts-scalable_1%3a1.0.3-1.3_all.deb ...
nm_conviction-set	Provision the browser	2026-09-11T23:54:27.4636110Z Unpacking xfonts-scalable (1:1.0.3-1.3) ...
nm_conviction-set	Provision the browser	2026-09-11T23:54:27.5055081Z Setting up fonts-wqy-zenhei (0.9.45-8) ...
nm_conviction-set	Provision the browser	2026-09-11T23:54:27.5670188Z Setting up fonts-freefont-ttf (20211204+svn4273-2) ...
nm_conviction-set	Provision the browser	2026-09-11T23:54:27.5692581Z Setting up fonts-tlwg-loma-otf (1:0.7.3-1) ...
nm_conviction-set	Provision the browser	2026-09-11T23:54:27.5714333Z Setting up xfonts-encodings (1:1.0.5-0ubuntu2) ...
nm_conviction-set	Provision the browser	2026-09-11T23:54:27.5736084Z Setting up fonts-ipafont-gothic (00303-21ubuntu1) ...
nm_conviction-set	Provision the browser	2026-09-11T23:54:27.5807740Z update-alternatives: using /usr/share/fonts/opentype/ipafont-gothic/ipag.ttf to provide /usr/share/fonts/truetype/fonts-japanese-gothic.ttf (fonts-japanese-gothic.ttf) in auto mode
nm_conviction-set	Provision the browser	2026-09-11T23:54:27.5824155Z Setting up fonts-unifont (1:15.1.01-1build1) ...
nm_conviction-set	Provision the browser	2026-09-11T23:54:27.5845311Z Setting up xfonts-utils (1:7.7+6build3) ...
nm_conviction-set	Provision the browser	2026-09-11T23:54:27.5888584Z Setting up xfonts-cyrillic (1:1.0.5+nmu1) ...
nm_conviction-set	Provision the browser	2026-09-11T23:54:27.6194922Z Setting up xfonts-scalable (1:1.0.3-1.3) ...
nm_conviction-set	Provision the browser	2026-09-11T23:54:27.6507904Z Processing triggers for man-db (2.12.0-4build2) ...
nm_conviction-set	Provision the browser	2026-09-11T23:54:27.6529679Z Not building database; man-db/auto-update is not 'true'.
nm_conviction-set	Provision the browser	2026-09-11T23:54:27.6545597Z Processing triggers for fontconfig (2.15.0-1.1ubuntu2) ...
nm_conviction-set	Provision the browser	2026-09-11T23:54:28.4208922Z 
nm_conviction-set	Provision the browser	2026-09-11T23:54:28.4209807Z Running kernel seems to be up-to-date.
nm_conviction-set	Provision the browser	2026-09-11T23:54:28.4210249Z 
nm_conviction-set	Provision the browser	2026-09-11T23:54:28.4210552Z No services need to be restarted.
nm_conviction-set	Provision the browser	2026-09-11T23:54:28.4210866Z 
nm_conviction-set	Provision the browser	2026-09-11T23:54:28.4211152Z No containers need to be restarted.
nm_conviction-set	Provision the browser	2026-09-11T23:54:28.4211459Z 
nm_conviction-set	Provision the browser	2026-09-11T23:54:28.4211759Z No user sessions are running outdated binaries.
nm_conviction-set	Provision the browser	2026-09-11T23:54:28.4212142Z 
nm_conviction-set	Provision the browser	2026-09-11T23:54:28.4212652Z No VM guests are running outdated hypervisor (qemu) binaries on this host.
nm_conviction-set	Provision the browser	2026-09-11T23:54:29.3318295Z Downloading Chrome for Testing 148.0.7778.96 (playwright chromium v1223) from https://cdn.playwright.dev/builds/cft/148.0.7778.96/linux64/chrome-linux64.zip
nm_conviction-set	Provision the browser	2026-09-11T23:54:30.3303325Z |                                                                                |   0% of 175.4 MiB
nm_conviction-set	Provision the browser	2026-09-11T23:54:30.5650632Z |■■■■■■■■                                                                        |  10% of 175.4 MiB
nm_conviction-set	Provision the browser	2026-09-11T23:54:30.6818084Z |■■■■■■■■■■■■■■■■                                                                |  20% of 175.4 MiB
nm_conviction-set	Provision the browser	2026-09-11T23:54:30.7695988Z |■■■■■■■■■■■■■■■■■■■■■■■■                                                        |  30% of 175.4 MiB
nm_conviction-set	Provision the browser	2026-09-11T23:54:30.8441545Z |■■■■■■■■■■■■■■■■■■■■■■■■■■■■■■■■                                                |  40% of 175.4 MiB
nm_conviction-set	Provision the browser	2026-09-11T23:54:30.9171467Z |■■■■■■■■■■■■■■■■■■■■■■■■■■■■■■■■■■■■■■■■                                        |  50% of 175.4 MiB
nm_conviction-set	Provision the browser	2026-09-11T23:54:30.9825662Z |■■■■■■■■■■■■■■■■■■■■■■■■■■■■■■■■■■■■■■■■■■■■■■■■                                |  60% of 175.4 MiB
nm_conviction-set	Provision the browser	2026-09-11T23:54:31.0456128Z |■■■■■■■■■■■■■■■■■■■■■■■■■■■■■■■■■■■■■■■■■■■■■■■■■■■■■■■■                        |  70% of 175.4 MiB
nm_conviction-set	Provision the browser	2026-09-11T23:54:31.1185856Z |■■■■■■■■■■■■■■■■■■■■■■■■■■■■■■■■■■■■■■■■■■■■■■■■■■■■■■■■■■■■■■■■                |  80% of 175.4 MiB
nm_conviction-set	Provision the browser	2026-09-11T23:54:31.1797709Z |■■■■■■■■■■■■■■■■■■■■■■■■■■■■■■■■■■■■■■■■■■■■■■■■■■■■■■■■■■■■■■■■■■■■■■■■        |  90% of 175.4 MiB
nm_conviction-set	Provision the browser	2026-09-11T23:54:31.2404779Z |■■■■■■■■■■■■■■■■■■■■■■■■■■■■■■■■■■■■■■■■■■■■■■■■■■■■■■■■■■■■■■■■■■■■■■■■■■■■■■■■| 100% of 175.4 MiB
nm_conviction-set	Provision the browser	2026-09-11T23:54:33.9531248Z Chrome for Testing 148.0.7778.96 (playwright chromium v1223) downloaded to /home/runner/.cache/ms-playwright/chromium-1223
nm_conviction-set	Provision the browser	2026-09-11T23:54:33.9534420Z Downloading FFmpeg (playwright ffmpeg v1011) from https://cdn.playwright.dev/dbazure/download/playwright/builds/ffmpeg/1011/ffmpeg-linux.zip
nm_conviction-set	Provision the browser	2026-09-11T23:54:34.9222279Z |                                                                                |   0% of 2.3 MiB
nm_conviction-set	Provision the browser	2026-09-11T23:54:34.9265720Z |■■■■■■■■                                                                        |  10% of 2.3 MiB
nm_conviction-set	Provision the browser	2026-09-11T23:54:34.9309459Z |■■■■■■■■■■■■■■■■                                                                |  20% of 2.3 MiB
nm_conviction-set	Provision the browser	2026-09-11T23:54:34.9509819Z |■■■■■■■■■■■■■■■■■■■■■■■■                                                        |  30% of 2.3 MiB
nm_conviction-set	Provision the browser	2026-09-11T23:54:34.9738413Z |■■■■■■■■■■■■■■■■■■■■■■■■■■■■■■■■                                                |  40% of 2.3 MiB
nm_conviction-set	Provision the browser	2026-09-11T23:54:34.9855883Z |■■■■■■■■■■■■■■■■■■■■■■■■■■■■■■■■■■■■■■■■                                        |  50% of 2.3 MiB
nm_conviction-set	Provision the browser	2026-09-11T23:54:34.9870639Z |■■■■■■■■■■■■■■■■■■■■■■■■■■■■■■■■■■■■■■■■■■■■■■■■                                |  60% of 2.3 MiB
nm_conviction-set	Provision the browser	2026-09-11T23:54:34.9887316Z |■■■■■■■■■■■■■■■■■■■■■■■■■■■■■■■■■■■■■■■■■■■■■■■■■■■■■■■■                        |  70% of 2.3 MiB
nm_conviction-set	Provision the browser	2026-09-11T23:54:34.9904401Z |■■■■■■■■■■■■■■■■■■■■■■■■■■■■■■■■■■■■■■■■■■■■■■■■■■■■■■■■■■■■■■■■                |  80% of 2.3 MiB
nm_conviction-set	Provision the browser	2026-09-11T23:54:34.9917225Z |■■■■■■■■■■■■■■■■■■■■■■■■■■■■■■■■■■■■■■■■■■■■■■■■■■■■■■■■■■■■■■■■■■■■■■■■        |  90% of 2.3 MiB
nm_conviction-set	Provision the browser	2026-09-11T23:54:34.9930490Z |■■■■■■■■■■■■■■■■■■■■■■■■■■■■■■■■■■■■■■■■■■■■■■■■■■■■■■■■■■■■■■■■■■■■■■■■■■■■■■■■| 100% of 2.3 MiB
nm_conviction-set	Provision the browser	2026-09-11T23:54:35.0566600Z FFmpeg (playwright ffmpeg v1011) downloaded to /home/runner/.cache/ms-playwright/ffmpeg-1011
nm_conviction-set	Provision the browser	2026-09-11T23:54:35.0572004Z Downloading Chrome Headless Shell 148.0.7778.96 (playwright chromium-headless-shell v1223) from https://cdn.playwright.dev/builds/cft/148.0.7778.96/linux64/chrome-headless-shell-linux64.zip
nm_conviction-set	Provision the browser	2026-09-11T23:54:36.0540169Z |                                                                                |   0% of 113.2 MiB
nm_conviction-set	Provision the browser	2026-09-11T23:54:36.2011117Z |■■■■■■■■                                                                        |  10% of 113.2 MiB
nm_conviction-set	Provision the browser	2026-09-11T23:54:36.2911563Z |■■■■■■■■■■■■■■■■                                                                |  20% of 113.2 MiB
nm_conviction-set	Provision the browser	2026-09-11T23:54:36.3550594Z |■■■■■■■■■■■■■■■■■■■■■■■■                                                        |  30% of 113.2 MiB
nm_conviction-set	Provision the browser	2026-09-11T23:54:36.4045166Z |■■■■■■■■■■■■■■■■■■■■■■■■■■■■■■■■                                                |  40% of 113.2 MiB
nm_conviction-set	Provision the browser	2026-09-11T23:54:36.4463663Z |■■■■■■■■■■■■■■■■■■■■■■■■■■■■■■■■■■■■■■■■                                        |  50% of 113.2 MiB
nm_conviction-set	Provision the browser	2026-09-11T23:54:36.4909816Z |■■■■■■■■■■■■■■■■■■■■■■■■■■■■■■■■■■■■■■■■■■■■■■■■                                |  60% of 113.2 MiB
nm_conviction-set	Provision the browser	2026-09-11T23:54:36.5280024Z |■■■■■■■■■■■■■■■■■■■■■■■■■■■■■■■■■■■■■■■■■■■■■■■■■■■■■■■■                        |  70% of 113.2 MiB
nm_conviction-set	Provision the browser	2026-09-11T23:54:36.5693668Z |■■■■■■■■■■■■■■■■■■■■■■■■■■■■■■■■■■■■■■■■■■■■■■■■■■■■■■■■■■■■■■■■                |  80% of 113.2 MiB
nm_conviction-set	Provision the browser	2026-09-11T23:54:36.6194637Z |■■■■■■■■■■■■■■■■■■■■■■■■■■■■■■■■■■■■■■■■■■■■■■■■■■■■■■■■■■■■■■■■■■■■■■■■        |  90% of 113.2 MiB
nm_conviction-set	Provision the browser	2026-09-11T23:54:36.6600389Z |■■■■■■■■■■■■■■■■■■■■■■■■■■■■■■■■■■■■■■■■■■■■■■■■■■■■■■■■■■■■■■■■■■■■■■■■■■■■■■■■| 100% of 113.2 MiB
nm_conviction-set	Provision the browser	2026-09-11T23:54:38.6386168Z Chrome Headless Shell 148.0.7778.96 (playwright chromium-headless-shell v1223) downloaded to /home/runner/.cache/ms-playwright/chromium_headless_shell-1223
nm_conviction-set	Artifact-safe label for this family	﻿2026-09-12T00:03:42.6523382Z ##[group]Run printf 'FAMILY_SLUG=%s\n' "$(printf '%s' "$FAMILY" | tr -c 'A-Za-z0-9._-' '_')" >> "$GITHUB_ENV"
nm_conviction-set	Artifact-safe label for this family	2026-09-12T00:03:42.6524087Z ^[[36;1mprintf 'FAMILY_SLUG=%s\n' "$(printf '%s' "$FAMILY" | tr -c 'A-Za-z0-9._-' '_')" >> "$GITHUB_ENV"^[[0m
nm_conviction-set	Artifact-safe label for this family	2026-09-12T00:03:42.6572715Z shell: /usr/bin/bash -e {0}
nm_conviction-set	Artifact-safe label for this family	2026-09-12T00:03:42.6573055Z env:
nm_conviction-set	Artifact-safe label for this family	2026-09-12T00:03:42.6573355Z   pythonLocation: /opt/hostedtoolcache/Python/3.12.14/x64
nm_conviction-set	Artifact-safe label for this family	2026-09-12T00:03:42.6574215Z   PKG_CONFIG_PATH: /opt/hostedtoolcache/Python/3.12.14/x64/lib/pkgconfig
nm_conviction-set	Artifact-safe label for this family	2026-09-12T00:03:42.6574801Z   Python_ROOT_DIR: /opt/hostedtoolcache/Python/3.12.14/x64
nm_conviction-set	Artifact-safe label for this family	2026-09-12T00:03:42.6575315Z   Python2_ROOT_DIR: /opt/hostedtoolcache/Python/3.12.14/x64
nm_conviction-set	Artifact-safe label for this family	2026-09-12T00:03:42.6575823Z   Python3_ROOT_DIR: /opt/hostedtoolcache/Python/3.12.14/x64
nm_conviction-set	Artifact-safe label for this family	2026-09-12T00:03:42.6576333Z   LD_LIBRARY_PATH: /opt/hostedtoolcache/Python/3.12.14/x64/lib
nm_conviction-set	Artifact-safe label for this family	2026-09-12T00:03:42.6577328Z   PLAYWRIGHT_BROWSERS_PATH: /home/runner/.cache/ms-playwright
nm_conviction-set	Artifact-safe label for this family	2026-09-12T00:03:42.6577820Z   FAMILY: nm_conviction-set
nm_conviction-set	Artifact-safe label for this family	2026-09-12T00:03:42.6578262Z ##[endgroup]
nm_conviction-set	Run actions/upload-artifact@v4	﻿2026-09-12T00:03:42.6708497Z Node 20 is being deprecated. This workflow is running with Node 24 by default. If you need to temporarily use Node 20, you can set the ACTIONS_ALLOW_USE_UNSECURE_NODE_VERSION=true environment variable. For more information see: https://github.blog/changelog/2025-09-19-deprecation-of-node-20-on-github-actions-runners/
nm_conviction-set	Run actions/upload-artifact@v4	2026-09-12T00:03:42.6709795Z ##[group]Run actions/upload-artifact@v4
nm_conviction-set	Run actions/upload-artifact@v4	2026-09-12T00:03:42.6710071Z with:
nm_conviction-set	Run actions/upload-artifact@v4	2026-09-12T00:03:42.6710297Z   name: rcap-raster-nm_conviction-set-34659428344
nm_conviction-set	Run actions/upload-artifact@v4	2026-09-12T00:03:42.6710594Z   path: raster-out/
nm_conviction-set	Run actions/upload-artifact@v4	2026-09-12T00:03:42.6710807Z   if-no-files-found: error
nm_conviction-set	Run actions/upload-artifact@v4	2026-09-12T00:03:42.6711038Z   retention-days: 14
nm_conviction-set	Run actions/upload-artifact@v4	2026-09-12T00:03:42.6711245Z   compression-level: 6
nm_conviction-set	Run actions/upload-artifact@v4	2026-09-12T00:03:42.6711455Z   overwrite: false
nm_conviction-set	Run actions/upload-artifact@v4	2026-09-12T00:03:42.6711665Z   include-hidden-files: false
nm_conviction-set	Run actions/upload-artifact@v4	2026-09-12T00:03:42.6711901Z env:
nm_conviction-set	Run actions/upload-artifact@v4	2026-09-12T00:03:42.6712143Z   pythonLocation: /opt/hostedtoolcache/Python/3.12.14/x64
nm_conviction-set	Run actions/upload-artifact@v4	2026-09-12T00:03:42.6712569Z   PKG_CONFIG_PATH: /opt/hostedtoolcache/Python/3.12.14/x64/lib/pkgconfig
nm_conviction-set	Run actions/upload-artifact@v4	2026-09-12T00:03:42.6713021Z   Python_ROOT_DIR: /opt/hostedtoolcache/Python/3.12.14/x64
nm_conviction-set	Run actions/upload-artifact@v4	2026-09-12T00:03:42.6713393Z   Python2_ROOT_DIR: /opt/hostedtoolcache/Python/3.12.14/x64
nm_conviction-set	Run actions/upload-artifact@v4	2026-09-12T00:03:42.6713766Z   Python3_ROOT_DIR: /opt/hostedtoolcache/Python/3.12.14/x64
nm_conviction-set	Run actions/upload-artifact@v4	2026-09-12T00:03:42.6714135Z   LD_LIBRARY_PATH: /opt/hostedtoolcache/Python/3.12.14/x64/lib
nm_conviction-set	Run actions/upload-artifact@v4	2026-09-12T00:03:42.6714535Z   PLAYWRIGHT_BROWSERS_PATH: /home/runner/.cache/ms-playwright
nm_conviction-set	Run actions/upload-artifact@v4	2026-09-12T00:03:42.6714873Z   FAMILY_SLUG: nm_conviction-set
nm_conviction-set	Run actions/upload-artifact@v4	2026-09-12T00:03:42.6715116Z ##[endgroup]
nm_conviction-set	Run actions/upload-artifact@v4	2026-09-12T00:03:42.8600788Z (node:10717) [DEP0040] DeprecationWarning: The `punycode` module is deprecated. Please use a userland alternative instead.
nm_conviction-set	Run actions/upload-artifact@v4	2026-09-12T00:03:42.8602355Z (Use `node --trace-deprecation ...` to show where the warning was created)
nm_conviction-set	Run actions/upload-artifact@v4	2026-09-12T00:03:42.8820531Z With the provided path, there will be 56 files uploaded
nm_conviction-set	Run actions/upload-artifact@v4	2026-09-12T00:03:42.8821794Z Artifact name is valid!
nm_conviction-set	Run actions/upload-artifact@v4	2026-09-12T00:03:42.8822441Z Root directory input is valid!
nm_conviction-set	Run actions/upload-artifact@v4	2026-09-12T00:03:47.9026260Z Attempt 1 of 5 failed with error: Request timeout: /twirp/github.actions.results.api.v1.ArtifactService/CreateArtifact. Retrying request in 3000 ms...
nm_conviction-set	Run actions/upload-artifact@v4	2026-09-12T00:03:55.9122858Z Attempt 2 of 5 failed with error: Request timeout: /twirp/github.actions.results.api.v1.ArtifactService/CreateArtifact. Retrying request in 4571 ms...
nm_conviction-set	Run actions/upload-artifact@v4	2026-09-12T00:04:05.4915983Z Attempt 3 of 5 failed with error: Request timeout: /twirp/github.actions.results.api.v1.ArtifactService/CreateArtifact. Retrying request in 7537 ms...
nm_conviction-set	Run actions/upload-artifact@v4	2026-09-12T00:04:18.0387901Z Attempt 4 of 5 failed with error: Request timeout: /twirp/github.actions.results.api.v1.ArtifactService/CreateArtifact. Retrying request in 10720 ms...
nm_conviction-set	Run actions/upload-artifact@v4	2026-09-12T00:04:33.7711808Z ##[error]Failed to CreateArtifact: Failed to make request after 5 attempts: Request timeout: /twirp/github.actions.results.api.v1.ArtifactService/CreateArtifact
nm_conviction-set	Post Run actions/checkout@v4	﻿2026-09-12T00:06:41.8347738Z Node 20 is being deprecated. This workflow is running with Node 24 by default. If you need to temporarily use Node 20, you can set the ACTIONS_ALLOW_USE_UNSECURE_NODE_VERSION=true environment variable. For more information see: https://github.blog/changelog/2025-09-19-deprecation-of-node-20-on-github-actions-runners/
nm_conviction-set	Post Run actions/checkout@v4	2026-09-12T00:06:41.8349005Z Post job cleanup.
nm_conviction-set	Post Run actions/checkout@v4	2026-09-12T00:06:41.9268346Z [command]/usr/bin/git version
nm_conviction-set	Post Run actions/checkout@v4	2026-09-12T00:06:41.9322363Z git version 2.55.0
nm_conviction-set	Post Run actions/checkout@v4	2026-09-12T00:06:41.9363027Z Temporarily overriding HOME='/home/runner/work/_temp/43ed1259-4d6c-4164-9c61-d128ef7e58ef' before making global git config changes
nm_conviction-set	Post Run actions/checkout@v4	2026-09-12T00:06:41.9364700Z Adding repository directory to the temporary git global config as a safe directory
nm_conviction-set	Post Run actions/checkout@v4	2026-09-12T00:06:41.9370042Z [command]/usr/bin/git config --global --add safe.directory /home/runner/work/legalease-partner-dashboard-clean/legalease-partner-dashboard-clean
nm_conviction-set	Post Run actions/checkout@v4	2026-09-12T00:06:41.9419811Z [command]/usr/bin/git config --local --name-only --get-regexp core\.sshCommand
nm_conviction-set	Post Run actions/checkout@v4	2026-09-12T00:06:41.9462741Z [command]/usr/bin/git submodule foreach --recursive sh -c "git config --local --name-only --get-regexp 'core\.sshCommand' && git config --local --unset-all 'core.sshCommand' || :"
nm_conviction-set	Post Run actions/checkout@v4	2026-09-12T00:06:41.9765805Z [command]/usr/bin/git config --local --name-only --get-regexp http\.https\:\/\/github\.com\/\.extraheader
nm_conviction-set	Post Run actions/checkout@v4	2026-09-12T00:06:41.9802741Z http.https://github.com/.extraheader
nm_conviction-set	Post Run actions/checkout@v4	2026-09-12T00:06:41.9817150Z [command]/usr/bin/git config --local --unset-all http.https://github.com/.extraheader
nm_conviction-set	Post Run actions/checkout@v4	2026-09-12T00:06:41.9861474Z [command]/usr/bin/git submodule foreach --recursive sh -c "git config --local --name-only --get-regexp 'http\.https\:\/\/github\.com\/\.extraheader' && git config --local --unset-all 'http.https://github.com/.extraheader' || :"
nm_conviction-set	Post Run actions/checkout@v4	2026-09-12T00:06:42.0168387Z [command]/usr/bin/git config --local --name-only --get-regexp ^includeIf\.gitdir:
nm_conviction-set	Post Run actions/checkout@v4	2026-09-12T00:06:42.0217800Z [command]/usr/bin/git submodule foreach --recursive git config --local --show-origin --name-only --get-regexp remote.origin.url
nm_conviction-set	Complete job	﻿2026-09-12T00:06:42.0699632Z Cleaning up orphan processes
nm_conviction-set	Complete job	2026-09-12T00:06:42.0936843Z ##[warning]Node.js 20 is deprecated. The following actions target Node.js 20 but are being forced to run on Node.js 24: actions/checkout@v4, actions/setup-node@v4, actions/setup-python@v5, actions/upload-artifact@v4. For more information see: https://github.blog/changelog/2025-09-19-deprecation-of-node-20-on-github-actions-runners/
