{
  "familyId": "ks-21-6614-conviction-set",
  "status": "COMPLETED",
  "counters": {
    "knownRequiredFieldsMissing": 0,
    "requiredFactsNotCollected": 0,
    "unclassifiedBlanks": 0,
    "incompleteRows": 0,
    "requiredOptionsMissing": 0,
    "requiredComponentsMissing": 0,
    "invisibleWrites": 0,
    "protectedWrites": 0,
    "visualDefects": 0
  },
  "directory": "data/rcap-all50/overlays/census-v1/ks/ks-21-6614-conviction-set--official-pdf-fill",
  "implementationStrategy": "official_pdf_fill",
  "sourcesBound": [
    {
      "documentId": "KS-CRIMINAL-COVER-SHEET-10-14-2025",
      "sha256": "6384f934dc431601dfd07d0822c32b83ee8fcd0412cff5496af1481169cdea60",
      "custody": "nationwide_recovery_pool_2026_09_02"
    },
    {
      "documentId": "KSJC-PETITION-EXPUNGEMENT-CONVICTION-OR-DIVERSION-08-2022",
      "sha256": "1113f7b64a57d7ca9568f75d04922d94fabbeea6c7c5839402689ed7fc0db07c",
      "custody": "nationwide_recovery_pool_2026_09_02"
    },
    {
      "documentId": "KSJC-NOTICE-OF-HEARING-12-2016",
      "sha256": "a960c857ec505a3013e725526718580ad2047aa9b3dd85191a70b8375cc83ffd",
      "custody": "nationwide_recovery_pool_2026_09_02"
    },
    {
      "documentId": "KSJC-ORDER-EXPUNGEMENT-COVER-SHEET-12-2016",
      "sha256": "d4171396d12f55a50d6c4e0d5a3b694ad982325e7377d74deaa5839d3bfad537",
      "custody": "nationwide_recovery_pool_2026_09_02"
    },
    {
      "documentId": "KSJC-ORDER-FOR-EXPUNGEMENT-CONVICTION-OR-DIVERSION-08-2022",
      "sha256": "104c40187f530d4a55306550f262ba9eefdec8ba732e2adbb1790dfd9378e683",
      "custody": "master_library"
    },
    {
      "documentId": "KSJC-ORDER-DENYING-EXPUNGEMENT-12-2016",
      "sha256": "b29254fb58433d496041c185fc69ec864ba1beff1e5e9722738c3b1ebedfe2ba",
      "custody": "nationwide_recovery_pool_2026_09_02"
    }
  ],
  "recordsBound": [
    {
      "recordId": "legal-design-track-registry:ks-21-6614-conviction",
      "sha256": "b62ae6910be2be283eaba5c90b25460f023bb2212a5abdb0e01d3993463681c0",
      "anchorsVerified": 21
    },
    {
      "recordId": "legal-design-specifications:ks-21-6614-conviction",
      "sha256": "10b02286702b27a3392530b6435ce3495614a194abc21560939ced0c5d082792",
      "anchorsVerified": 7
    },
    {
      "recordId": "route-obligation-census:obligation:track-pathway:KS:ks-21-6614-conviction:conviction-or-diversion-216614",
      "sha256": "f6fc081419eadf6001fb0b7fa943eaf1175650127bac9cb149c4ff5b593c4a81",
      "anchorsVerified": 1
    },
    {
      "recordId": "owner-kjc-permission-attestation",
      "sha256": "9b5008f945fefe26899f767b705ce57139324b0f94f9a6d472accbc2526826f6",
      "anchorsVerified": 3
    }
  ],
  "components": [
    "ks-21-6614-conviction-cover-sheet-1",
    "ks-21-6614-conviction-primary-filing-2",
    "ks-21-6614-conviction-notice-3",
    "ks-21-6614-conviction-cover-sheet-4",
    "ks-21-6614-conviction-proposed-order-5",
    "ks-21-6614-conviction-proposed-order-6",
    "ks-21-6614-conviction-process-guidance-7"
  ],
  "writes": 55,
  "requiredBeforeFiling": 51,
  "laterCompletion": 10,
  "artifactHashes": [
    {
      "fixture": "canonical",
      "packetSha256": "e546bdfa7a3783ce450f1b1ef6b961946387b14fc3a2f90dcacc5731b0b84adb",
      "pages": 20,
      "byteLength": 673233
    },
    {
      "fixture": "boundary",
      "packetSha256": "3bc6c62ba0d183cda4ef05e9dfb17f87e1d70a68a157b81dc03c8811a4851324",
      "pages": 20,
      "byteLength": 674302
    }
  ],
  "rasterState": "BUILT_RASTER_PENDING",
  "nineCountersZero": true,
  "packetsSelfVerified": 0,
  "commercialRoutesOpened": 0,
  "productionTouched": false,
  "sourcePermissionHoldUnresolved": null
}
