{
  "schemaVersion": "rcap-completed-fixture-raster-admission/v1",
  "familyId": "fl-early-juvenile-set",
  "runId": 34130973793,
  "artifactId": 10022282708,
  "packetCommit": "f6cbff2688d23c59d4f0f47328ac27176ce2fbb0",
  "zipSha256": "a5f1dad0e1cd2808c7a396b2a6f776cc4f740c1c95590ae23a1c65429f02229f",
  "wholeCurrentAndImmutablePdfsVerified": true,
  "measuredPageImages": [
    {
      "path": "fl-early-juvenile-set/canonical/page-001.png",
      "sha256": "915bcf40831f348d440078ba1df95887f61018c0ca941ea95c1f659fd6cbc469",
      "byteLength": 297002
    },
    {
      "path": "fl-early-juvenile-set/canonical/page-002.png",
      "sha256": "f6cda3e3efc506f08e57e96a99f171276030f6ecbedbc71cc8cb672e262e3df3",
      "byteLength": 202307
    },
    {
      "path": "fl-early-juvenile-set/canonical/page-003.png",
      "sha256": "7af322ed05be54c4e4e78bcdd18b746e362f67fb90a23139972b706ae58168e5",
      "byteLength": 160767
    },
    {
      "path": "fl-early-juvenile-set/canonical/page-004.png",
      "sha256": "0c7ec84eb4512436fb20d5c96103f37b3fd25bc5dcb1f42b2477cc9524d440c5",
      "byteLength": 385404
    },
    {
      "path": "fl-early-juvenile-set/canonical/page-005.png",
      "sha256": "1f4dfc295788696159792fd7f0f6e1d5905577d06ea5def46538f9bff09e8731",
      "byteLength": 514379
    },
    {
      "path": "fl-early-juvenile-set/boundary/page-001.png",
      "sha256": "e3794c457eaa941ddc6cf8ed634d6f5891e660619c3c2a4be11099952380282e",
      "byteLength": 316015
    },
    {
      "path": "fl-early-juvenile-set/boundary/page-002.png",
      "sha256": "3e72bc00458b14f0994fba302ca57c59f85058c9babd338d897fd3c70bc6c910",
      "byteLength": 207446
    },
    {
      "path": "fl-early-juvenile-set/boundary/page-003.png",
      "sha256": "b1e511403b6b00a9a5b33f679087ae47efd61ab8bd01da39392bc871b6834118",
      "byteLength": 165929
    },
    {
      "path": "fl-early-juvenile-set/boundary/page-004.png",
      "sha256": "0c7ec84eb4512436fb20d5c96103f37b3fd25bc5dcb1f42b2477cc9524d440c5",
      "byteLength": 385404
    },
    {
      "path": "fl-early-juvenile-set/boundary/page-005.png",
      "sha256": "1f4dfc295788696159792fd7f0f6e1d5905577d06ea5def46538f9bff09e8731",
      "byteLength": 514379
    }
  ],
  "pagesMeasured": 10,
  "admissionControlsRejected": 18,
  "independentSemanticApproval": false,
  "newTerminalPromotions": 0
}
