  ok   S1  every externally verified Top-20 disposition is applied to the record it describes
  ok   S2  no issuing-body field carries a plus-joined list of form IDs
  ok   S3  no official URL carries a SHA, a repository path, CSV fields or a second address
  ok   S4  every emitted human task is in a human state, with the thing it needs to act on
  ok   S5  a bundle page, an embedded section, a statute and a reuse restriction are never human fetch errands
  ok   S6  a record with held, hash-matching bytes is not called a missing source
  ok   S7  impact is counted in unique artifacts and unique families, with no identity queued twice
  ok   S8  the source-state vocabulary is closed and carries all fifteen required states
  ok   S9  the withdrawn 232-row shape cannot regenerate, under this name or another
  ok   S10 the registry says how much of it was externally verified and how much was not
  ok   S11 an identity matching several held artifacts is ambiguous, not silently resolved to the first
  ok   S12 all 74 reconciled families retain their governed source dispositions or advance downstream, with the five later blockers separate

12/12 source-model checks passed.

mutations:
  detected [S1] dropping an externally verified disposition is caught
  detected [S2] a plus-joined form-ID list in the issuer field is caught
  detected [S3] a CSV row pasted into an official URL is caught
  detected [S3] a repository path inside an official URL is caught
  detected [S4] a browser-download task with no artifact URL is caught
  detected [S4] a clerk-contact instruction is caught
  detected [S4] a contact task with no verified target or question is caught
  detected [S5] a bundle component emitted as a human errand is caught
  detected [S5] a statutory citation emitted as a fetch task is caught
  detected [S5] a reuse restriction sent to a person instead of counsel is caught
  detected [S6] held hash-matching bytes relabelled a missing source is caught
  detected [S7] a family counted twice through a duplicated identity is caught
  detected [S7] a declared family count that disagrees with the records is caught
  detected [S8] an undeclared source state is caught
  detected [S8] dropping a required state from the vocabulary is caught
  detected [S9] regenerating the withdrawn 232-row shape is caught
  detected [S10] dropping the scope limit is caught
  detected [S11] an ambiguous identity resolved to one artifact anyway is caught
  detected [S11] a hash claimed while several artifacts match is caught

OK source-model mutations — 19 case(s), every mutation caught.

SOURCE_RELATIONSHIP_MODEL_HELD
