{
  "familyId": "rcap-nv-custom-pleading",
  "status": "COMPLETED",
  "counters": {
    "knownRequiredFieldsMissing": 0,
    "requiredFactsNotCollected": 0,
    "unclassifiedBlanks": 0,
    "incompleteRows": 0,
    "requiredOptionsMissing": 0,
    "requiredComponentsMissing": 0,
    "invisibleWrites": 0,
    "protectedWrites": 0,
    "visualDefects": 0
  },
  "directory": "data/rcap-all50/overlays/census-v1/nv/rcap-nv-custom-pleading--custom-pleading",
  "implementationStrategy": "custom_pleading",
  "recordsBound": [
    {
      "recordId": "legal-design-track-registry:nv_seal_decrim+nv_seal_multi+nv_seal_pardon+nv_seal_conviction+nv_seal_nonconviction+nv_seal_reentry",
      "sha256": "9fe5d0ccf1b172877acdf6a5158e79dc040ce6f77ee47b2ee0403056acb0957f"
    },
    {
      "recordId": "legal-design-specifications:nv_seal_decrim+nv_seal_multi+nv_seal_pardon+nv_seal_conviction+nv_seal_nonconviction+nv_seal_reentry",
      "sha256": "f66ce335d73a879352e4d3cd2b0d906229b686c9e260ba7d4ca396f16cc0445e"
    },
    {
      "recordId": "route-obligation-census:6-route(s)",
      "sha256": "f6fc081419eadf6001fb0b7fa943eaf1175650127bac9cb149c4ff5b593c4a81"
    },
    {
      "recordId": "NV-SPECIAL-ROUTE-PROCEDURE-2026-09-07",
      "sha256": "7dcc809cca812fe308aecac03a94e1b2d4f9c9afc49b42231e1c8f03db025566"
    }
  ],
  "components": [
    "nv_seal_decrim-primary-filing-2",
    "nv_seal_decrim-proposed-order-3",
    "nv_seal_decrim-declaration-and-verification-4",
    "nv_seal_decrim-filing-instructions-6",
    "nv_seal_multi-primary-filing-2",
    "nv_seal_multi-proposed-order-3",
    "nv_seal_multi-declaration-and-verification-4",
    "nv_seal_multi-stipulation-5",
    "nv_seal_multi-filing-instructions-6",
    "nv_seal_pardon-primary-filing-2",
    "nv_seal_pardon-proposed-order-3",
    "nv_seal_pardon-declaration-and-verification-4",
    "nv_seal_pardon-filing-instructions-6",
    "nv_seal_conviction-primary-filing-2",
    "nv_seal_conviction-proposed-order-3",
    "nv_seal_conviction-declaration-and-verification-4",
    "nv_seal_conviction-stipulation-5",
    "nv_seal_conviction-filing-instructions-6",
    "nv_seal_nonconviction-primary-filing-2",
    "nv_seal_nonconviction-proposed-order-3",
    "nv_seal_nonconviction-declaration-and-verification-4",
    "nv_seal_nonconviction-stipulation-5",
    "nv_seal_nonconviction-filing-instructions-6",
    "nv_seal_reentry-primary-filing-2",
    "nv_seal_reentry-proposed-order-3",
    "nv_seal_reentry-declaration-and-verification-4",
    "nv_seal_reentry-stipulation-5",
    "nv_seal_reentry-filing-instructions-6"
  ],
  "documents": [
    "nv_seal_decrim-primary-filing-2",
    "nv_seal_decrim-proposed-order-3",
    "nv_seal_decrim-declaration-and-verification-4",
    "nv_seal_decrim-filing-instructions-6",
    "nv_seal_multi-primary-filing-2",
    "nv_seal_multi-proposed-order-3",
    "nv_seal_multi-declaration-and-verification-4",
    "nv_seal_multi-stipulation-5",
    "nv_seal_multi-filing-instructions-6",
    "nv_seal_pardon-primary-filing-2",
    "nv_seal_pardon-proposed-order-3",
    "nv_seal_pardon-declaration-and-verification-4",
    "nv_seal_pardon-filing-instructions-6",
    "nv_seal_conviction-primary-filing-2",
    "nv_seal_conviction-proposed-order-3",
    "nv_seal_conviction-declaration-and-verification-4",
    "nv_seal_conviction-stipulation-5",
    "nv_seal_conviction-filing-instructions-6",
    "nv_seal_nonconviction-primary-filing-2",
    "nv_seal_nonconviction-proposed-order-3",
    "nv_seal_nonconviction-declaration-and-verification-4",
    "nv_seal_nonconviction-stipulation-5",
    "nv_seal_nonconviction-filing-instructions-6",
    "nv_seal_reentry-primary-filing-2",
    "nv_seal_reentry-proposed-order-3",
    "nv_seal_reentry-declaration-and-verification-4",
    "nv_seal_reentry-stipulation-5",
    "nv_seal_reentry-filing-instructions-6"
  ],
  "writes": 76,
  "requiredBeforeFiling": 84,
  "artifactHashes": [
    {
      "fixture": "canonical",
      "packetSha256": "1d72131dcf8adefe7142cb2241aa97811b4c90892342d1422d3441b649e293bf",
      "pages": 44
    },
    {
      "fixture": "boundary",
      "packetSha256": "5274a3d33329f447612a9736ac31442a760dc24b4aa2acdc01d7061175578596",
      "pages": 44
    }
  ],
  "rasterPages": 0,
  "rasterState": "BUILT_RASTER_PENDING",
  "nineCountersZero": true,
  "packetsSelfVerified": 0,
  "commercialRoutesOpened": 0,
  "productionTouched": false
}
