{
  "familyId": "rcap-nv-custom-pleading",
  "status": "CHECK_ONLY",
  "recordsBound": 4,
  "anchorsVerified": 114,
  "components": [
    "nv_seal_decrim-primary-filing-2",
    "nv_seal_decrim-proposed-order-3",
    "nv_seal_decrim-declaration-and-verification-4",
    "nv_seal_decrim-filing-instructions-6",
    "nv_seal_multi-primary-filing-2",
    "nv_seal_multi-proposed-order-3",
    "nv_seal_multi-declaration-and-verification-4",
    "nv_seal_multi-stipulation-5",
    "nv_seal_multi-filing-instructions-6",
    "nv_seal_pardon-primary-filing-2",
    "nv_seal_pardon-proposed-order-3",
    "nv_seal_pardon-declaration-and-verification-4",
    "nv_seal_pardon-filing-instructions-6",
    "nv_seal_conviction-primary-filing-2",
    "nv_seal_conviction-proposed-order-3",
    "nv_seal_conviction-declaration-and-verification-4",
    "nv_seal_conviction-stipulation-5",
    "nv_seal_conviction-filing-instructions-6",
    "nv_seal_nonconviction-primary-filing-2",
    "nv_seal_nonconviction-proposed-order-3",
    "nv_seal_nonconviction-declaration-and-verification-4",
    "nv_seal_nonconviction-stipulation-5",
    "nv_seal_nonconviction-filing-instructions-6",
    "nv_seal_reentry-primary-filing-2",
    "nv_seal_reentry-proposed-order-3",
    "nv_seal_reentry-declaration-and-verification-4",
    "nv_seal_reentry-stipulation-5",
    "nv_seal_reentry-filing-instructions-6"
  ],
  "writes": 76,
  "blanks": 168
}
