{
  "finding": "CHAT4-GA-01",
  "scope": "AUTHOR_DELTA_QA_NOT_INDEPENDENT_REVIEW",
  "completePdfs": 15,
  "pages": 108,
  "fullRunsCompared": 3,
  "allGeneratedFilesIdentical": 52,
  "changedPageInstances": 15,
  "unchangedPageInstances": 93,
  "distinctChangedPages": 2,
  "positivePdfWarningChecks": [
    {
      "fixture": "canonical",
      "result": "PASS",
      "warningPage": 7
    },
    {
      "fixture": "boundary",
      "result": "PASS",
      "warningPage": 7
    },
    {
      "fixture": "basis-01",
      "result": "PASS",
      "warningPage": 7
    },
    {
      "fixture": "basis-02",
      "result": "PASS",
      "warningPage": 7
    },
    {
      "fixture": "basis-03",
      "result": "PASS",
      "warningPage": 7
    },
    {
      "fixture": "basis-04",
      "result": "PASS",
      "warningPage": 7
    },
    {
      "fixture": "basis-05",
      "result": "PASS",
      "warningPage": 7
    },
    {
      "fixture": "basis-06",
      "result": "PASS",
      "warningPage": 7
    },
    {
      "fixture": "basis-07",
      "result": "PASS",
      "warningPage": 7
    },
    {
      "fixture": "basis-08",
      "result": "PASS",
      "warningPage": 7
    },
    {
      "fixture": "basis-09",
      "result": "PASS",
      "warningPage": 7
    },
    {
      "fixture": "basis-10",
      "result": "PASS",
      "warningPage": 7
    },
    {
      "fixture": "disposition-document-available",
      "result": "PASS",
      "warningPage": 7
    },
    {
      "fixture": "missing-participant-facts",
      "result": "PASS",
      "warningPage": 7
    },
    {
      "fixture": "fbi-record-only",
      "result": "PASS",
      "warningPage": 7
    }
  ],
  "markdownWarningCheck": "PASS",
  "actualPdfNegativeControls": [
    {
      "removed": "42-8-63.1",
      "actualPdfMutantRejected": true,
      "sha256": "5a9129828aedcdc08df455bcbd642a873c08a31a5892a3bb76f1349c30e573d9"
    },
    {
      "removed": "every job",
      "actualPdfMutantRejected": true,
      "sha256": "9ef92796cc0ba9de75ddde0ec39103749a9de2fad31c3098b9dc7c839352203b"
    }
  ],
  "sourceOrPredicateOrFieldMappingChange": false
}
