
> legalease-partner-dashboard-clean@0.1.0 partners:verify-onboarding-all
> node scripts/verify-onboarding-all.mjs

RCAP onboarding verification — group "local" (28 verifiers)

  ok    verify-rcap-partner-onboarding.mjs  (4571ms)
  ok    verify-rcap-partner-onboarding-domain.mjs  (798ms)
  ok    verify-rcap-partner-onboarding-service.mjs  (4150ms)
  ok    verify-rcap-partner-onboarding-security.mjs  (1061ms)
  ok    verify-rcap-partner-onboarding-ui.mjs  (2285ms)
  ok    verify-rcap-partner-onboarding-phase1-database.mjs  (3413ms)
  ok    verify-rcap-onboarding-artifact-domain.mjs  (991ms)
  ok    verify-rcap-onboarding-artifact-security.mjs  (53ms)
  ok    verify-rcap-onboarding-artifact-database.mjs  (3244ms)
  ok    verify-rcap-onboarding-registry-extension.mjs  (1052ms)
  ok    verify-rcap-onboarding-document-generators.mjs  (714ms)
  ok    verify-rcap-onboarding-page-configuration.mjs  (930ms)
  ok    verify-rcap-onboarding-launch-readiness.mjs  (455ms)
  ok    verify-rcap-onboarding-launch-kit.mjs  (690ms)
  ok    verify-rcap-onboarding-launch-database.mjs  (3106ms)
  ok    verify-rcap-onboarding-prefill-domain.mjs  (818ms)
  ok    verify-rcap-onboarding-prefill-service.mjs  (39ms)
  ok    verify-rcap-onboarding-prefill-security.mjs  (37ms)
  ok    verify-rcap-onboarding-prefill-ui.mjs  (40ms)
  ok    verify-rcap-onboarding-partner-labels.mjs  (279ms)
  ok    verify-rcap-onboarding-implementation-center.mjs  (529ms)
  ok    verify-rcap-partner-copy.mjs  (192ms)
  ok    verify-rcap-onboarding-guided-experience.mjs  (1115ms)
  ok    verify-rcap-onboarding-task3b.mjs  (1019ms)
  ok    verify-rcap-onboarding-support-contact.mjs  (269ms)
  ok    verify-first-admin-provisioning.mjs  (463ms)
  ok    verify-first-admin-first-impressions.mjs  (316ms)
  ok    verify-launch-readiness.mjs  (391ms)

All 28 onboarding verifiers in group "local" passed.
