{
  "familyId": "agency-application-treatment:obligation:track-pathway:CT:ct-absolute-pardon:absolute-pardon-resulting-in-erasure",
  "status": "COMPLETED",
  "counters": {
    "knownRequiredFieldsMissing": 0,
    "requiredFactsNotCollected": 0,
    "unclassifiedBlanks": 0,
    "incompleteRows": 0,
    "requiredOptionsMissing": 0,
    "requiredComponentsMissing": 0,
    "invisibleWrites": 0,
    "protectedWrites": 0,
    "visualDefects": 0
  },
  "directory": "data/rcap-all50/overlays/census-v1/ct/agency-application-treatment:obligation:track-pathway:ct:ct-absolute-pardon:absolute-pardon-resulting-in-erasure--official-pdf-fill",
  "implementationStrategy": "custom_pleading",
  "components": [
    "agency_preparation_guide"
  ],
  "writes": 5,
  "requiredBeforeFiling": 5,
  "artifactHashes": [
    {
      "fixture": "canonical",
      "packetSha256": "0eb4a6bc40b104bbcebcd687b64783d076fc15807cfa3a08581633ffced95a67",
      "pages": 2
    },
    {
      "fixture": "boundary",
      "packetSha256": "f9fc31f83db4d970ce8d9d60d66c063c396dd1064b66e465e82481884285f9ef",
      "pages": 2
    }
  ],
  "rasterState": "BUILT_RASTER_PENDING",
  "nineCountersZero": true,
  "packetsSelfVerified": 0,
  "commercialRoutesOpened": 0,
  "productionTouched": false
}
