{
  "familyId": "agency-application-treatment:obligation:track-pathway:CT:ct-absolute-pardon:absolute-pardon-resulting-in-erasure",
  "status": "COMPLETED",
  "counters": {
    "knownRequiredFieldsMissing": 0,
    "requiredFactsNotCollected": 0,
    "unclassifiedBlanks": 0,
    "incompleteRows": 0,
    "requiredOptionsMissing": 0,
    "requiredComponentsMissing": 0,
    "invisibleWrites": 0,
    "protectedWrites": 0,
    "visualDefects": 0
  },
  "directory": "data/rcap-all50/overlays/census-v1/ct/agency-application-treatment:obligation:track-pathway:ct:ct-absolute-pardon:absolute-pardon-resulting-in-erasure--official-pdf-fill",
  "implementationStrategy": "custom_pleading",
  "components": [
    "agency_preparation_guide"
  ],
  "writes": 5,
  "requiredBeforeFiling": 5,
  "artifactHashes": [
    {
      "fixture": "canonical",
      "packetSha256": "7520ee42e7b3f8c6351a536958ae40ae45c31ea53286ae21632898ccda6db402",
      "pages": 2
    },
    {
      "fixture": "boundary",
      "packetSha256": "96918e8c85fa868f92d4ac3f2bc7e4e2a0e9546e81b32d70117d50ebb2b01b64",
      "pages": 2
    }
  ],
  "rasterState": "BUILT_RASTER_PENDING",
  "nineCountersZero": true,
  "packetsSelfVerified": 0,
  "commercialRoutesOpened": 0,
  "productionTouched": false
}
