{
  "familyId": "agency-application-treatment:obligation:track-pathway:CT:ct-absolute-pardon:absolute-pardon-resulting-in-erasure",
  "status": "COMPLETED",
  "counters": {
    "knownRequiredFieldsMissing": 0,
    "requiredFactsNotCollected": 0,
    "unclassifiedBlanks": 0,
    "incompleteRows": 0,
    "requiredOptionsMissing": 0,
    "requiredComponentsMissing": 0,
    "invisibleWrites": 0,
    "protectedWrites": 0,
    "visualDefects": 0
  },
  "directory": "data/rcap-all50/overlays/census-v1/ct/agency-application-treatment:obligation:track-pathway:ct:ct-absolute-pardon:absolute-pardon-resulting-in-erasure--official-pdf-fill",
  "implementationStrategy": "custom_pleading",
  "components": [
    "agency_preparation_guide"
  ],
  "writes": 5,
  "requiredBeforeFiling": 5,
  "artifactHashes": [
    {
      "fixture": "canonical",
      "packetSha256": "26cfafce62253c6788aa135761fc7f8bc72888b3daf15c225172ff28505a765e",
      "pages": 2
    },
    {
      "fixture": "boundary",
      "packetSha256": "e078c042fdf813b611b633effa9408edd62bcf3b14545222c55592f525fc195f",
      "pages": 2
    }
  ],
  "rasterState": "BUILT_RASTER_PENDING",
  "nineCountersZero": true,
  "packetsSelfVerified": 0,
  "commercialRoutesOpened": 0,
  "productionTouched": false
}
