{
  "familyId": "agency-application-treatment:obligation:track-only:CT:ct-provisional-pardon",
  "status": "COMPLETED",
  "counters": {
    "knownRequiredFieldsMissing": 0,
    "requiredFactsNotCollected": 0,
    "unclassifiedBlanks": 0,
    "incompleteRows": 0,
    "requiredOptionsMissing": 0,
    "requiredComponentsMissing": 0,
    "invisibleWrites": 0,
    "protectedWrites": 0,
    "visualDefects": 0
  },
  "directory": "data/rcap-all50/overlays/census-v1/ct/agency-application-treatment:obligation:track-only:ct:ct-provisional-pardon--official-pdf-fill",
  "implementationStrategy": "custom_pleading",
  "components": [
    "agency_preparation_guide"
  ],
  "writes": 5,
  "requiredBeforeFiling": 5,
  "artifactHashes": [
    {
      "fixture": "canonical",
      "packetSha256": "712eb6fcc4d932fb782cc840d2ed90a27c0a468f5234d4fc60570771cc799d03",
      "pages": 2
    },
    {
      "fixture": "boundary",
      "packetSha256": "2a9a9559cb23f59360caf6a44c6b4cf9c68f6ea3b0acd779a13b69a6521c0682",
      "pages": 2
    }
  ],
  "rasterState": "BUILT_RASTER_PENDING",
  "nineCountersZero": true,
  "packetsSelfVerified": 0,
  "commercialRoutesOpened": 0,
  "productionTouched": false
}
