== al-diversion-set
  ok   al-diversion-set                               PASS_COMPLETE                22/216 written

  1 famil(ies) audited · 1 PASS_COMPLETE

  counters: knownRequiredFieldsMissing 0 · requiredFactsNotCollected 0 · unclassifiedBlanks 0 · incompleteRows 0 · requiredOptionsMissing 0 · requiredComponentsMissing 0 · invisibleWrites 0 · protectedWrites 0 · visualDefects 0
== al-misd-conviction-set
  ok   al-misd-conviction-set                         PASS_COMPLETE                28/216 written

  1 famil(ies) audited · 1 PASS_COMPLETE

  counters: knownRequiredFieldsMissing 0 · requiredFactsNotCollected 0 · unclassifiedBlanks 0 · incompleteRows 0 · requiredOptionsMissing 0 · requiredComponentsMissing 0 · invisibleWrites 0 · protectedWrites 0 · visualDefects 0
== al-misd-dwop-set
  ok   al-misd-dwop-set                               PASS_COMPLETE                22/216 written

  1 famil(ies) audited · 1 PASS_COMPLETE

  counters: knownRequiredFieldsMissing 0 · requiredFactsNotCollected 0 · unclassifiedBlanks 0 · incompleteRows 0 · requiredOptionsMissing 0 · requiredComponentsMissing 0 · invisibleWrites 0 · protectedWrites 0 · visualDefects 0
== al-pardoned-felony-set
  ok   al-pardoned-felony-set                         PASS_COMPLETE                21/216 written

  1 famil(ies) audited · 1 PASS_COMPLETE

  counters: knownRequiredFieldsMissing 0 · requiredFactsNotCollected 0 · unclassifiedBlanks 0 · incompleteRows 0 · requiredOptionsMissing 0 · requiredComponentsMissing 0 · invisibleWrites 0 · protectedWrites 0 · visualDefects 0
== al-felony-dwop-set
  ok   al-felony-dwop-set                             PASS_COMPLETE                22/216 written

  1 famil(ies) audited · 1 PASS_COMPLETE

  counters: knownRequiredFieldsMissing 0 · requiredFactsNotCollected 0 · unclassifiedBlanks 0 · incompleteRows 0 · requiredOptionsMissing 0 · requiredComponentsMissing 0 · invisibleWrites 0 · protectedWrites 0 · visualDefects 0
== al-felony-nonconviction-90-set
  ok   al-felony-nonconviction-90-set                 PASS_COMPLETE                21/216 written

  1 famil(ies) audited · 1 PASS_COMPLETE

  counters: knownRequiredFieldsMissing 0 · requiredFactsNotCollected 0 · unclassifiedBlanks 0 · incompleteRows 0 · requiredOptionsMissing 0 · requiredComponentsMissing 0 · invisibleWrites 0 · protectedWrites 0 · visualDefects 0
SUMMARY pass=6 fail=0
