Wrote data/rcap-grade-a/packet-factory-24h/{MASTER_QUEUE,ACTIVE_ASSIGNMENTS,IMPORT_GRAPH,COLLISIONS,CHECKPOINT}.json
Wrote 53 prompts into docs/rcap/grade-a/packet-factory-24h/

  live denominator 346 = 1 active + 0 guidance-only + 345 remaining
  source-ready 33 · source-blocked 0 · legal-blocked 0 · verify-pending 2 · repair 18
  lanes: 25 PF · 8 VF · 16 SRC · 4 FIX = 53
  collisions 0 · duplicates 0 · shared-host collisions 0 · placeholders 0
    PF01:  5 famil(ies)  
    PF02:  3 famil(ies)  sharedBuildHost
    PF03:  1 famil(ies)  sharedBuildHost, officialFormFamily, implementationStrategy
    PF04:  2 famil(ies)  sharedBuildHost
    PF05:  3 famil(ies)  sharedBuildHost
    PF06:  1 famil(ies)  sharedBuildHost, officialFormFamily, implementationStrategy
    PF07:  1 famil(ies)  sharedBuildHost, officialFormFamily, implementationStrategy
    PF08:  1 famil(ies)  sharedBuildHost, officialFormFamily, implementationStrategy
    PF09:  1 famil(ies)  sharedBuildHost, officialFormFamily, implementationStrategy
    PF10:  1 famil(ies)  sharedBuildHost, officialFormFamily, implementationStrategy
    PF11:  0 famil(ies)  
    PF12:  2 famil(ies)  sharedBuildHost
    PF13:  0 famil(ies)  
    PF14:  0 famil(ies)  
    PF15:  2 famil(ies)  sharedBuildHost, implementationStrategy
    PF16:  3 famil(ies)  sharedBuildHost
    PF17:  1 famil(ies)  sharedBuildHost, officialFormFamily, implementationStrategy
    PF18:  0 famil(ies)  
    PF19:  1 famil(ies)  sharedBuildHost, officialFormFamily, implementationStrategy
    PF20:  0 famil(ies)  
    PF21:  1 famil(ies)  sharedBuildHost, officialFormFamily, implementationStrategy
    PF22:  1 famil(ies)  sharedBuildHost, officialFormFamily, implementationStrategy
    PF23:  1 famil(ies)  sharedBuildHost, officialFormFamily, implementationStrategy
    PF24:  2 famil(ies)  sharedBuildHost, implementationStrategy
    PF25:  0 famil(ies)  
    DISC01:   0 obligations, 0 families
    DISC02:   0 obligations, 0 families
    DISC03:   0 obligations, 0 families
    DISC04:   0 obligations, 0 families
    DISC05:   0 obligations, 0 families
    DISC06:   0 obligations, 0 families
    SRC01:   0 obligations, 0 families
    SRC02:   0 obligations, 0 families
    SRC03:   0 obligations, 0 families
    SRC04:   0 obligations, 0 families
    ACQ01:   0 obligations, 0 families
    ACQ02:   0 obligations, 0 families
    ACQ03:   0 obligations, 0 families
    PROMO01:   0 obligations, 0 families
    PROMO02:   0 obligations, 0 families
    PROMO03:   0 obligations, 0 families
