node:internal/modules/run_main:107
    triggerUncaughtException(
    ^

AssertionError [ERR_ASSERTION]: data/rcap-all50/overlays/census-v1/nj/nj-disorderly-persons-set--official-pdf-fill/fixtures/cn-10557-canonical.pdf: live field-map drift
+ actual - expected
... Skipped lines

  [
    {
      blankTreatment: null,
      decision: 'refuse',
      effectiveLabel: 'formPrint',
...
      decision: 'refuse',
+     effectiveLabel: 'name of offense(s), continuation line if needed — Form A, item (d), delivered page 19',
-     effectiveLabel: 'Charges of (name of offense(s)) — continuation line',
      factId: null,
      field: 'guiltyOff2',
      identity: 'NJ-CN-10557 field guiltyOff2',
+     reason: 'REQUIRED_BEFORE_FILING: the platform holds no exact fact for this cell. Verify the applicable offence, sentence and completion facts from the court record; do not guess an event, date or citation. The whole conviction paragraph is left untouched until its required facts can be supplied together.',
+     refusalClass: null,
-     reason: 'REQUIRED_BEFORE_FILING: this blank belongs to the selected page-19 conviction row; surface the exact participant fact and do not leave a partially classified row.',
      requiredBeforeFiling: true,
      routeDetermined: false,
      widgets: [
        {
          geometryBasis: 'AcroForm widget /Rect read first-hand from the pinned source binary',
...
      decision: 'refuse',
+     effectiveLabel: 'in violation of N.J.S.A. (statute(s)) — Form A, item (d), delivered page 19',
-     effectiveLabel: 'Statute(s) violated — selected conviction row',
      factId: null,
      field: 'guiltyStatute',
      identity: 'NJ-CN-10557 field guiltyStatute',
+     reason: 'REQUIRED_BEFORE_FILING: the platform holds no exact fact for this cell. Verify the applicable offence, sentence and completion facts from the court record; do not guess an event, date or citation. The whole conviction paragraph is left untouched until its required facts can be supplied together.',
+     refusalClass: null,
-     reason: 'REQUIRED_BEFORE_FILING: this blank belongs to the selected page-19 conviction row; surface the exact participant fact and do not leave a partially classified row.',
      requiredBeforeFiling: true,
      routeDetermined: false,
      widgets: [
        {
          geometryBasis: 'AcroForm widget /Rect read first-hand from the pinned source binary',
...
      decision: 'refuse',
+     effectiveLabel: 'final sentence, first line — Form A, item (d), delivered page 19',
-     effectiveLabel: 'Final sentence — selected conviction row, line 1',
      factId: null,
      field: 'guiltyFinal1',
      identity: 'NJ-CN-10557 field guiltyFinal1',
+     reason: 'REQUIRED_BEFORE_FILING: the platform holds no exact fact for this cell. Verify the applicable offence, sentence and completion facts from the court record; do not guess an event, date or citation. The whole conviction paragraph is left untouched until its required facts can be supplied together.',
+     refusalClass: null,
-     reason: 'REQUIRED_BEFORE_FILING: this blank belongs to the selected page-19 conviction row; surface the exact participant fact and do not leave a partially classified row.',
      requiredBeforeFiling: true,
      routeDetermined: false,
      widgets: [
        {
          geometryBasis: 'AcroForm widget /Rect read first-hand from the pinned source binary',
...
      decision: 'refuse',
+     effectiveLabel: 'final sentence, continuation line if needed — Form A, item (d), delivered page 19',
-     effectiveLabel: 'Final sentence — selected conviction row, line 2',
      factId: null,
      field: 'guiltyFinal2',
      identity: 'NJ-CN-10557 field guiltyFinal2',
+     reason: 'REQUIRED_BEFORE_FILING: the platform holds no exact fact for this cell. Verify the applicable offence, sentence and completion facts from the court record; do not guess an event, date or citation. The whole conviction paragraph is left untouched until its required facts can be supplied together.',
+     refusalClass: null,
-     reason: 'REQUIRED_BEFORE_FILING: this blank belongs to the selected page-19 conviction row; surface the exact participant fact and do not leave a partially classified row.',
      requiredBeforeFiling: true,
      routeDetermined: false,
      widgets: [
        {
          geometryBasis: 'AcroForm widget /Rect read first-hand from the pinned source binary',
...
      decision: 'refuse',
+     effectiveLabel: 'jail/prison/incarceration time — Form A, item (d), delivered page 19',
-     effectiveLabel: 'Jail/prison/incarceration term or type',
      factId: null,
      field: 'guiltyTimeType',
      identity: 'NJ-CN-10557 field guiltyTimeType',
+     reason: 'REQUIRED_BEFORE_FILING: the platform holds no exact fact for this cell. Verify the applicable offence, sentence and completion facts from the court record; do not guess an event, date or citation. The whole conviction paragraph is left untouched until its required facts can be supplied together.',
+     refusalClass: null,
-     reason: 'REQUIRED_BEFORE_FILING: this blank belongs to the selected page-19 conviction row; surface the exact participant fact and do not leave a partially classified row.',
      requiredBeforeFiling: true,
      routeDetermined: false,
      widgets: [
        {
          geometryBasis: 'AcroForm widget /Rect read first-hand from the pinned source binary',
...
      decision: 'refuse',
+     effectiveLabel: 'date jail/prison/incarceration was completed — Form A, item (d), delivered page 19',
-     effectiveLabel: 'Date jail/prison/incarceration was completed',
      factId: null,
      field: 'guiltyDocCmpltDt',
      identity: 'NJ-CN-10557 field guiltyDocCmpltDt',
+     reason: 'REQUIRED_BEFORE_FILING: the platform holds no exact fact for this cell. Verify the applicable offence, sentence and completion facts from the court record; do not guess an event, date or citation. The whole conviction paragraph is left untouched until its required facts can be supplied together.',
+     refusalClass: null,
-     reason: 'REQUIRED_BEFORE_FILING: this blank belongs to the selected page-19 conviction row; surface the exact participant fact and do not leave a partially classified row.',
      requiredBeforeFiling: true,
      routeDetermined: false,
      widgets: [
        {
          geometryBasis: 'AcroForm widget /Rect read first-hand from the pinned source binary',
...
      decision: 'refuse',
+     effectiveLabel: 'date probation was completed — Form A, item (d), delivered page 19',
-     effectiveLabel: 'Date probation was completed',
      factId: null,
      field: 'guiltyProbDt',
      identity: 'NJ-CN-10557 field guiltyProbDt',
+     reason: 'REQUIRED_BEFORE_FILING: the platform holds no exact fact for this cell. Verify the applicable offence, sentence and completion facts from the court record; do not guess an event, date or citation. The whole conviction paragraph is left untouched until its required facts can be supplied together.',
+     refusalClass: null,
-     reason: 'REQUIRED_BEFORE_FILING: this blank belongs to the selected page-19 conviction row; surface the exact participant fact and do not leave a partially classified row.',
      requiredBeforeFiling: true,
      routeDetermined: false,
      widgets: [
        {
          geometryBasis: 'AcroForm widget /Rect read first-hand from the pinned source binary',
...
      decision: 'refuse',
+     effectiveLabel: 'date fines were paid — Form A, item (d), delivered page 19',
-     effectiveLabel: 'Date fines were paid',
      factId: null,
      field: 'guiltyFineDt',
      identity: 'NJ-CN-10557 field guiltyFineDt',
+     reason: 'REQUIRED_BEFORE_FILING: the platform holds no exact fact for this cell. Verify the applicable offence, sentence and completion facts from the court record; do not guess an event, date or citation. The whole conviction paragraph is left untouched until its required facts can be supplied together.',
+     refusalClass: null,
-     reason: 'REQUIRED_BEFORE_FILING: this blank belongs to the selected page-19 conviction row; surface the exact participant fact and do not leave a partially classified row.',
      requiredBeforeFiling: true,
      routeDetermined: false,
      widgets: [
        {
          geometryBasis: 'AcroForm widget /Rect read first-hand from the pinned source binary',

    at checkOfficial (file:///workspaces/legalease-fix91/scripts/build-census-v1-nj_arrest_no_conviction-set.mjs:5402:12)
    at async runEastFamily (file:///workspaces/legalease-fix91/scripts/build-census-v1-nj_arrest_no_conviction-set.mjs:6707:16)
    at async file:///workspaces/legalease-fix91/scripts/build-census-v1-nj_disorderly_persons-set.mjs:360:3 {
  generatedMessage: false,
  code: 'ERR_ASSERTION',
  actual: [
    {
      field: 'formPrint',
      decision: 'refuse',
      factId: null,
      refusalClass: 'not_a_filing_fact',
      blankTreatment: null,
      effectiveLabel: 'formPrint',
      reason: 'Viewer UI control; not a filing fact and never written into the participant artifact.',
      widgets: [
        {
          widgetIndex: 0,
          page: 18,
          rect: { x: 501.336, y: 756.622, width: 49.836, height: 21.378 },
          geometryBasis: 'AcroForm widget /Rect read first-hand from the pinned source binary'
        }
      ]
    },
    {
      field: 'formSafeClear',
      decision: 'refuse',
      factId: null,
      refusalClass: 'not_a_filing_fact',
      blankTreatment: null,
      effectiveLabel: 'formSafeClear',
      reason: 'Viewer UI control; not a filing fact and never written into the participant artifact.',
      widgets: [
        {
          widgetIndex: 0,
          page: 18,
          rect: { x: 555.324, y: 756.622, width: 49.835, height: 21.378 },
          geometryBasis: 'AcroForm widget /Rect read first-hand from the pinned source binary'
        }
      ]
    },
    {
      field: 'DefPhone',
      decision: 'candidate_write',
      factId: 'participant.phone',
      decisionBasis: 'family exact terminal-name participant-fact allowlist; shared semantic finalizer still controls',
      widgets: [
        {
          widgetIndex: 0,
          page: 18,
          rect: { x: 176.418, y: 641.588, width: 159.34, height: 16.542 },
          geometryBasis: 'AcroForm widget /Rect read first-hand from the pinned source binary'
        }
      ]
    },
    {
      field: 'DefName',
      decision: 'candidate_write',
      factId: 'participant.full_legal_name',
      decisionBasis: 'shared exact terminal-name fact allowlist; shared semantic finalizer still controls',
      widgets: [
        {
          widgetIndex: 0,
          page: 18,
          rect: { x: 106.151, y: 711.704, width: 228.918, height: 17.583 },
          geometryBasis: 'AcroForm widget /Rect read first-hand from the pinned source binary'
        },
        {
          widgetIndex: 1,
          page: 18,
          rect: { x: 55.137, y: 506.056, width: 266.235, height: 17.334 },
          geometryBasis: 'AcroForm widget /Rect read first-hand from the pinned source binary'
        },
        {
          widgetIndex: 2,
          page: 18,
          rect: { x: 117.326, y: 448.107, width: 333.238, height: 17.333 },
          geometryBasis: 'AcroForm widget /Rect read first-hand from the pinned source binary'
        },
        {
          widgetIndex: 3,
          page: 23,
          rect: { x: 344.853, y: 597.763, width: 208.232, height: 15.24 },
          geometryBasis: 'AcroForm widget /Rect read first-hand from the pinned source binary'
        },
        {
          widgetIndex: 4,
          page: 24,
          rect: { x: 146.483, y: 690.428, width: 243.551, height: 15.24 },
          geometryBasis: 'AcroForm widget /Rect read first-hand from the pinned source binary'
        },
        {
          widgetIndex: 5,
          page: 24,
          rect: { x: 115.597, y: 264.054, width: 209.039, height: 15.24 },
          geometryBasis: 'AcroForm widget /Rect read first-hand from the pinned source binary'
        },
        {
          widgetIndex: 6,
          page: 27,
          rect: { x: 107.63, y: 710.81, width: 212.969, height: 15.24 },
          geometryBasis: 'AcroForm widget /Rect read first-hand from the pinned source binary'
        },
        {
          widgetIndex: 7,
          page: 27,
          rect: { x: 58.395, y: 544.796, width: 240.872, height: 15.24 },
          geometryBasis: 'AcroForm widget /Rect read first-hand from the pinned source binary'
        },
        {
          widgetIndex: 8,
          page: 27,
          rect: { x: 108.828, y: 487.991, width: 255.434, height: 15.24 },
          geometryBasis: 'AcroForm widget /Rect read first-hand from the pinned source binary'
        },
        {
          widgetIndex: 9,
          page: 30,
          rect: { x: 108.436, y: 702.383, width: 211.609, height: 15.24 },
          geometryBasis: 'AcroForm widget /Rect read first-hand from the pinned source binary'
        },
        {
          widgetIndex: 10,
          page: 30,
          rect: { x: 57.02, y: 535.87, width: 237.137, height: 15.24 },
          geometryBasis: 'AcroForm widget /Rect read first-hand from the pinned source binary'
        },
        {
          widgetIndex: 11,
          page: 30,
          rect: { x: 147.936, y: 284.247, width: 247.579, height: 15.24 },
          geometryBasis: 'AcroForm widget /Rect read first-hand from the pinned source binary'
        },
        {
          widgetIndex: 12,
          page: 31,
          rect: { x: 143.417, y: 489.163, width: 366.152, height: 15.24 },
          geometryBasis: 'AcroForm widget /Rect read first-hand from the pinned source binary'
        },
        {
          widgetIndex: 13,
          page: 35,
          rect: { x: 176.784, y: 545.169, width: 361.883, height: 15.24 },
          geometryBasis: 'AcroForm widget /Rect read first-hand from the pinned source binary'
        },
        {
          widgetIndex: 14,
          page: 35,
          rect: { x: 308.504, y: 293.822, width: 232.304, height: 15.24 },
          geometryBasis: 'AcroForm widget /Rect read first-hand from the pinned source binary'
        },
        {
          widgetIndex: 15,
          page: 38,
          rect: { x: 283.688, y: 560.65, width: 279.237, height: 15.24 },
          geometryBasis: 'AcroForm widget /Rect read first-hand from the pinned source binary'
        },
        {
          widgetIndex: 16,
          page: 40,
          rect: { x: 121.94, y: 695.693, width: 218.29, height: 15.24 },
          geometryBasis: 'AcroForm widget /Rect read first-hand from the pinned source binary'
        },
        {
          widgetIndex: 17,
          page: 40,
          rect: { x: 71.036, y: 549.421, width: 251.078, height: 15.24 },
          geometryBasis: 'AcroForm widget /Rect read first-hand from the pinned source binary'
        },
        {
          widgetIndex: 18,
          page: 43,
          rect: { x: 62.836, y: 711.837, width: 253.687, height: 15.24 },
          geometryBasis: 'AcroForm widget /Rect read first-hand from the pinned source binary'
        },
        {
          widgetIndex: 19,
          page: 43,
          rect: { x: 306.185, y: 574.574, width: 239.344, height: 15.24 },
          geometryBasis: 'AcroForm widget /Rect read first-hand from the pinned source binary'
        }
      ]
    },
    {
      field: 'DefAddrStr2',
      decision: 'candidate_write',
      factId: 'participant.street_address',
      decisionBasis: 'family exact terminal-name participant-fact allowlist; shared semantic finalizer still controls',
      widgets: [
        {
          widgetIndex: 0,
          page: 18,
          rect: { x: 126.135, y: 431.372, width: 409.442, height: 17.333 },
          geometryBasis: 'AcroForm widget /Rect read first-hand from the pinned source binary'
        }
      ]
    },
    {
      field: 'DefAddrCity',
      decision: 'candidate_write',
      factId: 'participant.city',
      decisionBasis: 'family exact terminal-name participant-fact allowlist; shared semantic finalizer still controls',
      widgets: [
        {
          widgetIndex: 0,
          page: 18,
          rect: { x: 72.144, y: 411.53, width: 188.614, height: 17.333 },
          geometryBasis: 'AcroForm widget /Rect read first-hand from the pinned source binary'
        }
      ]
    },
    {
      field: 'DefAddrSt',
      decision: 'candidate_write',
      factId: 'participant.state',
      decisionBasis: 'family exact terminal-name participant-fact allowlist; shared semantic finalizer still controls',
      widgets: [
        {
          widgetIndex: 0,
          page: 18,
          rect: { x: 303.128, y: 410.736, width: 62.071, height: 17.334 },
          geometryBasis: 'AcroForm widget /Rect read first-hand from the pinned source binary'
        }
      ]
    },
    {
      field: 'DefAddrZip',
      decision: 'candidate_write',
      factId: 'participant.zip',
      decisionBasis: 'family exact terminal-name participant-fact allowlist; shared semantic finalizer still controls',
      widgets: [
        {
          widgetIndex: 0,
          page: 18,
          rect: { x: 436.241, y: 411.529, width: 65.723, height: 15.75 },
          geometryBasis: 'AcroForm widget /Rect read first-hand from the pinned source binary'
        }
      ]
    },
    {
      field: 'arrestOff1',
      decision: 'candidate_write',
      factId: 'matter.charge',
      decisionBasis: 'shared exact terminal-name fact allowlist; shared semantic finalizer still controls',
      widgets: [
        {
          widgetIndex: 0,
          page: 18,
          rect: { x: 117.164, y: 373.035, width: 420.879, height: 17.334 },
          geometryBasis: 'AcroForm widget /Rect read first-hand from the pinned source binary'
        }
      ]
    },
    {
      field: 'arrestOff2',
      decision: 'refuse',
      factId: null,
      blankTreatment: 'REQUIRED_BEFORE_FILING',
      requiredBeforeFiling: true,
      routeDetermined: false,
      identity: 'NJ-CN-10557 field arrestOff2',
      effectiveLabel: 'offense(s))',
      reason: 'REQUIRED_BEFORE_FILING: the platform holds no exact fact for this field; surface it to the participant and do not guess.',
      completesAfterService: false,
      widgets: [
        {
          widgetIndex: 0,
          page: 18,
          rect: { x: 54.372, y: 353.613, width: 476.266, height: 17.333 },
          geometryBasis: 'AcroForm widget /Rect read first-hand from the pinned source binary'
        }
      ]
    },
    {
      field: 'arrestStatute',
      decision: 'refuse',
      factId: null,
      blankTreatment: 'REQUIRED_BEFORE_FILING',
      requiredBeforeFiling: true,
      routeDetermined: false,
      identity: 'NJ-CN-10557 field arrestStatute',
      effectiveLabel: 'in violation of N.J.S.A. (statute(s))',
      reason: 'REQUIRED_BEFORE_FILING: the platform holds no exact fact for this field; surface it to the participant and do not guess.',
      completesAfterService: false,
      widgets: [
        {
          widgetIndex: 0,
          page: 18,
          rect: { x: 257.594, y: 337.508, width: 200.415, height: 17.334 },
          geometryBasis: 'AcroForm widget /Rect read first-hand from the pinned source binary'
        }
      ]
    },
    {
      field: 'arrestMuni',
      decision: 'refuse',
      factId: null,
      blankTreatment: 'REQUIRED_BEFORE_FILING',
      requiredBeforeFiling: true,
      routeDetermined: false,
      identity: 'NJ-CN-10557 field arrestMuni',
      effectiveLabel: '(original indict',
      reason: 'REQUIRED_BEFORE_FILING: the platform holds no exact fact for this field; surface it to the participant and do not guess.',
      completesAfterService: false,
      widgets: [
        {
          widgetIndex: 0,
          page: 18,
          rect: { x: 143.606, y: 319.849, width: 251.464, height: 17.333 },
          geometryBasis: 'AcroForm widget /Rect read first-hand from the pinned source binary'
        }
      ]
    },
    {
      field: 'origCaseNums',
      decision: 'candidate_write',
      factId: 'matter.case_number',
      decisionBasis: 'shared exact terminal-name fact allowlist; shared semantic finalizer still controls',
      widgets: [
        {
          widgetIndex: 0,
          page: 18,
          rect: { x: 53.9, y: 269.581, width: 477.396, height: 17.333 },
          geometryBasis: 'AcroForm widget /Rect read first-hand from the pinned source binary'
        }
      ]
    },
    {
      field: 'dismiss',
      decision: 'refuse',
      factId: null,
      refusalClass: 'participant_sworn_narrative_or_legal_election',
      reason: 'No write is authorized for this field in this family build.',
      widgets: [
        {
          widgetIndex: 0,
          page: 18,
          rect: { x: 33.793, y: 214.365, width: 18, height: 18 },
          geometryBasis: 'AcroForm widget /Rect read first-hand from the pinned source binary'
        }
      ]
    },
    {
      field: 'dismissDt',
      decision: 'refuse',
      factId: null,
      refusalClass: 'participant_sworn_narrative_or_legal_election',
      reason: 'No write is authorized for this field in this family build.',
      widgets: [
        {
          widgetIndex: 0,
          page: 18,
          rect: { x: 130.368, y: 211.711, width: 73.61, height: 17.333 },
          geometryBasis: 'AcroForm widget /Rect read first-hand from the pinned source binary'
        }
      ]
    },
    {
      field: 'dismissOff1',
      decision: 'refuse',
      factId: null,
      refusalClass: 'participant_sworn_narrative_or_legal_election',
      reason: 'No write is authorized for this field in this family build.',
      widgets: [
        {
          widgetIndex: 0,
          page: 18,
          rect: { x: 416.995, y: 214.587, width: 121.012, height: 17.333 },
          geometryBasis: 'AcroForm widget /Rect read first-hand from the pinned source binary'
        }
      ]
    },
    {
      field: 'dismissOff2',
      decision: 'refuse',
      factId: null,
      refusalClass: 'participant_sworn_narrative_or_legal_election',
      reason: 'No write is authorized for this field in this family build.',
      widgets: [
        {
          widgetIndex: 0,
          page: 18,
          rect: { x: 69.365, y: 196.357, width: 468.747, height: 17.333 },
          geometryBasis: 'AcroForm widget /Rect read first-hand from the pinned source binary'
        }
      ]
    },
    {
      field: 'dismissPlea',
      decision: 'refuse',
      factId: null,
      refusalClass: 'participant_sworn_narrative_or_legal_election',
      reason: 'No write is authorized for this field in this family build.',
      widgets: [
        {
          widgetIndex: 0,
          page: 18,
          rect: { x: 317.593, y: 159.98, width: 18, height: 17.333 },
          geometryBasis: 'AcroForm widget /Rect read first-hand from the pinned source binary'
        },
        {
          widgetIndex: 1,
          page: 18,
          rect: { x: 368.621, y: 159.98, width: 18, height: 17.333 },
          geometryBasis: 'AcroForm widget /Rect read first-hand from the pinned source binary'
        }
      ]
    },
    {
      field: 'acquit',
      decision: 'refuse',
      factId: null,
      refusalClass: 'participant_sworn_narrative_or_legal_election',
      reason: 'No write is authorized for this field in this family build.',
      widgets: [
        {
          widgetIndex: 0,
          page: 18,
          rect: { x: 35.132, y: 128.949, width: 18, height: 18.001 },
          geometryBasis: 'AcroForm widget /Rect read first-hand from the pinned source binary'
        }
      ]
    },
    {
      field: 'acquitDt',
      decision: 'refuse',
      factId: null,
      refusalClass: 'participant_sworn_narrative_or_legal_election',
      reason: 'No write is authorized for this field in this family build.',
      widgets: [
        {
          widgetIndex: 0,
          page: 18,
          rect: { x: 131.501, y: 126.284, width: 70.688, height: 17.333 },
          geometryBasis: 'AcroForm widget /Rect read first-hand from the pinned source binary'
        }
      ]
    },
    {
      field: 'acquitOff1',
      decision: 'refuse',
      factId: null,
      refusalClass: 'participant_sworn_narrative_or_legal_election',
      reason: 'No write is authorized for this field in this family build.',
      widgets: [
        {
          widgetIndex: 0,
          page: 18,
          rect: { x: 430.398, y: 129.665, width: 103.151, height: 14.956 },
          geometryBasis: 'AcroForm widget /Rect read first-hand from the pinned source binary'
        }
      ]
    },
    {
      field: 'acquitOff2',
      decision: 'refuse',
      factId: null,
      refusalClass: 'participant_sworn_narrative_or_legal_election',
      reason: 'No write is authorized for this field in this family build.',
      widgets: [
        {
          widgetIndex: 0,
          page: 18,
          rect: { x: 69.153, y: 111.552, width: 463.99, height: 17.334 },
          geometryBasis: 'AcroForm widget /Rect read first-hand from the pinned source binary'
        }
      ]
    },
    {
      field: 'acquitCrt',
      decision: 'refuse',
      factId: null,
      refusalClass: 'participant_sworn_narrative_or_legal_election',
      reason: 'No write is authorized for this field in this family build.',
      widgets: [
        {
          widgetIndex: 0,
          page: 18,
          rect: { x: 193.709, y: 93.469, width: 185.635, height: 17.334 },
          geometryBasis: 'AcroForm widget /Rect read first-hand from the pinned source binary'
        }
      ]
    },
    {
      field: 'dismissPti',
      decision: 'refuse',
      factId: null,
      refusalClass: 'participant_sworn_narrative_or_legal_election',
      reason: 'No write is authorized for this field in this family build.',
      widgets: [
        {
          widgetIndex: 0,
          page: 19,
          rect: { x: 34.313, y: 707.901, width: 18, height: 18 },
          geometryBasis: 'AcroForm widget /Rect read first-hand from the pinned source binary'
        }
      ]
    },
    {
      field: 'dismissPtiDt',
      decision: 'refuse',
      factId: null,
      refusalClass: 'participant_sworn_narrative_or_legal_election',
      reason: 'No write is authorized for this field in this family build.',
      widgets: [
        {
          widgetIndex: 0,
          page: 19,
          rect: { x: 121.574, y: 710.385, width: 73.437, height: 13.768 },
          geometryBasis: 'AcroForm widget /Rect read first-hand from the pinned source binary'
        }
      ]
    },
    {
      field: 'dismissPtiOff1',
      decision: 'refuse',
      factId: null,
      refusalClass: 'participant_sworn_narrative_or_legal_election',
      reason: 'No write is authorized for this field in this family build.',
      widgets: [
        {
          widgetIndex: 0,
          page: 19,
          rect: { x: 406.713, y: 709.919, width: 131.967, height: 13.767 },
          geometryBasis: 'AcroForm widget /Rect read first-hand from the pinned source binary'
        }
      ]
    },
    {
      field: 'dismissPtiOff2',
      decision: 'refuse',
      factId: null,
      refusalClass: 'participant_sworn_narrative_or_legal_election',
      reason: 'No write is authorized for this field in this family build.',
      widgets: [
        {
          widgetIndex: 0,
          page: 19,
          rect: { x: 67.203, y: 692.804, width: 473.171, height: 13.767 },
          geometryBasis: 'AcroForm widget /Rect read first-hand from the pinned source binary'
        }
      ]
    },
    {
      field: 'dismissCrt',
      decision: 'refuse',
      factId: null,
      refusalClass: 'participant_sworn_narrative_or_legal_election',
      reason: 'No write is authorized for this field in this family build.',
      widgets: [
        {
          widgetIndex: 0,
          page: 18,
          rect: { x: 315.144, y: 179.395, width: 135.691, height: 17.333 },
          geometryBasis: 'AcroForm widget /Rect read first-hand from the pinned source binary'
        },
        {
          widgetIndex: 1,
          page: 19,
          rect: { x: 314.515, y: 674.833, width: 157.618, height: 13.769 },
          geometryBasis: 'AcroForm widget /Rect read first-hand from the pinned source binary'
        }
      ]
    },
    {
      field: 'guilty',
      decision: 'measured_route_selection',
      factId: null,
      decisionBasis: 'route-specific election drawn only inside an existing measured widget',
      widgets: [
        {
          widgetIndex: 0,
          page: 19,
          rect: { x: 34.971, y: 591.363, width: 18, height: 18 },
          geometryBasis: 'AcroForm widget /Rect read first-hand from the pinned source binary'
        }
      ]
    },
    {
      field: 'guiltyDt',
      decision: 'candidate_write',
      factId: 'matter.conviction_date',
      decisionBasis: 'family exact terminal-name participant-fact allowlist; shared semantic finalizer still controls',
      widgets: [
        {
          widgetIndex: 0,
          page: 19,
          rect: { x: 125.375, y: 593.629, width: 69.803, height: 13.767 },
          geometryBasis: 'AcroForm widget /Rect read first-hand from the pinned source binary'
        }
      ]
    },
    {
      field: 'guiltyOff1',
      decision: 'candidate_write',
      factId: 'matter.charge',
      decisionBasis: 'family exact terminal-name participant-fact allowlist; shared semantic finalizer still controls',
      widgets: [
        {
          widgetIndex: 0,
          page: 19,
          rect: { x: 243.968, y: 575.795, width: 295.847, height: 13.767 },
          geometryBasis: 'AcroForm widget /Rect read first-hand from the pinned source binary'
        }
      ]
    },
    {
      field: 'guiltyOff2',
      decision: 'refuse',
      factId: null,
      blankTreatment: 'REQUIRED_BEFORE_FILING',
      requiredBeforeFiling: true,
      routeDetermined: false,
      identity: 'NJ-CN-10557 field guiltyOff2',
      effectiveLabel: 'name of offense(s), continuation line if needed — Form A, item (d), delivered page 19',
      reason: 'REQUIRED_BEFORE_FILING: the platform holds no exact fact for this cell. Verify the applicable offence, sentence and completion facts from the court record; do not guess an event, date or citation. The whole conviction paragraph is left untouched until its required facts can be supplied together.',
      completesAfterService: false,
      widgets: [
        {
          widgetIndex: 0,
          page: 19,
          rect: { x: 67.666, y: 557.96, width: 460.248, height: 13.768 },
          geometryBasis: 'AcroForm widget /Rect read first-hand from the pinned source binary'
        }
      ],
      refusalClass: null
    },
    {
      field: 'guiltyStatute',
      decision: 'refuse',
      factId: null,
      blankTreatment: 'REQUIRED_BEFORE_FILING',
      requiredBeforeFiling: true,
      routeDetermined: false,
      identity: 'NJ-CN-10557 field guiltyStatute',
      effectiveLabel: 'in violation of N.J.S.A. (statute(s)) — Form A, item (d), delivered page 19',
      reason: 'REQUIRED_BEFORE_FILING: the platform holds no exact fact for this cell. Verify the applicable offence, sentence and completion facts from the court record; do not guess an event, date or citation. The whole conviction paragraph is left untouched until its required facts can be supplied together.',
      completesAfterService: false,
      widgets: [
        {
          widgetIndex: 0,
          page: 19,
          rect: { x: 266.228, y: 539.89, width: 166.848, height: 14.707 },
          geometryBasis: 'AcroForm widget /Rect read first-hand from the pinned source binary'
        }
      ],
      refusalClass: null
    },
    {
      field: 'guiltyFinal1',
      decision: 'refuse',
      factId: null,
      blankTreatment: 'REQUIRED_BEFORE_FILING',
      requiredBeforeFiling: true,
      routeDetermined: false,
      identity: 'NJ-CN-10557 field guiltyFinal1',
      effectiveLabel: 'final sentence, first line — Form A, item (d), delivered page 19',
      reason: 'REQUIRED_BEFORE_FILING: the platform holds no exact fact for this cell. Verify the applicable offence, sentence and completion facts from the court record; do not guess an event, date or citation. The whole conviction paragraph is left untouched until its required facts can be supplied together.',
      completesAfterService: false,
      widgets: [
        {
          widgetIndex: 0,
          page: 19,
          rect: { x: 155.766, y: 522.801, width: 383.251, height: 13.768 },
          geometryBasis: 'AcroForm widget /Rect read first-hand from the pinned source binary'
        }
      ],
      refusalClass: null
    },
    {
      field: 'guiltyFinal2',
      decision: 'refuse',
      factId: null,
      blankTreatment: 'REQUIRED_BEFORE_FILING',
      requiredBeforeFiling: true,
      routeDetermined: false,
      identity: 'NJ-CN-10557 field guiltyFinal2',
      effectiveLabel: 'final sentence, continuation line if needed — Form A, item (d), delivered page 19',
      reason: 'REQUIRED_BEFORE_FILING: the platform holds no exact fact for this cell. Verify the applicable offence, sentence and completion facts from the court record; do not guess an event, date or citation. The whole conviction paragraph is left untouched until its required facts can be supplied together.',
      completesAfterService: false,
      widgets: [
        {
          widgetIndex: 0,
          page: 19,
          rect: { x: 68.155, y: 505.219, width: 470.918, height: 14.237 },
          geometryBasis: 'AcroForm widget /Rect read first-hand from the pinned source binary'
        }
      ],
      refusalClass: null
    },
    {
      field: 'guiltyCrt',
      decision: 'candidate_write',
      factId: 'matter.court',
      decisionBasis: 'family exact terminal-name participant-fact allowlist; shared semantic finalizer still controls',
      widgets: [
        {
          widgetIndex: 0,
          page: 19,
          rect: { x: 198.006, y: 487.971, width: 189.994, height: 13.767 },
          geometryBasis: 'AcroForm widget /Rect read first-hand from the pinned source binary'
        }
      ]
    },
    {
      field: 'guiltyTimeType',
      decision: 'refuse',
      factId: null,
      blankTreatment: 'REQUIRED_BEFORE_FILING',
      requiredBeforeFiling: true,
      routeDetermined: false,
      identity: 'NJ-CN-10557 field guiltyTimeType',
      effectiveLabel: 'jail/prison/incarceration time — Form A, item (d), delivered page 19',
      reason: 'REQUIRED_BEFORE_FILING: the platform holds no exact fact for this cell. Verify the applicable offence, sentence and completion facts from the court record; do not guess an event, date or citation. The whole conviction paragraph is left untouched until its required facts can be supplied together.',
      completesAfterService: false,
      widgets: [
        {
          widgetIndex: 0,
          page: 19,
          rect: { x: 239.574, y: 470.071, width: 158.512, height: 13.767 },
          geometryBasis: 'AcroForm widget /Rect read first-hand from the pinned source binary'
        }
      ],
      refusalClass: null
    },
    {
      field: 'guiltyDocCmpltDt',
      decision: 'refuse',
      factId: null,
      blankTreatment: 'REQUIRED_BEFORE_FILING',
      requiredBeforeFiling: true,
      routeDetermined: false,
      identity: 'NJ-CN-10557 field guiltyDocCmpltDt',
      effectiveLabel: 'date jail/prison/incarceration was completed — Form A, item (d), delivered page 19',
      reason: 'REQUIRED_BEFORE_FILING: the platform holds no exact fact for this cell. Verify the applicable offence, sentence and completion facts from the court record; do not guess an event, date or citation. The whole conviction paragraph is left untouched until its required facts can be supplied together.',
      completesAfterService: false,
      widgets: [
        {
          widgetIndex: 0,
          page: 19,
          rect: { x: 455.077, y: 469.661, width: 77.678, height: 13.767 },
          geometryBasis: 'AcroForm widget /Rect read first-hand from the pinned source binary'
        }
      ],
      refusalClass: null
    },
    {
      field: 'guiltyProbDt',
      decision: 'refuse',
      factId: null,
      blankTreatment: 'REQUIRED_BEFORE_FILING',
      requiredBeforeFiling: true,
      routeDetermined: false,
      identity: 'NJ-CN-10557 field guiltyProbDt',
      effectiveLabel: 'date probation was completed — Form A, item (d), delivered page 19',
      reason: 'REQUIRED_BEFORE_FILING: the platform holds no exact fact for this cell. Verify the applicable offence, sentence and completion facts from the court record; do not guess an event, date or citation. The whole conviction paragraph is left untouched until its required facts can be supplied together.',
      completesAfterService: false,
      widgets: [
        {
          widgetIndex: 0,
          page: 19,
          rect: { x: 173, y: 452.557, width: 76.435, height: 13.767 },
          geometryBasis: 'AcroForm widget /Rect read first-hand from the pinned source binary'
        }
      ],
      refusalClass: null
    },
    {
      field: 'guiltyFineDt',
      decision: 'refuse',
      factId: null,
      blankTreatment: 'REQUIRED_BEFORE_FILING',
      requiredBeforeFiling: true,
      routeDetermined: false,
      identity: 'NJ-CN-10557 field guiltyFineDt',
      effectiveLabel: 'date fines were paid — Form A, item (d), delivered page 19',
      reason: 'REQUIRED_BEFORE_FILING: the platform holds no exact fact for this cell. Verify the applicable offence, sentence and completion facts from the court record; do not guess an event, date or citation. The whole conviction paragraph is left untouched until its required facts can be supplied together.',
      completesAfterService: false,
      widgets: [
        {
          widgetIndex: 0,
          page: 19,
          rect: { x: 424.259, y: 452.121, width: 93.394, height: 13.767 },
          geometryBasis: 'AcroForm widget /Rect read first-hand from the pinned source binary'
        }
      ],
      refusalClass: null
    },
    {
      field: 'contOwe',
      decision: 'refuse',
      factId: null,
      blankTreatment: 'REQUIRED_BEFORE_FILING',
      requiredBeforeFiling: true,
      routeDetermined: false,
      identity: 'NJ-CN-10557 field contOwe',
      effectiveLabel: 'contOwe',
      reason: 'REQUIRED_BEFORE_FILING: the platform holds no exact fact for this field; surface it to the participant and do not guess.',
      completesAfterService: false,
      widgets: [
        {
          widgetIndex: 0,
          page: 19,
          rect: { x: 33.031, y: 416.859, width: 18, height: 18 },
          geometryBasis: 'AcroForm widget /Rect read first-hand from the pinned source binary'
        },
        {
          widgetIndex: 1,
          page: 21,
          rect: { x: 33.934, y: 678.768, width: 18, height: 18 },
          geometryBasis: 'AcroForm widget /Rect read first-hand from the pinned source binary'
        }
      ]
    },
    {
      field: 'oweDocket',
      decision: 'refuse',
      factId: null,
      blankTreatment: 'REQUIRED_BEFORE_FILING',
      requiredBeforeFiling: true,
      routeDetermined: false,
      identity: 'NJ-CN-10557 field oweDocket',
      effectiveLabel: 'Original',
      reason: 'REQUIRED_BEFORE_FILING: the platform holds no exact fact for this field; surface it to the participant and do not guess.',
      completesAfterService: false,
      widgets: [
        {
          widgetIndex: 0,
          page: 19,
          rect: { x: 114.603, y: 371.087, width: 151.198, height: 13.767 },
          geometryBasis: 'AcroForm widget /Rect read first-hand from the pinned source binary'
        },
        {
          widgetIndex: 1,
          page: 21,
          rect: { x: 73.427, y: 632.476, width: 183.461, height: 14.237 },
          geometryBasis: 'AcroForm widget /Rect read first-hand from the pinned source binary'
        }
      ]
    },
    {
      field: 'oweAmt',
      decision: 'refuse',
      factId: null,
      blankTreatment: 'REQUIRED_BEFORE_FILING',
      requiredBeforeFiling: true,
      routeDetermined: false,
      identity: 'NJ-CN-10557 field oweAmt',
      effectiveLabel: 'in the amount of $',
      reason: 'REQUIRED_BEFORE_FILING: the platform holds no exact fact for this field; surface it to the participant and do not guess.',
      completesAfterService: false,
      widgets: [
        {
          widgetIndex: 0,
          page: 19,
          rect: { x: 378.473, y: 370.507, width: 100.019, height: 13.767 },
          geometryBasis: 'AcroForm widget /Rect read first-hand from the pinned source binary'
        },
        {
          widgetIndex: 1,
          page: 21,
          rect: { x: 368.936, y: 631.502, width: 126.767, height: 13.767 },
          geometryBasis: 'AcroForm widget /Rect read first-hand from the pinned source binary'
        }
      ]
    },
    {
      field: 'cnt',
      decision: 'refuse',
      factId: null,
      blankTreatment: 'REQUIRED_BEFORE_FILING',
      requiredBeforeFiling: true,
      routeDetermined: false,
      identity: 'NJ-CN-10557 field cnt',
      effectiveLabel: 'cnt',
      reason: 'REQUIRED_BEFORE_FILING: the platform holds no exact fact for this field; surface it to the participant and do not guess.',
      completesAfterService: false,
      widgets: [
        {
          widgetIndex: 0,
          page: 20,
          rect: { x: 36.143, y: 630.051, width: 15.416, height: 15.24 },
          geometryBasis: 'AcroForm widget /Rect read first-hand from the pinned source binary'
        }
      ]
    },
    {
      field: 'contArrestDt',
      decision: 'refuse',
      factId: null,
      blankTreatment: 'REQUIRED_BEFORE_FILING',
      requiredBeforeFiling: true,
      routeDetermined: false,
      identity: 'NJ-CN-10557 field contArrestDt',
      effectiveLabel: '. I was arrested/taken into custody on (dat',
      reason: 'REQUIRED_BEFORE_FILING: the platform holds no exact fact for this field; surface it to the participant and do not guess.',
      completesAfterService: false,
      widgets: [
        {
          widgetIndex: 0,
          page: 20,
          rect: { x: 293.613, y: 629.57, width: 74.344, height: 15.24 },
          geometryBasis: 'AcroForm widget /Rect read first-hand from the pinned source binary'
        }
      ]
    },
    {
      field: 'contOffense1',
      decision: 'refuse',
      factId: null,
      blankTreatment: 'REQUIRED_BEFORE_FILING',
      requiredBeforeFiling: true,
      routeDetermined: false,
      identity: 'NJ-CN-10557 field contOffense1',
      effectiveLabel: '. I was arre',
      reason: 'REQUIRED_BEFORE_FILING: the platform holds no exact fact for this field; surface it to the participant and do not guess.',
      completesAfterService: false,
      widgets: [
        {
          widgetIndex: 0,
          page: 20,
          rect: { x: 119.354, y: 611.911, width: 455.854, height: 15.24 },
          geometryBasis: 'AcroForm widget /Rect read first-hand from the pinned source binary'
        }
      ]
    },
    {
      field: 'contOffense2',
      decision: 'refuse',
      factId: null,
      blankTreatment: 'REQUIRED_BEFORE_FILING',
      requiredBeforeFiling: true,
      routeDetermined: false,
      identity: 'NJ-CN-10557 field contOffense2',
      effectiveLabel: 'contOffense2',
      reason: 'REQUIRED_BEFORE_FILING: the platform holds no exact fact for this field; surface it to the participant and do not guess.',
      completesAfterService: false,
      widgets: [
        {
          widgetIndex: 0,
          page: 20,
          rect: { x: 58.554, y: 594.074, width: 504.408, height: 15.24 },
          geometryBasis: 'AcroForm widget /Rect read first-hand from the pinned source binary'
        }
      ]
    },
    {
      field: 'contStatute',
      decision: 'refuse',
      factId: null,
      blankTreatment: 'REQUIRED_BEFORE_FILING',
      requiredBeforeFiling: true,
      routeDetermined: false,
      identity: 'NJ-CN-10557 field contStatute',
      effectiveLabel: 'in violation of N.J.S.A. (statute(s))',
      reason: 'REQUIRED_BEFORE_FILING: the platform holds no exact fact for this field; surface it to the participant and do not guess.',
      completesAfterService: false,
      widgets: [
        {
          widgetIndex: 0,
          page: 20,
          rect: { x: 254.748, y: 576.634, width: 239.339, height: 15.24 },
          geometryBasis: 'AcroForm widget /Rect read first-hand from the pinned source binary'
        }
      ]
    },
    {
      field: 'contArrestMuni',
      decision: 'refuse',
      factId: null,
      blankTreatment: 'REQUIRED_BEFORE_FILING',
      requiredBeforeFiling: true,
      routeDetermined: false,
      identity: 'NJ-CN-10557 field contArrestMuni',
      effectiveLabel: '(municipalities',
      reason: 'REQUIRED_BEFORE_FILING: the platform holds no exact fact for this field; surface it to the participant and do not guess.',
      completesAfterService: false,
      widgets: [
        {
          widgetIndex: 0,
          page: 20,
          rect: { x: 147.053, y: 559.59, width: 322.169, height: 15.24 },
          geometryBasis: 'AcroForm widget /Rect read first-hand from the pinned source binary'
        }
      ]
    },
    {
      field: 'contOrigNums',
      decision: 'refuse',
      factId: null,
      blankTreatment: 'REQUIRED_BEFORE_FILING',
      requiredBeforeFiling: true,
      routeDetermined: false,
      identity: 'NJ-CN-10557 field contOrigNums',
      effectiveLabel: '(original indictment/accusation/summons/war',
      reason: 'REQUIRED_BEFORE_FILING: the platform holds no exact fact for this field; surface it to the participant and do not guess.',
      completesAfterService: false,
      widgets: [
        {
          widgetIndex: 0,
          page: 20,
          rect: { x: 316.228, y: 524.708, width: 250.273, height: 15.24 },
          geometryBasis: 'AcroForm widget /Rect read first-hand from the pinned source binary'
        }
      ]
    },
    {
      field: 'contDismiss',
      decision: 'refuse',
      factId: null,
      refusalClass: 'participant_sworn_narrative_or_legal_election',
      reason: 'No write is authorized for this field in this family build.',
      widgets: [
        {
          widgetIndex: 0,
          page: 20,
          rect: { x: 34.588, y: 468.558, width: 18, height: 18 },
          geometryBasis: 'AcroForm widget /Rect read first-hand from the pinned source binary'
        }
      ]
    },
    {
      field: 'contDismissDt',
      decision: 'refuse',
      factId: null,
      refusalClass: 'participant_sworn_narrative_or_legal_election',
      reason: 'No write is authorized for this field in this family build.',
      widgets: [
        {
          widgetIndex: 0,
          page: 20,
          rect: { x: 129.162, y: 470.22, width: 71.058, height: 15.24 },
          geometryBasis: 'AcroForm widget /Rect read first-hand from the pinned source binary'
        }
      ]
    },
    {
      field: 'contDismissOff1',
      decision: 'refuse',
      factId: null,
      refusalClass: 'participant_sworn_narrative_or_legal_election',
      reason: 'No write is authorized for this field in this family build.',
      widgets: [
        {
          widgetIndex: 0,
          page: 20,
          rect: { x: 412.347, y: 469.152, width: 163.717, height: 15.24 },
          geometryBasis: 'AcroForm widget /Rect read first-hand from the pinned source binary'
        }
      ]
    },
    {
      field: 'contDsmissOff2',
      decision: 'refuse',
      factId: null,
      blankTreatment: 'REQUIRED_BEFORE_FILING',
      requiredBeforeFiling: true,
      routeDetermined: false,
      identity: 'NJ-CN-10557 field contDsmissOff2',
      effectiveLabel: 'a',
      reason: 'REQUIRED_BEFORE_FILING: the platform holds no exact fact for this field; surface it to the participant and do not guess.',
      completesAfterService: false,
      widgets: [
        {
          widgetIndex: 0,
          page: 20,
          rect: { x: 72.844, y: 451.586, width: 493.982, height: 15.24 },
          geometryBasis: 'AcroForm widget /Rect read first-hand from the pinned source binary'
        }
      ]
    },
    {
      field: 'contDismissCrt',
      decision: 'refuse',
      factId: null,
      refusalClass: 'participant_sworn_narrative_or_legal_election',
      reason: 'No write is authorized for this field in this family build.',
      widgets: [
        {
          widgetIndex: 0,
          page: 20,
          rect: { x: 315.194, y: 434.422, width: 200.328, height: 15.239 },
          geometryBasis: 'AcroForm widget /Rect read first-hand from the pinned source binary'
        }
      ]
    },
    {
      field: 'contDismissPlea',
      decision: 'refuse',
      factId: null,
      refusalClass: 'participant_sworn_narrative_or_legal_election',
      reason: 'No write is authorized for this field in this family build.',
      widgets: [
        {
          widgetIndex: 0,
          page: 20,
          rect: { x: 372.429, y: 418.12, width: 18, height: 13.657 },
          geometryBasis: 'AcroForm widget /Rect read first-hand from the pinned source binary'
        },
        {
          widgetIndex: 1,
          page: 20,
          rect: { x: 421.266, y: 417.617, width: 18, height: 13.656 },
          geometryBasis: 'AcroForm widget /Rect read first-hand from the pinned source binary'
        }
      ]
    },
    {
      field: 'contAcquit',
      decision: 'refuse',
      factId: null,
      refusalClass: 'participant_sworn_narrative_or_legal_election',
      reason: 'No write is authorized for this field in this family build.',
      widgets: [
        {
          widgetIndex: 0,
          page: 20,
          rect: { x: 33.005, y: 384.231, width: 18, height: 18 },
          geometryBasis: 'AcroForm widget /Rect read first-hand from the pinned source binary'
        }
      ]
    },
    {
      field: 'contAcquitDt',
      decision: 'refuse',
      factId: null,
      refusalClass: 'participant_sworn_narrative_or_legal_election',
      reason: 'No write is authorized for this field in this family build.',
      widgets: [
        {
          widgetIndex: 0,
          page: 20,
          rect: { x: 127.721, y: 384.672, width: 70.743, height: 15.24 },
          geometryBasis: 'AcroForm widget /Rect read first-hand from the pinned source binary'
        }
      ]
    },
    {
      field: 'contAcquitOff1',
      decision: 'refuse',
      factId: null,
      refusalClass: 'participant_sworn_narrative_or_legal_election',
      reason: 'No write is authorized for this field in this family build.',
      widgets: [
        {
          widgetIndex: 0,
          page: 20,
          rect: { x: 424.103, y: 384.672, width: 143.021, height: 15.24 },
          geometryBasis: 'AcroForm widget /Rect read first-hand from the pinned source binary'
        }
      ]
    },
    {
      field: 'contAcquitOff2',
      decision: 'refuse',
      factId: null,
      refusalClass: 'participant_sworn_narrative_or_legal_election',
      reason: 'No write is authorized for this field in this family build.',
      widgets: [
        {
          widgetIndex: 0,
          page: 20,
          rect: { x: 72.389, y: 366.838, width: 495.39, height: 15.24 },
          geometryBasis: 'AcroForm widget /Rect read first-hand from the pinned source binary'
        }
      ]
    },
    {
      field: 'contAcquitCrt',
      decision: 'refuse',
      factId: null,
      refusalClass: 'participant_sworn_narrative_or_legal_election',
      reason: 'No write is authorized for this field in this family build.',
      widgets: [
        {
          widgetIndex: 0,
          page: 20,
          rect: { x: 198.588, y: 349.003, width: 231.258, height: 15.24 },
          geometryBasis: 'AcroForm widget /Rect read first-hand from the pinned source binary'
        }
      ]
    },
    {
      field: 'contDismissPti',
      decision: 'refuse',
      factId: null,
      refusalClass: 'participant_sworn_narrative_or_legal_election',
      reason: 'No write is authorized for this field in this family build.',
      widgets: [
        {
          widgetIndex: 0,
          page: 20,
          rect: { x: 33.474, y: 298.343, width: 18, height: 18 },
          geometryBasis: 'AcroForm widget /Rect read first-hand from the pinned source binary'
        }
      ]
    },
    {
      field: 'contDismissPtiDt',
      decision: 'refuse',
      factId: null,
      refusalClass: 'participant_sworn_narrative_or_legal_election',
      reason: 'No write is authorized for this field in this family build.',
      widgets: [
        {
          widgetIndex: 0,
          page: 20,
          rect: { x: 127.252, y: 298.785, width: 74.028, height: 15.24 },
          geometryBasis: 'AcroForm widget /Rect read first-hand from the pinned source binary'
        }
      ]
    },
    {
      field: 'contDismissPtiOff1',
      decision: 'refuse',
      factId: null,
      refusalClass: 'participant_sworn_narrative_or_legal_election',
      reason: 'No write is authorized for this field in this family build.',
      widgets: [
        {
          widgetIndex: 0,
          page: 20,
          rect: { x: 412.348, y: 299.723, width: 162.777, height: 15.24 },
          geometryBasis: 'AcroForm widget /Rect read first-hand from the pinned source binary'
        }
      ]
    },
    {
      field: 'contDismissPtiOff2',
      decision: 'refuse',
      factId: null,
      refusalClass: 'participant_sworn_narrative_or_legal_election',
      reason: 'No write is authorized for this field in this family build.',
      widgets: [
        {
          widgetIndex: 0,
          page: 20,
          rect: { x: 71.766, y: 282.358, width: 503.677, height: 15.24 },
          geometryBasis: 'AcroForm widget /Rect read first-hand from the pinned source binary'
        }
      ]
    },
    {
      field: 'contDismissPtiCrt',
      decision: 'refuse',
      factId: null,
      refusalClass: 'participant_sworn_narrative_or_legal_election',
      reason: 'No write is authorized for this field in this family build.',
      widgets: [
        {
          widgetIndex: 0,
          page: 20,
          rect: { x: 319.549, y: 264.054, width: 170.029, height: 16.179 },
          geometryBasis: 'AcroForm widget /Rect read first-hand from the pinned source binary'
        }
      ]
    },
    {
      field: 'contGuilty',
      decision: 'refuse',
      factId: null,
      refusalClass: 'participant_sworn_narrative_or_legal_election',
      reason: 'No write is authorized for this field in this family build.',
      widgets: [
        {
          widgetIndex: 0,
          page: 20,
          rect: { x: 36.291, y: 180.541, width: 18, height: 18 },
          geometryBasis: 'AcroForm widget /Rect read first-hand from the pinned source binary'
        }
      ]
    },
    {
      field: 'contGuiltyDt',
      decision: 'refuse',
      factId: null,
      refusalClass: 'participant_sworn_narrative_or_legal_election',
      reason: 'No write is authorized for this field in this family build.',
      widgets: [
        {
          widgetIndex: 0,
          page: 20,
          rect: { x: 126.314, y: 182.658, width: 72.619, height: 13.767 },
          geometryBasis: 'AcroForm widget /Rect read first-hand from the pinned source binary'
        }
      ]
    },
    {
      field: 'contGuiltyOff1',
      decision: 'refuse',
      factId: null,
      refusalClass: 'participant_sworn_narrative_or_legal_election',
      reason: 'No write is authorized for this field in this family build.',
      widgets: [
        {
          widgetIndex: 0,
          page: 20,
          rect: { x: 258.433, y: 165.293, width: 317.436, height: 13.767 },
          geometryBasis: 'AcroForm widget /Rect read first-hand from the pinned source binary'
        }
      ]
    },
    {
      field: 'contGuiltyOff2',
      decision: 'refuse',
      factId: null,
      refusalClass: 'participant_sworn_narrative_or_legal_election',
      reason: 'No write is authorized for this field in this family build.',
      widgets: [
        {
          widgetIndex: 0,
          page: 20,
          rect: { x: 71.891, y: 146.989, width: 492.633, height: 13.767 },
          geometryBasis: 'AcroForm widget /Rect read first-hand from the pinned source binary'
        }
      ]
    },
    {
      field: 'contGuiltyStatute',
      decision: 'refuse',
      factId: null,
      refusalClass: 'participant_sworn_narrative_or_legal_election',
      reason: 'No write is authorized for this field in this family build.',
      widgets: [
        {
          widgetIndex: 0,
          page: 20,
          rect: { x: 268.825, y: 130.032, width: 185.621, height: 13.768 },
          geometryBasis: 'AcroForm widget /Rect read first-hand from the pinned source binary'
        }
      ]
    },
    {
      field: 'contGuiltyFinal1',
      decision: 'refuse',
      factId: null,
      refusalClass: 'participant_sworn_narrative_or_legal_election',
      reason: 'No write is authorized for this field in this family build.',
      widgets: [
        {
          widgetIndex: 0,
          page: 20,
          rect: { x: 160.949, y: 112.517, width: 414.695, height: 12.36 },
          geometryBasis: 'AcroForm widget /Rect read first-hand from the pinned source binary'
        }
      ]
    },
    {
      field: 'contGuiltyFinal2',
      decision: 'refuse',
      factId: null,
      refusalClass: 'participant_sworn_narrative_or_legal_election',
      reason: 'No write is authorized for this field in this family build.',
      widgets: [
        {
          widgetIndex: 0,
          page: 20,
          rect: { x: 72.399, y: 94.465, width: 502.362, height: 14.237 },
          geometryBasis: 'AcroForm widget /Rect read first-hand from the pinned source binary'
        }
      ]
    },
    {
      field: 'contGuiltyCrt',
      decision: 'refuse',
      factId: null,
      refusalClass: 'participant_sworn_narrative_or_legal_election',
      reason: 'No write is authorized for this field in this family build.',
      widgets: [
        {
          widgetIndex: 0,
          page: 20,
          rect: { x: 204.126, y: 76.278, width: 171.69, height: 13.767 },
          geometryBasis: 'AcroForm widget /Rect read first-hand from the pinned source binary'
        }
      ]
    },
    {
      field: 'contGuiltyTimeType',
      decision: 'refuse',
      factId: null,
      refusalClass: 'participant_sworn_narrative_or_legal_election',
      reason: 'No write is authorized for this field in this family build.',
      widgets: [
        {
          widgetIndex: 0,
          page: 20,
          rect: { x: 311.845, y: 59.107, width: 130.5, height: 13.767 },
          geometryBasis: 'AcroForm widget /Rect read first-hand from the pinned source binary'
        }
      ]
    },
    {
      field: 'contGuiltyDocCmpltDt',
      decision: 'refuse',
      factId: null,
      refusalClass: 'participant_sworn_narrative_or_legal_election',
      reason: 'No write is authorized for this field in this family build.',
      widgets: [
        {
          widgetIndex: 0,
          page: 20,
          rect: { x: 496.694, y: 59.166, width: 70.632, height: 13.767 },
          geometryBasis: 'AcroForm widget /Rect read first-hand from the pinned source binary'
        }
      ]
    },
    {
      field: 'contGuiltyProbDt',
      decision: 'refuse',
      factId: null,
      refusalClass: 'participant_sworn_narrative_or_legal_election',
      reason: 'No write is authorized for this field in this family build.',
      widgets: [
        {
          widgetIndex: 0,
          page: 21,
          rect: { x: 180.847, y: 714.278, width: 70.273, height: 13.767 },
          geometryBasis: 'AcroForm widget /Rect read first-hand from the pinned source binary'
        }
      ]
    },
    {
      field: 'contGuiltyFineDt',
      decision: 'refuse',
      factId: null,
      refusalClass: 'signature_or_date_participant_completion',
      reason: 'No write is authorized for this field in this family build.',
      widgets: [
        {
          widgetIndex: 0,
          page: 21,
          rect: { x: 428.272, y: 714.46, width: 79.147, height: 13.767 },
          geometryBasis: 'AcroForm widget /Rect read first-hand from the pinned source binary'
        }
      ]
    },
    {
      field: 'seek5yrs',
      decision: 'refuse',
      factId: null,
      blankTreatment: 'REQUIRED_BEFORE_FILING',
      requiredBeforeFiling: true,
      routeDetermined: false,
      identity: 'NJ-CN-10557 field seek5yrs',
      effectiveLabel: 'seek5yrs',
      reason: 'REQUIRED_BEFORE_FILING: the platform holds no exact fact for this field; surface it to the participant and do not guess.',
      completesAfterService: false,
      widgets: [
        {
          widgetIndex: 0,
          page: 22,
          rect: { x: 100.901, y: 598.238, width: 18, height: 18 },
          geometryBasis: 'AcroForm widget /Rect read first-hand from the pinned source binary'
        }
      ]
    },
    {
      field: 'seek34degree',
      decision: 'refuse',
      factId: null,
      blankTreatment: 'REQUIRED_BEFORE_FILING',
      requiredBeforeFiling: true,
      routeDetermined: false,
      identity: 'NJ-CN-10557 field seek34degree',
      effectiveLabel: 'seek34degree',
      reason: 'REQUIRED_BEFORE_FILING: the platform holds no exact fact for this field; surface it to the participant and do not guess.',
      completesAfterService: false,
      widgets: [
        {
          widgetIndex: 0,
          page: 22,
          rect: { x: 100.589, y: 362.01, width: 18, height: 18 },
          geometryBasis: 'AcroForm widget /Rect read first-hand from the pinned source binary'
        }
      ]
    },
    {
      field: 'seek5yrsDetails',
      decision: 'refuse',
      factId: null,
      blankTreatment: 'REQUIRED_BEFORE_FILING',
      requiredBeforeFiling: true,
      routeDetermined: false,
      identity: 'NJ-CN-10557 field seek5yrsDetails',
      effectiveLabel: 'conviction. The compelling circumstances for the Court to gr',
      reason: 'REQUIRED_BEFORE_FILING: the platform holds no exact fact for this field; surface it to the participant and do not guess.',
      completesAfterService: false,
      widgets: [
        {
          widgetIndex: 0,
          page: 22,
          rect: { x: 112.597, y: 389.496, width: 409.239, height: 86.001 },
          geometryBasis: 'AcroForm widget /Rect read first-hand from the pinned source binary'
        },
        {
          widgetIndex: 1,
          page: 22,
          rect: { x: 114.76, y: 273.763, width: 409.24, height: 43.838 },
          geometryBasis: 'AcroForm widget /Rect read first-hand from the pinned source binary'
        },
        {
          widgetIndex: 2,
          page: 24,
          rect: { x: 127.7, y: 338.29, width: 411.91, height: 60.267 },
          geometryBasis: 'AcroForm widget /Rect read first-hand from the pinned source binary'
        }
      ]
    },
    {
      field: 'seekJuvNever',
      decision: 'refuse',
      factId: null,
      blankTreatment: 'REQUIRED_BEFORE_FILING',
      requiredBeforeFiling: true,
      routeDetermined: false,
      identity: 'NJ-CN-10557 field seekJuvNever',
      effectiveLabel: '3',
      reason: 'REQUIRED_BEFORE_FILING: the platform holds no exact fact for this field; surface it to the participant and do not guess.',
      completesAfterService: false,
      widgets: [
        {
          widgetIndex: 0,
          page: 24,
          rect: { x: 106.147, y: 522.421, width: 18, height: 18 },
          geometryBasis: 'AcroForm widget /Rect read first-hand from the pinned source binary'
        }
      ]
    },
    {
      field: 'changeName',
      decision: 'refuse',
      factId: null,
      blankTreatment: 'REQUIRED_BEFORE_FILING',
      requiredBeforeFiling: true,
      routeDetermined: false,
      identity: 'NJ-CN-10557 field changeName',
      effectiveLabel: 'changeName',
      reason: 'REQUIRED_BEFORE_FILING: the platform holds no exact fact for this field; surface it to the participant and do not guess.',
      completesAfterService: false,
      widgets: [
        {
          widgetIndex: 0,
          page: 24,
          rect: { x: 106.909, y: 425.294, width: 18, height: 18 },
          geometryBasis: 'AcroForm widget /Rect read first-hand from the pinned source binary'
        }
      ]
    },
    {
      field: 'notaryDay',
      decision: 'refuse',
      factId: null,
      refusalClass: 'signature_or_date_participant_completion',
      reason: 'No write is authorized for this field in this family build.',
      widgets: [
        {
          widgetIndex: 0,
          page: 24,
          rect: { x: 315.523, y: 178.954, width: 64.656, height: 15.24 },
          geometryBasis: 'AcroForm widget /Rect read first-hand from the pinned source binary'
        }
      ]
    },
    {
      field: 'notaryMnth',
      decision: 'refuse',
      factId: null,
      refusalClass: 'signature_or_date_participant_completion',
      reason: 'No write is authorized for this field in this family build.',
      widgets: [
        {
          widgetIndex: 0,
          page: 24,
          rect: { x: 421.319, y: 177.744, width: 75.068, height: 15.24 },
          geometryBasis: 'AcroForm widget /Rect read first-hand from the pinned source binary'
        }
