  FAIL rcap-hi-custom-pleading · hi-first-time-drug-offender · canonical — FAIL_MISSING_PREFILLS — 3 component(s), 7/7 value(s) read back, 7/44 written
       unclassifiedBlanks: outside this route: every route in this family is a conviction expungement under HRS 706-622.5, 706-622.8, 706-622.9 or 291E-64(e); the non-conviction paragraph applies to arrest records under HRS 831-3.2, which no route here reaches
  FAIL rcap-hi-custom-pleading · hi-marijuana-three-grams · canonical — FAIL_MISSING_PREFILLS — 3 component(s), 7/7 value(s) read back, 7/44 written
       unclassifiedBlanks: outside this route: every route in this family is a conviction expungement under HRS 706-622.5, 706-622.8, 706-622.9 or 291E-64(e); the non-conviction paragraph applies to arrest records under HRS 831-3.2, which no route here reaches
  FAIL rcap-hi-custom-pleading · hi-pre-2004-drug-offender · canonical — FAIL_MISSING_PREFILLS — 3 component(s), 7/7 value(s) read back, 7/44 written
       unclassifiedBlanks: outside this route: every route in this family is a conviction expungement under HRS 706-622.5, 706-622.8, 706-622.9 or 291E-64(e); the non-conviction paragraph applies to arrest records under HRS 831-3.2, which no route here reaches
  FAIL rcap-hi-custom-pleading · hi-first-time-property-offender · canonical — FAIL_MISSING_PREFILLS — 3 component(s), 7/7 value(s) read back, 7/44 written
       unclassifiedBlanks: outside this route: every route in this family is a conviction expungement under HRS 706-622.5, 706-622.8, 706-622.9 or 291E-64(e); the non-conviction paragraph applies to arrest records under HRS 831-3.2, which no route here reaches
  FAIL rcap-hi-custom-pleading · hi-under-21-dui · canonical — FAIL_MISSING_PREFILLS — 3 component(s), 7/7 value(s) read back, 7/44 written
       unclassifiedBlanks: outside this route: every route in this family is a conviction expungement under HRS 706-622.5, 706-622.8, 706-622.9 or 291E-64(e); the non-conviction paragraph applies to arrest records under HRS 831-3.2, which no route here reaches
  FAIL rcap-hi-custom-pleading · hi-first-time-drug-offender · boundary — FAIL_MISSING_PREFILLS — 3 component(s), 7/7 value(s) read back, 7/44 written
       unclassifiedBlanks: outside this route: every route in this family is a conviction expungement under HRS 706-622.5, 706-622.8, 706-622.9 or 291E-64(e); the non-conviction paragraph applies to arrest records under HRS 831-3.2, which no route here reaches
  FAIL rcap-hi-custom-pleading · hi-marijuana-three-grams · boundary — FAIL_MISSING_PREFILLS — 3 component(s), 7/7 value(s) read back, 7/44 written
       unclassifiedBlanks: outside this route: every route in this family is a conviction expungement under HRS 706-622.5, 706-622.8, 706-622.9 or 291E-64(e); the non-conviction paragraph applies to arrest records under HRS 831-3.2, which no route here reaches
  FAIL rcap-hi-custom-pleading · hi-pre-2004-drug-offender · boundary — FAIL_MISSING_PREFILLS — 3 component(s), 7/7 value(s) read back, 7/44 written
       unclassifiedBlanks: outside this route: every route in this family is a conviction expungement under HRS 706-622.5, 706-622.8, 706-622.9 or 291E-64(e); the non-conviction paragraph applies to arrest records under HRS 831-3.2, which no route here reaches
  FAIL rcap-hi-custom-pleading · hi-first-time-property-offender · boundary — FAIL_MISSING_PREFILLS — 3 component(s), 7/7 value(s) read back, 7/44 written
       unclassifiedBlanks: outside this route: every route in this family is a conviction expungement under HRS 706-622.5, 706-622.8, 706-622.9 or 291E-64(e); the non-conviction paragraph applies to arrest records under HRS 831-3.2, which no route here reaches
  FAIL rcap-hi-custom-pleading · hi-under-21-dui · boundary — FAIL_MISSING_PREFILLS — 3 component(s), 7/7 value(s) read back, 7/44 written
       unclassifiedBlanks: outside this route: every route in this family is a conviction expungement under HRS 706-622.5, 706-622.8, 706-622.9 or 291E-64(e); the non-conviction paragraph applies to arrest records under HRS 831-3.2, which no route here reaches

  10 route artifact(s) measured this run · 10 total · 10 FAIL_MISSING_PREFILLS
EXIT:1
