  ok   agency-application-treatment:obligation:research-decision-route:AL:al-uncharged-arrest:agency_record_challenge PASS_COMPLETE                5/10 written
  ok   agency-application-treatment:obligation:research-decision-route:CO:co_mistaken_identity_expungement:participant_investigation_and_finding_request PASS_COMPLETE                6/17 written
  ok   agency-application-treatment:obligation:research-decision-route:NY:ny_160_55_violation:dcjs_correction_submission PASS_COMPLETE                6/13 written
  ok   agency-application-treatment:obligation:runtime-only:NM:dna-sample-profile-expungement PASS_COMPLETE                5/11 written
  ok   agency-application-treatment:obligation:track-only:CT:ct-destruction-request PASS_COMPLETE                5/9 written
  ok   agency-application-treatment:obligation:track-only:CT:ct-provisional-pardon PASS_COMPLETE                5/10 written
  ok   agency-application-treatment:obligation:track-pathway:CT:ct-absolute-pardon:absolute-pardon-resulting-in-erasure PASS_COMPLETE                5/10 written
  ok   agency-application-treatment:obligation:unattached-decision-route:AK:ak-correct-record PASS_COMPLETE                8/37 written
  ok   ak-courtview-set                               PASS_COMPLETE                5/23 written
  ok   ak-mistaken-identity-set                       PASS_COMPLETE                8/41 written
  ok   ak-tf800-set                                   PASS_COMPLETE                7/28 written
  ok   ak-tf805-set                                   PASS_COMPLETE                5/17 written
  ok   al-diversion-set                               PASS_COMPLETE                22/216 written
  ok   al-felony-dwop-set                             PASS_COMPLETE                22/216 written
  ok   al-felony-nonconviction-90-set                 PASS_COMPLETE                21/216 written
  ok   al-misd-conviction-set                         PASS_COMPLETE                28/216 written
  ok   al-misd-dwop-set                               PASS_COMPLETE                22/216 written
  ok   al-misd-nonconviction-90-set                   PASS_COMPLETE                33/216 written
  ok   al-pardon-set                                  PASS_COMPLETE                5/30 written
  ok   al-pardoned-felony-set                         PASS_COMPLETE                21/216 written
  ok   al-trafficking-set                             PASS_COMPLETE                29/216 written
  ok   ar-act531-set                                  PASS_COMPLETE                14/82 written
  ok   ar-arrest-seal-set                             PASS_COMPLETE                15/66 written
  ok   ar-cs-possession-seal-set                      PASS_COMPLETE                15/70 written
  ok   ar-drug-court-set                              PASS_COMPLETE                20/190 written
  ok   ar-felony-seal-set                             PASS_COMPLETE                38/96 written
  ok   ar-misdemeanor-dwi-seal-set                    PASS_COMPLETE                8/49 written
  ok   ar-misdemeanor-seal-set                        PASS_COMPLETE                15/90 written
  ok   ar-nonconviction-seal-set                      PASS_COMPLETE                13/78 written
  ok   ar-pardon-seal-set                             PASS_COMPLETE                6/68 written
  ok   az_certificate_second_chance-set               PASS_COMPLETE                19/57 written
  ok   az_marijuana_expungement_arrest_no_charges-set PASS_COMPLETE                13/50 written
  ok   az_marijuana_expungement_limited_jurisdiction-set PASS_COMPLETE                12/42 written
  ok   az_marijuana_expungement_superior_court-set    PASS_COMPLETE                15/50 written
  ok   az_record_sealing_arrest_no_charges-set        PASS_COMPLETE                25/112 written
  ok   az_record_sealing_conviction-set               PASS_COMPLETE                50/119 written
  ok   az_record_sealing_dismissal_not_guilty-set     PASS_COMPLETE                24/112 written
  ok   az_set_aside-set                               PASS_COMPLETE                26/68 written
  ok   az_wrongful_arrest_clearance-set               PASS_COMPLETE                6/13 written
  FAIL ca-1203-4-set                                  NOT_MEASURABLE_HERE          8/217 written
  FAIL ca-1203-41-set                                 NOT_MEASURABLE_HERE          8/204 written
  FAIL ca-1203-42-set                                 NOT_MEASURABLE_HERE          8/204 written
  FAIL ca-1203-43-set                                 NOT_MEASURABLE_HERE          8/186 written
  FAIL ca-1203-4a-set                                 NOT_MEASURABLE_HERE          8/204 written
  ok   ca-17b-reduction-set                           PASS_COMPLETE                8/187 written
  FAIL ca-851-91-set                                  NOT_MEASURABLE_HERE          14/131 written
  FAIL ca-prop64-set                                  NOT_MEASURABLE_HERE          3/148 written
  ok   census-pending-family:ME:juvenile-sealing      PASS_COMPLETE                7/14 written
  ok   census-pending-family:UT:path-l-vacatur-human-trafficking-related-expungement PASS_COMPLETE                48/123 written
  ok   co_decriminalized_conduct_seal-set             PASS_COMPLETE                14/73 written
  ok   co_motion_seal_conviction-set                  PASS_COMPLETE                29/232 written
  ok   co_motion_seal_nonconviction-set               PASS_COMPLETE                16/101 written
  ok   co_multiple_conviction_seal-set                PASS_COMPLETE                14/132 written
  ok   co_municipal_conviction_seal-set               PASS_COMPLETE                16/59 written
  ok   co_pardoned_conviction_seal-set                PASS_COMPLETE                17/51 written
  ok   co_petition_seal_arrest-set                    PASS_COMPLETE                17/80 written
  ok   composed-treatment:nd-nonconviction-auto-close-verify PASS_COMPLETE                42/49 written
  ok   composed-treatment:obligation:research-decision-route:CO:co_mistaken_identity_expungement:participant_court_petition_after_90_days PASS_COMPLETE                7/23 written
  ok   composed-treatment:obligation:research-decision-route:NY:ny_160_55_violation:sentencing_court_transmission_correction_request PASS_COMPLETE                6/12 written
  ok   composed-treatment:obligation:runtime-contract-cohort:DE:juvenile-expungement-under-10-del-c-1017-1019-1017a:section_1017a_automatic_failure_correction PASS_COMPLETE                6/12 written
  ok   composed-treatment:obligation:runtime-contract-cohort:DE:juvenile-expungement-under-10-del-c-1017-1019-1017a:section_1018_discretionary_petition PASS_COMPLETE                6/16 written
  ok   composed-treatment:obligation:runtime-only:AK:set-aside-after-a-suspended-imposition-of-sentence-as-12-55-085 PASS_COMPLETE                10/32 written
  ok   composed-treatment:obligation:runtime-only:GA:youthful-first-offender-restriction-route PASS_COMPLETE                6/16 written
  ok   composed-treatment:obligation:runtime-only:IL:criminal-identity-theft-mistaken-identity-relief PASS_COMPLETE                6/16 written
  ok   composed-treatment:obligation:runtime-only:MS:intervention-court-dismissal-only-nonconviction-expungement-99-19-71-4 PASS_COMPLETE                7/20 written
  ok   composed-treatment:obligation:runtime-only:MS:nonadjudication-under-99-15-26 PASS_COMPLETE                7/21 written
  ok   composed-treatment:obligation:runtime-only:MS:uncharged-misdemeanor-immediate-dismissal-branch-99-15-59 PASS_COMPLETE                7/21 written
  ok   composed-treatment:obligation:runtime-only:MS:uncharged-or-unprosecuted-misdemeanor-after-12-months-99-15-59 PASS_COMPLETE                7/20 written
  ok   composed-treatment:obligation:runtime-only:NV:trafficking-victim-vacatur-and-sealing-under-nrs-179-247 PASS_COMPLETE                6/16 written
  ok   composed-treatment:obligation:runtime-only:OK:human-trafficking-survivor-relief PASS_COMPLETE                7/24 written
  ok   composed-treatment:obligation:runtime-only:OK:juvenile-record-expungement PASS_COMPLETE                6/18 written
  ok   composed-treatment:obligation:runtime-only:PA:path-k-human-trafficking-vacatur-expungement PASS_COMPLETE                6/16 written
  ok   composed-treatment:obligation:runtime-only:SD:juvenile-trafficking-expungement PASS_COMPLETE                6/17 written
  ok   composed-treatment:obligation:runtime-only:WV:sex-trafficking-victim-vacatur-and-expungement PASS_COMPLETE                6/17 written
  ok   composed-treatment:obligation:runtime-only:WY:human-trafficking-victim-vacatur-w-s-6-2-708 PASS_COMPLETE                11/22 written
  ok   composed-treatment:sc_17_22_950_summary        PASS_COMPLETE                9/25 written
  ok   composed-treatment:sd_sis_sealing              PASS_COMPLETE                9/21 written
  ok   ct-cannabis-petition-set                       PASS_COMPLETE                6/22 written
  ok   ct-cleanslate-petition-set                     PASS_COMPLETE                6/22 written
  ok   ct-decriminalized-set                          PASS_COMPLETE                6/13 written
  ok   ct-missed-erasure-set                          PASS_COMPLETE                1/1 written
  ok   ct-nolle-auto-set                              PASS_COMPLETE                1/6 written
  ok   ct-pardon-erasure-set                          PASS_COMPLETE                5/13 written
  ok   ct-under18-misdemeanor-set                     PASS_COMPLETE                1/6 written
  ok   dc_correct_misattributed_arrest-set            PASS_COMPLETE                7/17 written
  ok   dc_innocence_expungement-set                   PASS_COMPLETE                7/19 written
  ok   dc_seal_conviction-set                         PASS_COMPLETE                8/22 written
  ok   dc_seal_fugitive-set                           PASS_COMPLETE                7/22 written
  ok   dc_seal_nonconviction-set                      PASS_COMPLETE                7/21 written
  ok   dc_yra_set_aside-set                           PASS_COMPLETE                6/13 written
  ok   de_discretionary_superior_court-set            PASS_COMPLETE                18/86 written
  ok   de_mandatory_expungement-set                   PASS_COMPLETE                5/12 written
  ok   de_pardon_expungement-set                      PASS_COMPLETE                18/86 written
  ok   fl-10yr-bridge-set                             PASS_COMPLETE                44/140 written
  ok   fl-administrative-set                          PASS_COMPLETE                10/22 written
  ok   fl-early-juvenile-set                          PASS_COMPLETE                28/93 written
  ok   fl-self-defense-set                            PASS_COMPLETE                25/113 written
  ok   fl-trafficking-set                             PASS_COMPLETE                11/62 written
  ok   ga-deaddocket-j3-set                           PASS_COMPLETE                8/32 written
  ok   ga-felony-j1-set                               PASS_COMPLETE                9/35 written
  ok   ga-fo-active-pre2026-set                       PASS_COMPLETE                8/30 written
  ok   ga-fo-discharged-pre2026-set                   PASS_COMPLETE                8/32 written
  ok   ga-fugitive-j5-set                             PASS_COMPLETE                8/32 written
  ok   ga-jail-k2-set                                 PASS_COMPLETE                7/17 written
  ok   ga-misd-j4-set                                 PASS_COMPLETE                11/35 written
  ok   ga-nonconv-post2013-set                        PASS_COMPLETE                7/19 written
  FAIL ga-nonconv-pre2013-set                         NOT_MEASURABLE_HERE          13/52 written
  ok   ga-pardon-j7-set                               PASS_COMPLETE                10/33 written
  ok   ga-seal-m-set                                  PASS_COMPLETE                10/33 written
  ok   ga-vacated-j2-set                              PASS_COMPLETE                9/34 written
  ok   hi_712_1200_deferred_expungement-set           PASS_COMPLETE                6/20 written
  ok   hi_dag_danc_expungement-set                    PASS_COMPLETE                6/20 written
  ok   hi_nonconviction_expungement-set               PASS_COMPLETE                6/20 written
  ok   ia-12347-set                                   PASS_COMPLETE                15/39 written
  ok   ia-7251-set                                    PASS_COMPLETE                14/25 written
  ok   ia-901c2-set                                   PASS_COMPLETE                74/171 written
  ok   id_clean_slate_shield-set                      PASS_COMPLETE                8/13 written
  ok   id_felony_reduction-set                        PASS_COMPLETE                6/13 written
  ok   id_isp_expungement-set                         PASS_COMPLETE                13/17 written
  ok   id_set_aside_dismissal-set                     PASS_COMPLETE                6/14 written
  FAIL il-cannabis-vacate-set                         NOT_MEASURABLE_HERE          68/439 written
  ok   il-exp-nonconv-set                             PASS_COMPLETE                52/469 written
  FAIL il-exp-pardon-set                              NOT_MEASURABLE_HERE          45/424 written
  FAIL il-exp-precompletion-set                       NOT_MEASURABLE_HERE          45/424 written
  ok   il-exp-qualprob-set                            PASS_COMPLETE                45/424 written
  ok   il-exp-supervision-set                         PASS_COMPLETE                45/424 written
  ok   il-prostitution-j-vacate-set                   PASS_COMPLETE                5/17 written
  FAIL il-seal-2yr-set                                NOT_MEASURABLE_HERE          44/424 written
  FAIL il-seal-3yr-set                                NOT_MEASURABLE_HERE          44/424 written
  FAIL il-seal-edu-set                                NOT_MEASURABLE_HERE          45/424 written
  FAIL il-seal-nonconv-set                            NOT_MEASURABLE_HERE          43/424 written
  ok   in_arrest_no_charges-set                       PASS_COMPLETE                5/145 written
  ok   in_conviction_d6-set                           PASS_COMPLETE                24/41 written
  ok   in_conviction_felony-set                       PASS_COMPLETE                24/41 written
  ok   in_conviction_misd-set                         PASS_COMPLETE                24/41 written
  FAIL in_infraction_nondisclosure-set                NOT_MEASURABLE_HERE          2/19 written
  ok   in_section1_petition-set                       PASS_COMPLETE                5/145 written
  ok   ks-21-6614-conviction-set                      PASS_COMPLETE                43/227 written
  ok   ks-21-6614-diversion-set                       PASS_COMPLETE                43/227 written
  ok   ks-21-6614-prostitution-coercion-set           PASS_COMPLETE                42/227 written
  ok   ks-21-6614-specialty-court-set                 PASS_COMPLETE                43/227 written
  ok   ky_criminal_record_segregation-set             PASS_COMPLETE                7/24 written
  FAIL ky_expungement_certification-set               NOT_MEASURABLE_HERE          12/19 written
  ok   ky_felony_vacatur_expungement-set              PASS_COMPLETE                17/140 written
  ok   ky_misdemeanor_expungement-set                 PASS_COMPLETE                45/66 written
  ok   ky_nonconviction_expungement-set               PASS_COMPLETE                270/569 written
  ok   ky_protective_order_record_expungement-set     PASS_COMPLETE                6/14 written
  ok   ky_void_seal_controlled_substance-set          PASS_COMPLETE                13/39 written
  ok   ky_void_seal_marijuana_synthetic_salvia-set    PASS_COMPLETE                13/39 written
  ok   la-976-arrest-no-conviction-set                PASS_COMPLETE                35/81 written
  ok   la-977-misdemeanor-conviction-set              PASS_COMPLETE                34/59 written
  ok   la-977d-marijuana-first-offense-set            PASS_COMPLETE                24/62 written
  ok   la-978-felony-conviction-set                   PASS_COMPLETE                34/59 written
  ok   la-985-1-interim-expungement-set               PASS_COMPLETE                18/51 written
  ok   la-985-expungement-by-redaction-set            PASS_COMPLETE                27/67 written
  ok   la-987-set-aside-and-dismiss-set               PASS_COMPLETE                14/30 written
  ok   ma-bmc-multi-set                               PASS_COMPLETE                6/14 written
  ok   ma-expunge-k-set                               PASS_COMPLETE                1/38 written
  ok   ma-expunge-mj-set                              PASS_COMPLETE                0/29 written
  ok   ma-expunge-time-set                            PASS_COMPLETE                3/24 written
  ok   ma-seal-admin-set                              PASS_COMPLETE                5/23 written
  ok   ma-seal-court-set                              PASS_COMPLETE                4/140 written
  ok   ma-seal-decrim-set                             PASS_COMPLETE                6/23 written
  ok   md_10105_early-set                             PASS_COMPLETE                14/73 written
  ok   md_10105_favorable-set                         PASS_COMPLETE                314/705 written
  FAIL md_10110_conviction-set                        NOT_MEASURABLE_HERE          936/2631 written
  FAIL md_cannabis_petition-set                       NOT_MEASURABLE_HERE          477/1269 written
  ok   md_pardon_expungement-set                      PASS_COMPLETE                31/146 written
  ok   md_second_chance_shielding-set                 PASS_COMPLETE                18/113 written
  ok   me-nonconv-set                                 PASS_COMPLETE                8/18 written
  ok   me-screening-set                               PASS_COMPLETE                7/18 written
  ok   me-seal-gen-set                                PASS_COMPLETE                6/15 written
  ok   me-seal-prost-set                              PASS_COMPLETE                6/14 written
  ok   me-seal-survivor-set                           PASS_COMPLETE                10/30 written
  FAIL mi_setaside_application-set                    NOT_MEASURABLE_HERE          15/106 written
  FAIL mi_setaside_first_owi-set                      NOT_MEASURABLE_HERE          15/106 written
  ok   mi_setaside_marihuana-set                      PASS_COMPLETE                3/37 written
  ok   mi_setaside_trafficking-set                    PASS_COMPLETE                10/104 written
  ok   mn_petition_15218-set                          PASS_COMPLETE                32/482 written
  ok   mn_petition_609a02_subd3-set                   PASS_COMPLETE                21/131 written
  ok   mn_petition_juvenile_as_adult-set              PASS_COMPLETE                30/481 written
  ok   mn_prosecutor_agreed-set                       PASS_COMPLETE                7/17 written
  ok   mo-610-145-mistaken-identity-set               PASS_COMPLETE                592/2214 written
  ok   mo-art-xiv-marijuana-set                       PASS_COMPLETE                58/300 written
  ok   ms-diversion-set                               PASS_COMPLETE                10/41 written
  ok   ms-fel-set                                     PASS_COMPLETE                13/59 written
  ok   ms-misd-1st-set                                PASS_COMPLETE                9/37 written
  ok   ms-misd-addl-set                               PASS_COMPLETE                9/37 written
  ok   ms-nonadj-set                                  PASS_COMPLETE                9/33 written
  ok   ms-nonconv-set                                 PASS_COMPLETE                10/52 written
  ok   nc_145_5_felony-set                            PASS_COMPLETE                17/188 written
  ok   nc_145_5_misdemeanor-set                       PASS_COMPLETE                17/185 written
  ok   nc_146_acquittal_petition-set                  PASS_COMPLETE                6/128 written
  ok   nc_146_dismissal_petition-set                  PASS_COMPLETE                27/265 written
  ok   nd-deferred-imposition-records-set             PASS_COMPLETE                6/14 written
  ok   nd-nonconviction-close-petition-set            PASS_COMPLETE                9/20 written
  ok   nd-regular-pardon-set                          PASS_COMPLETE                7/229 written
  ok   nd-summary-marijuana-pardon-set                PASS_COMPLETE                6/36 written
  ok   ne-expunge-le-error-set                        PASS_COMPLETE                6/14 written
  ok   ne-seal-enforcement-set                        PASS_COMPLETE                12/32 written
  ok   ne-seal-pardoned-set                           PASS_COMPLETE                15/25 written
  ok   ne-seal-pre2017-set                            PASS_COMPLETE                23/45 written
  ok   ne-setaside-custodial-set                      PASS_COMPLETE                20/121 written
  ok   ne-setaside-noncustodial-set                   PASS_COMPLETE                20/121 written
  ok   nh_conviction_standard-set                     PASS_COMPLETE                33/206 written
  ok   nh_marijuana_annulment-set                     PASS_COMPLETE                18/140 written
  ok   nh_petition_nonconviction_pre2019-set          PASS_COMPLETE                23/170 written
  ok   nh_petition_vacated-set                        PASS_COMPLETE                17/168 written
  FAIL nj_arrest_no_conviction-set                    NOT_MEASURABLE_HERE          18/179 written
  FAIL nj_clean_slate-set                             NOT_MEASURABLE_HERE          18/179 written
  FAIL nj_disorderly_persons-set                      FAIL_ROUTE_SELECTION         18/179 written
  FAIL nj_indictable_conviction-set                   NOT_MEASURABLE_HERE          18/179 written
  ok   nj_ordinance-set                               PASS_COMPLETE                18/179 written
  ok   nm_conviction-set                              PASS_COMPLETE                44/466 written
  ok   nm_identity_theft-set                          PASS_COMPLETE                30/327 written
  ok   nm_release_without_conviction-set              PASS_COMPLETE                41/361 written
  ok   nv_repository_removal-set                      PASS_COMPLETE                14/29 written
  ok   nv_seal_probation_family-set                   PASS_COMPLETE                12/29 written
  FAIL ny_160_59_petition-set                         NOT_MEASURABLE_HERE          34/148 written
  FAIL ny_mrta_marijuana-set                          NOT_MEASURABLE_HERE          12/33 written
  ok   official-form-treatment:obligation:research-decision-route:AL:al-olr PASS_COMPLETE                9/39 written
  ok   official-form-treatment:obligation:research-decision-route:CA:ca-1203-4b PASS_COMPLETE                29/170 written
  ok   oh_marijuana_expungement-set                   PASS_COMPLETE                6/14 written
  ok   or_conviction_setaside-set                     PASS_COMPLETE                12/92 written
  FAIL pa_490_nonconviction-set                       NOT_MEASURABLE_HERE          24/206 written
  ok   pa_6308_underage-set                           PASS_COMPLETE                44/217 written
  FAIL pa_790_nonconviction-set                       FAIL_MISSING_REQUIRED_FACTS  28/185 written
  FAIL pa_9122_1_limited_access-set                   NOT_MEASURABLE_HERE          17/152 written
  ok   pa_age70_deceased-set                          PASS_COMPLETE                16/105 written
  ok   pa_pardon_expungement-set                      PASS_COMPLETE                18/109 written
  FAIL pa_summary_conviction-set                      NOT_MEASURABLE_HERE          34/181 written
  ok   rcap-ga-guidance-implementation                PASS_COMPLETE                6/17 written
  ok   rcap-hi-custom-pleading                        PASS_COMPLETE                35/220 written
  ok   rcap-in-custom-pleading                        PASS_COMPLETE                8/43 written
  ok   rcap-ks-custom-pleading                        PASS_COMPLETE                14/56 written
  ok   rcap-ms-custom-pleading                        PASS_COMPLETE                36/125 written
  ok   rcap-nd-custom-pleading                        PASS_COMPLETE                48/175 written
  ok   rcap-nv-custom-pleading                        PASS_COMPLETE                76/244 written
  ok   rcap-oh-custom-pleading-clean-tracks           PASS_COMPLETE                12/52 written
  ok   rcap-ok-custom-pleading                        PASS_COMPLETE                85/254 written
  ok   rcap-or-official-pdf-fill                      PASS_COMPLETE                24/184 written
  ok   rcap-sc-custom-pleading                        PASS_COMPLETE                80/284 written
  ok   rcap-tn-custom-pleading                        PASS_COMPLETE                109/339 written
  ok   rcap-tx-custom-pleading                        PASS_COMPLETE                9/152 written
  ok   rcap-wa-custom-pleading-clean-tracks           PASS_COMPLETE                20/48 written
  ok   rcap-wi-custom-pleading                        PASS_COMPLETE                11/29 written
  ok   rcap-wv-custom-pleading                        PASS_COMPLETE                18/56 written
  ok   ri_decriminalized-set                          PASS_COMPLETE                11/134 written
  ok   ri_deferred_sentence-set                       PASS_COMPLETE                13/129 written
  ok   ri_first_offender_felony-set                   PASS_COMPLETE                13/129 written
  ok   ri_first_offender_misdemeanor-set              PASS_COMPLETE                13/136 written
  ok   ri_marijuana-set                               PASS_COMPLETE                8/15 written
  ok   ri_multiple_misdemeanors-set                   PASS_COMPLETE                13/136 written
  FAIL ri_nonconviction_sealing-set                   NOT_MEASURABLE_HERE          8/77 written
  ok   sc_17_22_950_summary-set                       PASS_COMPLETE                5/26 written
  ok   sd_arrest_expungement-set                      PASS_COMPLETE                67/222 written
  ok   tx_exp_acquittal-set                           PASS_COMPLETE                17/198 written
  FAIL tx_nd_automatic_misdemeanor_deferred-set       NOT_MEASURABLE_HERE          35/179 written
  ok   tx_nd_conviction_no_supervision-set            PASS_COMPLETE                15/200 written
  ok   tx_nd_deferred_other-set                       PASS_COMPLETE                15/216 written
  ok   tx_nd_dwi_deferred-set                         PASS_COMPLETE                15/193 written
  ok   tx_nd_dwi_probation-set                        PASS_COMPLETE                15/193 written
  ok   tx_nd_probation_misdemeanor-set                PASS_COMPLETE                15/204 written
  ok   tx_nd_veterans_court-set                       PASS_COMPLETE                15/192 written
  ok   tx_nd_veterans_reemployment-set                PASS_COMPLETE                15/178 written
  ok   ut_pet_acquittal-set                           PASS_COMPLETE                38/444 written
  ok   ut_pet_conviction-set                          PASS_COMPLETE                38/444 written
  ok   ut_pet_dismissed_with_prejudice-set            PASS_COMPLETE                36/445 written
  ok   ut_pet_dismissed_without_prejudice-set         PASS_COMPLETE                36/443 written
  ok   ut_pet_limitations-set                         PASS_COMPLETE                38/445 written
  ok   ut_pet_no_charges-set                          PASS_COMPLETE                34/445 written
  ok   ut_pet_special_certificate-set                 PASS_COMPLETE                47/447 written
  ok   ut_pet_traffic-set                             PASS_COMPLETE                31/214 written
  ok   va_exp_absolute_pardon-set                     PASS_COMPLETE                7/17 written
  ok   va_exp_identity_used_by_another-set            PASS_COMPLETE                12/32 written
  ok   va_exp_nonconviction-set                       PASS_COMPLETE                15/56 written
  ok   va_seal_ancillary_matter_only-set              PASS_COMPLETE                30/150 written
  ok   va_seal_enumerated_seven_year-set              PASS_COMPLETE                30/150 written
  ok   va_seal_petition_felony-set                    PASS_COMPLETE                29/122 written
  ok   va_seal_petition_misdemeanor-set               PASS_COMPLETE                30/122 written
  ok   vt_exp_decriminalized-set                      PASS_COMPLETE                18/169 written
  ok   vt_exp_deferred_sentence-set                   PASS_COMPLETE                6/12 written
  ok   vt_seal_18_to_21-set                           PASS_COMPLETE                24/165 written
  ok   vt_seal_dui-set                                PASS_COMPLETE                24/165 written
  ok   vt_seal_felony-set                             PASS_COMPLETE                24/165 written
  ok   vt_seal_misdemeanor-set                        PASS_COMPLETE                24/165 written
  ok   vt_seal_nonconviction-set                      PASS_COMPLETE                21/169 written
  ok   vt_seal_pardon-set                             PASS_COMPLETE                24/165 written
  ok   vt_seal_under_25-set                           PASS_COMPLETE                7/14 written
  ok   wa_crop_certificate_of_restoration-set         PASS_COMPLETE                9/32 written
  ok   wa_vac_cannabis-set                            PASS_COMPLETE                29/51 written
  ok   wa_vac_domestic_violence-set                   PASS_COMPLETE                28/71 written
  ok   wa_vac_felony-set                              PASS_COMPLETE                49/82 written
  ok   wa_vac_homicide_victim_prostitution-set        PASS_COMPLETE                28/71 written
  ok   wa_vac_misdemeanor_ordinary-set                PASS_COMPLETE                28/71 written
  ok   wa_vac_substance_use_disorder-set              PASS_COMPLETE                28/71 written
  ok   wa_vac_survivor_felony-set                     PASS_COMPLETE                49/82 written
  ok   wa_vac_survivor_misdemeanor-set                PASS_COMPLETE                28/71 written
  ok   wa_vac_treaty_fishing-set                      PASS_COMPLETE                28/71 written
  ok   wi_exp_cr266-set                               PASS_COMPLETE                12/18 written
  ok   wi_nc_doj_challenge-set                        PASS_COMPLETE                5/22 written
  ok   wi_nc_doj_fingerprint_removal-set              PASS_COMPLETE                10/33 written
  ok   wv_acc_treatment_job_readiness-set             PASS_COMPLETE                14/192 written
  ok   wv_conv_multiple_misdemeanors-set              PASS_COMPLETE                26/89 written
  ok   wv_conv_nonviolent_felony-set                  PASS_COMPLETE                6/72 written
  ok   wv_conv_single_misdemeanor-set                 PASS_COMPLETE                21/89 written
  ok   wv_dui_deferral_expungement-set                PASS_COMPLETE                15/46 written
  ok   wy_fel_1502-set                                PASS_COMPLETE                9/46 written

  308 famil(ies) audited · 275 PASS_COMPLETE
   31 NOT_MEASURABLE_HERE
    1 FAIL_ROUTE_SELECTION
    1 FAIL_MISSING_REQUIRED_FACTS

  counters: knownRequiredFieldsMissing 0 · requiredFactsNotCollected 1 · unclassifiedBlanks 3 · incompleteRows 0 · requiredOptionsMissing 1 · requiredComponentsMissing 0 · invisibleWrites UNMEASURED · protectedWrites 0 · visualDefects UNMEASURED
  ky_nonconviction_expungement-set: static retained-fixture audit only; runtime intake and fulfillment are unmeasured here.
  md_10105_favorable-set: static retained-fixture audit only; runtime intake and fulfillment are unmeasured here.
  md_10110_conviction-set: static retained-fixture audit only; runtime intake and fulfillment are unmeasured here.
  md_cannabis_petition-set: static retained-fixture audit only; runtime intake and fulfillment are unmeasured here.

Wrote data/rcap-grade-a/packet-completeness/PACKET_COMPLETENESS_MATRIX.json
