{
  "familyId": "ma-bmc-multi-set",
  "status": "COMPLETED",
  "counters": {
    "knownRequiredFieldsMissing": 0,
    "requiredFactsNotCollected": 0,
    "unclassifiedBlanks": 0,
    "incompleteRows": 0,
    "requiredOptionsMissing": 0,
    "requiredComponentsMissing": 0,
    "invisibleWrites": 0,
    "protectedWrites": 0,
    "visualDefects": 0
  },
  "directory": "data/rcap-all50/overlays/census-v1/ma/ma-bmc-multi-set--custom-pleading",
  "implementationStrategy": "custom_pleading",
  "boundSources": 0,
  "codifiedGrounds": [
    "data/record-clearing/legal-design-intake/MA.memo.json",
    "data/record-clearing/legal-design-packet-set-manifests.json"
  ],
  "components": [
    "primary_filing",
    "instructions"
  ],
  "documents": [
    "primary_filing",
    "instructions"
  ],
  "writes": 6,
  "requiredBeforeFiling": 6,
  "artifactHashes": [
    {
      "fixture": "canonical",
      "packetSha256": "85eb39af900381812d5a9f0a3da1da4d4d7f798af0d02b88ce591752c593173b",
      "pages": 4
    },
    {
      "fixture": "boundary",
      "packetSha256": "f6a05670d6797f873c9a86584c2523b861076e9f87a15ccb901e5a2dc088a406",
      "pages": 4
    }
  ],
  "rasterPages": 0,
  "rasterState": "BUILT_RASTER_PENDING",
  "nineCountersZero": true,
  "packetsSelfVerified": 0,
  "commercialRoutesOpened": 0,
  "productionTouched": false
}
