{
  "familyId": "de_mandatory_expungement-set",
  "status": "COMPLETED",
  "counters": {
    "knownRequiredFieldsMissing": 0,
    "requiredFactsNotCollected": 0,
    "unclassifiedBlanks": 0,
    "incompleteRows": 0,
    "requiredOptionsMissing": 0,
    "requiredComponentsMissing": 0,
    "invisibleWrites": 0,
    "protectedWrites": 0,
    "visualDefects": 0
  },
  "directory": "data/rcap-all50/overlays/census-v1/de/de-mandatory-expungement-set--official-pdf-fill",
  "implementationStrategy": "custom_pleading",
  "components": [
    "agency_preparation_guide"
  ],
  "writes": 5,
  "requiredBeforeFiling": 7,
  "artifactHashes": [
    {
      "fixture": "canonical",
      "packetSha256": "f08e5968263dab6597374e385f0460aa3f452a72ea2cc716cb57ebd1df86ad1a",
      "pages": 3
    },
    {
      "fixture": "boundary",
      "packetSha256": "f567de6ce84c1ea74362fa0211ee621e9d431d5292cf9cf6be051a9dc4c0f61a",
      "pages": 3
    }
  ],
  "rasterState": "BUILT_RASTER_PENDING",
  "nineCountersZero": true,
  "packetsSelfVerified": 0,
  "commercialRoutesOpened": 0,
  "productionTouched": false
}
