{
  "familyId": "fl-early-juvenile-set",
  "status": "CHECK_ONLY",
  "sourceSha256": "d9417ea382c9c1ea170153b5aa25e63230799de836b8aefca0ee80a47e23f6eb",
  "sourceByteLength": 22449,
  "components": [
    "FDLE-EARLY-JUVENILE-EXPUNCTION-APPLICATION"
  ],
  "writes": 28,
  "blanks": 65,
  "artifacts": [
    {
      "fixture": "canonical",
      "expectedSha256": "f98816f1cd07d2e95918d416cc3776b6b54733523da0832b6943e12aa25b6f00",
      "storedSha256": "f98816f1cd07d2e95918d416cc3776b6b54733523da0832b6943e12aa25b6f00",
      "storedByteLength": 28239,
      "pageCount": 5,
      "sourceRegionsMeasuredFromStoredBytes": 28,
      "addedGlyphsReadFromStoredBytes": 284,
      "widgetAppearancesReadFromSourceBytes": 0,
      "flattenedWidgetAppearancesReadFromStoredBytes": 0,
      "nonWhitespaceGlyphsOutsideMeasuredWriteBoxes": 0
    },
    {
      "fixture": "boundary",
      "expectedSha256": "3ce5201d21b2e97d6142cd73ccbf21dfc27584672d66a9a10b30a97c01e56fc0",
      "storedSha256": "3ce5201d21b2e97d6142cd73ccbf21dfc27584672d66a9a10b30a97c01e56fc0",
      "storedByteLength": 28376,
      "pageCount": 5,
      "sourceRegionsMeasuredFromStoredBytes": 28,
      "addedGlyphsReadFromStoredBytes": 428,
      "widgetAppearancesReadFromSourceBytes": 0,
      "flattenedWidgetAppearancesReadFromStoredBytes": 0,
      "nonWhitespaceGlyphsOutsideMeasuredWriteBoxes": 0
    }
  ]
}
