RASTER_PASS tx_exp_acquittal-set — 2 document(s), 46 page(s), run 34651035676
  bound to canonical 09eddcb41ed0765ff7ef87f70e053a73164fb570335754a3aff49e592ceb8c51
  bound to boundary  a12cf30307b9db3b5903045db383cda710670adfd012d353bcff58df00ab801d
  the queue is written; run the integration to derive state from it

RASTER_PASS tx_nd_conviction_no_supervision-set — 2 document(s), 48 page(s), run 34651035676
  bound to canonical 2667c62703594861e2bf7c46b92076c2fe4a6b4b20abcadd940f05fc1e3d6eaf
  bound to boundary  e55f77eaffa7fb922471d011da70f419941639c23b237e77d5261c569955c3f1
  the queue is written; run the integration to derive state from it

RASTER_PASS tx_nd_dwi_deferred-set — 2 document(s), 48 page(s), run 34651035676
  bound to canonical 008ba7d0539d4180433d3b7e7873cd9332b4ca393bff216c2aa1da94225d601e
  bound to boundary  9d900a0808e972c75bb5b0f1192c0c76c45cf8694f56f9046ad6ae6b067076b8
  the queue is written; run the integration to derive state from it

RASTER_PASS tx_nd_probation_misdemeanor-set — 2 document(s), 48 page(s), run 34651035676
  bound to canonical 006453102ab2082f27d5b52c2309c4c24267051deabf117fa29876494b591c4b
  bound to boundary  8c20f877c3ba04ddf88b98d04572cfa6a56732e095155b86c08c1c606d819fc5
  the queue is written; run the integration to derive state from it

RASTER_PASS tx_nd_deferred_other-set — 2 document(s), 52 page(s), run 34651035676
  bound to canonical 68075bdcbe9fd71b3219523b99781018d2a3bfd604ab21c96da77997c25b580c
  bound to boundary  d15f204776604cbc82302dd792cd9a2986f557c4ef3624acc48e27a67d33d15f
  the queue is written; run the integration to derive state from it

RASTER_PASS tx_nd_dwi_probation-set — 2 document(s), 48 page(s), run 34651035676
  bound to canonical 3250216674afdfb521a983a83d5ca573434d8126ad3b192ed27c37502a615574
  bound to boundary  4e96001018de68a0a2e02f12ed2e2ccf00b32c09b3a8e7d12374d9a269696fea
  the queue is written; run the integration to derive state from it

RASTER_PASS tx_nd_veterans_court-set — 2 document(s), 50 page(s), run 34651035676
  bound to canonical 047dae56acaed025072318a85121c2d83d4650388be2948c9728105a8ae4ae00
  bound to boundary  b2d4d2954dbafb37157136afac5f5a8477f8b49b9aee00926f9368924153abcb
  the queue is written; run the integration to derive state from it

RASTER_PASS tx_nd_veterans_reemployment-set — 2 document(s), 44 page(s), run 34651035676
  bound to canonical 83d84d23b5a92855b7a13522302a4fbb5f5ca351f5469384d3affe1332ddb13f
  bound to boundary  16806113112a90ed8fa5c0758293a3f9fe35ccf7fddb394098fa8546f7a656a6
  the queue is written; run the integration to derive state from it
