{
  "familyId": "tx_exp_acquittal-set",
  "status": "CHECK_ONLY",
  "boundSources": 1,
  "sources": [
    {
      "sourceId": "official-form:Statement of Inability to Afford Payment of Court Costs or an Appeal Bond",
      "custody": "human_source_returns",
      "sha256": "bd17a3fe43d6989d1828c91c9a46c873908c272d8e2e342af35ce8bdb2fab10d",
      "pages": 12
    }
  ],
  "fields": [
    {
      "document": "tx_exp_acquittal-fee-waiver-statement-5",
      "mapped": 132,
      "unmapped": 0,
      "stale": 0
    }
  ],
  "captionDrift": [],
  "unmappedFields": [],
  "staleDictionaryKeys": []
}
