{
  "familyId": "tx_nd_veterans_court-set",
  "status": "CHECK_ONLY",
  "boundSources": 3,
  "sources": [
    {
      "sourceId": "official-form:OCA Model Petition for an Order of Nondisclosure under Section 411.0727",
      "custody": "master_library",
      "sha256": "7c34e5f5aeee2ce9bb7e757f3c2c9aa9899d536c8917f5329f0d4dc28f6bfa9d",
      "pages": 6
    },
    {
      "sourceId": "official-form:OCA Model Order of Nondisclosure under Section 411.0727",
      "custody": "master_library",
      "sha256": "2c9500206f032b2195a6d99ea04310d520413d8ecdc6978da4ba284c2d01189f",
      "pages": 3
    },
    {
      "sourceId": "official-form:Statement of Inability to Afford Payment of Court Costs or an Appeal Bond",
      "custody": "human_source_returns",
      "sha256": "bd17a3fe43d6989d1828c91c9a46c873908c272d8e2e342af35ce8bdb2fab10d",
      "pages": 12
    }
  ],
  "fields": [
    {
      "document": "tx_nd_veterans_court-petition-1",
      "mapped": 14,
      "unmapped": 0,
      "stale": 0
    },
    {
      "document": "tx_nd_veterans_court-proposed-order-2",
      "mapped": 15,
      "unmapped": 0,
      "stale": 0
    },
    {
      "document": "tx_nd_veterans_court-fee-waiver-statement-4",
      "mapped": 132,
      "unmapped": 0,
      "stale": 0
    }
  ],
  "captionDrift": [],
  "unmappedFields": [],
  "staleDictionaryKeys": []
}
