{
  "familyId": "tx_nd_dwi_probation-set",
  "status": "CHECK_ONLY",
  "boundSources": 3,
  "sources": [
    {
      "sourceId": "official-form:OCA Model Petition for an Order of Nondisclosure under Section 411.0731",
      "custody": "master_library",
      "sha256": "51f747e27d6f2b64e545991f242964dad77c0c69702278acb2b43565b0da62ee",
      "pages": 5
    },
    {
      "sourceId": "official-form:OCA Model Order of Nondisclosure under Section 411.0731",
      "custody": "master_library",
      "sha256": "f085cd5c03edc67671c4aaab3210c76c33325e45fabdd6b818782e87cf413bd4",
      "pages": 3
    },
    {
      "sourceId": "official-form:Statement of Inability to Afford Payment of Court Costs or an Appeal Bond",
      "custody": "human_source_returns",
      "sha256": "bd17a3fe43d6989d1828c91c9a46c873908c272d8e2e342af35ce8bdb2fab10d",
      "pages": 12
    }
  ],
  "fields": [
    {
      "document": "tx_nd_dwi_probation-petition-1",
      "mapped": 15,
      "unmapped": 0,
      "stale": 0
    },
    {
      "document": "tx_nd_dwi_probation-proposed-order-2",
      "mapped": 14,
      "unmapped": 0,
      "stale": 0
    },
    {
      "document": "tx_nd_dwi_probation-fee-waiver-statement-4",
      "mapped": 132,
      "unmapped": 0,
      "stale": 0
    }
  ],
  "captionDrift": [],
  "unmappedFields": [],
  "staleDictionaryKeys": []
}
