✔ mi_setaside_application-set/canonical: select exact reviewed facts, complete PDF and own guide (23.116801ms)
✔ mi_setaside_application-set/boundary: select exact reviewed facts, complete PDF and own guide (24.038942ms)
✔ mi_setaside_application-set/extended-history: select exact reviewed facts, complete PDF and own guide (18.906692ms)
✔ mi_setaside_application-set/single-felony: select exact reviewed facts, complete PDF and own guide (20.153475ms)
✔ mi_setaside_application-set/multiple-felonies: select exact reviewed facts, complete PDF and own guide (19.194159ms)
✔ mi_setaside_application-set/serious-misdemeanor: select exact reviewed facts, complete PDF and own guide (22.387988ms)
✔ mi_setaside_application-set/local-ordinance: select exact reviewed facts, complete PDF and own guide (21.580528ms)
✔ mi_setaside_application-set/mixed-ordinary-categories: select exact reviewed facts, complete PDF and own guide (29.348177ms)
✔ mi_setaside_application-set: exhaustive selected raster inventory with independently parsed pages (204.98357ms)
✔ mi_setaside_first_owi-set/canonical: select exact reviewed facts, complete PDF and own guide (16.952125ms)
✔ mi_setaside_first_owi-set/boundary: select exact reviewed facts, complete PDF and own guide (18.568038ms)
✔ mi_setaside_first_owi-set/prior-denial-interval-elapsed-handoff: select exact reviewed facts, complete PDF and own guide (21.307141ms)
✔ mi_setaside_first_owi-set/prior-denial-within-three-years-handoff: select exact reviewed facts, complete PDF and own guide (16.505931ms)
✔ mi_setaside_first_owi-set/prior-denial-earlier-order-date-handoff: select exact reviewed facts, complete PDF and own guide (14.584806ms)
✔ mi_setaside_first_owi-set/prior-application-pending-handoff: select exact reviewed facts, complete PDF and own guide (19.581715ms)
✔ mi_setaside_first_owi-set: exhaustive selected raster inventory with independently parsed pages (76.57802ms)
✔ mo-610-145-mistaken-identity-set/canonical.existing-case.no-order: select exact reviewed facts, complete PDF and own guide (32.55225ms)
✔ mo-610-145-mistaken-identity-set/canonical.existing-case.with-order: select exact reviewed facts, complete PDF and own guide (41.074722ms)
✔ mo-610-145-mistaken-identity-set/canonical.new-case.no-order: select exact reviewed facts, complete PDF and own guide (38.102322ms)
✔ mo-610-145-mistaken-identity-set/canonical.new-case.with-order: select exact reviewed facts, complete PDF and own guide (33.468834ms)
✔ mo-610-145-mistaken-identity-set/boundary.existing-case.no-order: select exact reviewed facts, complete PDF and own guide (46.203148ms)
✔ mo-610-145-mistaken-identity-set/boundary.existing-case.with-order: select exact reviewed facts, complete PDF and own guide (70.180868ms)
✔ mo-610-145-mistaken-identity-set/boundary.new-case.no-order: select exact reviewed facts, complete PDF and own guide (57.321278ms)
✔ mo-610-145-mistaken-identity-set/boundary.new-case.with-order: select exact reviewed facts, complete PDF and own guide (72.13197ms)
✔ mo-610-145-mistaken-identity-set/canonical.existing-case.clerk-requires-sheet.no-order: select exact reviewed facts, complete PDF and own guide (63.350754ms)
✔ mo-610-145-mistaken-identity-set/canonical.existing-case.clerk-requires-sheet.with-order: select exact reviewed facts, complete PDF and own guide (62.607338ms)
✔ mo-610-145-mistaken-identity-set/boundary.existing-case.clerk-requires-sheet.no-order: select exact reviewed facts, complete PDF and own guide (41.211406ms)
✔ mo-610-145-mistaken-identity-set/boundary.existing-case.clerk-requires-sheet.with-order: select exact reviewed facts, complete PDF and own guide (61.425802ms)
✔ mo-610-145-mistaken-identity-set/automatic-on-notice: select exact reviewed facts, complete PDF and own guide (43.532126ms)
✔ mo-610-145-mistaken-identity-set: exhaustive selected raster inventory with independently parsed pages (389.389785ms)
✔ MI preserves known/manual identifiers and after-mailing protected execution fields (2.372538ms)
✔ MO automatic guidance ignores legacy base order/sheet elections and has no funding gate (0.329901ms)
✔ MO preserves all 310 qualified party/filing occurrences without falsely missing canonical race (0.559862ms)
✔ selection refuses wrong participant (42.948879ms)
✔ selection refuses stale fact snapshot date (29.993726ms)
✔ selection refuses missing required contact (1.394874ms)
✔ selection refuses unknown pending-charge answer (2.395151ms)
✔ selection refuses unconfirmed OWI prior-relief answer (0.379675ms)
✔ selection refuses wrong selected proposed order (58.961727ms)
✔ selection refuses invented judicial act (0.403901ms)
✔ a petition cannot borrow the automatic-guidance output (47.830487ms)
✔ declared output refuses installed assertion (3.556418ms)
✔ declared output refuses payment authority (1.384528ms)
✔ declared output refuses sponsored authority (2.153672ms)
✔ declared output refuses wrong route scope (11.277808ms)
✔ declared output refuses changed component selection (35.67302ms)
✔ real participant input cannot select a synthetic fixture (0.395308ms)
✔ changed source bytes refuse before the shared matrix can enroll or bind an output (22.724989ms)
✔ partial or substituted output inventory is refused without altering retained files (51.681813ms)
✔ a structurally asserted partial raster receipt cannot cover a whole family (57.666902ms)
✔ unrelated families are untouched by both scoped integration points (0.220007ms)
✔ no retained PDF, fixture, source or delivered guide changed during these controls (25.776636ms)
ℹ tests 52
ℹ suites 0
ℹ pass 52
ℹ fail 0
ℹ cancelled 0
ℹ skipped 0
ℹ todo 0
ℹ duration_ms 2470.727048
