{
  "familyId": "ri_first_offender_felony-set",
  "status": "COMPLETED",
  "counters": {
    "knownRequiredFieldsMissing": 0,
    "requiredFactsNotCollected": 0,
    "unclassifiedBlanks": 0,
    "incompleteRows": 0,
    "requiredOptionsMissing": 0,
    "requiredComponentsMissing": 0,
    "invisibleWrites": 0,
    "protectedWrites": 0,
    "visualDefects": 0
  },
  "directory": "data/rcap-all50/overlays/census-v1/ri/ri-first-offender-felony-set--official-pdf-fill",
  "implementationStrategy": "official_pdf_fill",
  "boundSources": 1,
  "sources": [
    {
      "sourceId": "official-form:Superior-55",
      "custody": "master_library",
      "sha256": "e5805c5482e61ef39a88d8b50ea5a3556b5ffc40d3abb2200973016af4a9afca",
      "byteLength": 301833,
      "pathInArchive": "STATES/RI/02_PACKET_FORMS/RI__FORM__SUPERIOR-55__superior-court-motion-affidavit-and-instructions-to-expunge-or-seal-record-felony__REV-2025-02__EN.pdf"
    }
  ],
  "components": [
    "ri_first_offender_felony-primary-filing-1",
    "ri_first_offender_felony-proposed-order-2",
    "ri_first_offender_felony-notice-package-3",
    "ri_first_offender_felony-filing-instructions-4",
    "ri_first_offender_felony-certified-copy-delivery-checklist-5"
  ],
  "documents": [
    "ri_first_offender_felony-primary-filing-1",
    "ri_first_offender_felony-proposed-order-2",
    "ri_first_offender_felony-notice-package-3",
    "ri_first_offender_felony-filing-instructions-4",
    "ri_first_offender_felony-certified-copy-delivery-checklist-5"
  ],
  "affidavitPart": "Part Two: Single Conviction",
  "proposedOrderVariant": "ri-superior-court-felony-and-deferred-sentence-proposed-order",
  "writes": 11,
  "requiredBeforeFiling": 13,
  "terminalFields": 96,
  "blankDispositions": {
    "REQUIRED_BEFORE_FILING": 13,
    "PARTICIPANT_ELECTION_GENUINE": 31,
    "OPTIONAL_PARTICIPANT_CONTENT": 12,
    "PROTECTED_FIELD": 28,
    "NOT_APPLICABLE_ON_THIS_ROUTE": 1
  },
  "artifactHashes": [
    {
      "fixture": "canonical",
      "packetSha256": "246c0c07c6798ca7205d161a36fa6886c48a7d300c479cd0ccd48b21ddafd958",
      "pages": 13,
      "byteLength": 306350
    },
    {
      "fixture": "boundary",
      "packetSha256": "0fc269fff8d0c6ba6a8ee358ebadf77c1e3c526964ed07fbd85a8762eb3b7e4a",
      "pages": 13,
      "byteLength": 306529
    }
  ],
  "rasterPages": 0,
  "rasterState": "BUILT_RASTER_PENDING",
  "nineCountersZero": true,
  "packetsSelfVerified": 0,
  "commercialRoutesOpened": 0,
  "productionTouched": false
}
