PASS scoped specification satisfies both distinct statutory procedures
PASS other four route components and all six route keys remain unchanged
PASS wrong family and wrong route cardinality refuse
PASS missing or interleaved components refuse instead of replacing neighboring routes
PASS second application refuses instead of duplicating the correction
PASS the real builder applies the correction before reading OUT and composing PDFs
PASS canonical: saved PDF identity and all 28 component bindings agree
PASS canonical nv_seal_decrim: actual emitted pages contain the no-fee court-first procedure
PASS canonical nv_seal_decrim: execution and case facts stay blank
PASS canonical nv_seal_pardon: actual emitted pages contain the no-fee court-first procedure
PASS canonical nv_seal_pardon: execution and case facts stay blank
PASS canonical: every reported write is independently found on its own component pages
PASS boundary: saved PDF identity and all 28 component bindings agree
PASS boundary nv_seal_decrim: actual emitted pages contain the no-fee court-first procedure
PASS boundary nv_seal_decrim: execution and case facts stay blank
PASS boundary nv_seal_pardon: actual emitted pages contain the no-fee court-first procedure
PASS boundary nv_seal_pardon: execution and case facts stay blank
PASS boundary: every reported write is independently found on its own component pages
PASS the correction record is bound by actual SHA256 in the source receipt
PASS all nine machine completeness counters remain zero without approval
PASS negative control: reintroduce fee is caught
PASS negative control: wrong objection period is caught
PASS negative control: missing proof attachment is caught
PASS negative control: missing prosecutor exclusion is caught
PASS negative control: extra prosecutor stipulation is caught
PASS negative control: ordinary route altered is caught
PASS negative control: signature becomes a write is caught
PASS negative control: case number not collected is caught
PASS negative control: notice sent by wrong actor is caught
PASS negative control: pardon receives unrelated statutory authority is caught
{
  "schemaVersion": "rcap-nv-special-route-repair-tests/v1",
  "passed": 30,
  "failed": 0,
  "injectedDefectsCaught": 10,
  "results": [
    {
      "name": "scoped specification satisfies both distinct statutory procedures",
      "status": "PASS"
    },
    {
      "name": "other four route components and all six route keys remain unchanged",
      "status": "PASS"
    },
    {
      "name": "wrong family and wrong route cardinality refuse",
      "status": "PASS"
    },
    {
      "name": "missing or interleaved components refuse instead of replacing neighboring routes",
      "status": "PASS"
    },
    {
      "name": "second application refuses instead of duplicating the correction",
      "status": "PASS"
    },
    {
      "name": "the real builder applies the correction before reading OUT and composing PDFs",
      "status": "PASS"
    },
    {
      "name": "canonical: saved PDF identity and all 28 component bindings agree",
      "status": "PASS"
    },
    {
      "name": "canonical nv_seal_decrim: actual emitted pages contain the no-fee court-first procedure",
      "status": "PASS"
    },
    {
      "name": "canonical nv_seal_decrim: execution and case facts stay blank",
      "status": "PASS"
    },
    {
      "name": "canonical nv_seal_pardon: actual emitted pages contain the no-fee court-first procedure",
      "status": "PASS"
    },
    {
      "name": "canonical nv_seal_pardon: execution and case facts stay blank",
      "status": "PASS"
    },
    {
      "name": "canonical: every reported write is independently found on its own component pages",
      "status": "PASS"
    },
    {
      "name": "boundary: saved PDF identity and all 28 component bindings agree",
      "status": "PASS"
    },
    {
      "name": "boundary nv_seal_decrim: actual emitted pages contain the no-fee court-first procedure",
      "status": "PASS"
    },
    {
      "name": "boundary nv_seal_decrim: execution and case facts stay blank",
      "status": "PASS"
    },
    {
      "name": "boundary nv_seal_pardon: actual emitted pages contain the no-fee court-first procedure",
      "status": "PASS"
    },
    {
      "name": "boundary nv_seal_pardon: execution and case facts stay blank",
      "status": "PASS"
    },
    {
      "name": "boundary: every reported write is independently found on its own component pages",
      "status": "PASS"
    },
    {
      "name": "the correction record is bound by actual SHA256 in the source receipt",
      "status": "PASS"
    },
    {
      "name": "all nine machine completeness counters remain zero without approval",
      "status": "PASS"
    },
    {
      "name": "negative control: reintroduce fee is caught",
      "status": "PASS"
    },
    {
      "name": "negative control: wrong objection period is caught",
      "status": "PASS"
    },
    {
      "name": "negative control: missing proof attachment is caught",
      "status": "PASS"
    },
    {
      "name": "negative control: missing prosecutor exclusion is caught",
      "status": "PASS"
    },
    {
      "name": "negative control: extra prosecutor stipulation is caught",
      "status": "PASS"
    },
    {
      "name": "negative control: ordinary route altered is caught",
      "status": "PASS"
    },
    {
      "name": "negative control: signature becomes a write is caught",
      "status": "PASS"
    },
    {
      "name": "negative control: case number not collected is caught",
      "status": "PASS"
    },
    {
      "name": "negative control: notice sent by wrong actor is caught",
      "status": "PASS"
    },
    {
      "name": "negative control: pardon receives unrelated statutory authority is caught",
      "status": "PASS"
    }
  ],
  "productionTouched": false,
  "grantsIndependentApproval": false
}
