{
  "familyId": "il-prostitution-j-vacate-set",
  "status": "COMPLETED",
  "counters": {
    "knownRequiredFieldsMissing": 0,
    "requiredFactsNotCollected": 0,
    "unclassifiedBlanks": 0,
    "incompleteRows": 0,
    "requiredOptionsMissing": 0,
    "requiredComponentsMissing": 0,
    "invisibleWrites": 0,
    "protectedWrites": 0,
    "visualDefects": 0
  },
  "directory": "data/rcap-all50/overlays/census-v1/il/il-prostitution-j-vacate-set--custom-pleading",
  "implementationStrategy": "custom_pleading",
  "boundSources": 0,
  "components": [
    "primary_filing",
    "proposed_order"
  ],
  "documents": [
    "primary_filing",
    "proposed_order"
  ],
  "writes": 5,
  "requiredBeforeFiling": 9,
  "artifactHashes": [
    {
      "fixture": "canonical",
      "packetSha256": "cbd73f4bc88371ae2f2062cbb94ba4533666f640aba567e7e7936b41ced24e30",
      "pages": 3
    },
    {
      "fixture": "boundary",
      "packetSha256": "4e46cf7c1227c5f6dafaaf2cf061337d01460fa644a5e0079c001e3d2d2a5bb0",
      "pages": 3
    }
  ],
  "rasterPages": 0,
  "rasterState": "BUILT_RASTER_PENDING",
  "nineCountersZero": true,
  "packetsSelfVerified": 0,
  "commercialRoutesOpened": 0,
  "productionTouched": false
}
