{
  "familyId": "fl-10yr-bridge-set",
  "status": "CHECK_ONLY",
  "sourceSha256": "ced5d88f7305780a0d2f6354eca313f32729aa25c1b6782013f8bc6847d4c650",
  "sourceByteLength": 26602,
  "components": [
    "FDLE-CERTIFICATE-OF-ELIGIBILITY-APPLICATION",
    "FL-RULE-3.989-PETITION",
    "FL-RULE-3.989-ORDER"
  ],
  "writes": 44,
  "blanks": 96,
  "artifactsInspected": [
    {
      "fixture": "canonical",
      "sha256": "ff4268b1adca4883f44d059303aa59c0ceab618e1bbf6ed02fa464dd667b73df",
      "byteLength": 36138,
      "pageCount": 8
    },
    {
      "fixture": "boundary",
      "sha256": "708cbd61b79b514298315a49f5b3d1e2f997c4757542868d12e8bb9125b473b1",
      "byteLength": 36446,
      "pageCount": 8
    }
  ],
  "requiredCourtStageActionsInspected": 4,
  "selfHelpStopInspected": "Any hearing.",
  "wroteFiles": 0
}
