{
  "result": "FAIL_ROUTE_SELECTION",
  "counters": {
    "knownRequiredFieldsMissing": 0,
    "requiredFactsNotCollected": 0,
    "unclassifiedBlanks": 0,
    "incompleteRows": 0,
    "requiredOptionsMissing": 2,
    "requiredComponentsMissing": 0,
    "invisibleWrites": 0,
    "protectedWrites": 0,
    "visualDefects": 0
  },
  "totals": {
    "terminalFields": 285,
    "written": 106,
    "blank": 179,
    "blanksByDisposition": {
      "NON_FILING_SOURCE_ELEMENT": 25,
      "NOT_APPLICABLE_ON_THIS_ROUTE": 96,
      "PARTICIPANT_ELECTION_GENUINE": 10,
      "PROTECTED_FIELD": 34,
      "ROUTE_OPTION_NOT_SELECTED": 2,
      "REQUIRED_BEFORE_FILING": 12
    },
    "rowsInspected": 0,
    "fieldMapSchema": "writes-and-refusals"
  },
  "boundAreas": 73
}
