TAP version 13
# Subtest: actual unchanged canonical imports, with explicit readiness
ok 1 - actual unchanged canonical imports, with explicit readiness
  ---
  duration_ms: 116.18127
  type: 'test'
  ...
# Subtest: actual unchanged boundary imports, with explicit readiness
ok 2 - actual unchanged boundary imports, with explicit readiness
  ---
  duration_ms: 117.15289
  type: 'test'
  ...
# Subtest: actual unchanged good-cause-waiver imports, with explicit readiness
ok 3 - actual unchanged good-cause-waiver imports, with explicit readiness
  ---
  duration_ms: 111.697227
  type: 'test'
  ...
# Subtest: actual unchanged exact-day-180 imports, with explicit readiness
ok 4 - actual unchanged exact-day-180 imports, with explicit readiness
  ---
  duration_ms: 92.907408
  type: 'test'
  ...
# Subtest: actual unchanged missing-contact imports, with explicit readiness
ok 5 - actual unchanged missing-contact imports, with explicit readiness
  ---
  duration_ms: 82.116639
  type: 'test'
  ...
# Subtest: known supplied name cannot become an unavailable blank
ok 6 - known supplied name cannot become an unavailable blank
  ---
  duration_ms: 60.75427
  type: 'test'
  ...
# Subtest: undisclosed required-before-filing value is caught
ok 7 - undisclosed required-before-filing value is caught
  ---
  duration_ms: 91.207412
  type: 'test'
  ...
# Subtest: unknown disposition is not accepted
ok 8 - unknown disposition is not accepted
  ---
  duration_ms: 117.844726
  type: 'test'
  ...
# Subtest: incomplete actual row shape is caught
ok 9 - incomplete actual row shape is caught
  ---
  duration_ms: 68.081429
  type: 'test'
  ...
# Subtest: unselected route choice cannot be excused as participant discretion
ok 10 - unselected route choice cannot be excused as participant discretion
  ---
  duration_ms: 115.779513
  type: 'test'
  ...
# Subtest: missing rendered component is caught
ok 11 - missing rendered component is caught
  ---
  duration_ms: 98.585604
  type: 'test'
  ...
# Subtest: zero actual ink with declared writes is caught
ok 12 - zero actual ink with declared writes is caught
  ---
  duration_ms: 60.436263
  type: 'test'
  ...
# Subtest: protected signature write is caught
ok 13 - protected signature write is caught
  ---
  duration_ms: 92.125869
  type: 'test'
  ...
# Subtest: measured out-of-box ink is caught
ok 14 - measured out-of-box ink is caught
  ---
  duration_ms: 71.451004
  type: 'test'
  ...
# Subtest: source presentation must match independently measured census identity
ok 15 - source presentation must match independently measured census identity
  ---
  duration_ms: 68.953993
  type: 'test'
  ...
# Subtest: fake source source-field alias rejected
ok 16 - fake source source-field alias rejected
  ---
  duration_ms: 62.833528
  type: 'test'
  ...
# Subtest: known contact cannot hide behind unavailable declaration
ok 17 - known contact cannot hide behind unavailable declaration
  ---
  duration_ms: 67.942181
  type: 'test'
  ...
# Subtest: real measured artifact hash mismatch refuses compatibility
ok 18 - real measured artifact hash mismatch refuses compatibility
  ---
  duration_ms: 40.274329
  type: 'test'
  ...
# Subtest: no selected fixture refuses, not an empty pass
ok 19 - no selected fixture refuses, not an empty pass
  ---
  duration_ms: 24.960803
  type: 'test'
  ...
# Subtest: report-only regeneration is deterministic and changes no PDF
ok 20 - report-only regeneration is deterministic and changes no PDF
  ---
  duration_ms: 202.544039
  type: 'test'
  ...
# Subtest: canonical service recipient is participant-completable, not attorney execution
ok 21 - canonical service recipient is participant-completable, not attorney execution
  ---
  duration_ms: 63.514949
  type: 'test'
  ...
# Subtest: all source and original PDFs stay unchanged through all checks
ok 22 - all source and original PDFs stay unchanged through all checks
  ---
  duration_ms: 18.28201
  type: 'test'
  ...
1..22
# tests 22
# suites 0
# pass 22
# fail 0
# cancelled 0
# skipped 0
# todo 0
# duration_ms 2276.308602
