{
  "sources": [
    {
      "state": "nc",
      "documentId": "AOC-CR-287",
      "sha256": "a876229328f9ee8325890b597633b661711fe606da1be8ddb573cd50791365ed",
      "byteLength": 257828,
      "pageCount": 2,
      "fieldCount": 119
    },
    {
      "state": "nc",
      "documentId": "AOC-CR-287-INSTRUCTIONS",
      "sha256": "fe22270401aa22ee5c801871aeb1c00f3b98cfb6867f7155681bab4af9c990d7",
      "byteLength": 217744,
      "pageCount": 1,
      "fieldCount": 0
    },
    {
      "state": "nc",
      "documentId": "AOC-CV-226",
      "sha256": "74057a13e4bccccbbac785c845b4996b322c6219e1c45f1ab42dca2377755a8f",
      "byteLength": 269426,
      "pageCount": 2,
      "fieldCount": 78
    },
    {
      "state": "nh",
      "documentId": "NHJB-2317",
      "sha256": "2fc2e1ede5201c17aa6a6e7726aff4659a649131429f8fec69771bc2b62f662c",
      "byteLength": 85115,
      "pageCount": 3,
      "fieldCount": 41
    },
    {
      "state": "nh",
      "documentId": "NHJB-2311",
      "sha256": "f8b5df1366a91a9fd177612c0519f941b8d4f60e1f8f84c2a6c0c064ba7da58e",
      "byteLength": 64896,
      "pageCount": 2,
      "fieldCount": 20
    },
    {
      "state": "nh",
      "documentId": "NHJB-2328",
      "sha256": "b4384b41efb472951c28b1289e46b05dfcc9463147aa490597f541f5291ce919",
      "byteLength": 66063,
      "pageCount": 3,
      "fieldCount": 90
    },
    {
      "state": "nh",
      "documentId": "NHJB-2956",
      "sha256": "c8e5e9fead600ad30a956eac98c43d30d9ca3a3b8b4bc619713e50c83524f569",
      "byteLength": 62291,
      "pageCount": 1,
      "fieldCount": 17
    }
  ],
  "fixtures": [
    {
      "state": "nc",
      "fixture": "canonical",
      "path": "data/rcap-all50/overlays/census-v1/nc/nc-146-dismissal-petition-set--official-pdf-fill/fixtures/canonical.pdf",
      "sha256": "8f57fd19b2d0e2b2e0efe1b165cecbd9e6e199c4f1a1c537a574aceb968aabb9",
      "byteLength": 765177,
      "pageCount": 5,
      "acroFieldCount": 0
    },
    {
      "state": "nc",
      "fixture": "boundary",
      "path": "data/rcap-all50/overlays/census-v1/nc/nc-146-dismissal-petition-set--official-pdf-fill/fixtures/boundary.pdf",
      "sha256": "957f17566b945c72323f7b92d7e04a0e6ee84a23cbc46d49450af8f494af5ea2",
      "byteLength": 765379,
      "pageCount": 5,
      "acroFieldCount": 0
    },
    {
      "state": "nh",
      "fixture": "canonical",
      "path": "data/rcap-all50/overlays/census-v1/nh/nh-petition-nonconviction-pre2019-set--official-pdf-fill/fixtures/canonical.pdf",
      "sha256": "9c6152b5f6c08b3ac2888f50e72a364bc7faf49f56d91dac559c9cd55a568b4d",
      "byteLength": 182593,
      "pageCount": 9,
      "acroFieldCount": 0
    },
    {
      "state": "nh",
      "fixture": "boundary",
      "path": "data/rcap-all50/overlays/census-v1/nh/nh-petition-nonconviction-pre2019-set--official-pdf-fill/fixtures/boundary.pdf",
      "sha256": "690375ecf3ae3be2238923cb50c38a17e1b6adcb8daf8d71a5c3cfbb90c14743",
      "byteLength": 182674,
      "pageCount": 9,
      "acroFieldCount": 0
    }
  ]
}
