{
  "familyId": "co_municipal_conviction_seal-set",
  "status": "COMPLETED",
  "stopClass": null,
  "counters": {
    "knownRequiredFieldsMissing": 0,
    "requiredFactsNotCollected": 0,
    "unclassifiedBlanks": 0,
    "incompleteRows": 0,
    "requiredOptionsMissing": 0,
    "requiredComponentsMissing": 0,
    "invisibleWrites": 0,
    "protectedWrites": 0,
    "visualDefects": 0
  },
  "counterFindings": [],
  "rasterState": "BUILT_RASTER_PENDING",
  "directory": "data/rcap-all50/overlays/census-v1/co/co-municipal-conviction-seal-set--official-pdf-fill",
  "documents": [
    "JDF-683",
    "JDF-686"
  ],
  "components": [
    "co_municipal_conviction_seal-primary-filing-1",
    "co_municipal_conviction_seal-proposed-order-2"
  ],
  "boundSources": [
    {
      "sourceId": "official-form:JDF-683",
      "sha256": "6b451ae32c01ef1e637a460df627d246e1b4a61d4ac4f166005a7349fa87202e",
      "custody": "master_library"
    },
    {
      "sourceId": "official-form:JDF-686",
      "sha256": "abf997d8e701df0c74b1eb7833b35f30c006b50bf71b019abf7754d898433200",
      "custody": "master_library"
    }
  ],
  "writes": 16,
  "requiredBeforeFiling": 28,
  "printedSelectionControlsNotMeasured": 22,
  "printedBlanksNotMeasured": 4,
  "legalDesignBuildBlockersOpen": 2,
  "artifacts": [
    {
      "fixture": "canonical",
      "sha256": "676d922f062ce75605d4aa1bd57cf16d6fe917ef408cfc82c49ae4863d3cb022",
      "byteLength": 144207,
      "pageCount": 5
    },
    {
      "fixture": "boundary",
      "sha256": "1c483f89703a4547c4a4ae1689ff3efa1b0be92c1aca12b17454138994a9e2b5",
      "byteLength": 144266,
      "pageCount": 5
    }
  ],
  "glyphReadings": [
    {
      "fixture": "canonical",
      "document": "JDF-683",
      "addedGlyphsReadFromOutputBytes": 107,
      "nonWhitespaceGlyphsOutsideMeasuredWriteBoxes": 0
    },
    {
      "fixture": "canonical",
      "document": "JDF-686",
      "addedGlyphsReadFromOutputBytes": 96,
      "nonWhitespaceGlyphsOutsideMeasuredWriteBoxes": 0
    },
    {
      "fixture": "boundary",
      "document": "JDF-683",
      "addedGlyphsReadFromOutputBytes": 171,
      "nonWhitespaceGlyphsOutsideMeasuredWriteBoxes": 0
    },
    {
      "fixture": "boundary",
      "document": "JDF-686",
      "addedGlyphsReadFromOutputBytes": 200,
      "nonWhitespaceGlyphsOutsideMeasuredWriteBoxes": 0
    }
  ],
  "rasterPages": 0,
  "packetsSelfVerified": 0,
  "commercialRoutesOpened": 0,
  "productionTouched": false
}
fatal: not a git repository (or any parent up to mount point /)
Stopping at filesystem boundary (GIT_DISCOVERY_ACROSS_FILESYSTEM not set).
