✔ forward tuple binds distinct application, worker, publication and acceptance identities without activation (1.931254ms)
✔ wrong applicationSha and stale hosted identity rejected (1.304965ms)
✔ wrong workerSourceSha and stale hosted identity rejected (0.353831ms)
✔ wrong workerDigest and stale hosted identity rejected (0.327161ms)
✔ wrong workerInputFingerprint and stale hosted identity rejected (0.383746ms)
✔ wrong toolsSha and stale hosted identity rejected (0.318295ms)
✔ wrong publication workflow identity rejected (1.072943ms)
✔ wrong readOnlyImageAcceptance workflow identity rejected (3.528446ms)
✔ old authorization and automatically production-authorized held successor rejected (0.613586ms)
✔ hosted autoAssignCustomDomains fails closed (0.425004ms)
✔ hosted productionAliasesUnchanged fails closed (0.236161ms)
✔ hosted productionWrites fails closed (0.213869ms)
✔ hosted signupVerified fails closed (0.226402ms)
✔ hosted sharedHostRoutingVerified fails closed (0.175117ms)
✔ hosted liveAuthCalls fails closed (0.245759ms)
✔ hosted target fails closed (0.192019ms)
✔ hosted readyState fails closed (0.246731ms)
✔ same-tuple stale hosted evidence rejected (0.212697ms)
✔ held flag migrationReplayAuthorized cannot advance (0.249907ms)
✔ held flag housekeepingReplayAuthorized cannot advance (0.142316ms)
✔ held flag additionalWorkerPublicationAuthorized cannot advance (0.188372ms)
✔ held flag imageAcceptanceRerunAuthorized cannot advance (0.136244ms)
✔ held flag hostedFullReady cannot advance (0.126507ms)
✔ locale initialization ignores opaque and unrelated documents without suppressing app errors (3.703262ms)
✔ locale initialization seeds exactly the candidate document (1.460826ms)
✔ registry blob redirects remain GET-only with immutable config verification (25.241875ms)
✔ multiarch immutable child manifest is verified before its config or layers (2.080212ms)
✔ recompressed registry mirror requires identical verified config and uncompressed filesystem (0.946857ms)
✔ historical creation retains exact historical event and valid chain (2.835643ms)
✔ same identity appends truthful evidence refresh and remains deterministic (3.210983ms)
✔ semantic mutations fail: false approval, erased historical event, rewritten prior history (5.620841ms)
ℹ tests 31
ℹ suites 0
ℹ pass 31
ℹ fail 0
ℹ cancelled 0
ℹ skipped 0
ℹ todo 0
ℹ duration_ms 337.994395
