{
  "familyId": "wy_fel_1502-set",
  "status": "COMPLETED",
  "counters": {
    "knownRequiredFieldsMissing": 0,
    "requiredFactsNotCollected": 0,
    "unclassifiedBlanks": 0,
    "incompleteRows": 0,
    "requiredOptionsMissing": 0,
    "requiredComponentsMissing": 0,
    "invisibleWrites": 0,
    "protectedWrites": 0,
    "visualDefects": 0
  },
  "directory": "data/rcap-all50/overlays/census-v1/wy/wy-fel-1502-set--custom-pleading",
  "implementationStrategy": "custom_pleading",
  "boundSources": 0,
  "components": [
    "wy_fel_1502-primary-filing-1",
    "wy_fel_1502-proposed-order-2",
    "wy_fel_1502-verification-3",
    "wy_fel_1502-certificate-of-service-4",
    "wy_fel_1502-filing-instructions-5"
  ],
  "documents": [
    "wy_fel_1502-primary-filing-1",
    "wy_fel_1502-proposed-order-2",
    "wy_fel_1502-verification-3",
    "wy_fel_1502-certificate-of-service-4",
    "wy_fel_1502-filing-instructions-5"
  ],
  "writes": 9,
  "requiredBeforeFiling": 28,
  "artifactHashes": [
    {
      "fixture": "canonical",
      "packetSha256": "75d0e6f57a5c4a2cbf17918fac5cb30c3f59d4a9c00df51be779df17f5aa66ef",
      "pages": 8
    },
    {
      "fixture": "boundary",
      "packetSha256": "55b13d5f6c761c6fb3e435f7089cf22eb7d017803193ee87d4759dace9d1dbb7",
      "pages": 8
    }
  ],
  "rasterPages": 0,
  "rasterState": "BUILT_RASTER_PENDING",
  "nineCountersZero": true,
  "packetsSelfVerified": 0,
  "commercialRoutesOpened": 0,
  "productionTouched": false
}
