{
  "familyId": "ms-misd-addl-set",
  "status": "COMPLETED",
  "counters": {
    "knownRequiredFieldsMissing": 0,
    "requiredFactsNotCollected": 0,
    "unclassifiedBlanks": 0,
    "incompleteRows": 0,
    "requiredOptionsMissing": 0,
    "requiredComponentsMissing": 0,
    "invisibleWrites": 0,
    "protectedWrites": 0,
    "visualDefects": 0
  },
  "directory": "data/rcap-all50/overlays/census-v1/ms/ms-misd-addl-set--custom-pleading",
  "implementationStrategy": "custom_pleading",
  "boundSources": 0,
  "components": [
    "ms-misd-addl-primary-filing-1",
    "ms-misd-addl-proposed-order-2",
    "ms-misd-addl-certificate-of-service-3",
    "ms-misd-addl-attachment-4",
    "ms-misd-addl-instructions-5"
  ],
  "documents": [
    "ms-misd-addl-primary-filing-1",
    "ms-misd-addl-proposed-order-2",
    "ms-misd-addl-certificate-of-service-3",
    "ms-misd-addl-attachment-4",
    "ms-misd-addl-instructions-5"
  ],
  "writes": 9,
  "requiredBeforeFiling": 20,
  "artifactHashes": [
    {
      "fixture": "canonical",
      "packetSha256": "c2938658151e650ff20791a8b14ba4a9197a339ced3645407914a2066bafbb7b",
      "pages": 7
    },
    {
      "fixture": "boundary",
      "packetSha256": "61c429c2135a6b3b79de26adea8eb6f6ed1288aaf21c0a604dd656c431848c84",
      "pages": 7
    }
  ],
  "rasterPages": 0,
  "rasterState": "BUILT_RASTER_PENDING",
  "nineCountersZero": true,
  "packetsSelfVerified": 0,
  "commercialRoutesOpened": 0,
  "productionTouched": false
}
