✔ complete adopted five-source binding; other custody families unchanged (2146.909174ms)
✔ official-form:1501CR: reject receipt sha256 (61.476139ms)
✔ official-form:1501CR: reject receipt byteLength (56.514433ms)
✔ official-form:1501CR: reject receipt heldCorpusPath (58.589294ms)
✔ official-form:1501CR: reject changed saved body (96.006049ms)
✔ official-form:1501CR: reject conflicting custody binding (82.583169ms)
✔ official-form:1501CR-C: reject receipt sha256 (55.662903ms)
✔ official-form:1501CR-C: reject receipt byteLength (60.342816ms)
✔ official-form:1501CR-C: reject receipt heldCorpusPath (94.625382ms)
✔ official-form:1501CR-C: reject changed saved body (56.839732ms)
✔ official-form:1501CR-C: reject conflicting custody binding (72.339263ms)
✔ official-form:1502CR: reject receipt sha256 (55.357323ms)
✔ official-form:1502CR: reject receipt byteLength (98.533594ms)
✔ official-form:1502CR: reject receipt heldCorpusPath (74.634697ms)
✔ official-form:1502CR: reject changed saved body (79.499525ms)
✔ official-form:1502CR: reject conflicting custody binding (77.570545ms)
✔ official-form:1110GE: reject receipt sha256 (75.388624ms)
✔ official-form:1110GE: reject receipt byteLength (73.214897ms)
✔ official-form:1110GE: reject receipt heldCorpusPath (65.251416ms)
✔ official-form:1110GE: reject changed saved body (50.588424ms)
✔ official-form:1110GE: reject conflicting custody binding (60.850123ms)
✔ official-form:1111GE: reject receipt sha256 (118.624316ms)
✔ official-form:1111GE: reject receipt byteLength (113.402652ms)
✔ official-form:1111GE: reject receipt heldCorpusPath (55.932587ms)
✔ official-form:1111GE: reject changed saved body (54.129622ms)
✔ official-form:1111GE: reject conflicting custody binding (61.094998ms)
✔ residual: reject duplicate receipt (53.294133ms)
✔ residual: reject wrong printed identity (68.791312ms)
✔ residual: reject wrong listing identity (80.748526ms)
✔ residual: reject wrong family binding (58.000155ms)
✔ residual: reject missing notice (74.982145ms)
✔ adoption: reject reversed branch (108.598127ms)
✔ adoption: reject unconfirmed selector (119.718168ms)
✔ adoption: reject missing STOP (78.941063ms)
✔ adoption: reject unresolved owner (61.564408ms)
✔ adoption: reject stale branch evidence (66.236725ms)
✔ adoption: reject different recovery record (107.631079ms)
✔ missing adoption is refused even with preloaded exact custody (65.763043ms)
✔ symlinked notice body is refused (63.092518ms)
✔ combined historical obligation cannot smuggle a resolved sixth body (71.740877ms)
✔ missing custody cannot fall through to incomplete indexed sources (29.899345ms)
ℹ tests 41
ℹ suites 0
ℹ pass 41
ℹ fail 0
ℹ cancelled 0
ℹ skipped 0
ℹ todo 0
ℹ duration_ms 5369.649007
