ar-pardon-seal-set	UNKNOWN STEP	﻿2026-09-04T06:38:11.9050422Z Current runner version: '2.337.0'
ar-pardon-seal-set	UNKNOWN STEP	2026-09-04T06:38:11.9079111Z ##[group]Runner Image Provisioner
ar-pardon-seal-set	UNKNOWN STEP	2026-09-04T06:38:11.9080165Z Hosted Compute Agent
ar-pardon-seal-set	UNKNOWN STEP	2026-09-04T06:38:11.9080795Z Version: 20260828.587
ar-pardon-seal-set	UNKNOWN STEP	2026-09-04T06:38:11.9081451Z Commit: abac92662cab4cc7352de4f9f9d2e2419aad9c29
ar-pardon-seal-set	UNKNOWN STEP	2026-09-04T06:38:11.9082323Z Build Date: 2026-08-28T16:44:25Z
ar-pardon-seal-set	UNKNOWN STEP	2026-09-04T06:38:11.9083052Z Worker ID: {13e4b4b6-b31f-4f0f-abfe-fb1214bea932}
ar-pardon-seal-set	UNKNOWN STEP	2026-09-04T06:38:11.9083872Z Azure Region: westcentralus
ar-pardon-seal-set	UNKNOWN STEP	2026-09-04T06:38:11.9084526Z ##[endgroup]
ar-pardon-seal-set	UNKNOWN STEP	2026-09-04T06:38:11.9086108Z ##[group]Operating System
ar-pardon-seal-set	UNKNOWN STEP	2026-09-04T06:38:11.9086888Z Ubuntu
ar-pardon-seal-set	UNKNOWN STEP	2026-09-04T06:38:11.9087747Z 24.04.4
ar-pardon-seal-set	UNKNOWN STEP	2026-09-04T06:38:11.9088342Z LTS
ar-pardon-seal-set	UNKNOWN STEP	2026-09-04T06:38:11.9088898Z ##[endgroup]
ar-pardon-seal-set	UNKNOWN STEP	2026-09-04T06:38:11.9089609Z ##[group]Runner Image
ar-pardon-seal-set	UNKNOWN STEP	2026-09-04T06:38:11.9090293Z Image: ubuntu-24.04
ar-pardon-seal-set	UNKNOWN STEP	2026-09-04T06:38:11.9090893Z Version: 20260831.293.1
ar-pardon-seal-set	UNKNOWN STEP	2026-09-04T06:38:11.9092770Z Included Software: https://github.com/actions/runner-images/blob/ubuntu24/20260831.293/images/ubuntu/Ubuntu2404-Readme.md
ar-pardon-seal-set	UNKNOWN STEP	2026-09-04T06:38:11.9094402Z Image Release: https://github.com/actions/runner-images/releases/tag/ubuntu24%2F20260831.293
ar-pardon-seal-set	UNKNOWN STEP	2026-09-04T06:38:11.9095464Z ##[endgroup]
ar-pardon-seal-set	UNKNOWN STEP	2026-09-04T06:38:11.9096711Z ##[group]GITHUB_TOKEN Permissions
ar-pardon-seal-set	UNKNOWN STEP	2026-09-04T06:38:11.9099277Z Contents: read
ar-pardon-seal-set	UNKNOWN STEP	2026-09-04T06:38:11.9099909Z Metadata: read
ar-pardon-seal-set	UNKNOWN STEP	2026-09-04T06:38:11.9100484Z ##[endgroup]
ar-pardon-seal-set	UNKNOWN STEP	2026-09-04T06:38:11.9102908Z Secret source: Actions
ar-pardon-seal-set	UNKNOWN STEP	2026-09-04T06:38:11.9104034Z Prepare workflow directory
ar-pardon-seal-set	UNKNOWN STEP	2026-09-04T06:38:11.9500070Z Prepare all required actions
ar-pardon-seal-set	UNKNOWN STEP	2026-09-04T06:38:11.9550310Z Getting action download info
ar-pardon-seal-set	UNKNOWN STEP	2026-09-04T06:38:12.2491870Z Download action repository 'actions/checkout@v4' (SHA:11d5960a326750d5838078e36cf38b85af677262)
ar-pardon-seal-set	UNKNOWN STEP	2026-09-04T06:38:12.4024343Z Download action repository 'actions/setup-node@v4' (SHA:49933ea5288caeca8642d1e84afbd3f7d6820020)
ar-pardon-seal-set	UNKNOWN STEP	2026-09-04T06:38:12.5442954Z Download action repository 'actions/setup-python@v5' (SHA:a26af69be951a213d495a4c3e4e4022e16d87065)
ar-pardon-seal-set	UNKNOWN STEP	2026-09-04T06:38:12.6650615Z Download action repository 'actions/upload-artifact@v4' (SHA:ea165f8d65b6e75b540449e92b4886f43607fa02)
ar-pardon-seal-set	UNKNOWN STEP	2026-09-04T06:38:12.9165236Z Complete job name: ar-pardon-seal-set
ar-pardon-seal-set	UNKNOWN STEP	2026-09-04T06:38:13.0007586Z Node 20 is being deprecated. This workflow is running with Node 24 by default. If you need to temporarily use Node 20, you can set the ACTIONS_ALLOW_USE_UNSECURE_NODE_VERSION=true environment variable. For more information see: https://github.blog/changelog/2025-09-19-deprecation-of-node-20-on-github-actions-runners/
ar-pardon-seal-set	UNKNOWN STEP	2026-09-04T06:38:13.0020897Z ##[group]Run actions/checkout@v4
ar-pardon-seal-set	UNKNOWN STEP	2026-09-04T06:38:13.0022130Z with:
ar-pardon-seal-set	UNKNOWN STEP	2026-09-04T06:38:13.0023085Z   ref: 8ea3f334de0b75e164a6e2a7fee1e5641a7789b2
ar-pardon-seal-set	UNKNOWN STEP	2026-09-04T06:38:13.0024051Z   repository: Roger-LegalEase/legalease-partner-dashboard-clean
ar-pardon-seal-set	UNKNOWN STEP	2026-09-04T06:38:13.0030675Z   token: ***
ar-pardon-seal-set	UNKNOWN STEP	2026-09-04T06:38:13.0031582Z   ssh-strict: true
ar-pardon-seal-set	UNKNOWN STEP	2026-09-04T06:38:13.0032621Z   ssh-user: git
ar-pardon-seal-set	UNKNOWN STEP	2026-09-04T06:38:13.0033582Z   persist-credentials: true
ar-pardon-seal-set	UNKNOWN STEP	2026-09-04T06:38:13.0034431Z   clean: true
ar-pardon-seal-set	UNKNOWN STEP	2026-09-04T06:38:13.0034977Z   sparse-checkout-cone-mode: true
ar-pardon-seal-set	UNKNOWN STEP	2026-09-04T06:38:13.0036017Z   fetch-depth: 1
ar-pardon-seal-set	UNKNOWN STEP	2026-09-04T06:38:13.0036507Z   fetch-tags: false
ar-pardon-seal-set	UNKNOWN STEP	2026-09-04T06:38:13.0037354Z   show-progress: true
ar-pardon-seal-set	UNKNOWN STEP	2026-09-04T06:38:13.0038227Z   lfs: false
ar-pardon-seal-set	UNKNOWN STEP	2026-09-04T06:38:13.0038857Z   submodules: false
ar-pardon-seal-set	UNKNOWN STEP	2026-09-04T06:38:13.0039697Z   set-safe-directory: true
ar-pardon-seal-set	UNKNOWN STEP	2026-09-04T06:38:13.0040326Z   allow-unsafe-pr-checkout: false
ar-pardon-seal-set	UNKNOWN STEP	2026-09-04T06:38:13.0041644Z ##[endgroup]
ar-pardon-seal-set	UNKNOWN STEP	2026-09-04T06:38:13.1204558Z Syncing repository: Roger-LegalEase/legalease-partner-dashboard-clean
ar-pardon-seal-set	UNKNOWN STEP	2026-09-04T06:38:13.1209138Z ##[group]Getting Git version info
ar-pardon-seal-set	UNKNOWN STEP	2026-09-04T06:38:13.1211078Z Working directory is '/home/runner/work/legalease-partner-dashboard-clean/legalease-partner-dashboard-clean'
ar-pardon-seal-set	UNKNOWN STEP	2026-09-04T06:38:13.1213724Z [command]/usr/bin/git version
ar-pardon-seal-set	UNKNOWN STEP	2026-09-04T06:38:13.1214675Z git version 2.55.0
ar-pardon-seal-set	UNKNOWN STEP	2026-09-04T06:38:13.1219232Z ##[endgroup]
ar-pardon-seal-set	UNKNOWN STEP	2026-09-04T06:38:13.1231922Z Temporarily overriding HOME='/home/runner/work/_temp/00bb86b9-df07-4c90-b73b-351c24209228' before making global git config changes
ar-pardon-seal-set	UNKNOWN STEP	2026-09-04T06:38:13.1235529Z Adding repository directory to the temporary git global config as a safe directory
ar-pardon-seal-set	UNKNOWN STEP	2026-09-04T06:38:13.1238775Z [command]/usr/bin/git config --global --add safe.directory /home/runner/work/legalease-partner-dashboard-clean/legalease-partner-dashboard-clean
ar-pardon-seal-set	UNKNOWN STEP	2026-09-04T06:38:13.1293398Z Deleting the contents of '/home/runner/work/legalease-partner-dashboard-clean/legalease-partner-dashboard-clean'
ar-pardon-seal-set	UNKNOWN STEP	2026-09-04T06:38:13.1297698Z ##[group]Initializing the repository
ar-pardon-seal-set	UNKNOWN STEP	2026-09-04T06:38:13.1305575Z [command]/usr/bin/git init /home/runner/work/legalease-partner-dashboard-clean/legalease-partner-dashboard-clean
ar-pardon-seal-set	UNKNOWN STEP	2026-09-04T06:38:13.1389867Z hint: Using 'master' as the name for the initial branch. This default branch name
ar-pardon-seal-set	UNKNOWN STEP	2026-09-04T06:38:13.1394027Z hint: will change to "main" in Git 3.0. To configure the initial branch name
ar-pardon-seal-set	UNKNOWN STEP	2026-09-04T06:38:13.1395796Z hint: to use in all of your new repositories, which will suppress this warning,
ar-pardon-seal-set	UNKNOWN STEP	2026-09-04T06:38:13.1396609Z hint: call:
ar-pardon-seal-set	UNKNOWN STEP	2026-09-04T06:38:13.1397269Z hint:
ar-pardon-seal-set	UNKNOWN STEP	2026-09-04T06:38:13.1398332Z hint: 	git config --global init.defaultBranch <name>
ar-pardon-seal-set	UNKNOWN STEP	2026-09-04T06:38:13.1399229Z hint:
ar-pardon-seal-set	UNKNOWN STEP	2026-09-04T06:38:13.1399875Z hint: Names commonly chosen instead of 'master' are 'main', 'trunk' and
ar-pardon-seal-set	UNKNOWN STEP	2026-09-04T06:38:13.1400926Z hint: 'development'. The just-created branch can be renamed via this command:
ar-pardon-seal-set	UNKNOWN STEP	2026-09-04T06:38:13.1401994Z hint:
ar-pardon-seal-set	UNKNOWN STEP	2026-09-04T06:38:13.1402493Z hint: 	git branch -m <name>
ar-pardon-seal-set	UNKNOWN STEP	2026-09-04T06:38:13.1403119Z hint:
ar-pardon-seal-set	UNKNOWN STEP	2026-09-04T06:38:13.1403909Z hint: Disable this message with "git config set advice.defaultBranchName false"
ar-pardon-seal-set	UNKNOWN STEP	2026-09-04T06:38:13.1411005Z Initialized empty Git repository in /home/runner/work/legalease-partner-dashboard-clean/legalease-partner-dashboard-clean/.git/
ar-pardon-seal-set	UNKNOWN STEP	2026-09-04T06:38:13.1423286Z [command]/usr/bin/git remote add origin https://github.com/Roger-LegalEase/legalease-partner-dashboard-clean
ar-pardon-seal-set	UNKNOWN STEP	2026-09-04T06:38:13.1480865Z ##[endgroup]
ar-pardon-seal-set	UNKNOWN STEP	2026-09-04T06:38:13.1482286Z ##[group]Disabling automatic garbage collection
ar-pardon-seal-set	UNKNOWN STEP	2026-09-04T06:38:13.1483636Z [command]/usr/bin/git config --local gc.auto 0
ar-pardon-seal-set	UNKNOWN STEP	2026-09-04T06:38:13.1526650Z ##[endgroup]
ar-pardon-seal-set	UNKNOWN STEP	2026-09-04T06:38:13.1528155Z ##[group]Setting up auth
ar-pardon-seal-set	UNKNOWN STEP	2026-09-04T06:38:13.1535520Z [command]/usr/bin/git config --local --name-only --get-regexp core\.sshCommand
ar-pardon-seal-set	UNKNOWN STEP	2026-09-04T06:38:13.1576845Z [command]/usr/bin/git submodule foreach --recursive sh -c "git config --local --name-only --get-regexp 'core\.sshCommand' && git config --local --unset-all 'core.sshCommand' || :"
ar-pardon-seal-set	UNKNOWN STEP	2026-09-04T06:38:13.1969212Z [command]/usr/bin/git config --local --name-only --get-regexp http\.https\:\/\/github\.com\/\.extraheader
ar-pardon-seal-set	UNKNOWN STEP	2026-09-04T06:38:13.2013161Z [command]/usr/bin/git submodule foreach --recursive sh -c "git config --local --name-only --get-regexp 'http\.https\:\/\/github\.com\/\.extraheader' && git config --local --unset-all 'http.https://github.com/.extraheader' || :"
ar-pardon-seal-set	UNKNOWN STEP	2026-09-04T06:38:13.2287564Z [command]/usr/bin/git config --local --name-only --get-regexp ^includeIf\.gitdir:
ar-pardon-seal-set	UNKNOWN STEP	2026-09-04T06:38:13.2332669Z [command]/usr/bin/git submodule foreach --recursive git config --local --show-origin --name-only --get-regexp remote.origin.url
ar-pardon-seal-set	UNKNOWN STEP	2026-09-04T06:38:13.2590036Z [command]/usr/bin/git config --local http.https://github.com/.extraheader AUTHORIZATION: basic ***
ar-pardon-seal-set	UNKNOWN STEP	2026-09-04T06:38:13.2633654Z ##[endgroup]
ar-pardon-seal-set	UNKNOWN STEP	2026-09-04T06:38:13.2635016Z ##[group]Fetching the repository
ar-pardon-seal-set	UNKNOWN STEP	2026-09-04T06:38:13.2646604Z [command]/usr/bin/git -c protocol.version=2 fetch --no-tags --prune --no-recurse-submodules --depth=1 origin 8ea3f334de0b75e164a6e2a7fee1e5641a7789b2
ar-pardon-seal-set	UNKNOWN STEP	2026-09-04T06:38:46.9732027Z From https://github.com/Roger-LegalEase/legalease-partner-dashboard-clean
ar-pardon-seal-set	UNKNOWN STEP	2026-09-04T06:38:46.9733113Z  * branch            8ea3f334de0b75e164a6e2a7fee1e5641a7789b2 -> FETCH_HEAD
ar-pardon-seal-set	UNKNOWN STEP	2026-09-04T06:38:46.9735794Z ##[endgroup]
ar-pardon-seal-set	UNKNOWN STEP	2026-09-04T06:38:46.9743674Z ##[group]Determining the checkout info
ar-pardon-seal-set	UNKNOWN STEP	2026-09-04T06:38:46.9744265Z ##[endgroup]
ar-pardon-seal-set	UNKNOWN STEP	2026-09-04T06:38:46.9746483Z [command]/usr/bin/git sparse-checkout disable
ar-pardon-seal-set	UNKNOWN STEP	2026-09-04T06:38:46.9830029Z [command]/usr/bin/git config --local --unset-all extensions.worktreeConfig
ar-pardon-seal-set	UNKNOWN STEP	2026-09-04T06:38:46.9843870Z ##[group]Checking out the ref
ar-pardon-seal-set	UNKNOWN STEP	2026-09-04T06:38:46.9850494Z [command]/usr/bin/git checkout --progress --force 8ea3f334de0b75e164a6e2a7fee1e5641a7789b2
ar-pardon-seal-set	UNKNOWN STEP	2026-09-04T06:38:48.0607303Z Updating files:  19% (2859/14761)
ar-pardon-seal-set	UNKNOWN STEP	2026-09-04T06:38:48.1398287Z Updating files:  20% (2953/14761)
ar-pardon-seal-set	UNKNOWN STEP	2026-09-04T06:38:48.2012458Z Updating files:  21% (3100/14761)
ar-pardon-seal-set	UNKNOWN STEP	2026-09-04T06:38:48.2589531Z Updating files:  22% (3248/14761)
ar-pardon-seal-set	UNKNOWN STEP	2026-09-04T06:38:48.2846186Z Updating files:  23% (3396/14761)
ar-pardon-seal-set	UNKNOWN STEP	2026-09-04T06:38:48.3471351Z Updating files:  24% (3543/14761)
ar-pardon-seal-set	UNKNOWN STEP	2026-09-04T06:38:48.4061642Z Updating files:  25% (3691/14761)
ar-pardon-seal-set	UNKNOWN STEP	2026-09-04T06:38:48.4731399Z Updating files:  26% (3838/14761)
ar-pardon-seal-set	UNKNOWN STEP	2026-09-04T06:38:48.5499549Z Updating files:  27% (3986/14761)
ar-pardon-seal-set	UNKNOWN STEP	2026-09-04T06:38:48.6120896Z Updating files:  28% (4134/14761)
ar-pardon-seal-set	UNKNOWN STEP	2026-09-04T06:38:48.7247340Z Updating files:  29% (4281/14761)
ar-pardon-seal-set	UNKNOWN STEP	2026-09-04T06:38:48.8476286Z Updating files:  30% (4429/14761)
ar-pardon-seal-set	UNKNOWN STEP	2026-09-04T06:38:48.9196394Z Updating files:  31% (4576/14761)
ar-pardon-seal-set	UNKNOWN STEP	2026-09-04T06:38:49.0103024Z Updating files:  32% (4724/14761)
ar-pardon-seal-set	UNKNOWN STEP	2026-09-04T06:38:49.0116054Z Updating files:  32% (4870/14761)
ar-pardon-seal-set	UNKNOWN STEP	2026-09-04T06:38:49.0940937Z Updating files:  33% (4872/14761)
ar-pardon-seal-set	UNKNOWN STEP	2026-09-04T06:38:49.1529872Z Updating files:  34% (5019/14761)
ar-pardon-seal-set	UNKNOWN STEP	2026-09-04T06:38:49.2064318Z Updating files:  35% (5167/14761)
ar-pardon-seal-set	UNKNOWN STEP	2026-09-04T06:38:49.2347202Z Updating files:  36% (5314/14761)
ar-pardon-seal-set	UNKNOWN STEP	2026-09-04T06:38:49.2824633Z Updating files:  37% (5462/14761)
ar-pardon-seal-set	UNKNOWN STEP	2026-09-04T06:38:49.3559583Z Updating files:  38% (5610/14761)
ar-pardon-seal-set	UNKNOWN STEP	2026-09-04T06:38:49.4120597Z Updating files:  39% (5757/14761)
ar-pardon-seal-set	UNKNOWN STEP	2026-09-04T06:38:49.4431525Z Updating files:  40% (5905/14761)
ar-pardon-seal-set	UNKNOWN STEP	2026-09-04T06:38:49.4648671Z Updating files:  41% (6053/14761)
ar-pardon-seal-set	UNKNOWN STEP	2026-09-04T06:38:49.4843149Z Updating files:  42% (6200/14761)
ar-pardon-seal-set	UNKNOWN STEP	2026-09-04T06:38:49.5236900Z Updating files:  43% (6348/14761)
ar-pardon-seal-set	UNKNOWN STEP	2026-09-04T06:38:49.5592826Z Updating files:  44% (6495/14761)
ar-pardon-seal-set	UNKNOWN STEP	2026-09-04T06:38:49.6375344Z Updating files:  45% (6643/14761)
ar-pardon-seal-set	UNKNOWN STEP	2026-09-04T06:38:49.6608760Z Updating files:  46% (6791/14761)
ar-pardon-seal-set	UNKNOWN STEP	2026-09-04T06:38:49.6780138Z Updating files:  47% (6938/14761)
ar-pardon-seal-set	UNKNOWN STEP	2026-09-04T06:38:49.6980759Z Updating files:  48% (7086/14761)
ar-pardon-seal-set	UNKNOWN STEP	2026-09-04T06:38:49.7251164Z Updating files:  49% (7233/14761)
ar-pardon-seal-set	UNKNOWN STEP	2026-09-04T06:38:49.7407313Z Updating files:  50% (7381/14761)
ar-pardon-seal-set	UNKNOWN STEP	2026-09-04T06:38:49.7606453Z Updating files:  51% (7529/14761)
ar-pardon-seal-set	UNKNOWN STEP	2026-09-04T06:38:49.7708890Z Updating files:  52% (7676/14761)
ar-pardon-seal-set	UNKNOWN STEP	2026-09-04T06:38:49.7809931Z Updating files:  53% (7824/14761)
ar-pardon-seal-set	UNKNOWN STEP	2026-09-04T06:38:49.7922201Z Updating files:  54% (7971/14761)
ar-pardon-seal-set	UNKNOWN STEP	2026-09-04T06:38:49.8154577Z Updating files:  55% (8119/14761)
ar-pardon-seal-set	UNKNOWN STEP	2026-09-04T06:38:49.8555706Z Updating files:  56% (8267/14761)
ar-pardon-seal-set	UNKNOWN STEP	2026-09-04T06:38:49.9578553Z Updating files:  57% (8414/14761)
ar-pardon-seal-set	UNKNOWN STEP	2026-09-04T06:38:49.9923606Z Updating files:  58% (8562/14761)
ar-pardon-seal-set	UNKNOWN STEP	2026-09-04T06:38:50.0109359Z Updating files:  59% (8709/14761)
ar-pardon-seal-set	UNKNOWN STEP	2026-09-04T06:38:50.0372240Z Updating files:  59% (8803/14761)
ar-pardon-seal-set	UNKNOWN STEP	2026-09-04T06:38:50.0798922Z Updating files:  60% (8857/14761)
ar-pardon-seal-set	UNKNOWN STEP	2026-09-04T06:38:50.1732031Z Updating files:  61% (9005/14761)
ar-pardon-seal-set	UNKNOWN STEP	2026-09-04T06:38:50.2802675Z Updating files:  62% (9152/14761)
ar-pardon-seal-set	UNKNOWN STEP	2026-09-04T06:38:50.3958848Z Updating files:  63% (9300/14761)
ar-pardon-seal-set	UNKNOWN STEP	2026-09-04T06:38:50.4124974Z Updating files:  64% (9448/14761)
ar-pardon-seal-set	UNKNOWN STEP	2026-09-04T06:38:50.4224259Z Updating files:  65% (9595/14761)
ar-pardon-seal-set	UNKNOWN STEP	2026-09-04T06:38:50.4366621Z Updating files:  66% (9743/14761)
ar-pardon-seal-set	UNKNOWN STEP	2026-09-04T06:38:50.4416400Z Updating files:  67% (9890/14761)
ar-pardon-seal-set	UNKNOWN STEP	2026-09-04T06:38:50.4476654Z Updating files:  68% (10038/14761)
ar-pardon-seal-set	UNKNOWN STEP	2026-09-04T06:38:50.4595197Z Updating files:  69% (10186/14761)
ar-pardon-seal-set	UNKNOWN STEP	2026-09-04T06:38:50.5641816Z Updating files:  70% (10333/14761)
ar-pardon-seal-set	UNKNOWN STEP	2026-09-04T06:38:50.6429766Z Updating files:  71% (10481/14761)
ar-pardon-seal-set	UNKNOWN STEP	2026-09-04T06:38:50.7267960Z Updating files:  72% (10628/14761)
ar-pardon-seal-set	UNKNOWN STEP	2026-09-04T06:38:50.7818253Z Updating files:  73% (10776/14761)
ar-pardon-seal-set	UNKNOWN STEP	2026-09-04T06:38:50.8053637Z Updating files:  74% (10924/14761)
ar-pardon-seal-set	UNKNOWN STEP	2026-09-04T06:38:50.8231855Z Updating files:  75% (11071/14761)
ar-pardon-seal-set	UNKNOWN STEP	2026-09-04T06:38:50.8410754Z Updating files:  76% (11219/14761)
ar-pardon-seal-set	UNKNOWN STEP	2026-09-04T06:38:50.8543670Z Updating files:  77% (11366/14761)
ar-pardon-seal-set	UNKNOWN STEP	2026-09-04T06:38:50.8675044Z Updating files:  78% (11514/14761)
ar-pardon-seal-set	UNKNOWN STEP	2026-09-04T06:38:50.8831546Z Updating files:  79% (11662/14761)
ar-pardon-seal-set	UNKNOWN STEP	2026-09-04T06:38:50.8981925Z Updating files:  80% (11809/14761)
ar-pardon-seal-set	UNKNOWN STEP	2026-09-04T06:38:50.9115662Z Updating files:  81% (11957/14761)
ar-pardon-seal-set	UNKNOWN STEP	2026-09-04T06:38:50.9292929Z Updating files:  82% (12105/14761)
ar-pardon-seal-set	UNKNOWN STEP	2026-09-04T06:38:50.9398127Z Updating files:  83% (12252/14761)
ar-pardon-seal-set	UNKNOWN STEP	2026-09-04T06:38:50.9527099Z Updating files:  84% (12400/14761)
ar-pardon-seal-set	UNKNOWN STEP	2026-09-04T06:38:50.9850295Z Updating files:  85% (12547/14761)
ar-pardon-seal-set	UNKNOWN STEP	2026-09-04T06:38:50.9924731Z Updating files:  86% (12695/14761)
ar-pardon-seal-set	UNKNOWN STEP	2026-09-04T06:38:50.9997573Z Updating files:  87% (12843/14761)
ar-pardon-seal-set	UNKNOWN STEP	2026-09-04T06:38:51.0070685Z Updating files:  88% (12990/14761)
ar-pardon-seal-set	UNKNOWN STEP	2026-09-04T06:38:51.0101308Z Updating files:  89% (13138/14761)
ar-pardon-seal-set	UNKNOWN STEP	2026-09-04T06:38:51.0390854Z Updating files:  89% (13164/14761)
ar-pardon-seal-set	UNKNOWN STEP	2026-09-04T06:38:51.1825164Z Updating files:  90% (13285/14761)
ar-pardon-seal-set	UNKNOWN STEP	2026-09-04T06:38:51.3120309Z Updating files:  91% (13433/14761)
ar-pardon-seal-set	UNKNOWN STEP	2026-09-04T06:38:51.3417298Z Updating files:  92% (13581/14761)
ar-pardon-seal-set	UNKNOWN STEP	2026-09-04T06:38:51.3643154Z Updating files:  93% (13728/14761)
ar-pardon-seal-set	UNKNOWN STEP	2026-09-04T06:38:51.4124729Z Updating files:  94% (13876/14761)
ar-pardon-seal-set	UNKNOWN STEP	2026-09-04T06:38:51.4399033Z Updating files:  95% (14023/14761)
ar-pardon-seal-set	UNKNOWN STEP	2026-09-04T06:38:51.4858203Z Updating files:  96% (14171/14761)
ar-pardon-seal-set	UNKNOWN STEP	2026-09-04T06:38:51.5187590Z Updating files:  97% (14319/14761)
ar-pardon-seal-set	UNKNOWN STEP	2026-09-04T06:38:51.5590398Z Updating files:  98% (14466/14761)
ar-pardon-seal-set	UNKNOWN STEP	2026-09-04T06:38:51.5920650Z Updating files:  99% (14614/14761)
ar-pardon-seal-set	UNKNOWN STEP	2026-09-04T06:38:51.5921602Z Updating files: 100% (14761/14761)
ar-pardon-seal-set	UNKNOWN STEP	2026-09-04T06:38:51.5922042Z Updating files: 100% (14761/14761), done.
ar-pardon-seal-set	UNKNOWN STEP	2026-09-04T06:38:51.6115774Z Note: switching to '8ea3f334de0b75e164a6e2a7fee1e5641a7789b2'.
ar-pardon-seal-set	UNKNOWN STEP	2026-09-04T06:38:51.6116243Z 
ar-pardon-seal-set	UNKNOWN STEP	2026-09-04T06:38:51.6116590Z You are in 'detached HEAD' state. You can look around, make experimental
ar-pardon-seal-set	UNKNOWN STEP	2026-09-04T06:38:51.6117813Z changes and commit them, and you can discard any commits you make in this
ar-pardon-seal-set	UNKNOWN STEP	2026-09-04T06:38:51.6118562Z state without impacting any branches by switching back to a branch.
ar-pardon-seal-set	UNKNOWN STEP	2026-09-04T06:38:51.6119008Z 
ar-pardon-seal-set	UNKNOWN STEP	2026-09-04T06:38:51.6119357Z If you want to create a new branch to retain commits you create, you may
ar-pardon-seal-set	UNKNOWN STEP	2026-09-04T06:38:51.6120356Z do so (now or later) by using -c with the switch command. Example:
ar-pardon-seal-set	UNKNOWN STEP	2026-09-04T06:38:51.6120802Z 
ar-pardon-seal-set	UNKNOWN STEP	2026-09-04T06:38:51.6120967Z   git switch -c <new-branch-name>
ar-pardon-seal-set	UNKNOWN STEP	2026-09-04T06:38:51.6121251Z 
ar-pardon-seal-set	UNKNOWN STEP	2026-09-04T06:38:51.6121404Z Or undo this operation with:
ar-pardon-seal-set	UNKNOWN STEP	2026-09-04T06:38:51.6121669Z 
ar-pardon-seal-set	UNKNOWN STEP	2026-09-04T06:38:51.6121798Z   git switch -
ar-pardon-seal-set	UNKNOWN STEP	2026-09-04T06:38:51.6121993Z 
ar-pardon-seal-set	UNKNOWN STEP	2026-09-04T06:38:51.6122335Z Turn off this advice by setting config variable advice.detachedHead to false
ar-pardon-seal-set	UNKNOWN STEP	2026-09-04T06:38:51.6122849Z 
ar-pardon-seal-set	UNKNOWN STEP	2026-09-04T06:38:51.6123130Z HEAD is now at 8ea3f33 Advance three families to independent proof
ar-pardon-seal-set	UNKNOWN STEP	2026-09-04T06:38:51.6274328Z ##[endgroup]
ar-pardon-seal-set	UNKNOWN STEP	2026-09-04T06:38:51.6322627Z [command]/usr/bin/git log -1 --format=%H
ar-pardon-seal-set	UNKNOWN STEP	2026-09-04T06:38:51.6358176Z 8ea3f334de0b75e164a6e2a7fee1e5641a7789b2
ar-pardon-seal-set	UNKNOWN STEP	2026-09-04T06:38:51.6582342Z ##[group]Run set -euo pipefail
ar-pardon-seal-set	UNKNOWN STEP	2026-09-04T06:38:51.6582774Z ^[[36;1mset -euo pipefail^[[0m
ar-pardon-seal-set	UNKNOWN STEP	2026-09-04T06:38:51.6583191Z ^[[36;1m# actions/checkout accepts a branch or tag here despite the input^[[0m
ar-pardon-seal-set	UNKNOWN STEP	2026-09-04T06:38:51.6583754Z ^[[36;1m# description. Three jobs resolve this ref independently, so a branch^[[0m
ar-pardon-seal-set	UNKNOWN STEP	2026-09-04T06:38:51.6584265Z ^[[36;1m# that moves mid-run would have them inspect different commits while^[[0m
ar-pardon-seal-set	UNKNOWN STEP	2026-09-04T06:38:51.6584740Z ^[[36;1m# every receipt recorded the literal branch name as the pin. An^[[0m
ar-pardon-seal-set	UNKNOWN STEP	2026-09-04T06:38:51.6585212Z ^[[36;1m# immutable 40-hex commit, verified against the checked-out HEAD, is^[[0m
ar-pardon-seal-set	UNKNOWN STEP	2026-09-04T06:38:51.6585652Z ^[[36;1m# the only input that makes a receipt findable again.^[[0m
ar-pardon-seal-set	UNKNOWN STEP	2026-09-04T06:38:51.6585988Z ^[[36;1mcase "$REF" in^[[0m
ar-pardon-seal-set	UNKNOWN STEP	2026-09-04T06:38:51.6586450Z ^[[36;1m  *[!0-9a-f]* | "") echo "REFUSED: commit_sha must be a full 40-character commit hash, got '$REF'"; exit 1;;^[[0m
ar-pardon-seal-set	UNKNOWN STEP	2026-09-04T06:38:51.6586922Z ^[[36;1mesac^[[0m
ar-pardon-seal-set	UNKNOWN STEP	2026-09-04T06:38:51.6587631Z ^[[36;1m[ "${#REF}" -eq 40 ] || { echo "REFUSED: commit_sha must be 40 hex characters, got ${#REF}"; exit 1; }^[[0m
ar-pardon-seal-set	UNKNOWN STEP	2026-09-04T06:38:51.6588248Z ^[[36;1mHEAD_SHA="$(git rev-parse HEAD)"^[[0m
ar-pardon-seal-set	UNKNOWN STEP	2026-09-04T06:38:51.6588932Z ^[[36;1m[ "$HEAD_SHA" = "$REF" ] || { echo "REFUSED: checked out $HEAD_SHA but the pin says $REF"; exit 1; }^[[0m
ar-pardon-seal-set	UNKNOWN STEP	2026-09-04T06:38:51.6589413Z ^[[36;1mecho "pinned commit confirmed: $HEAD_SHA"^[[0m
ar-pardon-seal-set	UNKNOWN STEP	2026-09-04T06:38:51.6633050Z shell: /usr/bin/bash -e {0}
ar-pardon-seal-set	UNKNOWN STEP	2026-09-04T06:38:51.6633337Z env:
ar-pardon-seal-set	UNKNOWN STEP	2026-09-04T06:38:51.6633591Z   REF: 8ea3f334de0b75e164a6e2a7fee1e5641a7789b2
ar-pardon-seal-set	UNKNOWN STEP	2026-09-04T06:38:51.6633911Z ##[endgroup]
ar-pardon-seal-set	UNKNOWN STEP	2026-09-04T06:38:51.6741242Z pinned commit confirmed: 8ea3f334de0b75e164a6e2a7fee1e5641a7789b2
ar-pardon-seal-set	UNKNOWN STEP	2026-09-04T06:38:51.6835370Z Node 20 is being deprecated. This workflow is running with Node 24 by default. If you need to temporarily use Node 20, you can set the ACTIONS_ALLOW_USE_UNSECURE_NODE_VERSION=true environment variable. For more information see: https://github.blog/changelog/2025-09-19-deprecation-of-node-20-on-github-actions-runners/
ar-pardon-seal-set	UNKNOWN STEP	2026-09-04T06:38:51.6836978Z ##[group]Run actions/setup-node@v4
ar-pardon-seal-set	UNKNOWN STEP	2026-09-04T06:38:51.6837259Z with:
ar-pardon-seal-set	UNKNOWN STEP	2026-09-04T06:38:51.6837705Z   node-version: 22
ar-pardon-seal-set	UNKNOWN STEP	2026-09-04T06:38:51.6837933Z   always-auth: false
ar-pardon-seal-set	UNKNOWN STEP	2026-09-04T06:38:51.6838167Z   check-latest: false
ar-pardon-seal-set	UNKNOWN STEP	2026-09-04T06:38:51.6840695Z   token: ***
ar-pardon-seal-set	UNKNOWN STEP	2026-09-04T06:38:51.6840914Z ##[endgroup]
ar-pardon-seal-set	UNKNOWN STEP	2026-09-04T06:38:51.8302507Z Found in cache @ /opt/hostedtoolcache/node/22.23.2/x64
ar-pardon-seal-set	UNKNOWN STEP	2026-09-04T06:38:51.8307633Z (node:2907) [DEP0040] DeprecationWarning: The `punycode` module is deprecated. Please use a userland alternative instead.
ar-pardon-seal-set	UNKNOWN STEP	2026-09-04T06:38:51.8308839Z (Use `node --trace-deprecation ...` to show where the warning was created)
ar-pardon-seal-set	UNKNOWN STEP	2026-09-04T06:38:51.8310902Z ##[group]Environment details
ar-pardon-seal-set	UNKNOWN STEP	2026-09-04T06:38:54.8028941Z node: v22.23.2
ar-pardon-seal-set	UNKNOWN STEP	2026-09-04T06:38:54.8029270Z npm: 10.9.8
ar-pardon-seal-set	UNKNOWN STEP	2026-09-04T06:38:54.8029635Z yarn: 1.22.22
ar-pardon-seal-set	UNKNOWN STEP	2026-09-04T06:38:54.8030724Z ##[endgroup]
ar-pardon-seal-set	UNKNOWN STEP	2026-09-04T06:38:54.8149437Z ##[group]Run npm ci --cache /tmp/npm-cache
ar-pardon-seal-set	UNKNOWN STEP	2026-09-04T06:38:54.8149808Z ^[[36;1mnpm ci --cache /tmp/npm-cache^[[0m
ar-pardon-seal-set	UNKNOWN STEP	2026-09-04T06:38:54.8196417Z shell: /usr/bin/bash -e {0}
ar-pardon-seal-set	UNKNOWN STEP	2026-09-04T06:38:54.8196700Z ##[endgroup]
ar-pardon-seal-set	UNKNOWN STEP	2026-09-04T06:42:04.7242880Z 
ar-pardon-seal-set	UNKNOWN STEP	2026-09-04T06:42:04.7254407Z added 492 packages, and audited 493 packages in 3m
ar-pardon-seal-set	UNKNOWN STEP	2026-09-04T06:42:04.7254887Z 
ar-pardon-seal-set	UNKNOWN STEP	2026-09-04T06:42:04.7255231Z 186 packages are looking for funding
ar-pardon-seal-set	UNKNOWN STEP	2026-09-04T06:42:04.7255724Z   run `npm fund` for details
ar-pardon-seal-set	UNKNOWN STEP	2026-09-04T06:42:04.9098368Z 
ar-pardon-seal-set	UNKNOWN STEP	2026-09-04T06:42:04.9099840Z 38 vulnerabilities (2 low, 29 moderate, 7 high)
ar-pardon-seal-set	UNKNOWN STEP	2026-09-04T06:42:04.9100148Z 
ar-pardon-seal-set	UNKNOWN STEP	2026-09-04T06:42:04.9100387Z To address issues that do not require attention, run:
ar-pardon-seal-set	UNKNOWN STEP	2026-09-04T06:42:04.9100733Z   npm audit fix
ar-pardon-seal-set	UNKNOWN STEP	2026-09-04T06:42:04.9100869Z 
ar-pardon-seal-set	UNKNOWN STEP	2026-09-04T06:42:04.9100987Z To address all issues, run:
ar-pardon-seal-set	UNKNOWN STEP	2026-09-04T06:42:04.9101256Z   npm audit fix --force
ar-pardon-seal-set	UNKNOWN STEP	2026-09-04T06:42:04.9101410Z 
ar-pardon-seal-set	UNKNOWN STEP	2026-09-04T06:42:04.9101535Z Run `npm audit` for details.
ar-pardon-seal-set	UNKNOWN STEP	2026-09-04T06:42:04.9811915Z Node 20 is being deprecated. This workflow is running with Node 24 by default. If you need to temporarily use Node 20, you can set the ACTIONS_ALLOW_USE_UNSECURE_NODE_VERSION=true environment variable. For more information see: https://github.blog/changelog/2025-09-19-deprecation-of-node-20-on-github-actions-runners/
ar-pardon-seal-set	UNKNOWN STEP	2026-09-04T06:42:04.9813188Z ##[group]Run actions/setup-python@v5
ar-pardon-seal-set	UNKNOWN STEP	2026-09-04T06:42:04.9813460Z with:
ar-pardon-seal-set	UNKNOWN STEP	2026-09-04T06:42:04.9813673Z   python-version: 3.12
ar-pardon-seal-set	UNKNOWN STEP	2026-09-04T06:42:04.9813916Z   check-latest: false
ar-pardon-seal-set	UNKNOWN STEP	2026-09-04T06:42:04.9816422Z   token: ***
ar-pardon-seal-set	UNKNOWN STEP	2026-09-04T06:42:04.9816645Z   update-environment: true
ar-pardon-seal-set	UNKNOWN STEP	2026-09-04T06:42:04.9816899Z   allow-prereleases: false
ar-pardon-seal-set	UNKNOWN STEP	2026-09-04T06:42:04.9817136Z   freethreaded: false
ar-pardon-seal-set	UNKNOWN STEP	2026-09-04T06:42:04.9817599Z ##[endgroup]
ar-pardon-seal-set	UNKNOWN STEP	2026-09-04T06:42:05.1223534Z ##[group]Installed versions
ar-pardon-seal-set	UNKNOWN STEP	2026-09-04T06:42:05.1303723Z (node:3068) [DEP0040] DeprecationWarning: The `punycode` module is deprecated. Please use a userland alternative instead.
ar-pardon-seal-set	UNKNOWN STEP	2026-09-04T06:42:05.1304658Z (Use `node --trace-deprecation ...` to show where the warning was created)
ar-pardon-seal-set	UNKNOWN STEP	2026-09-04T06:42:05.1305420Z Successfully set up CPython (3.12.14)
ar-pardon-seal-set	UNKNOWN STEP	2026-09-04T06:42:05.1306118Z ##[endgroup]
ar-pardon-seal-set	UNKNOWN STEP	2026-09-04T06:42:05.1463809Z ##[group]Run python -m pip install --disable-pip-version-check pikepdf==10.12.0
ar-pardon-seal-set	UNKNOWN STEP	2026-09-04T06:42:05.1464576Z ^[[36;1mpython -m pip install --disable-pip-version-check pikepdf==10.12.0^[[0m
ar-pardon-seal-set	UNKNOWN STEP	2026-09-04T06:42:05.1512887Z shell: /usr/bin/bash -e {0}
ar-pardon-seal-set	UNKNOWN STEP	2026-09-04T06:42:05.1513169Z env:
ar-pardon-seal-set	UNKNOWN STEP	2026-09-04T06:42:05.1513465Z   pythonLocation: /opt/hostedtoolcache/Python/3.12.14/x64
ar-pardon-seal-set	UNKNOWN STEP	2026-09-04T06:42:05.1513947Z   PKG_CONFIG_PATH: /opt/hostedtoolcache/Python/3.12.14/x64/lib/pkgconfig
ar-pardon-seal-set	UNKNOWN STEP	2026-09-04T06:42:05.1514396Z   Python_ROOT_DIR: /opt/hostedtoolcache/Python/3.12.14/x64
ar-pardon-seal-set	UNKNOWN STEP	2026-09-04T06:42:05.1514786Z   Python2_ROOT_DIR: /opt/hostedtoolcache/Python/3.12.14/x64
ar-pardon-seal-set	UNKNOWN STEP	2026-09-04T06:42:05.1515335Z   Python3_ROOT_DIR: /opt/hostedtoolcache/Python/3.12.14/x64
ar-pardon-seal-set	UNKNOWN STEP	2026-09-04T06:42:05.1515723Z   LD_LIBRARY_PATH: /opt/hostedtoolcache/Python/3.12.14/x64/lib
ar-pardon-seal-set	UNKNOWN STEP	2026-09-04T06:42:05.1516065Z ##[endgroup]
ar-pardon-seal-set	UNKNOWN STEP	2026-09-04T06:42:07.6569890Z Collecting pikepdf==10.12.0
ar-pardon-seal-set	UNKNOWN STEP	2026-09-04T06:42:07.7509893Z   Downloading pikepdf-10.12.0-cp312-cp312-manylinux_2_27_x86_64.manylinux_2_28_x86_64.whl.metadata (11 kB)
ar-pardon-seal-set	UNKNOWN STEP	2026-09-04T06:42:07.9216391Z Collecting Pillow>=10.0.1 (from pikepdf==10.12.0)
ar-pardon-seal-set	UNKNOWN STEP	2026-09-04T06:42:07.9408256Z   Downloading pillow-12.3.0-cp312-cp312-manylinux_2_27_x86_64.manylinux_2_28_x86_64.whl.metadata (9.1 kB)
ar-pardon-seal-set	UNKNOWN STEP	2026-09-04T06:42:08.1689293Z Collecting lxml>=4.8 (from pikepdf==10.12.0)
ar-pardon-seal-set	UNKNOWN STEP	2026-09-04T06:42:08.1881935Z   Downloading lxml-6.1.3-cp312-cp312-manylinux_2_26_x86_64.manylinux_2_28_x86_64.whl.metadata (3.3 kB)
ar-pardon-seal-set	UNKNOWN STEP	2026-09-04T06:42:08.2199569Z Collecting packaging (from pikepdf==10.12.0)
ar-pardon-seal-set	UNKNOWN STEP	2026-09-04T06:42:08.2388962Z   Downloading packaging-26.3-py3-none-any.whl.metadata (3.5 kB)
ar-pardon-seal-set	UNKNOWN STEP	2026-09-04T06:42:08.2632372Z Downloading pikepdf-10.12.0-cp312-cp312-manylinux_2_27_x86_64.manylinux_2_28_x86_64.whl (2.3 MB)
ar-pardon-seal-set	UNKNOWN STEP	2026-09-04T06:42:08.3990855Z    ━━━━━━━━━━━━━━━━━━━━━━━━━━━━━━━━━━━━━━━━ 2.3/2.3 MB 24.4 MB/s  0:00:00
ar-pardon-seal-set	UNKNOWN STEP	2026-09-04T06:42:08.4184490Z Downloading lxml-6.1.3-cp312-cp312-manylinux_2_26_x86_64.manylinux_2_28_x86_64.whl (5.2 MB)
ar-pardon-seal-set	UNKNOWN STEP	2026-09-04T06:42:08.4815498Z    ━━━━━━━━━━━━━━━━━━━━━━━━━━━━━━━━━━━━━━━━ 5.2/5.2 MB 82.3 MB/s  0:00:00
ar-pardon-seal-set	UNKNOWN STEP	2026-09-04T06:42:08.5005996Z Downloading pillow-12.3.0-cp312-cp312-manylinux_2_27_x86_64.manylinux_2_28_x86_64.whl (6.9 MB)
ar-pardon-seal-set	UNKNOWN STEP	2026-09-04T06:42:08.5329685Z    ━━━━━━━━━━━━━━━━━━━━━━━━━━━━━━━━━━━━━━━━ 6.9/6.9 MB 223.5 MB/s  0:00:00
ar-pardon-seal-set	UNKNOWN STEP	2026-09-04T06:42:08.5519503Z Downloading packaging-26.3-py3-none-any.whl (129 kB)
ar-pardon-seal-set	UNKNOWN STEP	2026-09-04T06:42:08.7704022Z Installing collected packages: Pillow, packaging, lxml, pikepdf
ar-pardon-seal-set	UNKNOWN STEP	2026-09-04T06:42:09.4575260Z 
ar-pardon-seal-set	UNKNOWN STEP	2026-09-04T06:42:09.4588885Z Successfully installed Pillow-12.3.0 lxml-6.1.3 packaging-26.3 pikepdf-10.12.0
ar-pardon-seal-set	UNKNOWN STEP	2026-09-04T06:42:09.5357257Z ##[group]Run set -euo pipefail
ar-pardon-seal-set	UNKNOWN STEP	2026-09-04T06:42:09.5357812Z ^[[36;1mset -euo pipefail^[[0m
ar-pardon-seal-set	UNKNOWN STEP	2026-09-04T06:42:09.5358176Z ^[[36;1mexport PLAYWRIGHT_BROWSERS_PATH="$HOME/.cache/ms-playwright"^[[0m
ar-pardon-seal-set	UNKNOWN STEP	2026-09-04T06:42:09.5358626Z ^[[36;1mnpx --yes playwright install --with-deps chromium^[[0m
ar-pardon-seal-set	UNKNOWN STEP	2026-09-04T06:42:09.5359097Z ^[[36;1mecho "PLAYWRIGHT_BROWSERS_PATH=$PLAYWRIGHT_BROWSERS_PATH" >> "$GITHUB_ENV"^[[0m
ar-pardon-seal-set	UNKNOWN STEP	2026-09-04T06:42:09.5400311Z shell: /usr/bin/bash -e {0}
ar-pardon-seal-set	UNKNOWN STEP	2026-09-04T06:42:09.5400611Z env:
ar-pardon-seal-set	UNKNOWN STEP	2026-09-04T06:42:09.5400889Z   pythonLocation: /opt/hostedtoolcache/Python/3.12.14/x64
ar-pardon-seal-set	UNKNOWN STEP	2026-09-04T06:42:09.5401334Z   PKG_CONFIG_PATH: /opt/hostedtoolcache/Python/3.12.14/x64/lib/pkgconfig
ar-pardon-seal-set	UNKNOWN STEP	2026-09-04T06:42:09.5401762Z   Python_ROOT_DIR: /opt/hostedtoolcache/Python/3.12.14/x64
ar-pardon-seal-set	UNKNOWN STEP	2026-09-04T06:42:09.5402146Z   Python2_ROOT_DIR: /opt/hostedtoolcache/Python/3.12.14/x64
ar-pardon-seal-set	UNKNOWN STEP	2026-09-04T06:42:09.5402515Z   Python3_ROOT_DIR: /opt/hostedtoolcache/Python/3.12.14/x64
ar-pardon-seal-set	UNKNOWN STEP	2026-09-04T06:42:09.5402935Z   LD_LIBRARY_PATH: /opt/hostedtoolcache/Python/3.12.14/x64/lib
ar-pardon-seal-set	UNKNOWN STEP	2026-09-04T06:42:09.5403264Z ##[endgroup]
ar-pardon-seal-set	UNKNOWN STEP	2026-09-04T06:42:10.3228011Z Installing dependencies...
ar-pardon-seal-set	UNKNOWN STEP	2026-09-04T06:42:10.3306859Z Switching to root user to install dependencies...
ar-pardon-seal-set	UNKNOWN STEP	2026-09-04T06:42:10.4999686Z Get:1 file:/etc/apt/apt-mirrors.txt Mirrorlist [144 B]
ar-pardon-seal-set	UNKNOWN STEP	2026-09-04T06:42:10.5184965Z Get:6 https://packages.microsoft.com/ubuntu/24.04/prod noble InRelease [3600 B]
ar-pardon-seal-set	UNKNOWN STEP	2026-09-04T06:42:10.5497194Z Hit:2 http://azure.archive.ubuntu.com/ubuntu noble InRelease
ar-pardon-seal-set	UNKNOWN STEP	2026-09-04T06:42:10.5513112Z Get:3 http://azure.archive.ubuntu.com/ubuntu noble-updates InRelease [126 kB]
ar-pardon-seal-set	UNKNOWN STEP	2026-09-04T06:42:10.5558285Z Get:4 http://azure.archive.ubuntu.com/ubuntu noble-backports InRelease [126 kB]
ar-pardon-seal-set	UNKNOWN STEP	2026-09-04T06:42:10.5629008Z Get:5 http://azure.archive.ubuntu.com/ubuntu noble-security InRelease [126 kB]
ar-pardon-seal-set	UNKNOWN STEP	2026-09-04T06:42:10.6517771Z Get:7 https://packages.microsoft.com/ubuntu/24.04/prod noble/main arm64 Packages [394 kB]
ar-pardon-seal-set	UNKNOWN STEP	2026-09-04T06:42:10.6539852Z Get:8 https://dl.google.com/linux/chrome-stable/deb stable InRelease [2548 B]
ar-pardon-seal-set	UNKNOWN STEP	2026-09-04T06:42:10.6740248Z Get:9 https://packages.microsoft.com/ubuntu/24.04/prod noble/main amd64 Packages [441 kB]
ar-pardon-seal-set	UNKNOWN STEP	2026-09-04T06:42:10.8035179Z Get:10 http://azure.archive.ubuntu.com/ubuntu noble-updates/main amd64 Packages [1260 kB]
ar-pardon-seal-set	UNKNOWN STEP	2026-09-04T06:42:10.8126192Z Get:11 http://azure.archive.ubuntu.com/ubuntu noble-updates/main Translation-en [292 kB]
ar-pardon-seal-set	UNKNOWN STEP	2026-09-04T06:42:10.8143750Z Get:12 http://azure.archive.ubuntu.com/ubuntu noble-updates/main amd64 Components [180 kB]
ar-pardon-seal-set	UNKNOWN STEP	2026-09-04T06:42:10.8158988Z Get:13 http://azure.archive.ubuntu.com/ubuntu noble-updates/universe amd64 Packages [1690 kB]
ar-pardon-seal-set	UNKNOWN STEP	2026-09-04T06:42:10.8273279Z Get:14 http://azure.archive.ubuntu.com/ubuntu noble-updates/universe Translation-en [339 kB]
ar-pardon-seal-set	UNKNOWN STEP	2026-09-04T06:42:10.8284903Z Get:15 http://azure.archive.ubuntu.com/ubuntu noble-updates/universe amd64 Components [388 kB]
ar-pardon-seal-set	UNKNOWN STEP	2026-09-04T06:42:10.8326491Z Get:16 http://azure.archive.ubuntu.com/ubuntu noble-updates/restricted amd64 Packages [1536 kB]
ar-pardon-seal-set	UNKNOWN STEP	2026-09-04T06:42:10.8406907Z Get:17 http://azure.archive.ubuntu.com/ubuntu noble-updates/restricted Translation-en [352 kB]
ar-pardon-seal-set	UNKNOWN STEP	2026-09-04T06:42:10.8432800Z Get:18 http://azure.archive.ubuntu.com/ubuntu noble-updates/multiverse amd64 Components [940 B]
ar-pardon-seal-set	UNKNOWN STEP	2026-09-04T06:42:10.8695183Z Get:19 http://azure.archive.ubuntu.com/ubuntu noble-backports/main amd64 Components [5764 B]
ar-pardon-seal-set	UNKNOWN STEP	2026-09-04T06:42:10.9140915Z Get:20 http://azure.archive.ubuntu.com/ubuntu noble-backports/universe amd64 Components [12.6 kB]
ar-pardon-seal-set	UNKNOWN STEP	2026-09-04T06:42:10.9291519Z Get:21 http://azure.archive.ubuntu.com/ubuntu noble-security/main amd64 Packages [982 kB]
ar-pardon-seal-set	UNKNOWN STEP	2026-09-04T06:42:10.9357096Z Get:22 http://azure.archive.ubuntu.com/ubuntu noble-security/main Translation-en [210 kB]
ar-pardon-seal-set	UNKNOWN STEP	2026-09-04T06:42:10.9376503Z Get:23 http://azure.archive.ubuntu.com/ubuntu noble-security/main amd64 Components [46.4 kB]
ar-pardon-seal-set	UNKNOWN STEP	2026-09-04T06:42:10.9407827Z Get:24 http://azure.archive.ubuntu.com/ubuntu noble-security/universe amd64 Packages [1206 kB]
ar-pardon-seal-set	UNKNOWN STEP	2026-09-04T06:42:10.9474210Z Get:25 http://azure.archive.ubuntu.com/ubuntu noble-security/universe Translation-en [241 kB]
ar-pardon-seal-set	UNKNOWN STEP	2026-09-04T06:42:10.9498950Z Get:26 http://azure.archive.ubuntu.com/ubuntu noble-security/universe amd64 Components [76.2 kB]
ar-pardon-seal-set	UNKNOWN STEP	2026-09-04T06:42:11.0347210Z Get:27 https://dl.google.com/linux/chrome-stable/deb stable/main amd64 Packages [1400 B]
ar-pardon-seal-set	UNKNOWN STEP	2026-09-04T06:42:19.5393181Z Fetched 10.0 MB in 1s (7780 kB/s)
ar-pardon-seal-set	UNKNOWN STEP	2026-09-04T06:42:20.4118898Z Reading package lists...
ar-pardon-seal-set	UNKNOWN STEP	2026-09-04T06:42:20.4385813Z Reading package lists...
ar-pardon-seal-set	UNKNOWN STEP	2026-09-04T06:42:20.6781008Z Building dependency tree...
ar-pardon-seal-set	UNKNOWN STEP	2026-09-04T06:42:20.6788436Z Reading state information...
ar-pardon-seal-set	UNKNOWN STEP	2026-09-04T06:42:20.8762112Z libasound2t64 is already the newest version (1.2.11-1ubuntu0.3).
ar-pardon-seal-set	UNKNOWN STEP	2026-09-04T06:42:20.8762921Z libasound2t64 set to manually installed.
ar-pardon-seal-set	UNKNOWN STEP	2026-09-04T06:42:20.8763677Z libatk-bridge2.0-0t64 is already the newest version (2.52.0-1build1).
ar-pardon-seal-set	UNKNOWN STEP	2026-09-04T06:42:20.8764423Z libatk-bridge2.0-0t64 set to manually installed.
ar-pardon-seal-set	UNKNOWN STEP	2026-09-04T06:42:20.8765144Z libatk1.0-0t64 is already the newest version (2.52.0-1build1).
ar-pardon-seal-set	UNKNOWN STEP	2026-09-04T06:42:20.8765826Z libatk1.0-0t64 set to manually installed.
ar-pardon-seal-set	UNKNOWN STEP	2026-09-04T06:42:20.8766445Z libatspi2.0-0t64 is already the newest version (2.52.0-1build1).
ar-pardon-seal-set	UNKNOWN STEP	2026-09-04T06:42:20.8766990Z libatspi2.0-0t64 set to manually installed.
ar-pardon-seal-set	UNKNOWN STEP	2026-09-04T06:42:20.8768033Z libcairo2 is already the newest version (1.18.0-3build1).
ar-pardon-seal-set	UNKNOWN STEP	2026-09-04T06:42:20.8768654Z libcairo2 set to manually installed.
ar-pardon-seal-set	UNKNOWN STEP	2026-09-04T06:42:20.8769347Z libcups2t64 is already the newest version (2.4.7-1.2ubuntu7.14).
ar-pardon-seal-set	UNKNOWN STEP	2026-09-04T06:42:20.8770784Z libcups2t64 set to manually installed.
ar-pardon-seal-set	UNKNOWN STEP	2026-09-04T06:42:20.8771464Z libdbus-1-3 is already the newest version (1.14.10-4ubuntu4.1).
ar-pardon-seal-set	UNKNOWN STEP	2026-09-04T06:42:20.8771960Z libdbus-1-3 set to manually installed.
ar-pardon-seal-set	UNKNOWN STEP	2026-09-04T06:42:20.8772488Z libdrm2 is already the newest version (2.4.125-1ubuntu0.1~24.04.2).
ar-pardon-seal-set	UNKNOWN STEP	2026-09-04T06:42:20.8772908Z libdrm2 set to manually installed.
ar-pardon-seal-set	UNKNOWN STEP	2026-09-04T06:42:20.8773313Z libgbm1 is already the newest version (25.2.8-0ubuntu0.24.04.2).
ar-pardon-seal-set	UNKNOWN STEP	2026-09-04T06:42:20.8773775Z libgbm1 set to manually installed.
ar-pardon-seal-set	UNKNOWN STEP	2026-09-04T06:42:20.8774199Z libglib2.0-0t64 is already the newest version (2.80.0-6ubuntu3.8).
ar-pardon-seal-set	UNKNOWN STEP	2026-09-04T06:42:20.8774625Z libglib2.0-0t64 set to manually installed.
ar-pardon-seal-set	UNKNOWN STEP	2026-09-04T06:42:20.8775051Z libnspr4 is already the newest version (2:4.35-1.1build1).
ar-pardon-seal-set	UNKNOWN STEP	2026-09-04T06:42:20.8775455Z libnspr4 set to manually installed.
ar-pardon-seal-set	UNKNOWN STEP	2026-09-04T06:42:20.8775844Z libnss3 is already the newest version (2:3.98-1ubuntu0.2).
ar-pardon-seal-set	UNKNOWN STEP	2026-09-04T06:42:20.8776214Z libnss3 set to manually installed.
ar-pardon-seal-set	UNKNOWN STEP	2026-09-04T06:42:20.8776631Z libpango-1.0-0 is already the newest version (1.52.1+ds-1build1).
ar-pardon-seal-set	UNKNOWN STEP	2026-09-04T06:42:20.8777041Z libpango-1.0-0 set to manually installed.
ar-pardon-seal-set	UNKNOWN STEP	2026-09-04T06:42:20.8777660Z libx11-6 is already the newest version (2:1.8.7-1build1).
ar-pardon-seal-set	UNKNOWN STEP	2026-09-04T06:42:20.8778131Z libx11-6 set to manually installed.
ar-pardon-seal-set	UNKNOWN STEP	2026-09-04T06:42:20.8778499Z libxcb1 is already the newest version (1.15-1ubuntu2).
ar-pardon-seal-set	UNKNOWN STEP	2026-09-04T06:42:20.8778859Z libxcb1 set to manually installed.
ar-pardon-seal-set	UNKNOWN STEP	2026-09-04T06:42:20.8779271Z libxcomposite1 is already the newest version (1:0.4.5-1build3).
ar-pardon-seal-set	UNKNOWN STEP	2026-09-04T06:42:20.8779694Z libxcomposite1 set to manually installed.
ar-pardon-seal-set	UNKNOWN STEP	2026-09-04T06:42:20.8780114Z libxdamage1 is already the newest version (1:1.1.6-1build1).
ar-pardon-seal-set	UNKNOWN STEP	2026-09-04T06:42:20.8780510Z libxdamage1 set to manually installed.
ar-pardon-seal-set	UNKNOWN STEP	2026-09-04T06:42:20.8780908Z libxext6 is already the newest version (2:1.3.4-1build2).
ar-pardon-seal-set	UNKNOWN STEP	2026-09-04T06:42:20.8781275Z libxext6 set to manually installed.
ar-pardon-seal-set	UNKNOWN STEP	2026-09-04T06:42:20.8781657Z libxfixes3 is already the newest version (1:6.0.0-2build1).
ar-pardon-seal-set	UNKNOWN STEP	2026-09-04T06:42:20.8782048Z libxfixes3 set to manually installed.
ar-pardon-seal-set	UNKNOWN STEP	2026-09-04T06:42:20.8782445Z libxkbcommon0 is already the newest version (1.6.0-1build1).
ar-pardon-seal-set	UNKNOWN STEP	2026-09-04T06:42:20.8782835Z libxkbcommon0 set to manually installed.
ar-pardon-seal-set	UNKNOWN STEP	2026-09-04T06:42:20.8783233Z libxrandr2 is already the newest version (2:1.5.2-2build1).
ar-pardon-seal-set	UNKNOWN STEP	2026-09-04T06:42:20.8783605Z libxrandr2 set to manually installed.
ar-pardon-seal-set	UNKNOWN STEP	2026-09-04T06:42:20.8783990Z xvfb is already the newest version (2:21.1.12-1ubuntu1.6).
ar-pardon-seal-set	UNKNOWN STEP	2026-09-04T06:42:20.8784723Z fonts-noto-color-emoji is already the newest version (2.047-0ubuntu0.24.04.1).
ar-pardon-seal-set	UNKNOWN STEP	2026-09-04T06:42:20.8785311Z libfontconfig1 is already the newest version (2.15.0-1.1ubuntu2).
ar-pardon-seal-set	UNKNOWN STEP	2026-09-04T06:42:20.8785730Z libfontconfig1 set to manually installed.
ar-pardon-seal-set	UNKNOWN STEP	2026-09-04T06:42:20.8786187Z libfreetype6 is already the newest version (2.13.2+dfsg-1ubuntu0.1).
ar-pardon-seal-set	UNKNOWN STEP	2026-09-04T06:42:20.8786607Z libfreetype6 set to manually installed.
ar-pardon-seal-set	UNKNOWN STEP	2026-09-04T06:42:20.8787029Z fonts-liberation is already the newest version (1:2.1.5-3).
ar-pardon-seal-set	UNKNOWN STEP	2026-09-04T06:42:20.8787650Z fonts-liberation set to manually installed.
ar-pardon-seal-set	UNKNOWN STEP	2026-09-04T06:42:20.8788068Z The following additional packages will be installed:
ar-pardon-seal-set	UNKNOWN STEP	2026-09-04T06:42:20.8788439Z   xfonts-encodings xfonts-utils
ar-pardon-seal-set	UNKNOWN STEP	2026-09-04T06:42:20.8788746Z Recommended packages:
ar-pardon-seal-set	UNKNOWN STEP	2026-09-04T06:42:20.8789032Z   fonts-ipafont-mincho fonts-tlwg-loma
ar-pardon-seal-set	UNKNOWN STEP	2026-09-04T06:42:20.9313201Z The following NEW packages will be installed:
ar-pardon-seal-set	UNKNOWN STEP	2026-09-04T06:42:20.9313946Z   fonts-freefont-ttf fonts-ipafont-gothic fonts-tlwg-loma-otf fonts-unifont
ar-pardon-seal-set	UNKNOWN STEP	2026-09-04T06:42:20.9323542Z   fonts-wqy-zenhei xfonts-cyrillic xfonts-encodings xfonts-scalable
ar-pardon-seal-set	UNKNOWN STEP	2026-09-04T06:42:20.9323949Z   xfonts-utils
ar-pardon-seal-set	UNKNOWN STEP	2026-09-04T06:42:20.9529947Z 0 upgraded, 9 newly installed, 0 to remove and 38 not upgraded.
ar-pardon-seal-set	UNKNOWN STEP	2026-09-04T06:42:20.9530693Z Need to get 21.1 MB of archives.
ar-pardon-seal-set	UNKNOWN STEP	2026-09-04T06:42:20.9531428Z After this operation, 79.5 MB of additional disk space will be used.
ar-pardon-seal-set	UNKNOWN STEP	2026-09-04T06:42:20.9532246Z Get:1 file:/etc/apt/apt-mirrors.txt Mirrorlist [144 B]
ar-pardon-seal-set	UNKNOWN STEP	2026-09-04T06:42:21.0206332Z Get:2 http://azure.archive.ubuntu.com/ubuntu noble/universe amd64 fonts-ipafont-gothic all 00303-21ubuntu1 [3513 kB]
ar-pardon-seal-set	UNKNOWN STEP	2026-09-04T06:42:21.1309651Z Get:3 http://azure.archive.ubuntu.com/ubuntu noble/main amd64 fonts-freefont-ttf all 20211204+svn4273-2 [5641 kB]
ar-pardon-seal-set	UNKNOWN STEP	2026-09-04T06:42:21.2764271Z Get:4 http://azure.archive.ubuntu.com/ubuntu noble/universe amd64 fonts-tlwg-loma-otf all 1:0.7.3-1 [107 kB]
ar-pardon-seal-set	UNKNOWN STEP	2026-09-04T06:42:21.3252510Z Get:5 http://azure.archive.ubuntu.com/ubuntu noble/universe amd64 fonts-unifont all 1:15.1.01-1build1 [2993 kB]
ar-pardon-seal-set	UNKNOWN STEP	2026-09-04T06:42:21.4212030Z Get:6 http://azure.archive.ubuntu.com/ubuntu noble/universe amd64 fonts-wqy-zenhei all 0.9.45-8 [7472 kB]
ar-pardon-seal-set	UNKNOWN STEP	2026-09-04T06:42:21.6102337Z Get:7 http://azure.archive.ubuntu.com/ubuntu noble/main amd64 xfonts-encodings all 1:1.0.5-0ubuntu2 [578 kB]
ar-pardon-seal-set	UNKNOWN STEP	2026-09-04T06:42:21.6628343Z Get:8 http://azure.archive.ubuntu.com/ubuntu noble/main amd64 xfonts-utils amd64 1:7.7+6build3 [94.4 kB]
ar-pardon-seal-set	UNKNOWN STEP	2026-09-04T06:42:21.7108080Z Get:9 http://azure.archive.ubuntu.com/ubuntu noble/universe amd64 xfonts-cyrillic all 1:1.0.5+nmu1 [384 kB]
ar-pardon-seal-set	UNKNOWN STEP	2026-09-04T06:42:21.7638482Z Get:10 http://azure.archive.ubuntu.com/ubuntu noble/main amd64 xfonts-scalable all 1:1.0.3-1.3 [304 kB]
ar-pardon-seal-set	UNKNOWN STEP	2026-09-04T06:42:22.0709764Z Fetched 21.1 MB in 1s (25.5 MB/s)
ar-pardon-seal-set	UNKNOWN STEP	2026-09-04T06:42:22.1397713Z Selecting previously unselected package fonts-ipafont-gothic.
ar-pardon-seal-set	UNKNOWN STEP	2026-09-04T06:42:22.2710565Z (Reading database ... 
ar-pardon-seal-set	UNKNOWN STEP	2026-09-04T06:42:22.2711098Z (Reading database ... 5%
ar-pardon-seal-set	UNKNOWN STEP	2026-09-04T06:42:22.2711577Z (Reading database ... 10%
ar-pardon-seal-set	UNKNOWN STEP	2026-09-04T06:42:22.2711989Z (Reading database ... 15%
ar-pardon-seal-set	UNKNOWN STEP	2026-09-04T06:42:22.2712477Z (Reading database ... 20%
ar-pardon-seal-set	UNKNOWN STEP	2026-09-04T06:42:22.2712913Z (Reading database ... 25%
ar-pardon-seal-set	UNKNOWN STEP	2026-09-04T06:42:22.2713288Z (Reading database ... 30%
ar-pardon-seal-set	UNKNOWN STEP	2026-09-04T06:42:22.2713668Z (Reading database ... 35%
ar-pardon-seal-set	UNKNOWN STEP	2026-09-04T06:42:22.2714043Z (Reading database ... 40%
ar-pardon-seal-set	UNKNOWN STEP	2026-09-04T06:42:22.2714416Z (Reading database ... 45%
ar-pardon-seal-set	UNKNOWN STEP	2026-09-04T06:42:22.2714787Z (Reading database ... 50%
ar-pardon-seal-set	UNKNOWN STEP	2026-09-04T06:42:22.3046965Z (Reading database ... 55%
ar-pardon-seal-set	UNKNOWN STEP	2026-09-04T06:42:22.7782477Z (Reading database ... 60%
ar-pardon-seal-set	UNKNOWN STEP	2026-09-04T06:42:23.1104896Z (Reading database ... 65%
ar-pardon-seal-set	UNKNOWN STEP	2026-09-04T06:42:23.4297620Z (Reading database ... 70%
ar-pardon-seal-set	UNKNOWN STEP	2026-09-04T06:42:23.7258408Z (Reading database ... 75%
ar-pardon-seal-set	UNKNOWN STEP	2026-09-04T06:42:24.3295847Z (Reading database ... 80%
ar-pardon-seal-set	UNKNOWN STEP	2026-09-04T06:42:24.9634471Z (Reading database ... 85%
ar-pardon-seal-set	UNKNOWN STEP	2026-09-04T06:42:25.5715860Z (Reading database ... 90%
ar-pardon-seal-set	UNKNOWN STEP	2026-09-04T06:42:26.4296347Z (Reading database ... 95%
ar-pardon-seal-set	UNKNOWN STEP	2026-09-04T06:42:26.4296804Z (Reading database ... 100%
ar-pardon-seal-set	UNKNOWN STEP	2026-09-04T06:42:26.4297869Z (Reading database ... 201676 files and directories currently installed.)
ar-pardon-seal-set	UNKNOWN STEP	2026-09-04T06:42:26.4344203Z Preparing to unpack .../0-fonts-ipafont-gothic_00303-21ubuntu1_all.deb ...
ar-pardon-seal-set	UNKNOWN STEP	2026-09-04T06:42:26.4442634Z Unpacking fonts-ipafont-gothic (00303-21ubuntu1) ...
ar-pardon-seal-set	UNKNOWN STEP	2026-09-04T06:42:26.6891328Z Selecting previously unselected package fonts-freefont-ttf.
ar-pardon-seal-set	UNKNOWN STEP	2026-09-04T06:42:26.7024477Z Preparing to unpack .../1-fonts-freefont-ttf_20211204+svn4273-2_all.deb ...
ar-pardon-seal-set	UNKNOWN STEP	2026-09-04T06:42:26.7031963Z Unpacking fonts-freefont-ttf (20211204+svn4273-2) ...
ar-pardon-seal-set	UNKNOWN STEP	2026-09-04T06:42:26.7900556Z Selecting previously unselected package fonts-tlwg-loma-otf.
ar-pardon-seal-set	UNKNOWN STEP	2026-09-04T06:42:26.8034761Z Preparing to unpack .../2-fonts-tlwg-loma-otf_1%3a0.7.3-1_all.deb ...
ar-pardon-seal-set	UNKNOWN STEP	2026-09-04T06:42:26.8041910Z Unpacking fonts-tlwg-loma-otf (1:0.7.3-1) ...
ar-pardon-seal-set	UNKNOWN STEP	2026-09-04T06:42:26.8319298Z Selecting previously unselected package fonts-unifont.
ar-pardon-seal-set	UNKNOWN STEP	2026-09-04T06:42:26.8452718Z Preparing to unpack .../3-fonts-unifont_1%3a15.1.01-1build1_all.deb ...
ar-pardon-seal-set	UNKNOWN STEP	2026-09-04T06:42:26.8459694Z Unpacking fonts-unifont (1:15.1.01-1build1) ...
ar-pardon-seal-set	UNKNOWN STEP	2026-09-04T06:42:26.9667231Z Selecting previously unselected package fonts-wqy-zenhei.
ar-pardon-seal-set	UNKNOWN STEP	2026-09-04T06:42:26.9800717Z Preparing to unpack .../4-fonts-wqy-zenhei_0.9.45-8_all.deb ...
ar-pardon-seal-set	UNKNOWN STEP	2026-09-04T06:42:26.9908924Z Unpacking fonts-wqy-zenhei (0.9.45-8) ...
ar-pardon-seal-set	UNKNOWN STEP	2026-09-04T06:42:27.4746141Z Selecting previously unselected package xfonts-encodings.
ar-pardon-seal-set	UNKNOWN STEP	2026-09-04T06:42:27.4879165Z Preparing to unpack .../5-xfonts-encodings_1%3a1.0.5-0ubuntu2_all.deb ...
ar-pardon-seal-set	UNKNOWN STEP	2026-09-04T06:42:27.4887949Z Unpacking xfonts-encodings (1:1.0.5-0ubuntu2) ...
ar-pardon-seal-set	UNKNOWN STEP	2026-09-04T06:42:27.5200116Z Selecting previously unselected package xfonts-utils.
ar-pardon-seal-set	UNKNOWN STEP	2026-09-04T06:42:27.5334179Z Preparing to unpack .../6-xfonts-utils_1%3a7.7+6build3_amd64.deb ...
ar-pardon-seal-set	UNKNOWN STEP	2026-09-04T06:42:27.5342296Z Unpacking xfonts-utils (1:7.7+6build3) ...
ar-pardon-seal-set	UNKNOWN STEP	2026-09-04T06:42:27.5644517Z Selecting previously unselected package xfonts-cyrillic.
ar-pardon-seal-set	UNKNOWN STEP	2026-09-04T06:42:27.5778202Z Preparing to unpack .../7-xfonts-cyrillic_1%3a1.0.5+nmu1_all.deb ...
ar-pardon-seal-set	UNKNOWN STEP	2026-09-04T06:42:27.5786144Z Unpacking xfonts-cyrillic (1:1.0.5+nmu1) ...
ar-pardon-seal-set	UNKNOWN STEP	2026-09-04T06:42:27.6145521Z Selecting previously unselected package xfonts-scalable.
ar-pardon-seal-set	UNKNOWN STEP	2026-09-04T06:42:27.6280547Z Preparing to unpack .../8-xfonts-scalable_1%3a1.0.3-1.3_all.deb ...
ar-pardon-seal-set	UNKNOWN STEP	2026-09-04T06:42:27.6288353Z Unpacking xfonts-scalable (1:1.0.3-1.3) ...
ar-pardon-seal-set	UNKNOWN STEP	2026-09-04T06:42:27.6739822Z Setting up fonts-wqy-zenhei (0.9.45-8) ...
ar-pardon-seal-set	UNKNOWN STEP	2026-09-04T06:42:27.6866403Z Setting up fonts-freefont-ttf (20211204+svn4273-2) ...
ar-pardon-seal-set	UNKNOWN STEP	2026-09-04T06:42:27.6906941Z Setting up fonts-tlwg-loma-otf (1:0.7.3-1) ...
ar-pardon-seal-set	UNKNOWN STEP	2026-09-04T06:42:27.6930201Z Setting up xfonts-encodings (1:1.0.5-0ubuntu2) ...
ar-pardon-seal-set	UNKNOWN STEP	2026-09-04T06:42:27.6948044Z Setting up fonts-ipafont-gothic (00303-21ubuntu1) ...
ar-pardon-seal-set	UNKNOWN STEP	2026-09-04T06:42:27.7018781Z update-alternatives: using /usr/share/fonts/opentype/ipafont-gothic/ipag.ttf to provide /usr/share/fonts/truetype/fonts-japanese-gothic.ttf (fonts-japanese-gothic.ttf) in auto mode
ar-pardon-seal-set	UNKNOWN STEP	2026-09-04T06:42:27.7034387Z Setting up fonts-unifont (1:15.1.01-1build1) ...
ar-pardon-seal-set	UNKNOWN STEP	2026-09-04T06:42:27.7052294Z Setting up xfonts-utils (1:7.7+6build3) ...
ar-pardon-seal-set	UNKNOWN STEP	2026-09-04T06:42:27.7094692Z Setting up xfonts-cyrillic (1:1.0.5+nmu1) ...
ar-pardon-seal-set	UNKNOWN STEP	2026-09-04T06:42:27.7565814Z Setting up xfonts-scalable (1:1.0.3-1.3) ...
ar-pardon-seal-set	UNKNOWN STEP	2026-09-04T06:42:27.7929024Z Processing triggers for man-db (2.12.0-4build2) ...
ar-pardon-seal-set	UNKNOWN STEP	2026-09-04T06:42:27.7948378Z Not building database; man-db/auto-update is not 'true'.
ar-pardon-seal-set	UNKNOWN STEP	2026-09-04T06:42:27.7963637Z Processing triggers for fontconfig (2.15.0-1.1ubuntu2) ...
ar-pardon-seal-set	UNKNOWN STEP	2026-09-04T06:42:29.1818773Z 
ar-pardon-seal-set	UNKNOWN STEP	2026-09-04T06:42:29.1819452Z Running kernel seems to be up-to-date.
ar-pardon-seal-set	UNKNOWN STEP	2026-09-04T06:42:29.1819883Z 
ar-pardon-seal-set	UNKNOWN STEP	2026-09-04T06:42:29.1820123Z No services need to be restarted.
ar-pardon-seal-set	UNKNOWN STEP	2026-09-04T06:42:29.1820414Z 
ar-pardon-seal-set	UNKNOWN STEP	2026-09-04T06:42:29.1820658Z No containers need to be restarted.
ar-pardon-seal-set	UNKNOWN STEP	2026-09-04T06:42:29.1820942Z 
ar-pardon-seal-set	UNKNOWN STEP	2026-09-04T06:42:29.1821240Z No user sessions are running outdated binaries.
ar-pardon-seal-set	UNKNOWN STEP	2026-09-04T06:42:29.1821588Z 
ar-pardon-seal-set	UNKNOWN STEP	2026-09-04T06:42:29.1822031Z No VM guests are running outdated hypervisor (qemu) binaries on this host.
ar-pardon-seal-set	UNKNOWN STEP	2026-09-04T06:42:30.2876759Z Downloading Chrome for Testing 148.0.7778.96 (playwright chromium v1223) from https://cdn.playwright.dev/builds/cft/148.0.7778.96/linux64/chrome-linux64.zip
ar-pardon-seal-set	UNKNOWN STEP	2026-09-04T06:42:31.3280634Z |                                                                                |   0% of 175.4 MiB
ar-pardon-seal-set	UNKNOWN STEP	2026-09-04T06:42:31.5401912Z |■■■■■■■■                                                                        |  10% of 175.4 MiB
ar-pardon-seal-set	UNKNOWN STEP	2026-09-04T06:42:31.6253235Z |■■■■■■■■■■■■■■■■                                                                |  20% of 175.4 MiB
ar-pardon-seal-set	UNKNOWN STEP	2026-09-04T06:42:31.7096679Z |■■■■■■■■■■■■■■■■■■■■■■■■                                                        |  30% of 175.4 MiB
ar-pardon-seal-set	UNKNOWN STEP	2026-09-04T06:42:31.7926410Z |■■■■■■■■■■■■■■■■■■■■■■■■■■■■■■■■                                                |  40% of 175.4 MiB
ar-pardon-seal-set	UNKNOWN STEP	2026-09-04T06:42:31.8742304Z |■■■■■■■■■■■■■■■■■■■■■■■■■■■■■■■■■■■■■■■■                                        |  50% of 175.4 MiB
ar-pardon-seal-set	UNKNOWN STEP	2026-09-04T06:42:31.9539520Z |■■■■■■■■■■■■■■■■■■■■■■■■■■■■■■■■■■■■■■■■■■■■■■■■                                |  60% of 175.4 MiB
ar-pardon-seal-set	UNKNOWN STEP	2026-09-04T06:42:32.0328653Z |■■■■■■■■■■■■■■■■■■■■■■■■■■■■■■■■■■■■■■■■■■■■■■■■■■■■■■■■                        |  70% of 175.4 MiB
ar-pardon-seal-set	UNKNOWN STEP	2026-09-04T06:42:32.1110727Z |■■■■■■■■■■■■■■■■■■■■■■■■■■■■■■■■■■■■■■■■■■■■■■■■■■■■■■■■■■■■■■■■                |  80% of 175.4 MiB
ar-pardon-seal-set	UNKNOWN STEP	2026-09-04T06:42:32.1875309Z |■■■■■■■■■■■■■■■■■■■■■■■■■■■■■■■■■■■■■■■■■■■■■■■■■■■■■■■■■■■■■■■■■■■■■■■■        |  90% of 175.4 MiB
ar-pardon-seal-set	UNKNOWN STEP	2026-09-04T06:42:32.2627271Z |■■■■■■■■■■■■■■■■■■■■■■■■■■■■■■■■■■■■■■■■■■■■■■■■■■■■■■■■■■■■■■■■■■■■■■■■■■■■■■■■| 100% of 175.4 MiB
ar-pardon-seal-set	UNKNOWN STEP	2026-09-04T06:42:34.8071005Z Chrome for Testing 148.0.7778.96 (playwright chromium v1223) downloaded to /home/runner/.cache/ms-playwright/chromium-1223
ar-pardon-seal-set	UNKNOWN STEP	2026-09-04T06:42:34.8074522Z Downloading FFmpeg (playwright ffmpeg v1011) from https://cdn.playwright.dev/dbazure/download/playwright/builds/ffmpeg/1011/ffmpeg-linux.zip
ar-pardon-seal-set	UNKNOWN STEP	2026-09-04T06:42:35.8551436Z |                                                                                |   0% of 2.3 MiB
ar-pardon-seal-set	UNKNOWN STEP	2026-09-04T06:42:35.8944040Z |■■■■■■■■                                                                        |  10% of 2.3 MiB
ar-pardon-seal-set	UNKNOWN STEP	2026-09-04T06:42:35.9178947Z |■■■■■■■■■■■■■■■■                                                                |  20% of 2.3 MiB
ar-pardon-seal-set	UNKNOWN STEP	2026-09-04T06:42:35.9328591Z |■■■■■■■■■■■■■■■■■■■■■■■■                                                        |  30% of 2.3 MiB
ar-pardon-seal-set	UNKNOWN STEP	2026-09-04T06:42:35.9491274Z |■■■■■■■■■■■■■■■■■■■■■■■■■■■■■■■■                                                |  40% of 2.3 MiB
ar-pardon-seal-set	UNKNOWN STEP	2026-09-04T06:42:35.9568033Z |■■■■■■■■■■■■■■■■■■■■■■■■■■■■■■■■■■■■■■■■                                        |  50% of 2.3 MiB
ar-pardon-seal-set	UNKNOWN STEP	2026-09-04T06:42:35.9666249Z |■■■■■■■■■■■■■■■■■■■■■■■■■■■■■■■■■■■■■■■■■■■■■■■■                                |  60% of 2.3 MiB
ar-pardon-seal-set	UNKNOWN STEP	2026-09-04T06:42:35.9743160Z |■■■■■■■■■■■■■■■■■■■■■■■■■■■■■■■■■■■■■■■■■■■■■■■■■■■■■■■■                        |  70% of 2.3 MiB
ar-pardon-seal-set	UNKNOWN STEP	2026-09-04T06:42:35.9841465Z |■■■■■■■■■■■■■■■■■■■■■■■■■■■■■■■■■■■■■■■■■■■■■■■■■■■■■■■■■■■■■■■■                |  80% of 2.3 MiB
ar-pardon-seal-set	UNKNOWN STEP	2026-09-04T06:42:35.9873494Z |■■■■■■■■■■■■■■■■■■■■■■■■■■■■■■■■■■■■■■■■■■■■■■■■■■■■■■■■■■■■■■■■■■■■■■■■        |  90% of 2.3 MiB
ar-pardon-seal-set	UNKNOWN STEP	2026-09-04T06:42:35.9895509Z |■■■■■■■■■■■■■■■■■■■■■■■■■■■■■■■■■■■■■■■■■■■■■■■■■■■■■■■■■■■■■■■■■■■■■■■■■■■■■■■■| 100% of 2.3 MiB
ar-pardon-seal-set	UNKNOWN STEP	2026-09-04T06:42:36.0470926Z FFmpeg (playwright ffmpeg v1011) downloaded to /home/runner/.cache/ms-playwright/ffmpeg-1011
ar-pardon-seal-set	UNKNOWN STEP	2026-09-04T06:42:36.0473939Z Downloading Chrome Headless Shell 148.0.7778.96 (playwright chromium-headless-shell v1223) from https://cdn.playwright.dev/builds/cft/148.0.7778.96/linux64/chrome-headless-shell-linux64.zip
ar-pardon-seal-set	UNKNOWN STEP	2026-09-04T06:42:37.0755725Z |                                                                                |   0% of 113.2 MiB
ar-pardon-seal-set	UNKNOWN STEP	2026-09-04T06:42:37.2525737Z |■■■■■■■■                                                                        |  10% of 113.2 MiB
ar-pardon-seal-set	UNKNOWN STEP	2026-09-04T06:42:37.3071827Z |■■■■■■■■■■■■■■■■                                                                |  20% of 113.2 MiB
ar-pardon-seal-set	UNKNOWN STEP	2026-09-04T06:42:37.3515808Z |■■■■■■■■■■■■■■■■■■■■■■■■                                                        |  30% of 113.2 MiB
ar-pardon-seal-set	UNKNOWN STEP	2026-09-04T06:42:37.4045675Z |■■■■■■■■■■■■■■■■■■■■■■■■■■■■■■■■                                                |  40% of 113.2 MiB
ar-pardon-seal-set	UNKNOWN STEP	2026-09-04T06:42:37.4504298Z |■■■■■■■■■■■■■■■■■■■■■■■■■■■■■■■■■■■■■■■■                                        |  50% of 113.2 MiB
ar-pardon-seal-set	UNKNOWN STEP	2026-09-04T06:42:37.4935743Z |■■■■■■■■■■■■■■■■■■■■■■■■■■■■■■■■■■■■■■■■■■■■■■■■                                |  60% of 113.2 MiB
ar-pardon-seal-set	UNKNOWN STEP	2026-09-04T06:42:37.5361719Z |■■■■■■■■■■■■■■■■■■■■■■■■■■■■■■■■■■■■■■■■■■■■■■■■■■■■■■■■                        |  70% of 113.2 MiB
ar-pardon-seal-set	UNKNOWN STEP	2026-09-04T06:42:37.5748633Z |■■■■■■■■■■■■■■■■■■■■■■■■■■■■■■■■■■■■■■■■■■■■■■■■■■■■■■■■■■■■■■■■                |  80% of 113.2 MiB
ar-pardon-seal-set	UNKNOWN STEP	2026-09-04T06:42:37.6148761Z |■■■■■■■■■■■■■■■■■■■■■■■■■■■■■■■■■■■■■■■■■■■■■■■■■■■■■■■■■■■■■■■■■■■■■■■■        |  90% of 113.2 MiB
ar-pardon-seal-set	UNKNOWN STEP	2026-09-04T06:42:37.6529565Z |■■■■■■■■■■■■■■■■■■■■■■■■■■■■■■■■■■■■■■■■■■■■■■■■■■■■■■■■■■■■■■■■■■■■■■■■■■■■■■■■| 100% of 113.2 MiB
ar-pardon-seal-set	UNKNOWN STEP	2026-09-04T06:42:39.4668527Z Chrome Headless Shell 148.0.7778.96 (playwright chromium-headless-shell v1223) downloaded to /home/runner/.cache/ms-playwright/chromium_headless_shell-1223
ar-pardon-seal-set	UNKNOWN STEP	2026-09-04T06:42:39.4921198Z ##[group]Run node scripts/rcap-raster-batch.mjs \
ar-pardon-seal-set	UNKNOWN STEP	2026-09-04T06:42:39.4921623Z ^[[36;1mnode scripts/rcap-raster-batch.mjs \^[[0m
ar-pardon-seal-set	UNKNOWN STEP	2026-09-04T06:42:39.4921948Z ^[[36;1m  --manifest "$MANIFEST_PATH" \^[[0m
ar-pardon-seal-set	UNKNOWN STEP	2026-09-04T06:42:39.4922263Z ^[[36;1m  --family "$FAMILY" \^[[0m
ar-pardon-seal-set	UNKNOWN STEP	2026-09-04T06:42:39.4922533Z ^[[36;1m  --commit "$COMMIT_SHA" \^[[0m
ar-pardon-seal-set	UNKNOWN STEP	2026-09-04T06:42:39.4922810Z ^[[36;1m  --scale "$REQUESTED_SCALE" \^[[0m
ar-pardon-seal-set	UNKNOWN STEP	2026-09-04T06:42:39.4923126Z ^[[36;1m  --run-id "$WORKFLOW_RUN_ID" \^[[0m
ar-pardon-seal-set	UNKNOWN STEP	2026-09-04T06:42:39.4923399Z ^[[36;1m  --out raster-out^[[0m
ar-pardon-seal-set	UNKNOWN STEP	2026-09-04T06:42:39.4963979Z shell: /usr/bin/bash -e {0}
ar-pardon-seal-set	UNKNOWN STEP	2026-09-04T06:42:39.4964245Z env:
ar-pardon-seal-set	UNKNOWN STEP	2026-09-04T06:42:39.4964525Z   pythonLocation: /opt/hostedtoolcache/Python/3.12.14/x64
ar-pardon-seal-set	UNKNOWN STEP	2026-09-04T06:42:39.4964976Z   PKG_CONFIG_PATH: /opt/hostedtoolcache/Python/3.12.14/x64/lib/pkgconfig
ar-pardon-seal-set	UNKNOWN STEP	2026-09-04T06:42:39.4965405Z   Python_ROOT_DIR: /opt/hostedtoolcache/Python/3.12.14/x64
ar-pardon-seal-set	UNKNOWN STEP	2026-09-04T06:42:39.4965792Z   Python2_ROOT_DIR: /opt/hostedtoolcache/Python/3.12.14/x64
ar-pardon-seal-set	UNKNOWN STEP	2026-09-04T06:42:39.4966221Z   Python3_ROOT_DIR: /opt/hostedtoolcache/Python/3.12.14/x64
ar-pardon-seal-set	UNKNOWN STEP	2026-09-04T06:42:39.4966615Z   LD_LIBRARY_PATH: /opt/hostedtoolcache/Python/3.12.14/x64/lib
ar-pardon-seal-set	UNKNOWN STEP	2026-09-04T06:42:39.4967033Z   PLAYWRIGHT_BROWSERS_PATH: /home/runner/.cache/ms-playwright
ar-pardon-seal-set	UNKNOWN STEP	2026-09-04T06:42:39.4967764Z   MANIFEST_PATH: data/rcap-grade-a/packet-factory-24h/RASTER_QUEUE.json
ar-pardon-seal-set	UNKNOWN STEP	2026-09-04T06:42:39.4968159Z   FAMILY: ar-pardon-seal-set
ar-pardon-seal-set	UNKNOWN STEP	2026-09-04T06:42:39.4968466Z   COMMIT_SHA: 8ea3f334de0b75e164a6e2a7fee1e5641a7789b2
ar-pardon-seal-set	UNKNOWN STEP	2026-09-04T06:42:39.4968775Z   REQUESTED_SCALE: 2.5
ar-pardon-seal-set	UNKNOWN STEP	2026-09-04T06:42:39.4968999Z   WORKFLOW_RUN_ID: 33844904078
ar-pardon-seal-set	UNKNOWN STEP	2026-09-04T06:42:39.4969238Z ##[endgroup]
ar-pardon-seal-set	UNKNOWN STEP	2026-09-04T06:45:17.8219671Z RASTER_PASS ar-pardon-seal-set — 4 document(s), 14 page(s) measured, 0 problem(s)
ar-pardon-seal-set	UNKNOWN STEP	2026-09-04T06:45:17.8421323Z ##[group]Run set -euo pipefail
ar-pardon-seal-set	UNKNOWN STEP	2026-09-04T06:45:17.8421778Z ^[[36;1mset -euo pipefail^[[0m
ar-pardon-seal-set	UNKNOWN STEP	2026-09-04T06:45:17.8422310Z ^[[36;1m# The render writes only under raster-out/. If a tracked file moved,^[[0m
ar-pardon-seal-set	UNKNOWN STEP	2026-09-04T06:45:17.8422735Z ^[[36;1m# something wrote where it must not.^[[0m
ar-pardon-seal-set	UNKNOWN STEP	2026-09-04T06:45:17.8423089Z ^[[36;1mgit diff --quiet && git diff --cached --quiet \^[[0m
ar-pardon-seal-set	UNKNOWN STEP	2026-09-04T06:45:17.8423597Z ^[[36;1m  || { echo "REFUSED: the render modified tracked files"; git status --porcelain; exit 1; }^[[0m
ar-pardon-seal-set	UNKNOWN STEP	2026-09-04T06:45:17.8464476Z shell: /usr/bin/bash -e {0}
ar-pardon-seal-set	UNKNOWN STEP	2026-09-04T06:45:17.8464736Z env:
ar-pardon-seal-set	UNKNOWN STEP	2026-09-04T06:45:17.8465013Z   pythonLocation: /opt/hostedtoolcache/Python/3.12.14/x64
ar-pardon-seal-set	UNKNOWN STEP	2026-09-04T06:45:17.8465630Z   PKG_CONFIG_PATH: /opt/hostedtoolcache/Python/3.12.14/x64/lib/pkgconfig
ar-pardon-seal-set	UNKNOWN STEP	2026-09-04T06:45:17.8466062Z   Python_ROOT_DIR: /opt/hostedtoolcache/Python/3.12.14/x64
ar-pardon-seal-set	UNKNOWN STEP	2026-09-04T06:45:17.8466445Z   Python2_ROOT_DIR: /opt/hostedtoolcache/Python/3.12.14/x64
ar-pardon-seal-set	UNKNOWN STEP	2026-09-04T06:45:17.8466869Z   Python3_ROOT_DIR: /opt/hostedtoolcache/Python/3.12.14/x64
ar-pardon-seal-set	UNKNOWN STEP	2026-09-04T06:45:17.8467253Z   LD_LIBRARY_PATH: /opt/hostedtoolcache/Python/3.12.14/x64/lib
ar-pardon-seal-set	UNKNOWN STEP	2026-09-04T06:45:17.8467888Z   PLAYWRIGHT_BROWSERS_PATH: /home/runner/.cache/ms-playwright
ar-pardon-seal-set	UNKNOWN STEP	2026-09-04T06:45:17.8468227Z ##[endgroup]
ar-pardon-seal-set	UNKNOWN STEP	2026-09-04T06:45:18.5683334Z ##[group]Run printf 'FAMILY_SLUG=%s\n' "$(printf '%s' "$FAMILY" | tr -c 'A-Za-z0-9._-' '_')" >> "$GITHUB_ENV"
ar-pardon-seal-set	UNKNOWN STEP	2026-09-04T06:45:18.5684016Z ^[[36;1mprintf 'FAMILY_SLUG=%s\n' "$(printf '%s' "$FAMILY" | tr -c 'A-Za-z0-9._-' '_')" >> "$GITHUB_ENV"^[[0m
ar-pardon-seal-set	UNKNOWN STEP	2026-09-04T06:45:18.5724627Z shell: /usr/bin/bash -e {0}
ar-pardon-seal-set	UNKNOWN STEP	2026-09-04T06:45:18.5724894Z env:
ar-pardon-seal-set	UNKNOWN STEP	2026-09-04T06:45:18.5725195Z   pythonLocation: /opt/hostedtoolcache/Python/3.12.14/x64
ar-pardon-seal-set	UNKNOWN STEP	2026-09-04T06:45:18.5725640Z   PKG_CONFIG_PATH: /opt/hostedtoolcache/Python/3.12.14/x64/lib/pkgconfig
ar-pardon-seal-set	UNKNOWN STEP	2026-09-04T06:45:18.5726081Z   Python_ROOT_DIR: /opt/hostedtoolcache/Python/3.12.14/x64
ar-pardon-seal-set	UNKNOWN STEP	2026-09-04T06:45:18.5726470Z   Python2_ROOT_DIR: /opt/hostedtoolcache/Python/3.12.14/x64
ar-pardon-seal-set	UNKNOWN STEP	2026-09-04T06:45:18.5726851Z   Python3_ROOT_DIR: /opt/hostedtoolcache/Python/3.12.14/x64
ar-pardon-seal-set	UNKNOWN STEP	2026-09-04T06:45:18.5727228Z   LD_LIBRARY_PATH: /opt/hostedtoolcache/Python/3.12.14/x64/lib
ar-pardon-seal-set	UNKNOWN STEP	2026-09-04T06:45:18.5727831Z   PLAYWRIGHT_BROWSERS_PATH: /home/runner/.cache/ms-playwright
ar-pardon-seal-set	UNKNOWN STEP	2026-09-04T06:45:18.5728254Z   FAMILY: ar-pardon-seal-set
ar-pardon-seal-set	UNKNOWN STEP	2026-09-04T06:45:18.5728507Z ##[endgroup]
ar-pardon-seal-set	UNKNOWN STEP	2026-09-04T06:45:18.5860394Z Node 20 is being deprecated. This workflow is running with Node 24 by default. If you need to temporarily use Node 20, you can set the ACTIONS_ALLOW_USE_UNSECURE_NODE_VERSION=true environment variable. For more information see: https://github.blog/changelog/2025-09-19-deprecation-of-node-20-on-github-actions-runners/
ar-pardon-seal-set	UNKNOWN STEP	2026-09-04T06:45:18.5861655Z ##[group]Run actions/upload-artifact@v4
ar-pardon-seal-set	UNKNOWN STEP	2026-09-04T06:45:18.5861934Z with:
ar-pardon-seal-set	UNKNOWN STEP	2026-09-04T06:45:18.5862211Z   name: rcap-raster-ar-pardon-seal-set-33844904078
ar-pardon-seal-set	UNKNOWN STEP	2026-09-04T06:45:18.5862535Z   path: raster-out/
ar-pardon-seal-set	UNKNOWN STEP	2026-09-04T06:45:18.5862767Z   if-no-files-found: error
ar-pardon-seal-set	UNKNOWN STEP	2026-09-04T06:45:18.5863010Z   retention-days: 14
ar-pardon-seal-set	UNKNOWN STEP	2026-09-04T06:45:18.5863237Z   compression-level: 6
ar-pardon-seal-set	UNKNOWN STEP	2026-09-04T06:45:18.5863462Z   overwrite: false
ar-pardon-seal-set	UNKNOWN STEP	2026-09-04T06:45:18.5863687Z   include-hidden-files: false
ar-pardon-seal-set	UNKNOWN STEP	2026-09-04T06:45:18.5863935Z env:
ar-pardon-seal-set	UNKNOWN STEP	2026-09-04T06:45:18.5864200Z   pythonLocation: /opt/hostedtoolcache/Python/3.12.14/x64
ar-pardon-seal-set	UNKNOWN STEP	2026-09-04T06:45:18.5864670Z   PKG_CONFIG_PATH: /opt/hostedtoolcache/Python/3.12.14/x64/lib/pkgconfig
ar-pardon-seal-set	UNKNOWN STEP	2026-09-04T06:45:18.5865104Z   Python_ROOT_DIR: /opt/hostedtoolcache/Python/3.12.14/x64
ar-pardon-seal-set	UNKNOWN STEP	2026-09-04T06:45:18.5865489Z   Python2_ROOT_DIR: /opt/hostedtoolcache/Python/3.12.14/x64
ar-pardon-seal-set	UNKNOWN STEP	2026-09-04T06:45:18.5865875Z   Python3_ROOT_DIR: /opt/hostedtoolcache/Python/3.12.14/x64
ar-pardon-seal-set	UNKNOWN STEP	2026-09-04T06:45:18.5866268Z   LD_LIBRARY_PATH: /opt/hostedtoolcache/Python/3.12.14/x64/lib
ar-pardon-seal-set	UNKNOWN STEP	2026-09-04T06:45:18.5866690Z   PLAYWRIGHT_BROWSERS_PATH: /home/runner/.cache/ms-playwright
ar-pardon-seal-set	UNKNOWN STEP	2026-09-04T06:45:18.5867050Z   FAMILY_SLUG: ar-pardon-seal-set
ar-pardon-seal-set	UNKNOWN STEP	2026-09-04T06:45:18.5867311Z ##[endgroup]
ar-pardon-seal-set	UNKNOWN STEP	2026-09-04T06:45:18.7529664Z (node:6057) [DEP0040] DeprecationWarning: The `punycode` module is deprecated. Please use a userland alternative instead.
ar-pardon-seal-set	UNKNOWN STEP	2026-09-04T06:45:18.7530504Z (Use `node --trace-deprecation ...` to show where the warning was created)
ar-pardon-seal-set	UNKNOWN STEP	2026-09-04T06:45:18.7647292Z With the provided path, there will be 27 files uploaded
ar-pardon-seal-set	UNKNOWN STEP	2026-09-04T06:45:18.7648365Z Artifact name is valid!
ar-pardon-seal-set	UNKNOWN STEP	2026-09-04T06:45:18.7648881Z Root directory input is valid!
ar-pardon-seal-set	UNKNOWN STEP	2026-09-04T06:45:19.1230655Z Beginning upload of artifact content to blob storage
ar-pardon-seal-set	UNKNOWN STEP	2026-09-04T06:45:19.2991829Z (node:6057) [DEP0169] DeprecationWarning: `url.parse()` behavior is not standardized and prone to errors that have security implications. Use the WHATWG URL API instead. CVEs are not issued for `url.parse()` vulnerabilities.
ar-pardon-seal-set	UNKNOWN STEP	2026-09-04T06:45:19.9287803Z Uploaded bytes 3707067
ar-pardon-seal-set	UNKNOWN STEP	2026-09-04T06:45:19.9922515Z Finished uploading artifact content to blob storage!
ar-pardon-seal-set	UNKNOWN STEP	2026-09-04T06:45:19.9923665Z SHA256 digest of uploaded artifact zip is 82e504082b84353cb7df758894b05d1100b71aba5b882f36b371ca451a5d5bb3
ar-pardon-seal-set	UNKNOWN STEP	2026-09-04T06:45:19.9925151Z Finalizing artifact upload
ar-pardon-seal-set	UNKNOWN STEP	2026-09-04T06:45:20.2261365Z Artifact rcap-raster-ar-pardon-seal-set-33844904078.zip successfully finalized. Artifact ID 9926415353
ar-pardon-seal-set	UNKNOWN STEP	2026-09-04T06:45:20.2263214Z Artifact rcap-raster-ar-pardon-seal-set-33844904078 has been successfully uploaded! Final size is 3707067 bytes. Artifact ID is 9926415353
ar-pardon-seal-set	UNKNOWN STEP	2026-09-04T06:45:20.2267121Z Artifact download URL: https://github.com/Roger-LegalEase/legalease-partner-dashboard-clean/actions/runs/33844904078/artifacts/9926415353
ar-pardon-seal-set	UNKNOWN STEP	2026-09-04T06:45:20.2461815Z Node 20 is being deprecated. This workflow is running with Node 24 by default. If you need to temporarily use Node 20, you can set the ACTIONS_ALLOW_USE_UNSECURE_NODE_VERSION=true environment variable. For more information see: https://github.blog/changelog/2025-09-19-deprecation-of-node-20-on-github-actions-runners/
ar-pardon-seal-set	UNKNOWN STEP	2026-09-04T06:45:20.2463022Z Post job cleanup.
ar-pardon-seal-set	UNKNOWN STEP	2026-09-04T06:45:20.3654755Z (node:6070) [DEP0040] DeprecationWarning: The `punycode` module is deprecated. Please use a userland alternative instead.
ar-pardon-seal-set	UNKNOWN STEP	2026-09-04T06:45:20.3655630Z (Use `node --trace-deprecation ...` to show where the warning was created)
ar-pardon-seal-set	UNKNOWN STEP	2026-09-04T06:45:20.3829193Z Node 20 is being deprecated. This workflow is running with Node 24 by default. If you need to temporarily use Node 20, you can set the ACTIONS_ALLOW_USE_UNSECURE_NODE_VERSION=true environment variable. For more information see: https://github.blog/changelog/2025-09-19-deprecation-of-node-20-on-github-actions-runners/
ar-pardon-seal-set	UNKNOWN STEP	2026-09-04T06:45:20.3831292Z Post job cleanup.
ar-pardon-seal-set	UNKNOWN STEP	2026-09-04T06:45:20.5141690Z (node:6078) [DEP0040] DeprecationWarning: The `punycode` module is deprecated. Please use a userland alternative instead.
ar-pardon-seal-set	UNKNOWN STEP	2026-09-04T06:45:20.5142607Z (Use `node --trace-deprecation ...` to show where the warning was created)
ar-pardon-seal-set	UNKNOWN STEP	2026-09-04T06:45:20.5369295Z Node 20 is being deprecated. This workflow is running with Node 24 by default. If you need to temporarily use Node 20, you can set the ACTIONS_ALLOW_USE_UNSECURE_NODE_VERSION=true environment variable. For more information see: https://github.blog/changelog/2025-09-19-deprecation-of-node-20-on-github-actions-runners/
ar-pardon-seal-set	UNKNOWN STEP	2026-09-04T06:45:20.5371491Z Post job cleanup.
ar-pardon-seal-set	UNKNOWN STEP	2026-09-04T06:45:20.6279870Z [command]/usr/bin/git version
ar-pardon-seal-set	UNKNOWN STEP	2026-09-04T06:45:20.6326479Z git version 2.55.0
ar-pardon-seal-set	UNKNOWN STEP	2026-09-04T06:45:20.6368171Z Temporarily overriding HOME='/home/runner/work/_temp/7c8d4f46-02a6-4096-8ff2-c9758944cc91' before making global git config changes
ar-pardon-seal-set	UNKNOWN STEP	2026-09-04T06:45:20.6369621Z Adding repository directory to the temporary git global config as a safe directory
ar-pardon-seal-set	UNKNOWN STEP	2026-09-04T06:45:20.6374603Z [command]/usr/bin/git config --global --add safe.directory /home/runner/work/legalease-partner-dashboard-clean/legalease-partner-dashboard-clean
ar-pardon-seal-set	UNKNOWN STEP	2026-09-04T06:45:20.6418179Z [command]/usr/bin/git config --local --name-only --get-regexp core\.sshCommand
ar-pardon-seal-set	UNKNOWN STEP	2026-09-04T06:45:20.6454992Z [command]/usr/bin/git submodule foreach --recursive sh -c "git config --local --name-only --get-regexp 'core\.sshCommand' && git config --local --unset-all 'core.sshCommand' || :"
ar-pardon-seal-set	UNKNOWN STEP	2026-09-04T06:45:20.6757351Z [command]/usr/bin/git config --local --name-only --get-regexp http\.https\:\/\/github\.com\/\.extraheader
ar-pardon-seal-set	UNKNOWN STEP	2026-09-04T06:45:20.6786293Z http.https://github.com/.extraheader
ar-pardon-seal-set	UNKNOWN STEP	2026-09-04T06:45:20.6798377Z [command]/usr/bin/git config --local --unset-all http.https://github.com/.extraheader
ar-pardon-seal-set	UNKNOWN STEP	2026-09-04T06:45:20.6835943Z [command]/usr/bin/git submodule foreach --recursive sh -c "git config --local --name-only --get-regexp 'http\.https\:\/\/github\.com\/\.extraheader' && git config --local --unset-all 'http.https://github.com/.extraheader' || :"
ar-pardon-seal-set	UNKNOWN STEP	2026-09-04T06:45:20.7143764Z [command]/usr/bin/git config --local --name-only --get-regexp ^includeIf\.gitdir:
ar-pardon-seal-set	UNKNOWN STEP	2026-09-04T06:45:20.7185087Z [command]/usr/bin/git submodule foreach --recursive git config --local --show-origin --name-only --get-regexp remote.origin.url
ar-pardon-seal-set	UNKNOWN STEP	2026-09-04T06:45:20.7623230Z Cleaning up orphan processes
ar-pardon-seal-set	UNKNOWN STEP	2026-09-04T06:45:20.7949130Z ##[warning]Node.js 20 is deprecated. The following actions target Node.js 20 but are being forced to run on Node.js 24: actions/checkout@v4, actions/setup-node@v4, actions/setup-python@v5, actions/upload-artifact@v4. For more information see: https://github.blog/changelog/2025-09-19-deprecation-of-node-20-on-github-actions-runners/
