PASS strict no_fee branch
PASS strict fee_paid branch
PASS strict indigency_requested branch
PASS strict requested_financial_supplement branch
PASS reject absent
PASS reject unknown fee
PASS reject missing election
PASS reject string election
PASS reject number election
PASS reject no-fee waiver
PASS reject supplement alone
PASS reject no request record
PASS four-source receipt uses true retained hashes, not invented corpus membership
PASS all eight branch outputs are declared and their current bytes hash correctly
PASS canonical G106 writes known facts only and preserves all protected roles
PASS boundary G106 writes known facts only and preserves all protected roles
PASS actual participant guidance and old steps consistently name G106, not a CV226 waiver
PASS conditional output assembly refuses missing selected components
PASS canonical input file and all generated outputs repeat byte-for-byte
{
  "schemaVersion": "rcap-nc-indigency-regressions/v1",
  "passed": 19,
  "failed": 0,
  "tests": [
    {
      "name": "strict no_fee branch",
      "status": "PASS"
    },
    {
      "name": "strict fee_paid branch",
      "status": "PASS"
    },
    {
      "name": "strict indigency_requested branch",
      "status": "PASS"
    },
    {
      "name": "strict requested_financial_supplement branch",
      "status": "PASS"
    },
    {
      "name": "reject absent",
      "status": "PASS"
    },
    {
      "name": "reject unknown fee",
      "status": "PASS"
    },
    {
      "name": "reject missing election",
      "status": "PASS"
    },
    {
      "name": "reject string election",
      "status": "PASS"
    },
    {
      "name": "reject number election",
      "status": "PASS"
    },
    {
      "name": "reject no-fee waiver",
      "status": "PASS"
    },
    {
      "name": "reject supplement alone",
      "status": "PASS"
    },
    {
      "name": "reject no request record",
      "status": "PASS"
    },
    {
      "name": "four-source receipt uses true retained hashes, not invented corpus membership",
      "status": "PASS"
    },
    {
      "name": "all eight branch outputs are declared and their current bytes hash correctly",
      "status": "PASS"
    },
    {
      "name": "canonical G106 writes known facts only and preserves all protected roles",
      "status": "PASS"
    },
    {
      "name": "boundary G106 writes known facts only and preserves all protected roles",
      "status": "PASS"
    },
    {
      "name": "actual participant guidance and old steps consistently name G106, not a CV226 waiver",
      "status": "PASS"
    },
    {
      "name": "conditional output assembly refuses missing selected components",
      "status": "PASS"
    },
    {
      "name": "canonical input file and all generated outputs repeat byte-for-byte",
      "status": "PASS"
    }
  ],
  "grantsApproval": false,
  "productionTouched": false
}
