PASS VA current subsection D
PASS VA D without agreement
PASS VA D ambiguous agreement
PASS VA D disputed agreement
PASS VA D missing evidence
PASS VA later consent is not D agreement
PASS VA other first offender
PASS VA ordinary acquittal
PASS VA ordinary nolle
PASS VA future-only authority
PASS VA future filing needs policy review
PASS VA unknown date
PASS VA invalid calendar day
PASS VA unknown basis
PASS VA opposition stop
PASS VA answer stop
PASS VA immigration review boundary
PASS VA unknown response not silently accepted
PASS VA unknown facts not ordinary eligibility
PASS VA reference template cannot bypass a supplied adverse record
PASS VA actual renderer enforces the gate before form access
PASS VA rendered instructions contain the exception and separate agreements
PASS MA actual petition has 30-day petitioner notice and optional preliminary hearing
PASS MA actual filing instructions have no filing fee and no waiver
PASS DE actual guide does not add a court fee to the SBI-only branch
PASS PA no-IFP no-order branch omits both optional documents
PASS PA IFP and order elections are independent
PASS PA missing, string, or numeric elections refuse instead of coercing
PASS PA certificate records both recipients and Rule 576 required particulars
PASS PA service copy distinguishes document-specific party consent and local authorization
PASS PA configuration cannot mutate the NJ host or accept another route
PASS PA eight executable branch assemblies are byte-deterministic
PASS PA actual IFP pages are included only in the selected branch
PASS PA IFP protects all financial, certification and execution fields in both fixtures
PASS PA explicitly discloses held-but-not-printed boundary values without granting delivery
PASS DE emitted PDF text contains its repaired participant rule
PASS MA emitted PDF text contains its repaired participant rule
PASS VA emitted PDF text contains its repaired participant rule
PASS PA emitted PDF text contains its repaired participant rule
PASS VA gate implementation is hash-bound to the rebuilt contract
{
  "schemaVersion": "rcap-recovery-regressions/v1",
  "passed": 40,
  "failed": 0,
  "tests": [
    {
      "name": "VA current subsection D",
      "status": "PASS"
    },
    {
      "name": "VA D without agreement",
      "status": "PASS"
    },
    {
      "name": "VA D ambiguous agreement",
      "status": "PASS"
    },
    {
      "name": "VA D disputed agreement",
      "status": "PASS"
    },
    {
      "name": "VA D missing evidence",
      "status": "PASS"
    },
    {
      "name": "VA later consent is not D agreement",
      "status": "PASS"
    },
    {
      "name": "VA other first offender",
      "status": "PASS"
    },
    {
      "name": "VA ordinary acquittal",
      "status": "PASS"
    },
    {
      "name": "VA ordinary nolle",
      "status": "PASS"
    },
    {
      "name": "VA future-only authority",
      "status": "PASS"
    },
    {
      "name": "VA future filing needs policy review",
      "status": "PASS"
    },
    {
      "name": "VA unknown date",
      "status": "PASS"
    },
    {
      "name": "VA invalid calendar day",
      "status": "PASS"
    },
    {
      "name": "VA unknown basis",
      "status": "PASS"
    },
    {
      "name": "VA opposition stop",
      "status": "PASS"
    },
    {
      "name": "VA answer stop",
      "status": "PASS"
    },
    {
      "name": "VA immigration review boundary",
      "status": "PASS"
    },
    {
      "name": "VA unknown response not silently accepted",
      "status": "PASS"
    },
    {
      "name": "VA unknown facts not ordinary eligibility",
      "status": "PASS"
    },
    {
      "name": "VA reference template cannot bypass a supplied adverse record",
      "status": "PASS"
    },
    {
      "name": "VA actual renderer enforces the gate before form access",
      "status": "PASS"
    },
    {
      "name": "VA rendered instructions contain the exception and separate agreements",
      "status": "PASS"
    },
    {
      "name": "MA actual petition has 30-day petitioner notice and optional preliminary hearing",
      "status": "PASS"
    },
    {
      "name": "MA actual filing instructions have no filing fee and no waiver",
      "status": "PASS"
    },
    {
      "name": "DE actual guide does not add a court fee to the SBI-only branch",
      "status": "PASS"
    },
    {
      "name": "PA no-IFP no-order branch omits both optional documents",
      "status": "PASS"
    },
    {
      "name": "PA IFP and order elections are independent",
      "status": "PASS"
    },
    {
      "name": "PA missing, string, or numeric elections refuse instead of coercing",
      "status": "PASS"
    },
    {
      "name": "PA certificate records both recipients and Rule 576 required particulars",
      "status": "PASS"
    },
    {
      "name": "PA service copy distinguishes document-specific party consent and local authorization",
      "status": "PASS"
    },
    {
      "name": "PA configuration cannot mutate the NJ host or accept another route",
      "status": "PASS"
    },
    {
      "name": "PA eight executable branch assemblies are byte-deterministic",
      "status": "PASS"
    },
    {
      "name": "PA actual IFP pages are included only in the selected branch",
      "status": "PASS"
    },
    {
      "name": "PA IFP protects all financial, certification and execution fields in both fixtures",
      "status": "PASS"
    },
    {
      "name": "PA explicitly discloses held-but-not-printed boundary values without granting delivery",
      "status": "PASS"
    },
    {
      "name": "DE emitted PDF text contains its repaired participant rule",
      "status": "PASS"
    },
    {
      "name": "MA emitted PDF text contains its repaired participant rule",
      "status": "PASS"
    },
    {
      "name": "VA emitted PDF text contains its repaired participant rule",
      "status": "PASS"
    },
    {
      "name": "PA emitted PDF text contains its repaired participant rule",
      "status": "PASS"
    },
    {
      "name": "VA gate implementation is hash-bound to the rebuilt contract",
      "status": "PASS"
    }
  ],
  "grantsApproval": false,
  "productionTouched": false
}
