{
  "schemaVersion": "rcap-recovery-mutations/v1",
  "baseline": "PASS",
  "attempted": 7,
  "caught": 7,
  "results": [
    {
      "name": "D agreement bypass",
      "detected": true
    },
    {
      "name": "other first-offender imported",
      "detected": true
    },
    {
      "name": "future filing silently accepted",
      "detected": true
    },
    {
      "name": "IFP included without election",
      "detected": true
    },
    {
      "name": "optional order made mandatory",
      "detected": true
    },
    {
      "name": "recipient phone removed",
      "detected": true
    },
    {
      "name": "MA notice shortened",
      "detected": true
    }
  ],
  "originalFilesRestored": true
}
