✔ later committed owner execution reads exact phase authority without redefining admitted tooling (125.81174ms)
✔ execution refuses post-freeze .github/workflows/control.yml (109.95007ms)
✔ execution refuses post-freeze scripts/control.mjs (110.039854ms)
✔ execution refuses post-freeze scripts/new-control.mjs (109.455774ms)
✔ execution refuses post-freeze src/application.ts (115.834444ms)
✔ execution refuses post-freeze data/unrelated.json (114.092792ms)
✔ execution refuses post-freeze data/record-clearing/legal-decisions/unapproved.json (112.965797ms)
✔ execution refuses nonancestor tools (110.392999ms)
✔ execution refuses outside captain ancestry (83.989108ms)
✔ execution refuses missing owner (94.251618ms)
✔ execution refuses wrong tooling and execution identities (74.29756ms)
✔ execution refuses reused historical owner decision (72.053792ms)
✔ execution phase refuses changed applicationSha (69.17441ms)
✔ execution phase refuses changed workerSourceSha (70.276406ms)
✔ execution phase refuses changed workerDigest (70.332141ms)
✔ execution phase refuses changed workerInputFingerprint (67.029912ms)
✔ historical release retains tools/execution equality (64.575458ms)
✔ execution refuses authorization absent from actual committed checkout (122.756621ms)
✔ future explicit authorization reaches smoke while held predecessor remains unauthorized (3.23052ms)
✔ only fresh native smoke enables activation; consumed activation enables worker/public checks (2.302979ms)
✔ future approval rejects wrong applicationSha (1.061371ms)
✔ future approval rejects wrong workerSourceSha (0.451953ms)
✔ future approval rejects wrong workerDigest (0.467602ms)
✔ future approval rejects wrong workerInputFingerprint (2.029188ms)
✔ future approval rejects wrong toolsSha (0.548174ms)
✔ future approval rejects wrong stagedDeploymentId (0.335076ms)
✔ future approval rejects wrong rollbackDeploymentId (0.388575ms)
✔ future approval rejects wrong productionAliases (0.58397ms)
✔ future approval rejects wrong hostedRunId (0.496076ms)
✔ future approval rejects wrong recordedBy (0.404846ms)
✔ future approval rejects wrong note (0.403633ms)
✔ future approval rejects wrong phases (0.327ms)
✔ future approval rejects wrong maxActivationAttempts (0.327561ms)
✔ future approval rejects wrong recordedAt (0.279361ms)
✔ future release refuses unrelated preflight (0.286264ms)
✔ future release refuses unrelated restage (0.192399ms)
✔ future release refuses unrelated clinic_migrate (3.555757ms)
✔ future release refuses unrelated legal_aid_keys_create (0.193511ms)
✔ future release refuses unrelated production_packet_canary (3.697902ms)
✔ held acceptance and arbitrary flag flips cannot imply approval (1.692439ms)
✔ native successful smoke binds workflow job archive and exact post-owner tuple (0.407621ms)
✔ native wrong workflow refuses (0.40164ms)
✔ native wrong job refuses (3.990478ms)
✔ native wrong native digest refuses (0.281496ms)
✔ native failed required step refuses (0.215222ms)
✔ native old production receipt refuses (0.280384ms)
✔ native stale receipt refuses (0.265265ms)
✔ native live writes refuses (0.227875ms)
✔ production alias scope rejects additional domains and redirect changes (0.363909ms)
✔ first native activation attempt passes GET-only inventory (23.265286ms)
✔ prior failure native activation consumes one attempt (1.067833ms)
✔ prior success native activation consumes one attempt (0.859474ms)
✔ prior in_progress native activation consumes one attempt (0.851339ms)
✔ unavailable native attempt inventory fails closed (0.275615ms)
✔ actual public-verification receipt schema closes without claiming mutation (0.561809ms)
✔ worker startup supplies history and dependencies before the strict identity gate (0.362396ms)
✔ activation and public executors enforce native one-attempt inventory before service reads (0.296133ms)
✔ same-second failed dispatch cannot disappear behind millisecond owner timestamp (0.938071ms)
✔ forward tuple binds distinct application, worker, publication and acceptance identities without activation (1.93931ms)
✔ wrong applicationSha and stale hosted identity rejected (1.348687ms)
✔ wrong workerSourceSha and stale hosted identity rejected (0.322401ms)
✔ wrong workerDigest and stale hosted identity rejected (0.361756ms)
✔ wrong workerInputFingerprint and stale hosted identity rejected (0.340806ms)
✔ wrong toolsSha and stale hosted identity rejected (0.374799ms)
✔ wrong publication workflow identity rejected (1.107919ms)
✔ wrong readOnlyImageAcceptance workflow identity rejected (0.328493ms)
✔ old authorization and automatically production-authorized held successor rejected (0.668267ms)
✔ hosted autoAssignCustomDomains fails closed (0.35888ms)
✔ hosted productionAliasesUnchanged fails closed (0.258202ms)
✔ hosted productionWrites fails closed (0.208339ms)
✔ hosted signupVerified fails closed (0.16073ms)
✔ hosted sharedHostRoutingVerified fails closed (0.172603ms)
✔ hosted liveAuthCalls fails closed (0.212948ms)
✔ hosted target fails closed (0.202509ms)
✔ hosted readyState fails closed (0.196718ms)
✔ same-tuple stale hosted evidence rejected (0.21931ms)
✔ held flag migrationReplayAuthorized cannot advance (0.226944ms)
✔ held flag housekeepingReplayAuthorized cannot advance (1.1252ms)
✔ held flag additionalWorkerPublicationAuthorized cannot advance (0.145061ms)
✔ held flag imageAcceptanceRerunAuthorized cannot advance (0.20929ms)
✔ held flag hostedFullReady cannot advance (0.171079ms)
✔ locale initialization ignores opaque and unrelated documents without suppressing app errors (3.727507ms)
✔ locale initialization seeds exactly the candidate document (1.675989ms)
✔ registry blob redirects remain GET-only with immutable config verification (25.553116ms)
✔ multiarch immutable child manifest is verified before its config or layers (2.037313ms)
✔ recompressed registry mirror requires identical verified config and uncompressed filesystem (0.971163ms)
✔ historical creation retains exact historical event and valid chain (3.335145ms)
✔ same identity appends truthful evidence refresh and remains deterministic (3.057187ms)
✔ semantic mutations fail: false approval, erased historical event, rewritten prior history (6.131685ms)
ℹ tests 89
ℹ suites 0
ℹ pass 89
ℹ fail 0
ℹ cancelled 0
ℹ skipped 0
ℹ todo 0
ℹ duration_ms 2061.33959
