ok   dispatcher exposes the isolated Production smoke phase
ok   smoke is isolated from migration and activation
ok   workflow self-verifies the smoke contract
ok   workflow runs focused smoke mutation proof
ok   workflow invokes the dedicated smoke control
ok   exact staged deployment is pinned
ok   exact rollback deployment is pinned
ok   the pre-migration deployment is named by no pin, so it cannot be a recovery target
ok   Production project is pinned
ok   staged application and worker identity are required
ok   rollback readiness and unchanged active target are required
ok   staged runtime must still map to canonical Production Supabase
ok   staged health must pass
ok   Production Clinic schema receives direct readback
ok   save/claim pending-result schema receives exact read-back before activation
ok   save/claim read-back requires the claim_token_hash column the live pending route writes
ok   save/claim read-back requires the atomic claim function the claim service calls
ok   save/claim read-back requires the participant claim events table
ok   save/claim read-back rejects the legacy matter_id, source_session_id and pending_token_hash columns
ok   Colorado juvenile path must remain guidance-only with no commerce
ok   negative-control isolation is required
ok   Clinic reset API cleanup boundary is required
ok   staged runtime and final verdict use the behaviorally tested reset helper
ok   clean-device helper replaces arbitrary participant cookies
ok   reset protocol cannot follow redirects away from exact staged endpoint
ok   Clinic reset remains final runtime assertion before persistence and PASS
ok   Clinic reset preserves the server-authority-only function grant
ok   synthetic fixture must be transactionally rolled back
ok   evidence fixes real participant creation to false
ok   evidence fixes real charges to false
ok   smoke cannot contact Stripe or create Checkout
ok   smoke cannot activate or move aliases
ok   smoke contains no destructive cleanup statement
ok   transaction failures expose only safe SQL classification
ok   separate Production phase permission and current tuple guard every operation
ok   workflow validates current successor binding before service access
verify-rcap-production-smoke passed: 36/36
