
=== nj_ordinance-set: NJ-CN-10557 ===
  source c1dd37b5e27bd76e… 1924831 bytes; 43 pages; 179 fields
  canonical: wrote 10; refused 169; selections 0; held-but-not-printed 9
  raster: 43/43 pages
  boundary: wrote 10; refused 169; selections 0; held-but-not-printed 9
  raster: 43/43 pages

nj_ordinance-set: BUILD PASS (2 PDFs; 86 page rasters)
file:///workspaces/legalease-partner-dashboard-clean/.lane-worktrees/fixcxn1/.fixcxn1-rollback-scratch.lcLaXR/scripts/build-census-v1-nj_arrest_no_conviction-set.mjs:6208
    if (process.env.FIXCXN1_FORCE_ROLLBACK === "1") throw new Error("FIXCXN1 forced publication failure");
                                                          ^

Error: FIXCXN1 forced publication failure; rollback failed: FIXCXN1 forced rollback failure; prior output backup preserved at /workspaces/legalease-partner-dashboard-clean/.lane-worktrees/fixcxn1/.fixcxn1-rollback-scratch.lcLaXR/data/rcap-all50/overlays/census-v1/nj/.fixcxn1-publication-backup-ChdXu6/nj-ordinance-set--official-pdf-fill
    at buildOfficial (file:///workspaces/legalease-partner-dashboard-clean/.lane-worktrees/fixcxn1/.fixcxn1-rollback-scratch.lcLaXR/scripts/build-census-v1-nj_arrest_no_conviction-set.mjs:6208:59)
    at async runEastFamily (file:///workspaces/legalease-partner-dashboard-clean/.lane-worktrees/fixcxn1/.fixcxn1-rollback-scratch.lcLaXR/scripts/build-census-v1-nj_arrest_no_conviction-set.mjs:7834:10)
    at async file:///workspaces/legalease-partner-dashboard-clean/.lane-worktrees/fixcxn1/.fixcxn1-rollback-scratch.lcLaXR/scripts/build-census-v1-nj_ordinance-set.mjs:3:1 {
  rollbackBackupPath: '/workspaces/legalease-partner-dashboard-clean/.lane-worktrees/fixcxn1/.fixcxn1-rollback-scratch.lcLaXR/data/rcap-all50/overlays/census-v1/nj/.fixcxn1-publication-backup-ChdXu6/nj-ordinance-set--official-pdf-fill',
  rollbackError: Error: FIXCXN1 forced rollback failure
      at buildOfficial (file:///workspaces/legalease-partner-dashboard-clean/.lane-worktrees/fixcxn1/.fixcxn1-rollback-scratch.lcLaXR/scripts/build-census-v1-nj_arrest_no_conviction-set.mjs:6216:61)
      at async runEastFamily (file:///workspaces/legalease-partner-dashboard-clean/.lane-worktrees/fixcxn1/.fixcxn1-rollback-scratch.lcLaXR/scripts/build-census-v1-nj_arrest_no_conviction-set.mjs:7834:10)
      at async file:///workspaces/legalease-partner-dashboard-clean/.lane-worktrees/fixcxn1/.fixcxn1-rollback-scratch.lcLaXR/scripts/build-census-v1-nj_ordinance-set.mjs:3:1
}

Node.js v24.20.0
