{
  "familyId": "composed-treatment:obligation:runtime-only:IL:criminal-identity-theft-mistaken-identity-relief",
  "status": "COMPLETED",
  "counters": {
    "knownRequiredFieldsMissing": 0,
    "requiredFactsNotCollected": 0,
    "unclassifiedBlanks": 0,
    "incompleteRows": 0,
    "requiredOptionsMissing": 0,
    "requiredComponentsMissing": 0,
    "invisibleWrites": 0,
    "protectedWrites": 0,
    "visualDefects": 0
  },
  "directory": "data/rcap-all50/overlays/census-v1/il/composed-treatment:obligation:runtime-only:il:criminal-identity-theft-mistaken-identity-relief--custom-pleading",
  "implementationStrategy": "custom_pleading",
  "recordsBound": [
    {
      "recordId": "route-contract:IL:criminal-identity-theft-mistaken-identity-relief",
      "sha256": "c573d65a64d3922bcffdd402810efa142f44bc8d9389d4e7e8a223ee4105f7df"
    },
    {
      "recordId": "compiled-profile:IL-illinois#criminal-identity-theft-mistaken-identity-relief",
      "sha256": "7999f618fd374825e4a8fa611d141131afe06ce9f6139c5c2d608277704da914"
    },
    {
      "recordId": "route-obligation-census:obligation:runtime-only:IL:criminal-identity-theft-mistaken-identity-relief",
      "sha256": "f6fc081419eadf6001fb0b7fa943eaf1175650127bac9cb149c4ff5b593c4a81"
    }
  ],
  "components": [
    "il-mistaken-identity-primary-filing-1",
    "il-mistaken-identity-filing-instructions-2"
  ],
  "documents": [
    "il-mistaken-identity-primary-filing-1",
    "il-mistaken-identity-filing-instructions-2"
  ],
  "writes": 6,
  "requiredBeforeFiling": 7,
  "artifactHashes": [
    {
      "fixture": "canonical",
      "packetSha256": "3bed5cd21e70338e5d9c5e2daf1251b5ff3c4558a6544991ab549594dacbf3bf",
      "pages": 4
    },
    {
      "fixture": "boundary",
      "packetSha256": "1d5162ef7d046a6c5a9925b4b4b987e92b0768d046723311d6d78ef7bd990fbf",
      "pages": 4
    }
  ],
  "rasterPages": 0,
  "rasterState": "BUILT_RASTER_PENDING",
  "nineCountersZero": true,
  "packetsSelfVerified": 0,
  "commercialRoutesOpened": 0,
  "productionTouched": false
}
