{
  "familyId": "mi_setaside_application-set",
  "directory": "data/rcap-all50/overlays/census-v1/mi/mi-setaside-application-set--official-pdf-fill",
  "artifacts": [
    {
      "fixture": "canonical",
      "variant": "canonical",
      "file": "data/rcap-all50/overlays/census-v1/mi/mi-setaside-application-set--official-pdf-fill/fixtures/canonical.pdf",
      "path": "fixtures/canonical.pdf",
      "documents": [
        "MC227"
      ],
      "sha256": "50743b57033e7ca6cf498bcc63902fbd29c15a0c2fd03dd39a7cfc756251bf5c",
      "bytes": 387954,
      "pageCount": 4,
      "componentCoverage": [
        {
          "role": "application",
          "sourcePages": [
            1,
            2
          ],
          "outputPages": [
            1,
            2
          ]
        },
        {
          "role": "hearing_notice_and_service",
          "sourcePages": [
            3
          ],
          "outputPages": [
            3
          ]
        },
        {
          "role": "official_instructions",
          "sourcePages": [
            4
          ],
          "outputPages": [
            4
          ]
        }
      ],
      "fileable": false,
      "historyTreatment": {
        "priorFirstOwiReliefReceived": false,
        "status": "NO_PRIOR_LISTED_APPLICATION_HANDOFF_IDENTIFIED",
        "reasons": [],
        "permissionToReapply": false,
        "denialOrdersSupplied": false
      },
      "missingAttachments": [
        "certified conviction copies",
        "RI-008 fingerprint card"
      ],
      "executionComplete": false
    },
    {
      "fixture": "boundary",
      "variant": "boundary",
      "file": "data/rcap-all50/overlays/census-v1/mi/mi-setaside-application-set--official-pdf-fill/fixtures/boundary.pdf",
      "path": "fixtures/boundary.pdf",
      "documents": [
        "MC227"
      ],
      "sha256": "f3829e41b5a9458279fe6f07cfba744be113701f6b1393f5f40b94f11c536e49",
      "bytes": 390130,
      "pageCount": 5,
      "componentCoverage": [
        {
          "role": "application",
          "sourcePages": [
            1,
            2
          ],
          "outputPages": [
            1,
            2
          ]
        },
        {
          "role": "hearing_notice_and_service",
          "sourcePages": [
            3
          ],
          "outputPages": [
            3
          ]
        },
        {
          "role": "official_instructions",
          "sourcePages": [
            4
          ],
          "outputPages": [
            4
          ]
        },
        {
          "role": "conditional_additional_sheet",
          "outputPages": [
            5
          ]
        }
      ],
      "fileable": false,
      "historyTreatment": {
        "priorFirstOwiReliefReceived": false,
        "status": "STOP_BEFORE_REAPPLICATION_ATTORNEY_REVIEW",
        "reasons": [
          {
            "scope": "previousSame",
            "row": 1,
            "caseNumber": "14-001234-SM",
            "outcome": "unclassified",
            "disposition": "Denied 03/01/2017",
            "status": "PRIOR_APPLICATION_REVIEW_REQUIRED"
          }
        ],
        "permissionToReapply": false,
        "denialOrdersSupplied": false
      },
      "missingAttachments": [
        "certified conviction copies",
        "RI-008 fingerprint card"
      ],
      "executionComplete": false
    },
    {
      "fixture": "extended-history",
      "variant": "extended-history",
      "file": "data/rcap-all50/overlays/census-v1/mi/mi-setaside-application-set--official-pdf-fill/fixtures/extended-history.pdf",
      "path": "fixtures/extended-history.pdf",
      "documents": [
        "MC227"
      ],
      "sha256": "f64e2a043bfd055b1e54de1d5c6947aa75b6b24144370aba5da286c1516cf6e3",
      "bytes": 392813,
      "pageCount": 7,
      "componentCoverage": [
        {
          "role": "application",
          "sourcePages": [
            1,
            2
          ],
          "outputPages": [
            1,
            2
          ]
        },
        {
          "role": "hearing_notice_and_service",
          "sourcePages": [
            3
          ],
          "outputPages": [
            3
          ]
        },
        {
          "role": "official_instructions",
          "sourcePages": [
            4
          ],
          "outputPages": [
            4
          ]
        },
        {
          "role": "conditional_additional_sheet",
          "outputPages": [
            5,
            6,
            7
          ]
        }
      ],
      "fileable": false,
      "historyTreatment": {
        "priorFirstOwiReliefReceived": false,
        "status": "STOP_BEFORE_REAPPLICATION_ATTORNEY_REVIEW",
        "reasons": [
          {
            "scope": "previousSame",
            "row": 1,
            "caseNumber": "14-001234-SM",
            "outcome": "unclassified",
            "disposition": "Denied 03/01/2017",
            "status": "PRIOR_APPLICATION_REVIEW_REQUIRED"
          },
          {
            "scope": "previousSame",
            "row": 2,
            "caseNumber": "12-002342-SM",
            "outcome": "unclassified",
            "disposition": "Denied 03/01/2017",
            "status": "PRIOR_APPLICATION_REVIEW_REQUIRED"
          },
          {
            "scope": "previousSame",
            "row": 3,
            "caseNumber": "13-002343-SM",
            "outcome": "unclassified",
            "disposition": "Denied 03/01/2017",
            "status": "PRIOR_APPLICATION_REVIEW_REQUIRED"
          },
          {
            "scope": "previousSame",
            "row": 4,
            "caseNumber": "14-002344-SM",
            "outcome": "unclassified",
            "disposition": "Denied 03/01/2017",
            "status": "PRIOR_APPLICATION_REVIEW_REQUIRED"
          },
          {
            "scope": "previousSame",
            "row": 5,
            "caseNumber": "15-002345-SM",
            "outcome": "unclassified",
            "disposition": "Denied 03/01/2017",
            "status": "PRIOR_APPLICATION_REVIEW_REQUIRED"
          }
        ],
        "permissionToReapply": false,
        "denialOrdersSupplied": false
      },
      "missingAttachments": [
        "certified conviction copies",
        "RI-008 fingerprint card"
      ],
      "executionComplete": false
    },
    {
      "fixture": "single-felony",
      "variant": "single-felony",
      "file": "data/rcap-all50/overlays/census-v1/mi/mi-setaside-application-set--official-pdf-fill/fixtures/single-felony.pdf",
      "path": "fixtures/single-felony.pdf",
      "documents": [
        "MC227"
      ],
      "sha256": "87a93436fec5cd2b604252337b1ae70a54d65516f3faac6196edacff4f8807bc",
      "bytes": 387948,
      "pageCount": 4,
      "componentCoverage": [
        {
          "role": "application",
          "sourcePages": [
            1,
            2
          ],
          "outputPages": [
            1,
            2
          ]
        },
        {
          "role": "hearing_notice_and_service",
          "sourcePages": [
            3
          ],
          "outputPages": [
            3
          ]
        },
        {
          "role": "official_instructions",
          "sourcePages": [
            4
          ],
          "outputPages": [
            4
          ]
        }
      ],
      "fileable": false,
      "historyTreatment": {
        "priorFirstOwiReliefReceived": false,
        "status": "NO_PRIOR_LISTED_APPLICATION_HANDOFF_IDENTIFIED",
        "reasons": [],
        "permissionToReapply": false,
        "denialOrdersSupplied": false
      },
      "missingAttachments": [
        "certified conviction copies",
        "RI-008 fingerprint card"
      ],
      "executionComplete": false
    },
    {
      "fixture": "multiple-felonies",
      "variant": "multiple-felonies",
      "file": "data/rcap-all50/overlays/census-v1/mi/mi-setaside-application-set--official-pdf-fill/fixtures/multiple-felonies.pdf",
      "path": "fixtures/multiple-felonies.pdf",
      "documents": [
        "MC227"
      ],
      "sha256": "8caf55b0d211c6333fe6facaa1418b4a64a1537b6d10586dcbf70163fab8bfdf",
      "bytes": 388306,
      "pageCount": 4,
      "componentCoverage": [
        {
          "role": "application",
          "sourcePages": [
            1,
            2
          ],
          "outputPages": [
            1,
            2
          ]
        },
        {
          "role": "hearing_notice_and_service",
          "sourcePages": [
            3
          ],
          "outputPages": [
            3
          ]
        },
        {
          "role": "official_instructions",
          "sourcePages": [
            4
          ],
          "outputPages": [
            4
          ]
        }
      ],
      "fileable": false,
      "historyTreatment": {
        "priorFirstOwiReliefReceived": false,
        "status": "NO_PRIOR_LISTED_APPLICATION_HANDOFF_IDENTIFIED",
        "reasons": [],
        "permissionToReapply": false,
        "denialOrdersSupplied": false
      },
      "missingAttachments": [
        "certified conviction copies",
        "RI-008 fingerprint card"
      ],
      "executionComplete": false
    },
    {
      "fixture": "serious-misdemeanor",
      "variant": "serious-misdemeanor",
      "file": "data/rcap-all50/overlays/census-v1/mi/mi-setaside-application-set--official-pdf-fill/fixtures/serious-misdemeanor.pdf",
      "path": "fixtures/serious-misdemeanor.pdf",
      "documents": [
        "MC227"
      ],
      "sha256": "4d46d8c3cef8a24a194ca3e03d292d7761aea2e6278dcc107eca313a1ca17cd0",
      "bytes": 387937,
      "pageCount": 4,
      "componentCoverage": [
        {
          "role": "application",
          "sourcePages": [
            1,
            2
          ],
          "outputPages": [
            1,
            2
          ]
        },
        {
          "role": "hearing_notice_and_service",
          "sourcePages": [
            3
          ],
          "outputPages": [
            3
          ]
        },
        {
          "role": "official_instructions",
          "sourcePages": [
            4
          ],
          "outputPages": [
            4
          ]
        }
      ],
      "fileable": false,
      "historyTreatment": {
        "priorFirstOwiReliefReceived": false,
        "status": "NO_PRIOR_LISTED_APPLICATION_HANDOFF_IDENTIFIED",
        "reasons": [],
        "permissionToReapply": false,
        "denialOrdersSupplied": false
      },
      "missingAttachments": [
        "certified conviction copies",
        "RI-008 fingerprint card"
      ],
      "executionComplete": false
    },
    {
      "fixture": "local-ordinance",
      "variant": "local-ordinance",
      "file": "data/rcap-all50/overlays/census-v1/mi/mi-setaside-application-set--official-pdf-fill/fixtures/local-ordinance.pdf",
      "path": "fixtures/local-ordinance.pdf",
      "documents": [
        "MC227"
      ],
      "sha256": "059e1198182dbbd8cb5d19a65f3912b12d6cee7551d961259024def698e16a71",
      "bytes": 387971,
      "pageCount": 4,
      "componentCoverage": [
        {
          "role": "application",
          "sourcePages": [
            1,
            2
          ],
          "outputPages": [
            1,
            2
          ]
        },
        {
          "role": "hearing_notice_and_service",
          "sourcePages": [
            3
          ],
          "outputPages": [
            3
          ]
        },
        {
          "role": "official_instructions",
          "sourcePages": [
            4
          ],
          "outputPages": [
            4
          ]
        }
      ],
      "fileable": false,
      "historyTreatment": {
        "priorFirstOwiReliefReceived": false,
        "status": "NO_PRIOR_LISTED_APPLICATION_HANDOFF_IDENTIFIED",
        "reasons": [],
        "permissionToReapply": false,
        "denialOrdersSupplied": false
      },
      "missingAttachments": [
        "certified conviction copies",
        "RI-008 fingerprint card"
      ],
      "executionComplete": false
    },
    {
      "fixture": "mixed-ordinary-categories",
      "variant": "mixed-ordinary-categories",
      "file": "data/rcap-all50/overlays/census-v1/mi/mi-setaside-application-set--official-pdf-fill/fixtures/mixed-ordinary-categories.pdf",
      "path": "fixtures/mixed-ordinary-categories.pdf",
      "documents": [
        "MC227"
      ],
      "sha256": "d321419699f611eb774717b28f28f3090c1f92413c3e5d9cbdfaeef5c5e097ee",
      "bytes": 388605,
      "pageCount": 4,
      "componentCoverage": [
        {
          "role": "application",
          "sourcePages": [
            1,
            2
          ],
          "outputPages": [
            1,
            2
          ]
        },
        {
          "role": "hearing_notice_and_service",
          "sourcePages": [
            3
          ],
          "outputPages": [
            3
          ]
        },
        {
          "role": "official_instructions",
          "sourcePages": [
            4
          ],
          "outputPages": [
            4
          ]
        }
      ],
      "fileable": false,
      "historyTreatment": {
        "priorFirstOwiReliefReceived": false,
        "status": "NO_PRIOR_LISTED_APPLICATION_HANDOFF_IDENTIFIED",
        "reasons": [],
        "permissionToReapply": false,
        "denialOrdersSupplied": false
      },
      "missingAttachments": [
        "certified conviction copies",
        "RI-008 fingerprint card"
      ],
      "executionComplete": false
    }
  ],
  "generatedFiles": {
    "approval-request.json": "bf69783fbab5845f7c740543740cb1aa1cafc4688efe0f3ffd799aec2bd0752d",
    "boundary-next-steps.md": "0ac16b5c13bd357c898bc5e1c88003e687b108c5361b9df6f3a3589e5bc22caa",
    "build-status.json": "fd6471b21c9624360bdccef752e4bab49317346abf37d6b7b3e7726607fddf7b",
    "canonical-next-steps.md": "9aada28108c3a97f44d2f9a48dc470488a632e43273ebe248919eeee7fc334ef",
    "extended-history-next-steps.md": "87b5cb0f1d1bde51322a9a43d56344f2ea19817dc92b81235754389c87337a1e",
    "field-census.census-v1.json": "3f2e2b7d0ec27370b41c464d274e3b3bff2c590ad5e4cd980680dcb620130e05",
    "fixtures/boundary.json": "770507b55fc242a82bae96d9f8ce1796be85f1357afd053b7d9a2a447d4fb77b",
    "fixtures/boundary.pdf": "f3829e41b5a9458279fe6f07cfba744be113701f6b1393f5f40b94f11c536e49",
    "fixtures/canonical.json": "0eb5aff8a81275486cbc5383ed236aca1ac21ccf907720c3d2f72a419fe08041",
    "fixtures/canonical.pdf": "50743b57033e7ca6cf498bcc63902fbd29c15a0c2fd03dd39a7cfc756251bf5c",
    "fixtures/extended-history.json": "245a35d5ec6a336afe6e41e031bdbadf5717c9c2d5ef0baf45742afdbd45a106",
    "fixtures/extended-history.pdf": "f64e2a043bfd055b1e54de1d5c6947aa75b6b24144370aba5da286c1516cf6e3",
    "fixtures/local-ordinance.json": "d921281eaddfc563269e76963993181dcb5af80c9509726289dd6661185a78d0",
    "fixtures/local-ordinance.pdf": "059e1198182dbbd8cb5d19a65f3912b12d6cee7551d961259024def698e16a71",
    "fixtures/mixed-ordinary-categories.json": "0de1b8de755c87bf1dbaae34e72cd9776d3d7cd5f3f61af0cabcad0ec0a0b6c6",
    "fixtures/mixed-ordinary-categories.pdf": "d321419699f611eb774717b28f28f3090c1f92413c3e5d9cbdfaeef5c5e097ee",
    "fixtures/multiple-felonies.json": "542f1e2302c83f51b003e88fe139dd1e362e5cc4839060adeedae4bdd1c46974",
    "fixtures/multiple-felonies.pdf": "8caf55b0d211c6333fe6facaa1418b4a64a1537b6d10586dcbf70163fab8bfdf",
    "fixtures/serious-misdemeanor.json": "a61f07cdb06c1975fb7a580fdeed3dd9988c638d135884e227111afe0a94738f",
    "fixtures/serious-misdemeanor.pdf": "4d46d8c3cef8a24a194ca3e03d292d7761aea2e6278dcc107eca313a1ca17cd0",
    "fixtures/single-felony.json": "15cd10e4859d19dcec7d30122c6562f0b4821f612babe1f0f93ed5ed9b82b05e",
    "fixtures/single-felony.pdf": "87a93436fec5cd2b604252337b1ae70a54d65516f3faac6196edacff4f8807bc",
    "generated-files.json": "4c27adb479c42fda8950ddf28b8342ada7d599ce3f4cec752b5f153056b8bc5c",
    "local-ordinance-next-steps.md": "2802de301e09ff9cd92f5f8307e523064eb7a65a8f8c488bc1fb8fece3daac51",
    "mixed-ordinary-categories-next-steps.md": "452a1d6fa57a0ca710086e0e0a4c7cb1548ea9fce0e321c868951237bc4dbe4a",
    "multiple-felonies-next-steps.md": "ac098725239fa67749bbc51832fd261dd392ca7c585c7619233391f26da1b65f",
    "packet-set-manifest.json": "83e35f8867eb3abb9ee520d4ed824abca7ef9b8d29eaf417b27ca4ca2e6111bd",
    "participant-instructions.md": "9aada28108c3a97f44d2f9a48dc470488a632e43273ebe248919eeee7fc334ef",
    "production-field-map.json": "178af19234d5f450995e73acf6d43ac3eabb7333f3dc2e1bb1b58c54428aea62",
    "reports/boundary-render.json": "cee4238a6e574e4525d62acf58eeed2b8db8deb0b1b8e395ed1421fe8bc20a8c",
    "reports/canonical-render.json": "8d4633bc522f96d69c71ed51c0fb41cdfe3c9b4ef9dc337f64be20353fe399c2",
    "reports/extended-history-render.json": "41d7598a078e0862b4b6d4590c5b9426b8d570c9fea4eeae3f531bf09c50fa43",
    "reports/local-ordinance-render.json": "2e2e23ffa8b55aff52d04954dd1d2bd5911f9162c33b8035b933a2ed3c43db83",
    "reports/mixed-ordinary-categories-render.json": "5c0f3aa4dc8ab814a0132728b74f0a4e1aaf7447e5b4813a4031c4cebdce02b2",
    "reports/multiple-felonies-render.json": "1b4b9e24958cfcfa25c6d4a21ad65340bbeef543e514ddc333ee7ff5f7553a6a",
    "reports/rendered-artifacts.json": "dc451153b9612aa963386845e314755859f081d3fa8e3c1af5a47f1de0872142",
    "reports/serious-misdemeanor-render.json": "bbcd5aa458b743172558bb01ef70c01420fbda08b374f18b40c88cefb70abd37",
    "reports/single-felony-render.json": "7230574bf788ff4070d97838bf228e9012bfcf0231ae958c247f34cd938c7183",
    "serious-misdemeanor-next-steps.md": "4d2a5d8b7eea636e8fcb89bf426ca4719fb187cbebc602f2221d215aeb832871",
    "single-felony-next-steps.md": "18dae7c9ba1c6b9e36fdcba42eab51c13539a78cb2e578a8e28bca4a2c3be155",
    "source-receipt.json": "0c4303321c6552c847362a8a78a96f35f4e02e2b405a3d5731372aeb30c8fd72"
  }
}
