{
  "familyId": "mi_setaside_first_owi-set",
  "directory": "data/rcap-all50/overlays/census-v1/mi/mi-setaside-first-owi-set--official-pdf-fill",
  "artifacts": [
    {
      "fixture": "canonical",
      "variant": "canonical",
      "file": "data/rcap-all50/overlays/census-v1/mi/mi-setaside-first-owi-set--official-pdf-fill/fixtures/canonical.pdf",
      "path": "fixtures/canonical.pdf",
      "documents": [
        "MC227"
      ],
      "sha256": "0eaf0fb4a17803aed4f2858871a19d561f2f8c1cf87309ba28f3cba510daeff7",
      "bytes": 387949,
      "pageCount": 4,
      "componentCoverage": [
        {
          "role": "application",
          "sourcePages": [
            1,
            2
          ],
          "outputPages": [
            1,
            2
          ]
        },
        {
          "role": "hearing_notice_and_service",
          "sourcePages": [
            3
          ],
          "outputPages": [
            3
          ]
        },
        {
          "role": "official_instructions",
          "sourcePages": [
            4
          ],
          "outputPages": [
            4
          ]
        }
      ],
      "fileable": false,
      "historyTreatment": {
        "priorFirstOwiReliefReceived": false,
        "status": "NO_PRIOR_LISTED_APPLICATION_HANDOFF_IDENTIFIED",
        "reasons": [],
        "permissionToReapply": false,
        "denialOrdersSupplied": false
      },
      "missingAttachments": [
        "certified conviction copies",
        "RI-008 fingerprint card"
      ],
      "executionComplete": false
    },
    {
      "fixture": "boundary",
      "variant": "boundary",
      "file": "data/rcap-all50/overlays/census-v1/mi/mi-setaside-first-owi-set--official-pdf-fill/fixtures/boundary.pdf",
      "path": "fixtures/boundary.pdf",
      "documents": [
        "MC227"
      ],
      "sha256": "017a440ba23c13a3d4c7af53e7998f54e03b92213a024d369764529ed73934fd",
      "bytes": 388268,
      "pageCount": 4,
      "componentCoverage": [
        {
          "role": "application",
          "sourcePages": [
            1,
            2
          ],
          "outputPages": [
            1,
            2
          ]
        },
        {
          "role": "hearing_notice_and_service",
          "sourcePages": [
            3
          ],
          "outputPages": [
            3
          ]
        },
        {
          "role": "official_instructions",
          "sourcePages": [
            4
          ],
          "outputPages": [
            4
          ]
        }
      ],
      "fileable": false,
      "historyTreatment": {
        "priorFirstOwiReliefReceived": false,
        "status": "NO_PRIOR_LISTED_APPLICATION_HANDOFF_IDENTIFIED",
        "reasons": [],
        "permissionToReapply": false,
        "denialOrdersSupplied": false
      },
      "missingAttachments": [
        "certified conviction copies",
        "RI-008 fingerprint card"
      ],
      "executionComplete": false
    },
    {
      "fixture": "prior-denial-interval-elapsed-handoff",
      "variant": "prior-denial-interval-elapsed-handoff",
      "file": "data/rcap-all50/overlays/census-v1/mi/mi-setaside-first-owi-set--official-pdf-fill/fixtures/prior-denial-interval-elapsed-handoff.pdf",
      "path": "fixtures/prior-denial-interval-elapsed-handoff.pdf",
      "documents": [
        "MC227"
      ],
      "sha256": "dc84a4629aac4965afb75d0bc5cc14561845ba011dd875fcb3192fedac2f032c",
      "bytes": 388051,
      "pageCount": 4,
      "componentCoverage": [
        {
          "role": "application",
          "sourcePages": [
            1,
            2
          ],
          "outputPages": [
            1,
            2
          ]
        },
        {
          "role": "hearing_notice_and_service",
          "sourcePages": [
            3
          ],
          "outputPages": [
            3
          ]
        },
        {
          "role": "official_instructions",
          "sourcePages": [
            4
          ],
          "outputPages": [
            4
          ]
        }
      ],
      "fileable": false,
      "historyTreatment": {
        "priorFirstOwiReliefReceived": false,
        "status": "STOP_BEFORE_REAPPLICATION_ATTORNEY_REVIEW",
        "reasons": [
          {
            "scope": "previousSame",
            "row": 1,
            "caseNumber": "14-001234-SM",
            "outcome": "denied",
            "disposition": "Denied 01/15/2022",
            "status": "THREE_YEARS_ELAPSED_REVIEW_STILL_REQUIRED",
            "denialDate": "2022-01-15",
            "ordinaryDate": "2025-01-15",
            "notBefore": "2025-01-15",
            "earlierDateReported": null,
            "orderReviewRequired": true,
            "denialOrderAttached": false
          }
        ],
        "permissionToReapply": false,
        "denialOrdersSupplied": false
      },
      "missingAttachments": [
        "certified conviction copies",
        "RI-008 fingerprint card"
      ],
      "executionComplete": false
    },
    {
      "fixture": "prior-denial-within-three-years-handoff",
      "variant": "prior-denial-within-three-years-handoff",
      "file": "data/rcap-all50/overlays/census-v1/mi/mi-setaside-first-owi-set--official-pdf-fill/fixtures/prior-denial-within-three-years-handoff.pdf",
      "path": "fixtures/prior-denial-within-three-years-handoff.pdf",
      "documents": [
        "MC227"
      ],
      "sha256": "831ef62d76c3125a399966b1569ac0cb507734b2ddbdc784f7d0e7633a76b01b",
      "bytes": 388051,
      "pageCount": 4,
      "componentCoverage": [
        {
          "role": "application",
          "sourcePages": [
            1,
            2
          ],
          "outputPages": [
            1,
            2
          ]
        },
        {
          "role": "hearing_notice_and_service",
          "sourcePages": [
            3
          ],
          "outputPages": [
            3
          ]
        },
        {
          "role": "official_instructions",
          "sourcePages": [
            4
          ],
          "outputPages": [
            4
          ]
        }
      ],
      "fileable": false,
      "historyTreatment": {
        "priorFirstOwiReliefReceived": false,
        "status": "STOP_BEFORE_REAPPLICATION_ATTORNEY_REVIEW",
        "reasons": [
          {
            "scope": "previousSame",
            "row": 1,
            "caseNumber": "14-001234-SM",
            "outcome": "denied",
            "disposition": "Denied 01/15/2025",
            "status": "BEFORE_THREE_YEARS_UNLESS_ORDER_SPECIFIES_EARLIER",
            "denialDate": "2025-01-15",
            "ordinaryDate": "2028-01-15",
            "notBefore": "2028-01-15",
            "earlierDateReported": null,
            "orderReviewRequired": true,
            "denialOrderAttached": false
          }
        ],
        "permissionToReapply": false,
        "denialOrdersSupplied": false
      },
      "missingAttachments": [
        "certified conviction copies",
        "RI-008 fingerprint card"
      ],
      "executionComplete": false
    },
    {
      "fixture": "prior-denial-earlier-order-date-handoff",
      "variant": "prior-denial-earlier-order-date-handoff",
      "file": "data/rcap-all50/overlays/census-v1/mi/mi-setaside-first-owi-set--official-pdf-fill/fixtures/prior-denial-earlier-order-date-handoff.pdf",
      "path": "fixtures/prior-denial-earlier-order-date-handoff.pdf",
      "documents": [
        "MC227"
      ],
      "sha256": "831ef62d76c3125a399966b1569ac0cb507734b2ddbdc784f7d0e7633a76b01b",
      "bytes": 388051,
      "pageCount": 4,
      "componentCoverage": [
        {
          "role": "application",
          "sourcePages": [
            1,
            2
          ],
          "outputPages": [
            1,
            2
          ]
        },
        {
          "role": "hearing_notice_and_service",
          "sourcePages": [
            3
          ],
          "outputPages": [
            3
          ]
        },
        {
          "role": "official_instructions",
          "sourcePages": [
            4
          ],
          "outputPages": [
            4
          ]
        }
      ],
      "fileable": false,
      "historyTreatment": {
        "priorFirstOwiReliefReceived": false,
        "status": "STOP_BEFORE_REAPPLICATION_ATTORNEY_REVIEW",
        "reasons": [
          {
            "scope": "previousSame",
            "row": 1,
            "caseNumber": "14-001234-SM",
            "outcome": "denied",
            "disposition": "Denied 01/15/2025",
            "status": "ORDER_DATE_REACHED_REVIEW_STILL_REQUIRED",
            "denialDate": "2025-01-15",
            "ordinaryDate": "2028-01-15",
            "notBefore": "2026-08-01",
            "earlierDateReported": "2026-08-01",
            "orderReviewRequired": true,
            "denialOrderAttached": false
          }
        ],
        "permissionToReapply": false,
        "denialOrdersSupplied": false
      },
      "missingAttachments": [
        "certified conviction copies",
        "RI-008 fingerprint card"
      ],
      "executionComplete": false
    },
    {
      "fixture": "prior-application-pending-handoff",
      "variant": "prior-application-pending-handoff",
      "file": "data/rcap-all50/overlays/census-v1/mi/mi-setaside-first-owi-set--official-pdf-fill/fixtures/prior-application-pending-handoff.pdf",
      "path": "fixtures/prior-application-pending-handoff.pdf",
      "documents": [
        "MC227"
      ],
      "sha256": "33f22dd2da62aa9156c9eb2131608407eef8c22414ff681ce31723077c3ffabb",
      "bytes": 388053,
      "pageCount": 4,
      "componentCoverage": [
        {
          "role": "application",
          "sourcePages": [
            1,
            2
          ],
          "outputPages": [
            1,
            2
          ]
        },
        {
          "role": "hearing_notice_and_service",
          "sourcePages": [
            3
          ],
          "outputPages": [
            3
          ]
        },
        {
          "role": "official_instructions",
          "sourcePages": [
            4
          ],
          "outputPages": [
            4
          ]
        }
      ],
      "fileable": false,
      "historyTreatment": {
        "priorFirstOwiReliefReceived": false,
        "status": "STOP_BEFORE_REAPPLICATION_ATTORNEY_REVIEW",
        "reasons": [
          {
            "scope": "previousSame",
            "row": 1,
            "caseNumber": "14-001234-SM",
            "outcome": "pending",
            "disposition": "Application pending",
            "status": "PENDING_APPLICATION_NO_DUPLICATE_FILING"
          }
        ],
        "permissionToReapply": false,
        "denialOrdersSupplied": false
      },
      "missingAttachments": [
        "certified conviction copies",
        "RI-008 fingerprint card"
      ],
      "executionComplete": false
    }
  ],
  "generatedFiles": {
    "approval-request.json": "a2b0fd851abe051b799d8b89120fba06807e431fb2ad2a753f5ce4d71bae580c",
    "boundary-next-steps.md": "1408d2f4c9086401ad4a2dfcff2cf7903ab713680faa124b4961b3b83523463a",
    "build-status.json": "90a71e35d7a8847f1a9ad545d69edfe0db2283146430a0440101643658d50764",
    "canonical-next-steps.md": "d8fd2da3a695f36d6781fdb72678841915645b764a7bd78c079f368cbc6560ec",
    "field-census.census-v1.json": "bea86f12e087546a0307a98ba0b3373f27a3d2664adb49e25985d8eeae91e091",
    "fixtures/boundary.json": "12c43ad0eee93a35dfa298597b5b66f59dbe3df83e227c114a7f33657f2a5e39",
    "fixtures/boundary.pdf": "017a440ba23c13a3d4c7af53e7998f54e03b92213a024d369764529ed73934fd",
    "fixtures/canonical.json": "d4db4ec4ec91da8ffbcb03f484d1e81a106ad9f44daf776a61d2b33b66db7906",
    "fixtures/canonical.pdf": "0eaf0fb4a17803aed4f2858871a19d561f2f8c1cf87309ba28f3cba510daeff7",
    "fixtures/prior-application-pending-handoff.json": "536be4ab191342ebe814f307b9afe9e25cef759f4d47765f370e040795f9941b",
    "fixtures/prior-application-pending-handoff.pdf": "33f22dd2da62aa9156c9eb2131608407eef8c22414ff681ce31723077c3ffabb",
    "fixtures/prior-denial-earlier-order-date-handoff.json": "175edf72804a062a69835e056b711bcdc50932df0727c66f64c329bb8c86bda7",
    "fixtures/prior-denial-earlier-order-date-handoff.pdf": "831ef62d76c3125a399966b1569ac0cb507734b2ddbdc784f7d0e7633a76b01b",
    "fixtures/prior-denial-interval-elapsed-handoff.json": "880aff7729bd3ede99f3a7e47e334599f14b89ef8f33b9a8c0b408b4c13f9298",
    "fixtures/prior-denial-interval-elapsed-handoff.pdf": "dc84a4629aac4965afb75d0bc5cc14561845ba011dd875fcb3192fedac2f032c",
    "fixtures/prior-denial-within-three-years-handoff.json": "e43095f7572bb3d286c36ef3f1cd59c53015809133ea42f5d199093b4d4779d2",
    "fixtures/prior-denial-within-three-years-handoff.pdf": "831ef62d76c3125a399966b1569ac0cb507734b2ddbdc784f7d0e7633a76b01b",
    "generated-files.json": "69ef83d3895ebc7821a8c292d55af5e9286241b912fa21336ced09e0a3696993",
    "packet-set-manifest.json": "75fcfac5edc4302737ec190773627a111b76ca3d61d2b41c62231a46cd293572",
    "participant-instructions.md": "d8fd2da3a695f36d6781fdb72678841915645b764a7bd78c079f368cbc6560ec",
    "prior-application-pending-handoff-next-steps.md": "709d7b228712fde7ca2f5a5282b5c6f92b969d87d139f1279f6e2c12c8b4107f",
    "prior-denial-earlier-order-date-handoff-next-steps.md": "0a036a715ee60d8e0399befe77820f5fbe08c442257bd87539e0ae09d53e5718",
    "prior-denial-interval-elapsed-handoff-next-steps.md": "9cf1a70ebcf5349b0124d68490d8419e2d4df42de9ead6f004a9173e59c03397",
    "prior-denial-within-three-years-handoff-next-steps.md": "67b8852bb4d2fa4dbce8b768fafa1c6afa58ac8ddad7394be91261a515733ae4",
    "production-field-map.json": "82e1209b94b3b07690a7931130fa71fa4731653476d6bdb4641a258697f02206",
    "reports/boundary-render.json": "6cf2a8981de54fe0c3e83f11e774541613f9491b565574ac6f3db9529dd38db0",
    "reports/canonical-render.json": "126a3bcd07c7b803da228c38e323545391ae402c7497624b5fac2943fc0258c4",
    "reports/prior-application-pending-handoff-render.json": "8ed03fd9501faf7d053840fef041a3e64696648769cf8224292fce43cb92ec7c",
    "reports/prior-denial-earlier-order-date-handoff-render.json": "90c3464df1119dcf1fc3d6056faa2e5cdd0ee0a3379f853607a1a25d529db9dc",
    "reports/prior-denial-interval-elapsed-handoff-render.json": "7da463e98f2efb47ea957c0cc25b8aa8cba104a15550d20a1ca7adae728efab8",
    "reports/prior-denial-within-three-years-handoff-render.json": "8b75d53454937b751ca7f24769b9cab8f18fd713a1fedf7135646d56da301f3d",
    "reports/rendered-artifacts.json": "5b8497334c76548e9670cbd685a47e371418baf0c449079de67b2edfebdd8a98",
    "source-receipt.json": "ee55aa57467f5b1a7e08a252f693a23fc8b42df63a89cd74bc36528633630c29"
  }
}
