
== identity-refresh annotations survive
   121 annotations across 76 families are what keep drifted shared-record pins honest. A build that failed after wiping its output directory can destroy one, and the next successful build reports zeros over the gap.

== gate coverage matches its verdicts
   The queue used to describe what the gate renders from an assumption rather than from the gate, and the assumption went stale: 36 rows said their boundary fixture went unrendered while the same run's verdict named it rendered and measured.

== governance state survives
   296 product-wiring records carry governance state and 61 carry withdrawn receipts. A rebuild that strips an acceptance receipt is invisible in a diff and turns into a silent withdrawal at the next generate.

== builder self-tests actually run
   A guard nothing invokes is not a guard. Assertions written to protect a repaired packet sat behind a flag no CI job and no chain step passed, and VF61 proved a repaired defect walks straight back into the delivered bytes with the build reporting success.

== extract verifier returns
   Reads every lane's return and selects the current verdict per family. Must precede generate.mjs, which reads its output.
   | 39 row(s) refused and carried into data/rcap-grade-a/packet-factory-24h/VERIFIER_RETURNS.json:
   | vf01/va_exp_nonconviction-set: unreadable obligation result "NOT_MEASURABLE"; the vocabulary is "PASS"/"FAIL"/"NOT_MEASURABLE_HERE"/"BLOCKED_LEGAL_INPUT" or a boolean and nothing else
   | vf02/ri_first_offender_felony-set: unreadable obligation result "NOT_MEASURABLE"; the vocabulary is "PASS"/"FAIL"/"NOT_MEASURABLE_HERE"/"BLOCKED_LEGAL_INPUT" or a boolean and nothing else

== completeness audit
   Rewrites PACKET_COMPLETENESS_MATRIX.json. A family merged since the last audit has no counters, and the raster gate refuses it as "no completeness audit" however finished its packet is.

== product wiring
   A declared product wiring is the fourth condition of the terminal transition. Without it a family with a PASS, a bound RASTER_PASS and no legal input stops at VERIFIED_PASS.

== generate (first pass)
   Derives every family state from the records above and writes the dispatch.

== raster queue
   Enrols newly eligible families and folds admitted receipts into their rows. Reads the queue the first pass just wrote.
   | 317 queued (3 RASTER_PENDING) · 29 not eligible

== generate (second pass)
   Re-derives state now that the raster queue carries the new receipts. Without it an admitted family stays BUILT_RASTER_PENDING.

== transitions (14)
   ar-nonconviction-seal-set: COMPLETE_PACKET_PROVEN -> VERIFY_PENDING
   ar-veterans-court-set: SOURCE_READY -> FAIL_REPAIR_REQUIRED
   az_certificate_second_chance-set: COMPLETE_PACKET_PROVEN -> VERIFY_PENDING
   composed-treatment:obligation:runtime-only:WV:sex-trafficking-victim-vacatur-and-expungement: COMPLETE_PACKET_PROVEN -> VERIFY_PENDING
   de_discretionary_superior_court-set: COMPLETE_PACKET_PROVEN -> VERIFY_PENDING
   de_pardon_expungement-set: COMPLETE_PACKET_PROVEN -> VERIFY_PENDING
   me-seal-gen-set: COMPLETE_PACKET_PROVEN -> VERIFY_PENDING
   mn_petition_609a02_subd3-set: COMPLETE_PACKET_PROVEN -> VERIFY_PENDING
   nc_145_5_felony-set: COMPLETE_PACKET_PROVEN -> VERIFY_PENDING
   nc_145_5_misdemeanor-set: COMPLETE_PACKET_PROVEN -> VERIFY_PENDING
   nc_146_acquittal_petition-set: COMPLETE_PACKET_PROVEN -> VERIFY_PENDING
   nc_146_dismissal_petition-set: COMPLETE_PACKET_PROVEN -> VERIFY_PENDING
   ut_pet_cannabis-set: SOURCE_READY -> BUILT_RASTER_PENDING
   wv_conv_nonviolent_felony-set: COMPLETE_PACKET_PROVEN -> VERIFY_PENDING

== terminal 300 of 346 (was 312)
   COMPLETE_PACKET_PROVEN 278 (was 290)
   SOURCE_READY 27
   VERIFY_PENDING 12
   PRODUCT_PATH_PENDING 3
   FAIL_REPAIR_REQUIRED 1
   WRONG_DELIVERY_TYPE 1
   BUILT_RASTER_PENDING 1
   VERIFYING 1

Every step exited 0. These counts are this run's, not the previous one's.
