node:internal/modules/run_main:107
    triggerUncaughtException(
    ^

AssertionError [ERR_ASSERTION]: A native selectable PDF is absent from the declaration
    at inspectNativeDirectory (evalmachine.<anonymous>:108:16)
    at Object.conditionalPacketDocuments (evalmachine.<anonymous>:112:33)
    at file:///workspaces/legalease-partner-dashboard-clean/data/rcap-grade-a/chat-parallel-2026-09-07/chat1-integration/session10/resume-independent-admission-review/md-conviction-candidate-recovery/software-hook-review.mjs:14:157
    at pass (file:///workspaces/legalease-partner-dashboard-clean/data/rcap-grade-a/chat-parallel-2026-09-07/chat1-integration/session10/resume-independent-admission-review/md-conviction-candidate-recovery/software-hook-review.mjs:3:328)
    at file:///workspaces/legalease-partner-dashboard-clean/data/rcap-grade-a/chat-parallel-2026-09-07/chat1-integration/session10/resume-independent-admission-review/md-conviction-candidate-recovery/software-hook-review.mjs:14:77
    at ModuleJob.run (node:internal/modules/esm/module_job:430:25)
    at async onImport.tracePromise.__proto__ (node:internal/modules/esm/loader:661:26)
    at async asyncRunEntryPointWithESMLoader (node:internal/modules/run_main:101:5) {
  generatedMessage: false,
  code: 'ERR_ASSERTION',
  actual: false,
  expected: true,
  operator: '==',
  diff: 'simple'
}

Node.js v24.14.0
