{
  "familyId": "fl-10yr-bridge-set",
  "status": "COMPLETED",
  "counters": {
    "knownRequiredFieldsMissing": 0,
    "requiredFactsNotCollected": 0,
    "unclassifiedBlanks": 0,
    "incompleteRows": 0,
    "requiredOptionsMissing": 0,
    "requiredComponentsMissing": 0,
    "invisibleWrites": 0,
    "protectedWrites": 0,
    "visualDefects": 0
  },
  "directory": "data/rcap-all50/overlays/census-v1/fl/fl-10yr-bridge-set--official-pdf-fill",
  "implementationStrategy": "official_pdf_fill",
  "components": [
    "FDLE-CERTIFICATE-OF-ELIGIBILITY-APPLICATION",
    "FL-RULE-3.989-PETITION",
    "FL-RULE-3.989-ORDER"
  ],
  "writes": 44,
  "requiredBeforeFiling": 4,
  "requiredCourtStageActions": 4,
  "artifactHashes": [
    {
      "fixture": "canonical",
      "packetSha256": "ff4268b1adca4883f44d059303aa59c0ceab618e1bbf6ed02fa464dd667b73df",
      "byteLength": 36138,
      "pages": 8
    },
    {
      "fixture": "boundary",
      "packetSha256": "708cbd61b79b514298315a49f5b3d1e2f997c4757542868d12e8bb9125b473b1",
      "byteLength": 36446,
      "pages": 8
    }
  ],
  "rasterState": "BUILT_RASTER_PENDING",
  "nineCountersZero": true,
  "packetsSelfVerified": 0,
  "commercialRoutesOpened": 0,
  "productionTouched": false
}

EXIT_CODE=0
