{
  "familyId": "agency-application-treatment:obligation:track-pathway:CT:ct-absolute-pardon:absolute-pardon-resulting-in-erasure",
  "status": "COMPLETED",
  "counters": {
    "knownRequiredFieldsMissing": 0,
    "requiredFactsNotCollected": 0,
    "unclassifiedBlanks": 0,
    "incompleteRows": 0,
    "requiredOptionsMissing": 0,
    "requiredComponentsMissing": 0,
    "invisibleWrites": 0,
    "protectedWrites": 0,
    "visualDefects": 0
  },
  "directory": "data/rcap-all50/overlays/census-v1/ct/agency-application-treatment:obligation:track-pathway:ct:ct-absolute-pardon:absolute-pardon-resulting-in-erasure--official-pdf-fill",
  "implementationStrategy": "custom_pleading",
  "components": [
    "agency_preparation_guide"
  ],
  "writes": 5,
  "requiredBeforeFiling": 5,
  "artifactHashes": [
    {
      "fixture": "canonical",
      "packetSha256": "7875f369eccda528c4cab60c0ef70947344a46c20eb6c6c82983832fe4c56144",
      "pages": 2
    },
    {
      "fixture": "boundary",
      "packetSha256": "fc609cc3c048a965f9ee339cb87e891be08720f2dc36b1ee41d117b4dd6af3b9",
      "pages": 2
    }
  ],
  "rasterState": "BUILT_RASTER_PENDING",
  "nineCountersZero": true,
  "packetsSelfVerified": 0,
  "commercialRoutesOpened": 0,
  "productionTouched": false
}
