{
  "familyId": "agency-application-treatment:obligation:track-only:CT:ct-destruction-request",
  "status": "COMPLETED",
  "counters": {
    "knownRequiredFieldsMissing": 0,
    "requiredFactsNotCollected": 0,
    "unclassifiedBlanks": 0,
    "incompleteRows": 0,
    "requiredOptionsMissing": 0,
    "requiredComponentsMissing": 0,
    "invisibleWrites": 0,
    "protectedWrites": 0,
    "visualDefects": 0
  },
  "directory": "data/rcap-all50/overlays/census-v1/ct/agency-application-treatment:obligation:track-only:ct:ct-destruction-request--official-pdf-fill",
  "implementationStrategy": "custom_pleading",
  "components": [
    "agency_preparation_guide"
  ],
  "writes": 5,
  "requiredBeforeFiling": 4,
  "artifactHashes": [
    {
      "fixture": "canonical",
      "packetSha256": "f4202551dba55116bcd9ead310b38700909ce453290aeca5d334a68b969b482c",
      "pages": 1
    },
    {
      "fixture": "boundary",
      "packetSha256": "682aeb934e38e4bc5280da02cfcda775b2e88ac0d52db03bf33a9bb978dda28b",
      "pages": 1
    }
  ],
  "rasterState": "BUILT_RASTER_PENDING",
  "nineCountersZero": true,
  "packetsSelfVerified": 0,
  "commercialRoutesOpened": 0,
  "productionTouched": false
}
