{
  "familyId": "agency-application-treatment:obligation:track-only:CT:ct-provisional-pardon",
  "status": "COMPLETED",
  "counters": {
    "knownRequiredFieldsMissing": 0,
    "requiredFactsNotCollected": 0,
    "unclassifiedBlanks": 0,
    "incompleteRows": 0,
    "requiredOptionsMissing": 0,
    "requiredComponentsMissing": 0,
    "invisibleWrites": 0,
    "protectedWrites": 0,
    "visualDefects": 0
  },
  "directory": "data/rcap-all50/overlays/census-v1/ct/agency-application-treatment:obligation:track-only:ct:ct-provisional-pardon--official-pdf-fill",
  "implementationStrategy": "custom_pleading",
  "components": [
    "agency_preparation_guide"
  ],
  "writes": 5,
  "requiredBeforeFiling": 5,
  "artifactHashes": [
    {
      "fixture": "canonical",
      "packetSha256": "7be19142413dc94c9605f021f0efc291a17f9753eff726b575de485b228c1a49",
      "pages": 2
    },
    {
      "fixture": "boundary",
      "packetSha256": "2f90e5f0d5a16b4cd38c921cb347d679b66179b0c3bbc3776dbe23bad590ecdb",
      "pages": 2
    }
  ],
  "rasterState": "BUILT_RASTER_PENDING",
  "nineCountersZero": true,
  "packetsSelfVerified": 0,
  "commercialRoutesOpened": 0,
  "productionTouched": false
}
