{
  "checksPassed": true,
  "sources": 2,
  "pdfPins": 6,
  "pages": 32,
  "uniquePageHashes": 12,
  "byteProofs": [
    {
      "fixture": "canonical",
      "role": "petition",
      "actualChars": 351,
      "outsideCount": 0,
      "metricsExact": true
    },
    {
      "fixture": "canonical",
      "role": "order",
      "actualChars": 73,
      "outsideCount": 0,
      "metricsExact": true
    },
    {
      "fixture": "boundary",
      "role": "petition",
      "actualChars": 533,
      "outsideCount": 0,
      "metricsExact": true
    },
    {
      "fixture": "boundary",
      "role": "order",
      "actualChars": 121,
      "outsideCount": 0,
      "metricsExact": true
    }
  ],
  "sourceCensus": [
    {
      "role": "petition",
      "total": 71,
      "protected": 1,
      "fullyPartitioned": true,
      "widgetsRecomputedMatch": true
    },
    {
      "role": "order",
      "total": 41,
      "protected": 27,
      "fullyPartitioned": true,
      "widgetsRecomputedMatch": true
    }
  ],
  "assemblyMappings": 16,
  "venueChecks": 6,
  "filingChecklistDefects": 42
}
