{
  "familyId": "mt_mmrta_completed-set",
  "status": "COMPLETE_SAVED_RENDER",
  "artifacts": [
    {
      "fixture": "canonical",
      "file": "data/rcap-all50/overlays/census-v1/mt/mt-mmrta-completed-set--official-pdf-fill/fixtures/canonical.pdf",
      "sha256": "62af7aac1df1f960878468b179bb9588a30efa404ffc03dbb92d30d1293a5083",
      "byteLength": 128690,
      "pageCount": 8,
      "components": [
        "mt_mmrta_completed-primary-filing-1",
        "mt_mmrta_completed-certificate-of-service-2",
        "mt_mmrta_completed-proposed-order-3",
        "mt_mmrta_completed-attachment-4",
        "mt_mmrta_completed-instructions-6"
      ],
      "syntheticNonfilingFixture": true,
      "filingReady": false,
      "completeFamily": true,
      "conditionalDOJ": {
        "required": false,
        "included": false,
        "predicate": "Received court order grants expungement; redesignation and pending request do not qualify"
      }
    },
    {
      "fixture": "boundary",
      "file": "data/rcap-all50/overlays/census-v1/mt/mt-mmrta-completed-set--official-pdf-fill/fixtures/boundary.pdf",
      "sha256": "5c12e9b294427331e555c800a0a7b2bb10e1eb2bbb91f49ea991cf839c52b0b9",
      "byteLength": 128746,
      "pageCount": 8,
      "components": [
        "mt_mmrta_completed-primary-filing-1",
        "mt_mmrta_completed-certificate-of-service-2",
        "mt_mmrta_completed-proposed-order-3",
        "mt_mmrta_completed-attachment-4",
        "mt_mmrta_completed-instructions-6"
      ],
      "syntheticNonfilingFixture": true,
      "filingReady": false,
      "completeFamily": true,
      "conditionalDOJ": {
        "required": false,
        "included": false,
        "predicate": "Received court order grants expungement; redesignation and pending request do not qualify"
      }
    },
    {
      "fixture": "city-redesignation",
      "file": "data/rcap-all50/overlays/census-v1/mt/mt-mmrta-completed-set--official-pdf-fill/fixtures/city-redesignation.pdf",
      "sha256": "cc819e12abbfa521cfdf0994d42d135bd7498a41bdca9971da32b493942a0c5d",
      "byteLength": 128489,
      "pageCount": 8,
      "components": [
        "mt_mmrta_completed-primary-filing-1",
        "mt_mmrta_completed-certificate-of-service-2",
        "mt_mmrta_completed-proposed-order-3",
        "mt_mmrta_completed-attachment-4",
        "mt_mmrta_completed-instructions-6"
      ],
      "syntheticNonfilingFixture": true,
      "filingReady": false,
      "completeFamily": true,
      "conditionalDOJ": {
        "required": false,
        "included": false,
        "predicate": "Received court order grants expungement; redesignation and pending request do not qualify"
      }
    },
    {
      "fixture": "expungement-order",
      "file": "data/rcap-all50/overlays/census-v1/mt/mt-mmrta-completed-set--official-pdf-fill/fixtures/expungement-order.pdf",
      "sha256": "f6cb17fa7e28f57d00e8cb37491d289d1df75b166e9846993fe952a0e4a475da",
      "byteLength": 198925,
      "pageCount": 10,
      "components": [
        "mt_mmrta_completed-primary-filing-1",
        "mt_mmrta_completed-certificate-of-service-2",
        "mt_mmrta_completed-proposed-order-3",
        "mt_mmrta_completed-attachment-4",
        "mt_mmrta_completed-primary-filing-5",
        "mt_mmrta_completed-instructions-6"
      ],
      "syntheticNonfilingFixture": true,
      "filingReady": false,
      "completeFamily": true,
      "conditionalDOJ": {
        "required": true,
        "included": true,
        "predicate": "Received court order grants expungement; redesignation and pending request do not qualify"
      }
    },
    {
      "fixture": "boundary-separate-conviction",
      "file": "data/rcap-all50/overlays/census-v1/mt/mt-mmrta-completed-set--official-pdf-fill/fixtures/boundary-separate-conviction.pdf",
      "sha256": "1c50ba986038c52f67abfb1455bdcf0ffd73462330f1643f0d1366d94e6c88d4",
      "byteLength": 128858,
      "pageCount": 8,
      "components": [
        "mt_mmrta_completed-primary-filing-1",
        "mt_mmrta_completed-certificate-of-service-2",
        "mt_mmrta_completed-proposed-order-3",
        "mt_mmrta_completed-attachment-4",
        "mt_mmrta_completed-instructions-6"
      ],
      "syntheticNonfilingFixture": true,
      "filingReady": false,
      "completeFamily": true,
      "conditionalDOJ": {
        "required": false,
        "included": false,
        "predicate": "Received court order grants expungement; redesignation and pending request do not qualify"
      }
    }
  ],
  "totalPages": 42,
  "actualWrites": 177,
  "outputStage": "private/transfers/mt-mmrta-completed-ready-20260913/stage",
  "savedWriteReadback": "PASS",
  "sevenStopsReadback": "PASS",
  "independentAcceptance": false
}
