ok   checkout-local artifact mutation is rejected
ok   runner temp isolation mutation is rejected
ok   missing external smoke environment mutation is rejected
ok   mismatched external file mutation is rejected
ok   download run substitution mutation is rejected
ok   download artifact substitution mutation is rejected
ok   extra activation command mutation is rejected
ok   separate phase authorization mutation is rejected
ok   staged deployment mutation is rejected
ok   rollback deployment mutation is rejected
ok   smoke run mutation is rejected
ok   Production project mutation is rejected
ok   application SHA mutation is rejected
ok   worker digest mutation is rejected
ok   smoke proof mutation is rejected
ok   rollback active mutation is rejected
ok   staged identity mutation is rejected
ok   Clinic schema mutation is rejected
ok   domain activation mutation is rejected
ok   canonical runtime domain mutation is rejected
ok   bounded runtime retry mutation is rejected
ok   health mutation is rejected
ok   runtime project mutation is rejected
ok   environment unchanged mutation is rejected
ok   automatic rollback mutation is rejected
ok   rollback restoration mutation is rejected
test-rcap-production-activation-mutations passed: 26/26
