{
  "familyId": "la-985-1-interim-expungement-set",
  "status": "BUILT_RASTER_PENDING",
  "implementationStrategy": "custom_pleading",
  "custodyClass": "SOURCE_BOUND_BY_HELD_BYTES",
  "routeKeys": [
    "obligation:track-pathway:LA:la-985-1-interim-expungement:interim-expungement-of-a-felony-arrest-reduced-to-a-misdemeanor-conviction"
  ],
  "directory": "data/rcap-all50/overlays/census-v1/la/la-985-1-interim-expungement-set--custom-pleading",
  "componentsAuthoritative": 4,
  "componentsRendered": [
    "la-985-1-interim-expungement-primary-filing-1",
    "la-985-1-interim-expungement-proposed-order-2",
    "la-985-1-interim-expungement-instructions-4"
  ],
  "componentsNotGenerated": [
    "la-985-1-interim-expungement-fee-waiver-3"
  ],
  "proposedOrderComposedFromSourceBytes": {
    "documentId": "LA-CCRP-ART-995",
    "sha256": "b90e8cc62a2762c7d52b0a2b0f712147ca2ead4703fe091e26e9927cbab71c39",
    "anchorsAsserted": 13,
    "thusOrderedLineNotLiftedBecauseTheCaptureInterleavesIt": true
  },
  "heldSources": [
    {
      "sourceId": "source-sha256:13396bb180962be61788f0f7dd965fe4095d2262506b097623a86a6268e7a65a",
      "sha256": "13396bb180962be61788f0f7dd965fe4095d2262506b097623a86a6268e7a65a",
      "resolvedPath": "/workspaces/legalease-partner-dashboard-clean/private/source-imports/Expungement_AI_RCAP_Master_Library_Edition_1/STATES/LA/05_SOURCE_GATED/LA__SOURCE-GATED__LA-CCRP-ART-990__article-990-affidavit-of-response__SOURCE-2026-07-31__EN.pdf"
    },
    {
      "sourceId": "source-sha256:b90e8cc62a2762c7d52b0a2b0f712147ca2ead4703fe091e26e9927cbab71c39",
      "sha256": "b90e8cc62a2762c7d52b0a2b0f712147ca2ead4703fe091e26e9927cbab71c39",
      "resolvedPath": "/workspaces/legalease-partner-dashboard-clean/private/source-imports/Expungement_AI_RCAP_Master_Library_Edition_1/STATES/LA/05_SOURCE_GATED/LA__SOURCE-GATED__LA-CCRP-ART-995__article-995-order-of-expungement-of-interim-arrest-record__SOURCE-2026-07-31__EN.pdf"
    }
  ],
  "recordBindings": [
    {
      "record": "data/rcap-grade-a/legal-decisions/OWNER_DETERMINATIONS_2026-09-02.json",
      "wholeFileSha256": "16b95e3d4881db3e21420765b83543d26038583484c2fa6c642bcf094d4d6ca7",
      "thisFamilysEntrySha256": "d57c76ced9c3084c230de96826d7a9fb14fccc1d5fe50f7bd02c4137d4a8bbf5"
    },
    {
      "record": "data/rcap-grade-a/packet-factory-24h/MASTER_QUEUE.json",
      "wholeFileSha256": "a08b40dec456fb571e97b4b76f4637a1f0b688831188cbacbf93849ff767eb05",
      "thisFamilysEntrySha256": "fdea5ee9730dff6968fd7ba5888723474eb36e5b7b7b908db43f35eab8d789d7"
    },
    {
      "record": "data/rcap-grade-a/route-obligation-census-candidate/route-obligation-candidate.json",
      "wholeFileSha256": "f6fc081419eadf6001fb0b7fa943eaf1175650127bac9cb149c4ff5b593c4a81",
      "thisFamilysEntrySha256": "27d69c9a8f7b3aa78a3e6ef19e29b5cce41c6a282a4a30204928294176b6389a"
    },
    {
      "record": "data/record-clearing/legal-design-intake/LA.memo.json",
      "wholeFileSha256": "bbd6497c15755f5e103173ed7ddafb7c26f3a6fec3bf32c445926e178ddc699a",
      "thisFamilysEntrySha256": "6711b1195d84b729d817b481083c7edfca736c39829d1d6b5273a827c4330f08"
    },
    {
      "record": "data/record-clearing/legal-design-track-registry.json",
      "wholeFileSha256": "b62ae6910be2be283eaba5c90b25460f023bb2212a5abdb0e01d3993463681c0",
      "thisFamilysEntrySha256": "9a8c0314dea7fb8898f21f2640b17c9d44a58593b492451928c27b91fd430af2"
    },
    {
      "record": "data/record-clearing/legal-design-packet-set-manifests.json",
      "wholeFileSha256": "b28edfb93eb2e3953dea5bdbe2915476c9752c12df2a46cb61f98e786a77cc5c",
      "thisFamilysEntrySha256": "33fbf5e3fdea53d6d17e8a7c0e8186421788544325ce6224dd6acdafbefc1fd6"
    },
    {
      "record": "data/record-clearing/legal-design-track-source-relationships.json",
      "wholeFileSha256": "c24c9cf4edc2336f2560497324737cc361aef5dcdae0bda60cec77488d4bf591",
      "thisFamilysEntrySha256": "c1695da86ad9dfefc3806821e514507f13c81552f20e6660d1f5150342354ba7"
    }
  ],
  "counters": {
    "knownRequiredFieldsMissing": 0,
    "requiredFactsNotCollected": 0,
    "unclassifiedBlanks": 0,
    "incompleteRows": 0,
    "requiredOptionsMissing": 0,
    "requiredComponentsMissing": 0,
    "invisibleWrites": 0,
    "protectedWrites": 0,
    "visualDefects": 0
  },
  "nineCountersZero": true,
  "writes": 18,
  "blanks": 33,
  "requiredBeforeFiling": 13,
  "selfHelpStopConditionsCarried": 5,
  "artifactHashes": [
    {
      "fixture": "canonical",
      "packetSha256": "f0300841fa1df4f6447c1eb243b47650a689e82fa95faaae7ce3b49d33069f08",
      "byteLength": 62682,
      "pages": 19
    },
    {
      "fixture": "boundary",
      "packetSha256": "5cefe25a1f6a384fdf485738c842ed08e95dc62adfb512de1d4f144be957fc1c",
      "byteLength": 62870,
      "pages": 19
    }
  ],
  "glyphReadings": [
    {
      "fixture": "canonical",
      "addedGlyphsReadFromOutputBytes": 289,
      "nonWhitespaceGlyphsOutsideMeasuredWriteBoxes": 0
    },
    {
      "fixture": "boundary",
      "addedGlyphsReadFromOutputBytes": 498,
      "nonWhitespaceGlyphsOutsideMeasuredWriteBoxes": 0
    }
  ],
  "rasterPages": 0,
  "rasterState": "BUILT_RASTER_PENDING",
  "packetsSelfVerified": 0,
  "commercialRoutesOpened": 0,
  "productionTouched": false
}
