{
  "familyId": "la-985-1-interim-expungement-set",
  "status": "CHECK_ONLY",
  "implementationStrategy": "custom_pleading",
  "custodyClass": "SOURCE_BOUND_BY_HELD_BYTES",
  "authorityGrant": [
    "LA-CCRP-ART-988",
    "LA-CCRP-ART-994"
  ],
  "proposedOrderComposedFromItsOwnBytes": {
    "formId": "LA-CCRP-ART-995",
    "sha256": "b90e8cc62a2762c7d52b0a2b0f712147ca2ead4703fe091e26e9927cbab71c39",
    "anchorsAsserted": 13,
    "thusOrderedIsInterleaved": true
  },
  "componentsAuthoritative": 4,
  "componentsRendered": 3,
  "heldSourcesResolvedByContentDigest": 2,
  "mountedCustodies": [
    "/workspaces/legalease-partner-dashboard-clean/private/source-imports/Expungement_AI_RCAP_Master_Library_Edition_1",
    "/workspaces/legalease-partner-dashboard-clean/private/source-imports/Nationwide_Recovery_Pool_2026-09-02"
  ],
  "recordsPinned": 7,
  "writes": 19,
  "blanks": 32,
  "requiredBeforeFiling": 13
}
