{
  "familyId": "pa_pardon_expungement-set",
  "status": "CHECK_ONLY",
  "documents": [
    {
      "formNumber": "PA-RCRIM-P-790-PETITION",
      "sha256": "fc06486e75773d4f6d81c263706827ab7f9facfb6dde9907cbee120c063289de",
      "widgets": 78,
      "write": 9,
      "supply": 65,
      "protect": 0,
      "election": 4
    },
    {
      "formNumber": "PA-RCRIM-P-790-ORDER",
      "sha256": "4d312ebde4aed7c1941e1ae9d734c90ba7183db273778839b15a84be8e611c95",
      "widgets": 29,
      "write": 7,
      "supply": 12,
      "protect": 10,
      "election": 0
    }
  ]
}
