{
  "familyId": "pa_pardon_expungement-set",
  "status": "COMPLETED",
  "directory": "data/rcap-all50/overlays/census-v1/pa/pa-pardon-expungement-set--official-pdf-fill",
  "officialForms": [
    {
      "formNumber": "PA-RCRIM-P-790-PETITION",
      "sha256": "fc06486e75773d4f6d81c263706827ab7f9facfb6dde9907cbee120c063289de"
    },
    {
      "formNumber": "PA-RCRIM-P-790-ORDER",
      "sha256": "4d312ebde4aed7c1941e1ae9d734c90ba7183db273778839b15a84be8e611c95"
    }
  ],
  "components": [
    "primary_filing",
    "proposed_order",
    "process_guidance"
  ],
  "terminalFields": 109,
  "written": 18,
  "requiredBeforeFiling": 80,
  "counters": {
    "knownRequiredFieldsMissing": 0,
    "requiredFactsNotCollected": 0,
    "unclassifiedBlanks": 0,
    "incompleteRows": 0,
    "requiredOptionsMissing": 0,
    "requiredComponentsMissing": 0,
    "invisibleWrites": 0,
    "protectedWrites": 0,
    "visualDefects": 0
  },
  "nineCountersZero": true,
  "rasterPages": 0,
  "rasterState": "BUILT_RASTER_PENDING",
  "artifactHashes": [
    {
      "fixture": "canonical",
      "packetSha256": "772b55cb8d62821f1349e42b0242ad7edbca88a666a04cbe6473ab410cf5f69a",
      "pages": 5
    },
    {
      "fixture": "boundary",
      "packetSha256": "614c6faeb0988b74333bfaae744b4c0c82388187800c7f16f6fb4a462a82a23b",
      "pages": 5
    }
  ],
  "packetsSelfVerified": 0,
  "commercialRoutesOpened": 0,
  "productionTouched": false
}
