{
  "familyId": "wi_exp_cr266-set",
  "status": "CHECK_ONLY",
  "dischargeGate": {
    "canonical": {
      "established": [
        {
          "factId": "matter.wi_expungement_ordered_at_sentencing",
          "value": true
        },
        {
          "factId": "matter.wi_sentence_included_probation",
          "value": false
        },
        {
          "factId": "matter.wi_sentence_included_jail_or_prison",
          "value": false
        },
        {
          "factId": "matter.wi_sentence_completed",
          "value": true
        }
      ],
      "unestablished": [],
      "passes": true
    },
    "hardStopRefusesUnknown": true
  },
  "declarationsReadFromTheBytes": 6,
  "documents": [
    {
      "formNumber": "CR-266",
      "sha256": "9f94674c0f931b66654d39ecfd074d897880f71523592bf83f2bd0dd34812412",
      "pages": 1,
      "structuralClassObserved": "flat_pdf",
      "measuredRulesOnTheForm": 14,
      "acroFieldsOnTheForm": 0,
      "annotationsOnTheForm": 0,
      "strokedTickBoxes": 0,
      "blanks": 11,
      "writes": 8,
      "protected": 2,
      "attorneyOnly": 1
    },
    {
      "formNumber": "CR-267",
      "sha256": "2c0ac53b03658dc9ae93ba90f527ba162d487f181fd4525d5856b483f17930bb",
      "pages": 1,
      "structuralClassObserved": "flat_pdf",
      "measuredRulesOnTheForm": 12,
      "acroFieldsOnTheForm": 0,
      "annotationsOnTheForm": 0,
      "strokedTickBoxes": 8,
      "blanks": 7,
      "writes": 4,
      "protected": 3,
      "attorneyOnly": 0
    }
  ]
}
