{
  "familyId": "nh_marijuana_annulment-set",
  "status": "CHECK_ONLY",
  "documents": [
    {
      "formNumber": "NHJB-3124",
      "sha256": "eee788220b7e624f0294d00b01024bff251d5d1dbfe61062c9a8f78fab58529c",
      "fields": 28,
      "writes": 9,
      "narrativeWrites": 1,
      "supply": 7,
      "elections": 2,
      "viewer": 3,
      "optional": 0,
      "notOnThisRoute": 0,
      "protected": 2,
      "attorney": 4
    },
    {
      "formNumber": "NHJB-2311",
      "sha256": "f8b5df1366a91a9fd177612c0519f941b8d4f60e1f8f84c2a6c0c064ba7da58e",
      "fields": 22,
      "writes": 3,
      "narrativeWrites": 0,
      "supply": 3,
      "elections": 1,
      "viewer": 4,
      "optional": 0,
      "notOnThisRoute": 0,
      "protected": 9,
      "attorney": 2
    },
    {
      "formNumber": "NHJB-2328",
      "sha256": "b4384b41efb472951c28b1289e46b05dfcc9463147aa490597f541f5291ce919",
      "fields": 90,
      "writes": 4,
      "narrativeWrites": 1,
      "supply": 64,
      "elections": 4,
      "viewer": 4,
      "optional": 1,
      "notOnThisRoute": 0,
      "protected": 10,
      "attorney": 2
    }
  ]
}
