✔ actual published MO canonical preserves its selected output identity (261.579811ms)
✔ actual published MO boundary preserves its selected output identity (455.524698ms)
✔ existing standard MI anchors keep the fallback with no new inventory/publication obligation (1.68792ms)
✔ actual importer refuses parent traversal (3.300908ms)
✔ actual importer refuses absolute path (1.270309ms)
✔ actual importer refuses cross-family path (0.491721ms)
✔ actual importer refuses wrong hash (14.341884ms)
✔ actual importer refuses wrong Git blob (12.695316ms)
✔ actual importer refuses wrong length (21.439888ms)
✔ actual importer refuses wrong page count (343.452223ms)
✔ actual importer refuses wrong fixture role (9.225577ms)
✔ actual importer refuses missing immutable publication (1.35186ms)
✔ actual importer refuses wrong inventory evidence digest (8.364728ms)
✔ unlisted family output is refused before its invented review hashes matter (8.482722ms)
✔ symlink custody is refused without touching retained candidates (1.437157ms)
✔ a changed current inventory cannot borrow the old publication identity (12.254761ms)
✔ current retained files and published inventory were never mutated by the controls (19.78667ms)
ℹ tests 17
ℹ suites 0
ℹ pass 17
ℹ fail 0
ℹ cancelled 0
ℹ skipped 0
ℹ todo 0
ℹ duration_ms 1188.781403
