Title:           Rule 65C PCRA Petition - Utah trafficking ground packet
Subject:         UT-TRAFFICKING-PCRA-RULE-65C; census-pending-family:UT:path-l-vacatur-human-trafficking-related-expungement
Keywords:        Petition for Relief Under the Post-Conviction Remedies Act
Author:          Jessica Van Buren
Creator:         Acrobat PDFMaker 17 for Word
Producer:        LegalEase RCAP deterministic official-form overlay
CreationDate:    Sat Aug 29 00:00:00 2026 UTC
ModDate:         Sat Aug 29 00:00:00 2026 UTC
Custom Metadata: yes
Metadata Stream: yes
Tagged:          yes
UserProperties:  no
Suspects:        no
Form:            none
JavaScript:      no
Pages:           12
Encrypted:       no
Page size:       612 x 792 pts (letter)
Page rot:        0
File size:       185117 bytes
Optimized:       no
PDF version:     1.7
