Title:           Petition for Relief Under the Post-Conviction Remedies Act
Subject:         Petition for Relief Under the Post-Conviction Remedies Act
Keywords:        Petition for Relief Under the Post-Conviction Remedies Act
Author:          Jessica Van Buren
Creator:         Acrobat PDFMaker 17 for Word
Producer:        Adobe PDF Library 17.11.238
CreationDate:    Thu Nov  3 22:32:05 2022 UTC
ModDate:         Thu Nov  3 22:32:07 2022 UTC
Custom Metadata: yes
Metadata Stream: yes
Tagged:          yes
UserProperties:  no
Suspects:        no
Form:            none
JavaScript:      no
Pages:           10
Encrypted:       no
Page size:       612 x 792 pts (letter)
Page rot:        0
File size:       128059 bytes
Optimized:       yes
PDF version:     1.6
