{
  "familyId": "ks-21-6614-specialty-court-set",
  "status": "COMPLETED",
  "counters": {
    "knownRequiredFieldsMissing": 0,
    "requiredFactsNotCollected": 0,
    "unclassifiedBlanks": 0,
    "incompleteRows": 0,
    "requiredOptionsMissing": 0,
    "requiredComponentsMissing": 0,
    "invisibleWrites": 0,
    "protectedWrites": 0,
    "visualDefects": 0
  },
  "directory": "data/rcap-all50/overlays/census-v1/ks/ks-21-6614-specialty-court-set--official-pdf-fill",
  "implementationStrategy": "official_pdf_fill",
  "sourcesBound": [
    {
      "documentId": "KS-CRIMINAL-COVER-SHEET-10-14-2025",
      "sha256": "6384f934dc431601dfd07d0822c32b83ee8fcd0412cff5496af1481169cdea60",
      "custody": "nationwide_recovery_pool_2026_09_02"
    },
    {
      "documentId": "KSJC-PETITION-EXPUNGEMENT-CONVICTION-OR-DIVERSION-08-2022",
      "sha256": "1113f7b64a57d7ca9568f75d04922d94fabbeea6c7c5839402689ed7fc0db07c",
      "custody": "nationwide_recovery_pool_2026_09_02"
    },
    {
      "documentId": "KSJC-NOTICE-OF-HEARING-12-2016",
      "sha256": "a960c857ec505a3013e725526718580ad2047aa9b3dd85191a70b8375cc83ffd",
      "custody": "nationwide_recovery_pool_2026_09_02"
    },
    {
      "documentId": "KSJC-ORDER-EXPUNGEMENT-COVER-SHEET-12-2016",
      "sha256": "d4171396d12f55a50d6c4e0d5a3b694ad982325e7377d74deaa5839d3bfad537",
      "custody": "nationwide_recovery_pool_2026_09_02"
    },
    {
      "documentId": "KSJC-ORDER-FOR-EXPUNGEMENT-CONVICTION-OR-DIVERSION-08-2022",
      "sha256": "104c40187f530d4a55306550f262ba9eefdec8ba732e2adbb1790dfd9378e683",
      "custody": "master_library"
    },
    {
      "documentId": "KSJC-ORDER-DENYING-EXPUNGEMENT-12-2016",
      "sha256": "b29254fb58433d496041c185fc69ec864ba1beff1e5e9722738c3b1ebedfe2ba",
      "custody": "nationwide_recovery_pool_2026_09_02"
    }
  ],
  "recordsBound": [
    {
      "recordId": "legal-design-track-registry:ks-21-6614-specialty-court",
      "sha256": "b62ae6910be2be283eaba5c90b25460f023bb2212a5abdb0e01d3993463681c0",
      "anchorsVerified": 9
    },
    {
      "recordId": "owner-kjc-permission-attestation",
      "sha256": "9b5008f945fefe26899f767b705ce57139324b0f94f9a6d472accbc2526826f6",
      "anchorsVerified": 3
    }
  ],
  "components": [
    "ks-21-6614-specialty-court-cover-sheet-1",
    "ks-21-6614-specialty-court-primary-filing-2",
    "ks-21-6614-specialty-court-notice-3",
    "ks-21-6614-specialty-court-cover-sheet-4",
    "ks-21-6614-specialty-court-proposed-order-5",
    "ks-21-6614-specialty-court-proposed-order-6",
    "ks-21-6614-specialty-court-process-guidance-7",
    "ks-21-6614-specialty-court-fee-waiver-8"
  ],
  "writes": 45,
  "requiredBeforeFiling": 47,
  "laterCompletion": 10,
  "artifactHashes": [
    {
      "fixture": "canonical",
      "packetSha256": "7273c6636d3bfbc764eb772c7a1242e65eb04136c12f5b98ae92e558346d0755",
      "pages": 20,
      "byteLength": 672268
    },
    {
      "fixture": "boundary",
      "packetSha256": "e3fdfea45e53665a506084dac0e1e0898c4bdd7204540b3cc7ae24d500b8e0ff",
      "pages": 20,
      "byteLength": 672941
    }
  ],
  "rasterState": "BUILT_RASTER_PENDING",
  "nineCountersZero": true,
  "packetsSelfVerified": 0,
  "commercialRoutesOpened": 0,
  "productionTouched": false,
  "sourcePermissionHoldUnresolved": null
}
