{
  "familyId": "ks-21-6614-prostitution-coercion-set",
  "status": "CHECK_ONLY",
  "sourcesBound": [
    {
      "documentId": "KS-CRIMINAL-COVER-SHEET-10-14-2025",
      "sha256": "6384f934dc431601dfd07d0822c32b83ee8fcd0412cff5496af1481169cdea60"
    },
    {
      "documentId": "KSJC-PETITION-EXPUNGEMENT-CONVICTION-OR-DIVERSION-08-2022",
      "sha256": "1113f7b64a57d7ca9568f75d04922d94fabbeea6c7c5839402689ed7fc0db07c"
    },
    {
      "documentId": "KSJC-NOTICE-OF-HEARING-12-2016",
      "sha256": "a960c857ec505a3013e725526718580ad2047aa9b3dd85191a70b8375cc83ffd"
    },
    {
      "documentId": "KSJC-ORDER-EXPUNGEMENT-COVER-SHEET-12-2016",
      "sha256": "d4171396d12f55a50d6c4e0d5a3b694ad982325e7377d74deaa5839d3bfad537"
    },
    {
      "documentId": "KSJC-ORDER-FOR-EXPUNGEMENT-CONVICTION-OR-DIVERSION-08-2022",
      "sha256": "104c40187f530d4a55306550f262ba9eefdec8ba732e2adbb1790dfd9378e683"
    },
    {
      "documentId": "KSJC-ORDER-DENYING-EXPUNGEMENT-12-2016",
      "sha256": "b29254fb58433d496041c185fc69ec864ba1beff1e5e9722738c3b1ebedfe2ba"
    }
  ],
  "recordsBound": 4,
  "anchorsVerified": 32,
  "fieldsCensused": 227
}
