ri_first_offender_felony-set	UNKNOWN STEP	﻿2026-09-09T01:02:42.1687148Z Current runner version: '2.337.0'
ri_first_offender_felony-set	UNKNOWN STEP	2026-09-09T01:02:42.1712128Z ##[group]Runner Image Provisioner
ri_first_offender_felony-set	UNKNOWN STEP	2026-09-09T01:02:42.1712989Z Hosted Compute Agent
ri_first_offender_felony-set	UNKNOWN STEP	2026-09-09T01:02:42.1713633Z Version: 20260828.587
ri_first_offender_felony-set	UNKNOWN STEP	2026-09-09T01:02:42.1714311Z Commit: abac92662cab4cc7352de4f9f9d2e2419aad9c29
ri_first_offender_felony-set	UNKNOWN STEP	2026-09-09T01:02:42.1715013Z Build Date: 2026-08-28T16:44:25Z
ri_first_offender_felony-set	UNKNOWN STEP	2026-09-09T01:02:42.1716015Z Worker ID: {b1d564e6-d24f-4a20-a268-3971d86b619e}
ri_first_offender_felony-set	UNKNOWN STEP	2026-09-09T01:02:42.1716723Z Azure Region: westus3
ri_first_offender_felony-set	UNKNOWN STEP	2026-09-09T01:02:42.1717332Z ##[endgroup]
ri_first_offender_felony-set	UNKNOWN STEP	2026-09-09T01:02:42.1718992Z ##[group]Operating System
ri_first_offender_felony-set	UNKNOWN STEP	2026-09-09T01:02:42.1719614Z Ubuntu
ri_first_offender_felony-set	UNKNOWN STEP	2026-09-09T01:02:42.1720236Z 24.04.4
ri_first_offender_felony-set	UNKNOWN STEP	2026-09-09T01:02:42.1720738Z LTS
ri_first_offender_felony-set	UNKNOWN STEP	2026-09-09T01:02:42.1721268Z ##[endgroup]
ri_first_offender_felony-set	UNKNOWN STEP	2026-09-09T01:02:42.1721909Z ##[group]Runner Image
ri_first_offender_felony-set	UNKNOWN STEP	2026-09-09T01:02:42.1722521Z Image: ubuntu-24.04
ri_first_offender_felony-set	UNKNOWN STEP	2026-09-09T01:02:42.1723141Z Version: 20260831.293.1
ri_first_offender_felony-set	UNKNOWN STEP	2026-09-09T01:02:42.1724395Z Included Software: https://github.com/actions/runner-images/blob/ubuntu24/20260831.293/images/ubuntu/Ubuntu2404-Readme.md
ri_first_offender_felony-set	UNKNOWN STEP	2026-09-09T01:02:42.1726530Z Image Release: https://github.com/actions/runner-images/releases/tag/ubuntu24%2F20260831.293
ri_first_offender_felony-set	UNKNOWN STEP	2026-09-09T01:02:42.1727514Z ##[endgroup]
ri_first_offender_felony-set	UNKNOWN STEP	2026-09-09T01:02:42.1728692Z ##[group]GITHUB_TOKEN Permissions
ri_first_offender_felony-set	UNKNOWN STEP	2026-09-09T01:02:42.1730764Z Contents: read
ri_first_offender_felony-set	UNKNOWN STEP	2026-09-09T01:02:42.1731448Z Metadata: read
ri_first_offender_felony-set	UNKNOWN STEP	2026-09-09T01:02:42.1732031Z ##[endgroup]
ri_first_offender_felony-set	UNKNOWN STEP	2026-09-09T01:02:42.1734171Z Secret source: Actions
ri_first_offender_felony-set	UNKNOWN STEP	2026-09-09T01:02:42.1735525Z Prepare workflow directory
ri_first_offender_felony-set	UNKNOWN STEP	2026-09-09T01:02:42.2130228Z Prepare all required actions
ri_first_offender_felony-set	UNKNOWN STEP	2026-09-09T01:02:42.2177743Z Getting action download info
ri_first_offender_felony-set	UNKNOWN STEP	2026-09-09T01:02:42.5347498Z Download action repository 'actions/checkout@v4' (SHA:11d5960a326750d5838078e36cf38b85af677262)
ri_first_offender_felony-set	UNKNOWN STEP	2026-09-09T01:02:42.6954845Z Download action repository 'actions/setup-node@v4' (SHA:49933ea5288caeca8642d1e84afbd3f7d6820020)
ri_first_offender_felony-set	UNKNOWN STEP	2026-09-09T01:02:42.8177788Z Download action repository 'actions/upload-artifact@v4' (SHA:ea165f8d65b6e75b540449e92b4886f43607fa02)
ri_first_offender_felony-set	UNKNOWN STEP	2026-09-09T01:02:43.0429957Z Complete job name: ri_first_offender_felony-set
ri_first_offender_felony-set	UNKNOWN STEP	2026-09-09T01:02:43.1143698Z Node 20 is being deprecated. This workflow is running with Node 24 by default. If you need to temporarily use Node 20, you can set the ACTIONS_ALLOW_USE_UNSECURE_NODE_VERSION=true environment variable. For more information see: https://github.blog/changelog/2025-09-19-deprecation-of-node-20-on-github-actions-runners/
ri_first_offender_felony-set	UNKNOWN STEP	2026-09-09T01:02:43.1152683Z ##[group]Run actions/checkout@v4
ri_first_offender_felony-set	UNKNOWN STEP	2026-09-09T01:02:43.1153406Z with:
ri_first_offender_felony-set	UNKNOWN STEP	2026-09-09T01:02:43.1153870Z   ref: 25fb6a47e25717975b4953cb4924a164c181d4ec
ri_first_offender_felony-set	UNKNOWN STEP	2026-09-09T01:02:43.1154608Z   repository: Roger-LegalEase/legalease-partner-dashboard-clean
ri_first_offender_felony-set	UNKNOWN STEP	2026-09-09T01:02:43.1159315Z   token: ***
ri_first_offender_felony-set	UNKNOWN STEP	2026-09-09T01:02:43.1159752Z   ssh-strict: true
ri_first_offender_felony-set	UNKNOWN STEP	2026-09-09T01:02:43.1160199Z   ssh-user: git
ri_first_offender_felony-set	UNKNOWN STEP	2026-09-09T01:02:43.1160646Z   persist-credentials: true
ri_first_offender_felony-set	UNKNOWN STEP	2026-09-09T01:02:43.1161134Z   clean: true
ri_first_offender_felony-set	UNKNOWN STEP	2026-09-09T01:02:43.1161628Z   sparse-checkout-cone-mode: true
ri_first_offender_felony-set	UNKNOWN STEP	2026-09-09T01:02:43.1162198Z   fetch-depth: 1
ri_first_offender_felony-set	UNKNOWN STEP	2026-09-09T01:02:43.1162682Z   fetch-tags: false
ri_first_offender_felony-set	UNKNOWN STEP	2026-09-09T01:02:43.1163167Z   show-progress: true
ri_first_offender_felony-set	UNKNOWN STEP	2026-09-09T01:02:43.1163599Z   lfs: false
ri_first_offender_felony-set	UNKNOWN STEP	2026-09-09T01:02:43.1164007Z   submodules: false
ri_first_offender_felony-set	UNKNOWN STEP	2026-09-09T01:02:43.1164449Z   set-safe-directory: true
ri_first_offender_felony-set	UNKNOWN STEP	2026-09-09T01:02:43.1164941Z   allow-unsafe-pr-checkout: false
ri_first_offender_felony-set	UNKNOWN STEP	2026-09-09T01:02:43.1165948Z ##[endgroup]
ri_first_offender_felony-set	UNKNOWN STEP	2026-09-09T01:02:43.2297154Z Syncing repository: Roger-LegalEase/legalease-partner-dashboard-clean
ri_first_offender_felony-set	UNKNOWN STEP	2026-09-09T01:02:43.2299843Z ##[group]Getting Git version info
ri_first_offender_felony-set	UNKNOWN STEP	2026-09-09T01:02:43.2301682Z Working directory is '/home/runner/work/legalease-partner-dashboard-clean/legalease-partner-dashboard-clean'
ri_first_offender_felony-set	UNKNOWN STEP	2026-09-09T01:02:43.2303883Z [command]/usr/bin/git version
ri_first_offender_felony-set	UNKNOWN STEP	2026-09-09T01:02:43.2404252Z git version 2.55.0
ri_first_offender_felony-set	UNKNOWN STEP	2026-09-09T01:02:43.2429359Z ##[endgroup]
ri_first_offender_felony-set	UNKNOWN STEP	2026-09-09T01:02:43.2446393Z Temporarily overriding HOME='/home/runner/work/_temp/85da8b51-fff9-4b6b-bed3-f81a89c3470c' before making global git config changes
ri_first_offender_felony-set	UNKNOWN STEP	2026-09-09T01:02:43.2448976Z Adding repository directory to the temporary git global config as a safe directory
ri_first_offender_felony-set	UNKNOWN STEP	2026-09-09T01:02:43.2453631Z [command]/usr/bin/git config --global --add safe.directory /home/runner/work/legalease-partner-dashboard-clean/legalease-partner-dashboard-clean
ri_first_offender_felony-set	UNKNOWN STEP	2026-09-09T01:02:43.2514323Z Deleting the contents of '/home/runner/work/legalease-partner-dashboard-clean/legalease-partner-dashboard-clean'
ri_first_offender_felony-set	UNKNOWN STEP	2026-09-09T01:02:43.2519971Z ##[group]Initializing the repository
ri_first_offender_felony-set	UNKNOWN STEP	2026-09-09T01:02:43.2527753Z [command]/usr/bin/git init /home/runner/work/legalease-partner-dashboard-clean/legalease-partner-dashboard-clean
ri_first_offender_felony-set	UNKNOWN STEP	2026-09-09T01:02:43.2645476Z hint: Using 'master' as the name for the initial branch. This default branch name
ri_first_offender_felony-set	UNKNOWN STEP	2026-09-09T01:02:43.2647431Z hint: will change to "main" in Git 3.0. To configure the initial branch name
ri_first_offender_felony-set	UNKNOWN STEP	2026-09-09T01:02:43.2649151Z hint: to use in all of your new repositories, which will suppress this warning,
ri_first_offender_felony-set	UNKNOWN STEP	2026-09-09T01:02:43.2650532Z hint: call:
ri_first_offender_felony-set	UNKNOWN STEP	2026-09-09T01:02:43.2651327Z hint:
ri_first_offender_felony-set	UNKNOWN STEP	2026-09-09T01:02:43.2652371Z hint: 	git config --global init.defaultBranch <name>
ri_first_offender_felony-set	UNKNOWN STEP	2026-09-09T01:02:43.2653585Z hint:
ri_first_offender_felony-set	UNKNOWN STEP	2026-09-09T01:02:43.2654629Z hint: Names commonly chosen instead of 'master' are 'main', 'trunk' and
ri_first_offender_felony-set	UNKNOWN STEP	2026-09-09T01:02:43.2656752Z hint: 'development'. The just-created branch can be renamed via this command:
ri_first_offender_felony-set	UNKNOWN STEP	2026-09-09T01:02:43.2658294Z hint:
ri_first_offender_felony-set	UNKNOWN STEP	2026-09-09T01:02:43.2659168Z hint: 	git branch -m <name>
ri_first_offender_felony-set	UNKNOWN STEP	2026-09-09T01:02:43.2660197Z hint:
ri_first_offender_felony-set	UNKNOWN STEP	2026-09-09T01:02:43.2661410Z hint: Disable this message with "git config set advice.defaultBranchName false"
ri_first_offender_felony-set	UNKNOWN STEP	2026-09-09T01:02:43.2663977Z Initialized empty Git repository in /home/runner/work/legalease-partner-dashboard-clean/legalease-partner-dashboard-clean/.git/
ri_first_offender_felony-set	UNKNOWN STEP	2026-09-09T01:02:43.2677629Z [command]/usr/bin/git remote add origin https://github.com/Roger-LegalEase/legalease-partner-dashboard-clean
ri_first_offender_felony-set	UNKNOWN STEP	2026-09-09T01:02:43.2737332Z ##[endgroup]
ri_first_offender_felony-set	UNKNOWN STEP	2026-09-09T01:02:43.2738914Z ##[group]Disabling automatic garbage collection
ri_first_offender_felony-set	UNKNOWN STEP	2026-09-09T01:02:43.2742151Z [command]/usr/bin/git config --local gc.auto 0
ri_first_offender_felony-set	UNKNOWN STEP	2026-09-09T01:02:43.2785569Z ##[endgroup]
ri_first_offender_felony-set	UNKNOWN STEP	2026-09-09T01:02:43.2787492Z ##[group]Setting up auth
ri_first_offender_felony-set	UNKNOWN STEP	2026-09-09T01:02:43.2807503Z [command]/usr/bin/git config --local --name-only --get-regexp core\.sshCommand
ri_first_offender_felony-set	UNKNOWN STEP	2026-09-09T01:02:43.2851690Z [command]/usr/bin/git submodule foreach --recursive sh -c "git config --local --name-only --get-regexp 'core\.sshCommand' && git config --local --unset-all 'core.sshCommand' || :"
ri_first_offender_felony-set	UNKNOWN STEP	2026-09-09T01:02:43.3221452Z [command]/usr/bin/git config --local --name-only --get-regexp http\.https\:\/\/github\.com\/\.extraheader
ri_first_offender_felony-set	UNKNOWN STEP	2026-09-09T01:02:43.3259651Z [command]/usr/bin/git submodule foreach --recursive sh -c "git config --local --name-only --get-regexp 'http\.https\:\/\/github\.com\/\.extraheader' && git config --local --unset-all 'http.https://github.com/.extraheader' || :"
ri_first_offender_felony-set	UNKNOWN STEP	2026-09-09T01:02:43.3494647Z [command]/usr/bin/git config --local --name-only --get-regexp ^includeIf\.gitdir:
ri_first_offender_felony-set	UNKNOWN STEP	2026-09-09T01:02:43.3531283Z [command]/usr/bin/git submodule foreach --recursive git config --local --show-origin --name-only --get-regexp remote.origin.url
ri_first_offender_felony-set	UNKNOWN STEP	2026-09-09T01:02:43.3756404Z [command]/usr/bin/git config --local http.https://github.com/.extraheader AUTHORIZATION: basic ***
ri_first_offender_felony-set	UNKNOWN STEP	2026-09-09T01:02:43.3794308Z ##[endgroup]
ri_first_offender_felony-set	UNKNOWN STEP	2026-09-09T01:02:43.3795135Z ##[group]Fetching the repository
ri_first_offender_felony-set	UNKNOWN STEP	2026-09-09T01:02:43.3804323Z [command]/usr/bin/git -c protocol.version=2 fetch --no-tags --prune --no-recurse-submodules --depth=1 origin 25fb6a47e25717975b4953cb4924a164c181d4ec
ri_first_offender_felony-set	UNKNOWN STEP	2026-09-09T01:03:32.8676715Z From https://github.com/Roger-LegalEase/legalease-partner-dashboard-clean
ri_first_offender_felony-set	UNKNOWN STEP	2026-09-09T01:03:32.8677880Z  * branch              25fb6a47e25717975b4953cb4924a164c181d4ec -> FETCH_HEAD
ri_first_offender_felony-set	UNKNOWN STEP	2026-09-09T01:03:32.8681136Z ##[endgroup]
ri_first_offender_felony-set	UNKNOWN STEP	2026-09-09T01:03:32.8681759Z ##[group]Determining the checkout info
ri_first_offender_felony-set	UNKNOWN STEP	2026-09-09T01:03:32.8684126Z ##[endgroup]
ri_first_offender_felony-set	UNKNOWN STEP	2026-09-09T01:03:32.8690475Z [command]/usr/bin/git sparse-checkout disable
ri_first_offender_felony-set	UNKNOWN STEP	2026-09-09T01:03:32.8750137Z [command]/usr/bin/git config --local --unset-all extensions.worktreeConfig
ri_first_offender_felony-set	UNKNOWN STEP	2026-09-09T01:03:32.8781313Z ##[group]Checking out the ref
ri_first_offender_felony-set	UNKNOWN STEP	2026-09-09T01:03:32.8785609Z [command]/usr/bin/git checkout --progress --force 25fb6a47e25717975b4953cb4924a164c181d4ec
ri_first_offender_felony-set	UNKNOWN STEP	2026-09-09T01:03:33.9401037Z Updating files:  16% (3204/19721)
ri_first_offender_felony-set	UNKNOWN STEP	2026-09-09T01:03:33.9872000Z Updating files:  17% (3353/19721)
ri_first_offender_felony-set	UNKNOWN STEP	2026-09-09T01:03:34.0599569Z Updating files:  18% (3550/19721)
ri_first_offender_felony-set	UNKNOWN STEP	2026-09-09T01:03:34.2019104Z Updating files:  19% (3747/19721)
ri_first_offender_felony-set	UNKNOWN STEP	2026-09-09T01:03:34.3014974Z Updating files:  20% (3945/19721)
ri_first_offender_felony-set	UNKNOWN STEP	2026-09-09T01:03:34.3945983Z Updating files:  21% (4142/19721)
ri_first_offender_felony-set	UNKNOWN STEP	2026-09-09T01:03:34.5402101Z Updating files:  22% (4339/19721)
ri_first_offender_felony-set	UNKNOWN STEP	2026-09-09T01:03:34.6033781Z Updating files:  23% (4536/19721)
ri_first_offender_felony-set	UNKNOWN STEP	2026-09-09T01:03:34.6505498Z Updating files:  24% (4734/19721)
ri_first_offender_felony-set	UNKNOWN STEP	2026-09-09T01:03:34.7162107Z Updating files:  25% (4931/19721)
ri_first_offender_felony-set	UNKNOWN STEP	2026-09-09T01:03:34.7800531Z Updating files:  26% (5128/19721)
ri_first_offender_felony-set	UNKNOWN STEP	2026-09-09T01:03:34.8659011Z Updating files:  27% (5325/19721)
ri_first_offender_felony-set	UNKNOWN STEP	2026-09-09T01:03:34.9067326Z Updating files:  28% (5522/19721)
ri_first_offender_felony-set	UNKNOWN STEP	2026-09-09T01:03:34.9367324Z Updating files:  28% (5637/19721)
ri_first_offender_felony-set	UNKNOWN STEP	2026-09-09T01:03:35.0847328Z Updating files:  29% (5720/19721)
ri_first_offender_felony-set	UNKNOWN STEP	2026-09-09T01:03:35.2341082Z Updating files:  30% (5917/19721)
ri_first_offender_felony-set	UNKNOWN STEP	2026-09-09T01:03:35.3237061Z Updating files:  31% (6114/19721)
ri_first_offender_felony-set	UNKNOWN STEP	2026-09-09T01:03:35.4254384Z Updating files:  32% (6311/19721)
ri_first_offender_felony-set	UNKNOWN STEP	2026-09-09T01:03:35.4857592Z Updating files:  33% (6508/19721)
ri_first_offender_felony-set	UNKNOWN STEP	2026-09-09T01:03:35.5211503Z Updating files:  34% (6706/19721)
ri_first_offender_felony-set	UNKNOWN STEP	2026-09-09T01:03:35.5910808Z Updating files:  35% (6903/19721)
ri_first_offender_felony-set	UNKNOWN STEP	2026-09-09T01:03:35.6732917Z Updating files:  36% (7100/19721)
ri_first_offender_felony-set	UNKNOWN STEP	2026-09-09T01:03:35.7050331Z Updating files:  37% (7297/19721)
ri_first_offender_felony-set	UNKNOWN STEP	2026-09-09T01:03:35.7411455Z Updating files:  38% (7494/19721)
ri_first_offender_felony-set	UNKNOWN STEP	2026-09-09T01:03:35.7731526Z Updating files:  39% (7692/19721)
ri_first_offender_felony-set	UNKNOWN STEP	2026-09-09T01:03:35.8158727Z Updating files:  40% (7889/19721)
ri_first_offender_felony-set	UNKNOWN STEP	2026-09-09T01:03:35.8958790Z Updating files:  41% (8086/19721)
ri_first_offender_felony-set	UNKNOWN STEP	2026-09-09T01:03:35.9083312Z Updating files:  42% (8283/19721)
ri_first_offender_felony-set	UNKNOWN STEP	2026-09-09T01:03:35.9201847Z Updating files:  42% (8373/19721)
ri_first_offender_felony-set	UNKNOWN STEP	2026-09-09T01:03:35.9459914Z Updating files:  43% (8481/19721)
ri_first_offender_felony-set	UNKNOWN STEP	2026-09-09T01:03:35.9800980Z Updating files:  44% (8678/19721)
ri_first_offender_felony-set	UNKNOWN STEP	2026-09-09T01:03:36.0007495Z Updating files:  45% (8875/19721)
ri_first_offender_felony-set	UNKNOWN STEP	2026-09-09T01:03:36.0162866Z Updating files:  46% (9072/19721)
ri_first_offender_felony-set	UNKNOWN STEP	2026-09-09T01:03:36.0315460Z Updating files:  47% (9269/19721)
ri_first_offender_felony-set	UNKNOWN STEP	2026-09-09T01:03:36.0559408Z Updating files:  48% (9467/19721)
ri_first_offender_felony-set	UNKNOWN STEP	2026-09-09T01:03:36.0956729Z Updating files:  49% (9664/19721)
ri_first_offender_felony-set	UNKNOWN STEP	2026-09-09T01:03:36.1123608Z Updating files:  50% (9861/19721)
ri_first_offender_felony-set	UNKNOWN STEP	2026-09-09T01:03:36.2317426Z Updating files:  51% (10058/19721)
ri_first_offender_felony-set	UNKNOWN STEP	2026-09-09T01:03:36.4474070Z Updating files:  52% (10255/19721)
ri_first_offender_felony-set	UNKNOWN STEP	2026-09-09T01:03:36.4591171Z Updating files:  53% (10453/19721)
ri_first_offender_felony-set	UNKNOWN STEP	2026-09-09T01:03:36.4852339Z Updating files:  54% (10650/19721)
ri_first_offender_felony-set	UNKNOWN STEP	2026-09-09T01:03:36.4999069Z Updating files:  55% (10847/19721)
ri_first_offender_felony-set	UNKNOWN STEP	2026-09-09T01:03:36.5124035Z Updating files:  56% (11044/19721)
ri_first_offender_felony-set	UNKNOWN STEP	2026-09-09T01:03:36.5257345Z Updating files:  57% (11241/19721)
ri_first_offender_felony-set	UNKNOWN STEP	2026-09-09T01:03:36.5408471Z Updating files:  58% (11439/19721)
ri_first_offender_felony-set	UNKNOWN STEP	2026-09-09T01:03:36.5869919Z Updating files:  59% (11636/19721)
ri_first_offender_felony-set	UNKNOWN STEP	2026-09-09T01:03:36.6778116Z Updating files:  60% (11833/19721)
ri_first_offender_felony-set	UNKNOWN STEP	2026-09-09T01:03:36.6980814Z Updating files:  61% (12030/19721)
ri_first_offender_felony-set	UNKNOWN STEP	2026-09-09T01:03:36.7381466Z Updating files:  62% (12228/19721)
ri_first_offender_felony-set	UNKNOWN STEP	2026-09-09T01:03:36.7719541Z Updating files:  63% (12425/19721)
ri_first_offender_felony-set	UNKNOWN STEP	2026-09-09T01:03:36.8299432Z Updating files:  64% (12622/19721)
ri_first_offender_felony-set	UNKNOWN STEP	2026-09-09T01:03:36.9081582Z Updating files:  65% (12819/19721)
ri_first_offender_felony-set	UNKNOWN STEP	2026-09-09T01:03:36.9327977Z Updating files:  65% (12968/19721)
ri_first_offender_felony-set	UNKNOWN STEP	2026-09-09T01:03:36.9638569Z Updating files:  66% (13016/19721)
ri_first_offender_felony-set	UNKNOWN STEP	2026-09-09T01:03:37.1052450Z Updating files:  67% (13214/19721)
ri_first_offender_felony-set	UNKNOWN STEP	2026-09-09T01:03:37.1599834Z Updating files:  68% (13411/19721)
ri_first_offender_felony-set	UNKNOWN STEP	2026-09-09T01:03:37.2690275Z Updating files:  69% (13608/19721)
ri_first_offender_felony-set	UNKNOWN STEP	2026-09-09T01:03:37.4063909Z Updating files:  70% (13805/19721)
ri_first_offender_felony-set	UNKNOWN STEP	2026-09-09T01:03:37.4843474Z Updating files:  71% (14002/19721)
ri_first_offender_felony-set	UNKNOWN STEP	2026-09-09T01:03:37.5000112Z Updating files:  72% (14200/19721)
ri_first_offender_felony-set	UNKNOWN STEP	2026-09-09T01:03:37.5160571Z Updating files:  73% (14397/19721)
ri_first_offender_felony-set	UNKNOWN STEP	2026-09-09T01:03:37.5229515Z Updating files:  74% (14594/19721)
ri_first_offender_felony-set	UNKNOWN STEP	2026-09-09T01:03:37.5384644Z Updating files:  75% (14791/19721)
ri_first_offender_felony-set	UNKNOWN STEP	2026-09-09T01:03:37.6768885Z Updating files:  76% (14988/19721)
ri_first_offender_felony-set	UNKNOWN STEP	2026-09-09T01:03:37.7730722Z Updating files:  77% (15186/19721)
ri_first_offender_felony-set	UNKNOWN STEP	2026-09-09T01:03:37.8556437Z Updating files:  78% (15383/19721)
ri_first_offender_felony-set	UNKNOWN STEP	2026-09-09T01:03:37.8969304Z Updating files:  79% (15580/19721)
ri_first_offender_felony-set	UNKNOWN STEP	2026-09-09T01:03:37.9064868Z Updating files:  80% (15777/19721)
ri_first_offender_felony-set	UNKNOWN STEP	2026-09-09T01:03:37.9227696Z Updating files:  80% (15857/19721)
ri_first_offender_felony-set	UNKNOWN STEP	2026-09-09T01:03:37.9420010Z Updating files:  81% (15975/19721)
ri_first_offender_felony-set	UNKNOWN STEP	2026-09-09T01:03:37.9604476Z Updating files:  82% (16172/19721)
ri_first_offender_felony-set	UNKNOWN STEP	2026-09-09T01:03:37.9781294Z Updating files:  83% (16369/19721)
ri_first_offender_felony-set	UNKNOWN STEP	2026-09-09T01:03:37.9973699Z Updating files:  84% (16566/19721)
ri_first_offender_felony-set	UNKNOWN STEP	2026-09-09T01:03:38.0172199Z Updating files:  85% (16763/19721)
ri_first_offender_felony-set	UNKNOWN STEP	2026-09-09T01:03:38.0370988Z Updating files:  86% (16961/19721)
ri_first_offender_felony-set	UNKNOWN STEP	2026-09-09T01:03:38.0531706Z Updating files:  87% (17158/19721)
ri_first_offender_felony-set	UNKNOWN STEP	2026-09-09T01:03:38.0730157Z Updating files:  88% (17355/19721)
ri_first_offender_felony-set	UNKNOWN STEP	2026-09-09T01:03:38.1019266Z Updating files:  89% (17552/19721)
ri_first_offender_felony-set	UNKNOWN STEP	2026-09-09T01:03:38.1116499Z Updating files:  90% (17749/19721)
ri_first_offender_felony-set	UNKNOWN STEP	2026-09-09T01:03:38.1244883Z Updating files:  91% (17947/19721)
ri_first_offender_felony-set	UNKNOWN STEP	2026-09-09T01:03:38.2320126Z Updating files:  92% (18144/19721)
ri_first_offender_felony-set	UNKNOWN STEP	2026-09-09T01:03:38.4055870Z Updating files:  93% (18341/19721)
ri_first_offender_felony-set	UNKNOWN STEP	2026-09-09T01:03:38.4418100Z Updating files:  94% (18538/19721)
ri_first_offender_felony-set	UNKNOWN STEP	2026-09-09T01:03:38.4955449Z Updating files:  95% (18735/19721)
ri_first_offender_felony-set	UNKNOWN STEP	2026-09-09T01:03:38.5309783Z Updating files:  96% (18933/19721)
ri_first_offender_felony-set	UNKNOWN STEP	2026-09-09T01:03:38.5803475Z Updating files:  97% (19130/19721)
ri_first_offender_felony-set	UNKNOWN STEP	2026-09-09T01:03:38.6316389Z Updating files:  98% (19327/19721)
ri_first_offender_felony-set	UNKNOWN STEP	2026-09-09T01:03:38.6773720Z Updating files:  99% (19524/19721)
ri_first_offender_felony-set	UNKNOWN STEP	2026-09-09T01:03:38.6774696Z Updating files: 100% (19721/19721)
ri_first_offender_felony-set	UNKNOWN STEP	2026-09-09T01:03:38.6775138Z Updating files: 100% (19721/19721), done.
ri_first_offender_felony-set	UNKNOWN STEP	2026-09-09T01:03:38.7068204Z Note: switching to '25fb6a47e25717975b4953cb4924a164c181d4ec'.
ri_first_offender_felony-set	UNKNOWN STEP	2026-09-09T01:03:38.7069076Z 
ri_first_offender_felony-set	UNKNOWN STEP	2026-09-09T01:03:38.7069736Z You are in 'detached HEAD' state. You can look around, make experimental
ri_first_offender_felony-set	UNKNOWN STEP	2026-09-09T01:03:38.7070710Z changes and commit them, and you can discard any commits you make in this
ri_first_offender_felony-set	UNKNOWN STEP	2026-09-09T01:03:38.7071929Z state without impacting any branches by switching back to a branch.
ri_first_offender_felony-set	UNKNOWN STEP	2026-09-09T01:03:38.7072387Z 
ri_first_offender_felony-set	UNKNOWN STEP	2026-09-09T01:03:38.7072678Z If you want to create a new branch to retain commits you create, you may
ri_first_offender_felony-set	UNKNOWN STEP	2026-09-09T01:03:38.7073395Z do so (now or later) by using -c with the switch command. Example:
ri_first_offender_felony-set	UNKNOWN STEP	2026-09-09T01:03:38.7073825Z 
ri_first_offender_felony-set	UNKNOWN STEP	2026-09-09T01:03:38.7073993Z   git switch -c <new-branch-name>
ri_first_offender_felony-set	UNKNOWN STEP	2026-09-09T01:03:38.7074271Z 
ri_first_offender_felony-set	UNKNOWN STEP	2026-09-09T01:03:38.7074428Z Or undo this operation with:
ri_first_offender_felony-set	UNKNOWN STEP	2026-09-09T01:03:38.7074679Z 
ri_first_offender_felony-set	UNKNOWN STEP	2026-09-09T01:03:38.7074817Z   git switch -
ri_first_offender_felony-set	UNKNOWN STEP	2026-09-09T01:03:38.7075003Z 
ri_first_offender_felony-set	UNKNOWN STEP	2026-09-09T01:03:38.7075575Z Turn off this advice by setting config variable advice.detachedHead to false
ri_first_offender_felony-set	UNKNOWN STEP	2026-09-09T01:03:38.7076086Z 
ri_first_offender_felony-set	UNKNOWN STEP	2026-09-09T01:03:38.7076475Z HEAD is now at 25fb6a47 Integrate FIX120 and restore the 23 pins its record edits lapsed
ri_first_offender_felony-set	UNKNOWN STEP	2026-09-09T01:03:38.7263360Z ##[endgroup]
ri_first_offender_felony-set	UNKNOWN STEP	2026-09-09T01:03:38.7317221Z [command]/usr/bin/git log -1 --format=%H
ri_first_offender_felony-set	UNKNOWN STEP	2026-09-09T01:03:38.7348511Z 25fb6a47e25717975b4953cb4924a164c181d4ec
ri_first_offender_felony-set	UNKNOWN STEP	2026-09-09T01:03:38.7564633Z ##[group]Run set -euo pipefail
ri_first_offender_felony-set	UNKNOWN STEP	2026-09-09T01:03:38.7565105Z ^[[36;1mset -euo pipefail^[[0m
ri_first_offender_felony-set	UNKNOWN STEP	2026-09-09T01:03:38.7565818Z ^[[36;1m# actions/checkout accepts a branch or tag here despite the input^[[0m
ri_first_offender_felony-set	UNKNOWN STEP	2026-09-09T01:03:38.7566370Z ^[[36;1m# description. Three jobs resolve this ref independently, so a branch^[[0m
ri_first_offender_felony-set	UNKNOWN STEP	2026-09-09T01:03:38.7566885Z ^[[36;1m# that moves mid-run would have them inspect different commits while^[[0m
ri_first_offender_felony-set	UNKNOWN STEP	2026-09-09T01:03:38.7567352Z ^[[36;1m# every receipt recorded the literal branch name as the pin. An^[[0m
ri_first_offender_felony-set	UNKNOWN STEP	2026-09-09T01:03:38.7567836Z ^[[36;1m# immutable 40-hex commit, verified against the checked-out HEAD, is^[[0m
ri_first_offender_felony-set	UNKNOWN STEP	2026-09-09T01:03:38.7568305Z ^[[36;1m# the only input that makes a receipt findable again.^[[0m
ri_first_offender_felony-set	UNKNOWN STEP	2026-09-09T01:03:38.7568632Z ^[[36;1mcase "$REF" in^[[0m
ri_first_offender_felony-set	UNKNOWN STEP	2026-09-09T01:03:38.7569078Z ^[[36;1m  *[!0-9a-f]* | "") echo "REFUSED: commit_sha must be a full 40-character commit hash, got '$REF'"; exit 1;;^[[0m
ri_first_offender_felony-set	UNKNOWN STEP	2026-09-09T01:03:38.7569547Z ^[[36;1mesac^[[0m
ri_first_offender_felony-set	UNKNOWN STEP	2026-09-09T01:03:38.7570184Z ^[[36;1m[ "${#REF}" -eq 40 ] || { echo "REFUSED: commit_sha must be 40 hex characters, got ${#REF}"; exit 1; }^[[0m
ri_first_offender_felony-set	UNKNOWN STEP	2026-09-09T01:03:38.7570652Z ^[[36;1mHEAD_SHA="$(git rev-parse HEAD)"^[[0m
ri_first_offender_felony-set	UNKNOWN STEP	2026-09-09T01:03:38.7571102Z ^[[36;1m[ "$HEAD_SHA" = "$REF" ] || { echo "REFUSED: checked out $HEAD_SHA but the pin says $REF"; exit 1; }^[[0m
ri_first_offender_felony-set	UNKNOWN STEP	2026-09-09T01:03:38.7571581Z ^[[36;1mecho "pinned commit confirmed: $HEAD_SHA"^[[0m
ri_first_offender_felony-set	UNKNOWN STEP	2026-09-09T01:03:38.7611687Z shell: /usr/bin/bash -e {0}
ri_first_offender_felony-set	UNKNOWN STEP	2026-09-09T01:03:38.7611951Z env:
ri_first_offender_felony-set	UNKNOWN STEP	2026-09-09T01:03:38.7612181Z   REF: 25fb6a47e25717975b4953cb4924a164c181d4ec
ri_first_offender_felony-set	UNKNOWN STEP	2026-09-09T01:03:38.7612482Z ##[endgroup]
ri_first_offender_felony-set	UNKNOWN STEP	2026-09-09T01:03:38.7708719Z pinned commit confirmed: 25fb6a47e25717975b4953cb4924a164c181d4ec
ri_first_offender_felony-set	UNKNOWN STEP	2026-09-09T01:03:38.7800945Z Node 20 is being deprecated. This workflow is running with Node 24 by default. If you need to temporarily use Node 20, you can set the ACTIONS_ALLOW_USE_UNSECURE_NODE_VERSION=true environment variable. For more information see: https://github.blog/changelog/2025-09-19-deprecation-of-node-20-on-github-actions-runners/
ri_first_offender_felony-set	UNKNOWN STEP	2026-09-09T01:03:38.7802579Z ##[group]Run actions/setup-node@v4
ri_first_offender_felony-set	UNKNOWN STEP	2026-09-09T01:03:38.7803127Z with:
ri_first_offender_felony-set	UNKNOWN STEP	2026-09-09T01:03:38.7803435Z   node-version: 22
ri_first_offender_felony-set	UNKNOWN STEP	2026-09-09T01:03:38.7803717Z   always-auth: false
ri_first_offender_felony-set	UNKNOWN STEP	2026-09-09T01:03:38.7803947Z   check-latest: false
ri_first_offender_felony-set	UNKNOWN STEP	2026-09-09T01:03:38.7806930Z   token: ***
ri_first_offender_felony-set	UNKNOWN STEP	2026-09-09T01:03:38.7807141Z ##[endgroup]
ri_first_offender_felony-set	UNKNOWN STEP	2026-09-09T01:03:38.9247169Z Found in cache @ /opt/hostedtoolcache/node/22.23.2/x64
ri_first_offender_felony-set	UNKNOWN STEP	2026-09-09T01:03:38.9251858Z (node:2271) [DEP0040] DeprecationWarning: The `punycode` module is deprecated. Please use a userland alternative instead.
ri_first_offender_felony-set	UNKNOWN STEP	2026-09-09T01:03:38.9252734Z (Use `node --trace-deprecation ...` to show where the warning was created)
ri_first_offender_felony-set	UNKNOWN STEP	2026-09-09T01:03:38.9255113Z ##[group]Environment details
ri_first_offender_felony-set	UNKNOWN STEP	2026-09-09T01:03:39.4439586Z node: v22.23.2
ri_first_offender_felony-set	UNKNOWN STEP	2026-09-09T01:03:39.4439864Z npm: 10.9.8
ri_first_offender_felony-set	UNKNOWN STEP	2026-09-09T01:03:39.4440093Z yarn: 1.22.22
ri_first_offender_felony-set	UNKNOWN STEP	2026-09-09T01:03:39.4441934Z ##[endgroup]
ri_first_offender_felony-set	UNKNOWN STEP	2026-09-09T01:03:39.4559726Z ##[group]Run npm ci --cache /tmp/npm-cache
ri_first_offender_felony-set	UNKNOWN STEP	2026-09-09T01:03:39.4560093Z ^[[36;1mnpm ci --cache /tmp/npm-cache^[[0m
ri_first_offender_felony-set	UNKNOWN STEP	2026-09-09T01:03:39.4605929Z shell: /usr/bin/bash -e {0}
ri_first_offender_felony-set	UNKNOWN STEP	2026-09-09T01:03:39.4606192Z ##[endgroup]
ri_first_offender_felony-set	UNKNOWN STEP	2026-09-09T01:04:00.7759778Z 
ri_first_offender_felony-set	UNKNOWN STEP	2026-09-09T01:04:00.7768184Z added 492 packages, and audited 493 packages in 21s
ri_first_offender_felony-set	UNKNOWN STEP	2026-09-09T01:04:00.7768517Z 
ri_first_offender_felony-set	UNKNOWN STEP	2026-09-09T01:04:00.7768738Z 186 packages are looking for funding
ri_first_offender_felony-set	UNKNOWN STEP	2026-09-09T01:04:00.7769046Z   run `npm fund` for details
ri_first_offender_felony-set	UNKNOWN STEP	2026-09-09T01:04:00.9575335Z 
ri_first_offender_felony-set	UNKNOWN STEP	2026-09-09T01:04:00.9576558Z 39 vulnerabilities (2 low, 29 moderate, 7 high, 1 critical)
ri_first_offender_felony-set	UNKNOWN STEP	2026-09-09T01:04:00.9577092Z 
ri_first_offender_felony-set	UNKNOWN STEP	2026-09-09T01:04:00.9577524Z To address issues that do not require attention, run:
ri_first_offender_felony-set	UNKNOWN STEP	2026-09-09T01:04:00.9578184Z   npm audit fix
ri_first_offender_felony-set	UNKNOWN STEP	2026-09-09T01:04:00.9578449Z 
ri_first_offender_felony-set	UNKNOWN STEP	2026-09-09T01:04:00.9578664Z To address all issues, run:
ri_first_offender_felony-set	UNKNOWN STEP	2026-09-09T01:04:00.9579138Z   npm audit fix --force
ri_first_offender_felony-set	UNKNOWN STEP	2026-09-09T01:04:00.9579412Z 
ri_first_offender_felony-set	UNKNOWN STEP	2026-09-09T01:04:00.9579645Z Run `npm audit` for details.
ri_first_offender_felony-set	UNKNOWN STEP	2026-09-09T01:04:01.0336248Z ##[group]Run set -euo pipefail
ri_first_offender_felony-set	UNKNOWN STEP	2026-09-09T01:04:01.0336626Z ^[[36;1mset -euo pipefail^[[0m
ri_first_offender_felony-set	UNKNOWN STEP	2026-09-09T01:04:01.0337007Z ^[[36;1mexport PLAYWRIGHT_BROWSERS_PATH="$HOME/.cache/ms-playwright"^[[0m
ri_first_offender_felony-set	UNKNOWN STEP	2026-09-09T01:04:01.0337465Z ^[[36;1mnpx --yes playwright install --with-deps chromium^[[0m
ri_first_offender_felony-set	UNKNOWN STEP	2026-09-09T01:04:01.0337938Z ^[[36;1mecho "PLAYWRIGHT_BROWSERS_PATH=$PLAYWRIGHT_BROWSERS_PATH" >> "$GITHUB_ENV"^[[0m
ri_first_offender_felony-set	UNKNOWN STEP	2026-09-09T01:04:01.0374965Z shell: /usr/bin/bash -e {0}
ri_first_offender_felony-set	UNKNOWN STEP	2026-09-09T01:04:01.0375472Z ##[endgroup]
ri_first_offender_felony-set	UNKNOWN STEP	2026-09-09T01:04:01.8052023Z Installing dependencies...
ri_first_offender_felony-set	UNKNOWN STEP	2026-09-09T01:04:01.8114765Z Switching to root user to install dependencies...
ri_first_offender_felony-set	UNKNOWN STEP	2026-09-09T01:04:01.9279835Z Get:1 file:/etc/apt/apt-mirrors.txt Mirrorlist [144 B]
ri_first_offender_felony-set	UNKNOWN STEP	2026-09-09T01:04:01.9548523Z Get:6 https://packages.microsoft.com/ubuntu/24.04/prod noble InRelease [3600 B]
ri_first_offender_felony-set	UNKNOWN STEP	2026-09-09T01:04:01.9767393Z Hit:2 http://azure.archive.ubuntu.com/ubuntu noble InRelease
ri_first_offender_felony-set	UNKNOWN STEP	2026-09-09T01:04:01.9787242Z Get:3 http://azure.archive.ubuntu.com/ubuntu noble-updates InRelease [126 kB]
ri_first_offender_felony-set	UNKNOWN STEP	2026-09-09T01:04:01.9824920Z Get:4 http://azure.archive.ubuntu.com/ubuntu noble-backports InRelease [126 kB]
ri_first_offender_felony-set	UNKNOWN STEP	2026-09-09T01:04:01.9839937Z Get:5 http://azure.archive.ubuntu.com/ubuntu noble-security InRelease [126 kB]
ri_first_offender_felony-set	UNKNOWN STEP	2026-09-09T01:04:02.0303669Z Get:7 https://dl.google.com/linux/chrome-stable/deb stable InRelease [2548 B]
ri_first_offender_felony-set	UNKNOWN STEP	2026-09-09T01:04:02.0791868Z Get:8 https://packages.microsoft.com/ubuntu/24.04/prod noble/main arm64 Packages [404 kB]
ri_first_offender_felony-set	UNKNOWN STEP	2026-09-09T01:04:02.0947294Z Get:9 https://packages.microsoft.com/ubuntu/24.04/prod noble/main amd64 Packages [453 kB]
ri_first_offender_felony-set	UNKNOWN STEP	2026-09-09T01:04:02.1837871Z Get:10 http://azure.archive.ubuntu.com/ubuntu noble-updates/main amd64 Packages [1260 kB]
ri_first_offender_felony-set	UNKNOWN STEP	2026-09-09T01:04:02.1936220Z Get:11 http://azure.archive.ubuntu.com/ubuntu noble-updates/main Translation-en [292 kB]
ri_first_offender_felony-set	UNKNOWN STEP	2026-09-09T01:04:02.1937747Z Get:12 http://azure.archive.ubuntu.com/ubuntu noble-updates/main amd64 Components [180 kB]
ri_first_offender_felony-set	UNKNOWN STEP	2026-09-09T01:04:02.1957368Z Get:13 http://azure.archive.ubuntu.com/ubuntu noble-updates/universe amd64 Packages [1690 kB]
ri_first_offender_felony-set	UNKNOWN STEP	2026-09-09T01:04:02.2028085Z Get:14 http://azure.archive.ubuntu.com/ubuntu noble-updates/universe Translation-en [339 kB]
ri_first_offender_felony-set	UNKNOWN STEP	2026-09-09T01:04:02.2066739Z Get:15 http://azure.archive.ubuntu.com/ubuntu noble-updates/universe amd64 Components [388 kB]
ri_first_offender_felony-set	UNKNOWN STEP	2026-09-09T01:04:02.2086943Z Get:16 http://azure.archive.ubuntu.com/ubuntu noble-updates/restricted amd64 Packages [1536 kB]
ri_first_offender_felony-set	UNKNOWN STEP	2026-09-09T01:04:02.2163027Z Get:17 http://azure.archive.ubuntu.com/ubuntu noble-updates/restricted Translation-en [352 kB]
ri_first_offender_felony-set	UNKNOWN STEP	2026-09-09T01:04:02.2189508Z Get:18 http://azure.archive.ubuntu.com/ubuntu noble-updates/multiverse amd64 Components [940 B]
ri_first_offender_felony-set	UNKNOWN STEP	2026-09-09T01:04:02.2630274Z Get:19 http://azure.archive.ubuntu.com/ubuntu noble-backports/main amd64 Components [5760 B]
ri_first_offender_felony-set	UNKNOWN STEP	2026-09-09T01:04:02.3108051Z Get:20 http://azure.archive.ubuntu.com/ubuntu noble-backports/universe amd64 Components [12.6 kB]
ri_first_offender_felony-set	UNKNOWN STEP	2026-09-09T01:04:02.3109948Z Get:21 http://azure.archive.ubuntu.com/ubuntu noble-security/main amd64 Packages [1005 kB]
ri_first_offender_felony-set	UNKNOWN STEP	2026-09-09T01:04:02.3429811Z Get:22 http://azure.archive.ubuntu.com/ubuntu noble-security/main Translation-en [213 kB]
ri_first_offender_felony-set	UNKNOWN STEP	2026-09-09T01:04:02.4371741Z Get:23 http://azure.archive.ubuntu.com/ubuntu noble-security/main amd64 Components [46.3 kB]
ri_first_offender_felony-set	UNKNOWN STEP	2026-09-09T01:04:02.4376849Z Get:24 http://azure.archive.ubuntu.com/ubuntu noble-security/universe amd64 Packages [1206 kB]
ri_first_offender_felony-set	UNKNOWN STEP	2026-09-09T01:04:02.4948277Z Get:29 https://dl.google.com/linux/chrome-stable/deb stable/main amd64 Packages [1406 B]
ri_first_offender_felony-set	UNKNOWN STEP	2026-09-09T01:04:02.5491407Z Get:25 http://azure.archive.ubuntu.com/ubuntu noble-security/universe Translation-en [241 kB]
ri_first_offender_felony-set	UNKNOWN STEP	2026-09-09T01:04:02.5785486Z Get:26 http://azure.archive.ubuntu.com/ubuntu noble-security/universe amd64 Components [76.2 kB]
ri_first_offender_felony-set	UNKNOWN STEP	2026-09-09T01:04:02.5969322Z Get:27 http://azure.archive.ubuntu.com/ubuntu noble-security/restricted amd64 Packages [1441 kB]
ri_first_offender_felony-set	UNKNOWN STEP	2026-09-09T01:04:02.6423357Z Get:28 http://azure.archive.ubuntu.com/ubuntu noble-security/restricted Translation-en [334 kB]
ri_first_offender_felony-set	UNKNOWN STEP	2026-09-09T01:04:08.1543137Z Fetched 11.9 MB in 1s (8510 kB/s)
ri_first_offender_felony-set	UNKNOWN STEP	2026-09-09T01:04:08.9276745Z Reading package lists...
ri_first_offender_felony-set	UNKNOWN STEP	2026-09-09T01:04:08.9519075Z Reading package lists...
ri_first_offender_felony-set	UNKNOWN STEP	2026-09-09T01:04:09.1186972Z Building dependency tree...
ri_first_offender_felony-set	UNKNOWN STEP	2026-09-09T01:04:09.1194277Z Reading state information...
ri_first_offender_felony-set	UNKNOWN STEP	2026-09-09T01:04:09.2538592Z libasound2t64 is already the newest version (1.2.11-1ubuntu0.3).
ri_first_offender_felony-set	UNKNOWN STEP	2026-09-09T01:04:09.2539615Z libasound2t64 set to manually installed.
ri_first_offender_felony-set	UNKNOWN STEP	2026-09-09T01:04:09.2540621Z libatk-bridge2.0-0t64 is already the newest version (2.52.0-1build1).
ri_first_offender_felony-set	UNKNOWN STEP	2026-09-09T01:04:09.2541630Z libatk-bridge2.0-0t64 set to manually installed.
ri_first_offender_felony-set	UNKNOWN STEP	2026-09-09T01:04:09.2542685Z libatk1.0-0t64 is already the newest version (2.52.0-1build1).
ri_first_offender_felony-set	UNKNOWN STEP	2026-09-09T01:04:09.2543744Z libatk1.0-0t64 set to manually installed.
ri_first_offender_felony-set	UNKNOWN STEP	2026-09-09T01:04:09.2544458Z libatspi2.0-0t64 is already the newest version (2.52.0-1build1).
ri_first_offender_felony-set	UNKNOWN STEP	2026-09-09T01:04:09.2545080Z libatspi2.0-0t64 set to manually installed.
ri_first_offender_felony-set	UNKNOWN STEP	2026-09-09T01:04:09.2546126Z libcairo2 is already the newest version (1.18.0-3build1).
ri_first_offender_felony-set	UNKNOWN STEP	2026-09-09T01:04:09.2546874Z libcairo2 set to manually installed.
ri_first_offender_felony-set	UNKNOWN STEP	2026-09-09T01:04:09.2547752Z libcups2t64 is already the newest version (2.4.7-1.2ubuntu7.14).
ri_first_offender_felony-set	UNKNOWN STEP	2026-09-09T01:04:09.2548530Z libcups2t64 set to manually installed.
ri_first_offender_felony-set	UNKNOWN STEP	2026-09-09T01:04:09.2549370Z libdbus-1-3 is already the newest version (1.14.10-4ubuntu4.1).
ri_first_offender_felony-set	UNKNOWN STEP	2026-09-09T01:04:09.2550246Z libdbus-1-3 set to manually installed.
ri_first_offender_felony-set	UNKNOWN STEP	2026-09-09T01:04:09.2551128Z libdrm2 is already the newest version (2.4.125-1ubuntu0.1~24.04.2).
ri_first_offender_felony-set	UNKNOWN STEP	2026-09-09T01:04:09.2552089Z libdrm2 set to manually installed.
ri_first_offender_felony-set	UNKNOWN STEP	2026-09-09T01:04:09.2553034Z libgbm1 is already the newest version (25.2.8-0ubuntu0.24.04.2).
ri_first_offender_felony-set	UNKNOWN STEP	2026-09-09T01:04:09.2553937Z libgbm1 set to manually installed.
ri_first_offender_felony-set	UNKNOWN STEP	2026-09-09T01:04:09.2554914Z libglib2.0-0t64 is already the newest version (2.80.0-6ubuntu3.8).
ri_first_offender_felony-set	UNKNOWN STEP	2026-09-09T01:04:09.2556068Z libglib2.0-0t64 set to manually installed.
ri_first_offender_felony-set	UNKNOWN STEP	2026-09-09T01:04:09.2556831Z libnspr4 is already the newest version (2:4.35-1.1build1).
ri_first_offender_felony-set	UNKNOWN STEP	2026-09-09T01:04:09.2557521Z libnspr4 set to manually installed.
ri_first_offender_felony-set	UNKNOWN STEP	2026-09-09T01:04:09.2558246Z libnss3 is already the newest version (2:3.98-1ubuntu0.2).
ri_first_offender_felony-set	UNKNOWN STEP	2026-09-09T01:04:09.2559008Z libnss3 set to manually installed.
ri_first_offender_felony-set	UNKNOWN STEP	2026-09-09T01:04:09.2559749Z libpango-1.0-0 is already the newest version (1.52.1+ds-1build1).
ri_first_offender_felony-set	UNKNOWN STEP	2026-09-09T01:04:09.2560507Z libpango-1.0-0 set to manually installed.
ri_first_offender_felony-set	UNKNOWN STEP	2026-09-09T01:04:09.2561238Z libx11-6 is already the newest version (2:1.8.7-1build1).
ri_first_offender_felony-set	UNKNOWN STEP	2026-09-09T01:04:09.2561909Z libx11-6 set to manually installed.
ri_first_offender_felony-set	UNKNOWN STEP	2026-09-09T01:04:09.2562601Z libxcb1 is already the newest version (1.15-1ubuntu2).
ri_first_offender_felony-set	UNKNOWN STEP	2026-09-09T01:04:09.2563259Z libxcb1 set to manually installed.
ri_first_offender_felony-set	UNKNOWN STEP	2026-09-09T01:04:09.2564007Z libxcomposite1 is already the newest version (1:0.4.5-1build3).
ri_first_offender_felony-set	UNKNOWN STEP	2026-09-09T01:04:09.2564797Z libxcomposite1 set to manually installed.
ri_first_offender_felony-set	UNKNOWN STEP	2026-09-09T01:04:09.2565882Z libxdamage1 is already the newest version (1:1.1.6-1build1).
ri_first_offender_felony-set	UNKNOWN STEP	2026-09-09T01:04:09.2566648Z libxdamage1 set to manually installed.
ri_first_offender_felony-set	UNKNOWN STEP	2026-09-09T01:04:09.2567395Z libxext6 is already the newest version (2:1.3.4-1build2).
ri_first_offender_felony-set	UNKNOWN STEP	2026-09-09T01:04:09.2568109Z libxext6 set to manually installed.
ri_first_offender_felony-set	UNKNOWN STEP	2026-09-09T01:04:09.2568839Z libxfixes3 is already the newest version (1:6.0.0-2build1).
ri_first_offender_felony-set	UNKNOWN STEP	2026-09-09T01:04:09.2569562Z libxfixes3 set to manually installed.
ri_first_offender_felony-set	UNKNOWN STEP	2026-09-09T01:04:09.2570303Z libxkbcommon0 is already the newest version (1.6.0-1build1).
ri_first_offender_felony-set	UNKNOWN STEP	2026-09-09T01:04:09.2571056Z libxkbcommon0 set to manually installed.
ri_first_offender_felony-set	UNKNOWN STEP	2026-09-09T01:04:09.2571844Z libxrandr2 is already the newest version (2:1.5.2-2build1).
ri_first_offender_felony-set	UNKNOWN STEP	2026-09-09T01:04:09.2572583Z libxrandr2 set to manually installed.
ri_first_offender_felony-set	UNKNOWN STEP	2026-09-09T01:04:09.2573322Z xvfb is already the newest version (2:21.1.12-1ubuntu1.6).
ri_first_offender_felony-set	UNKNOWN STEP	2026-09-09T01:04:09.2574329Z fonts-noto-color-emoji is already the newest version (2.047-0ubuntu0.24.04.1).
ri_first_offender_felony-set	UNKNOWN STEP	2026-09-09T01:04:09.2575663Z libfontconfig1 is already the newest version (2.15.0-1.1ubuntu2).
ri_first_offender_felony-set	UNKNOWN STEP	2026-09-09T01:04:09.2576456Z libfontconfig1 set to manually installed.
ri_first_offender_felony-set	UNKNOWN STEP	2026-09-09T01:04:09.2577316Z libfreetype6 is already the newest version (2.13.2+dfsg-1ubuntu0.1).
ri_first_offender_felony-set	UNKNOWN STEP	2026-09-09T01:04:09.2578384Z libfreetype6 set to manually installed.
ri_first_offender_felony-set	UNKNOWN STEP	2026-09-09T01:04:09.2579175Z fonts-liberation is already the newest version (1:2.1.5-3).
ri_first_offender_felony-set	UNKNOWN STEP	2026-09-09T01:04:09.2580013Z fonts-liberation set to manually installed.
ri_first_offender_felony-set	UNKNOWN STEP	2026-09-09T01:04:09.2580735Z The following additional packages will be installed:
ri_first_offender_felony-set	UNKNOWN STEP	2026-09-09T01:04:09.2581363Z   xfonts-encodings xfonts-utils
ri_first_offender_felony-set	UNKNOWN STEP	2026-09-09T01:04:09.2581867Z Recommended packages:
ri_first_offender_felony-set	UNKNOWN STEP	2026-09-09T01:04:09.2582362Z   fonts-ipafont-mincho fonts-tlwg-loma
ri_first_offender_felony-set	UNKNOWN STEP	2026-09-09T01:04:09.2714976Z The following NEW packages will be installed:
ri_first_offender_felony-set	UNKNOWN STEP	2026-09-09T01:04:09.2716029Z   fonts-freefont-ttf fonts-ipafont-gothic fonts-tlwg-loma-otf fonts-unifont
ri_first_offender_felony-set	UNKNOWN STEP	2026-09-09T01:04:09.2720628Z   fonts-wqy-zenhei xfonts-cyrillic xfonts-encodings xfonts-scalable
ri_first_offender_felony-set	UNKNOWN STEP	2026-09-09T01:04:09.2721270Z   xfonts-utils
ri_first_offender_felony-set	UNKNOWN STEP	2026-09-09T01:04:09.2884998Z 0 upgraded, 9 newly installed, 0 to remove and 45 not upgraded.
ri_first_offender_felony-set	UNKNOWN STEP	2026-09-09T01:04:09.2885906Z Need to get 21.1 MB of archives.
ri_first_offender_felony-set	UNKNOWN STEP	2026-09-09T01:04:09.2886414Z After this operation, 79.5 MB of additional disk space will be used.
ri_first_offender_felony-set	UNKNOWN STEP	2026-09-09T01:04:09.2886932Z Get:1 file:/etc/apt/apt-mirrors.txt Mirrorlist [144 B]
ri_first_offender_felony-set	UNKNOWN STEP	2026-09-09T01:04:09.3508280Z Get:2 http://azure.archive.ubuntu.com/ubuntu noble/universe amd64 fonts-ipafont-gothic all 00303-21ubuntu1 [3513 kB]
ri_first_offender_felony-set	UNKNOWN STEP	2026-09-09T01:04:09.4492482Z Get:3 http://azure.archive.ubuntu.com/ubuntu noble/main amd64 fonts-freefont-ttf all 20211204+svn4273-2 [5641 kB]
ri_first_offender_felony-set	UNKNOWN STEP	2026-09-09T01:04:09.5758898Z Get:4 http://azure.archive.ubuntu.com/ubuntu noble/universe amd64 fonts-tlwg-loma-otf all 1:0.7.3-1 [107 kB]
ri_first_offender_felony-set	UNKNOWN STEP	2026-09-09T01:04:09.6221162Z Get:5 http://azure.archive.ubuntu.com/ubuntu noble/universe amd64 fonts-unifont all 1:15.1.01-1build1 [2993 kB]
ri_first_offender_felony-set	UNKNOWN STEP	2026-09-09T01:04:09.7097519Z Get:6 http://azure.archive.ubuntu.com/ubuntu noble/universe amd64 fonts-wqy-zenhei all 0.9.45-8 [7472 kB]
ri_first_offender_felony-set	UNKNOWN STEP	2026-09-09T01:04:09.8631145Z Get:7 http://azure.archive.ubuntu.com/ubuntu noble/main amd64 xfonts-encodings all 1:1.0.5-0ubuntu2 [578 kB]
ri_first_offender_felony-set	UNKNOWN STEP	2026-09-09T01:04:09.9164975Z Get:8 http://azure.archive.ubuntu.com/ubuntu noble/main amd64 xfonts-utils amd64 1:7.7+6build3 [94.4 kB]
ri_first_offender_felony-set	UNKNOWN STEP	2026-09-09T01:04:09.9627062Z Get:9 http://azure.archive.ubuntu.com/ubuntu noble/universe amd64 xfonts-cyrillic all 1:1.0.5+nmu1 [384 kB]
ri_first_offender_felony-set	UNKNOWN STEP	2026-09-09T01:04:10.0141023Z Get:10 http://azure.archive.ubuntu.com/ubuntu noble/main amd64 xfonts-scalable all 1:1.0.3-1.3 [304 kB]
ri_first_offender_felony-set	UNKNOWN STEP	2026-09-09T01:04:10.2797893Z Fetched 21.1 MB in 1s (28.6 MB/s)
ri_first_offender_felony-set	UNKNOWN STEP	2026-09-09T01:04:10.3240680Z Selecting previously unselected package fonts-ipafont-gothic.
ri_first_offender_felony-set	UNKNOWN STEP	2026-09-09T01:04:10.3552984Z (Reading database ... 
ri_first_offender_felony-set	UNKNOWN STEP	2026-09-09T01:04:10.3553589Z (Reading database ... 5%
ri_first_offender_felony-set	UNKNOWN STEP	2026-09-09T01:04:10.3554058Z (Reading database ... 10%
ri_first_offender_felony-set	UNKNOWN STEP	2026-09-09T01:04:10.3554450Z (Reading database ... 15%
ri_first_offender_felony-set	UNKNOWN STEP	2026-09-09T01:04:10.3554825Z (Reading database ... 20%
ri_first_offender_felony-set	UNKNOWN STEP	2026-09-09T01:04:10.3555568Z (Reading database ... 25%
ri_first_offender_felony-set	UNKNOWN STEP	2026-09-09T01:04:10.3555935Z (Reading database ... 30%
ri_first_offender_felony-set	UNKNOWN STEP	2026-09-09T01:04:10.3556283Z (Reading database ... 35%
ri_first_offender_felony-set	UNKNOWN STEP	2026-09-09T01:04:10.3556625Z (Reading database ... 40%
ri_first_offender_felony-set	UNKNOWN STEP	2026-09-09T01:04:10.3556963Z (Reading database ... 45%
ri_first_offender_felony-set	UNKNOWN STEP	2026-09-09T01:04:10.3557325Z (Reading database ... 50%
ri_first_offender_felony-set	UNKNOWN STEP	2026-09-09T01:04:10.3808321Z (Reading database ... 55%
ri_first_offender_felony-set	UNKNOWN STEP	2026-09-09T01:04:10.6982395Z (Reading database ... 60%
ri_first_offender_felony-set	UNKNOWN STEP	2026-09-09T01:04:10.9282416Z (Reading database ... 65%
ri_first_offender_felony-set	UNKNOWN STEP	2026-09-09T01:04:11.1740259Z (Reading database ... 70%
ri_first_offender_felony-set	UNKNOWN STEP	2026-09-09T01:04:11.3577348Z (Reading database ... 75%
ri_first_offender_felony-set	UNKNOWN STEP	2026-09-09T01:04:11.6387570Z (Reading database ... 80%
ri_first_offender_felony-set	UNKNOWN STEP	2026-09-09T01:04:12.0620916Z (Reading database ... 85%
ri_first_offender_felony-set	UNKNOWN STEP	2026-09-09T01:04:12.4982882Z (Reading database ... 90%
ri_first_offender_felony-set	UNKNOWN STEP	2026-09-09T01:04:12.9450545Z (Reading database ... 95%
ri_first_offender_felony-set	UNKNOWN STEP	2026-09-09T01:04:12.9451227Z (Reading database ... 100%
ri_first_offender_felony-set	UNKNOWN STEP	2026-09-09T01:04:12.9451986Z (Reading database ... 201676 files and directories currently installed.)
ri_first_offender_felony-set	UNKNOWN STEP	2026-09-09T01:04:12.9497225Z Preparing to unpack .../0-fonts-ipafont-gothic_00303-21ubuntu1_all.deb ...
ri_first_offender_felony-set	UNKNOWN STEP	2026-09-09T01:04:12.9586510Z Unpacking fonts-ipafont-gothic (00303-21ubuntu1) ...
ri_first_offender_felony-set	UNKNOWN STEP	2026-09-09T01:04:13.1834959Z Selecting previously unselected package fonts-freefont-ttf.
ri_first_offender_felony-set	UNKNOWN STEP	2026-09-09T01:04:13.1960992Z Preparing to unpack .../1-fonts-freefont-ttf_20211204+svn4273-2_all.deb ...
ri_first_offender_felony-set	UNKNOWN STEP	2026-09-09T01:04:13.1969386Z Unpacking fonts-freefont-ttf (20211204+svn4273-2) ...
ri_first_offender_felony-set	UNKNOWN STEP	2026-09-09T01:04:13.2722514Z Selecting previously unselected package fonts-tlwg-loma-otf.
ri_first_offender_felony-set	UNKNOWN STEP	2026-09-09T01:04:13.2848913Z Preparing to unpack .../2-fonts-tlwg-loma-otf_1%3a0.7.3-1_all.deb ...
ri_first_offender_felony-set	UNKNOWN STEP	2026-09-09T01:04:13.2858923Z Unpacking fonts-tlwg-loma-otf (1:0.7.3-1) ...
ri_first_offender_felony-set	UNKNOWN STEP	2026-09-09T01:04:13.3063646Z Selecting previously unselected package fonts-unifont.
ri_first_offender_felony-set	UNKNOWN STEP	2026-09-09T01:04:13.3188470Z Preparing to unpack .../3-fonts-unifont_1%3a15.1.01-1build1_all.deb ...
ri_first_offender_felony-set	UNKNOWN STEP	2026-09-09T01:04:13.3195872Z Unpacking fonts-unifont (1:15.1.01-1build1) ...
ri_first_offender_felony-set	UNKNOWN STEP	2026-09-09T01:04:13.4234637Z Selecting previously unselected package fonts-wqy-zenhei.
ri_first_offender_felony-set	UNKNOWN STEP	2026-09-09T01:04:13.4363518Z Preparing to unpack .../4-fonts-wqy-zenhei_0.9.45-8_all.deb ...
ri_first_offender_felony-set	UNKNOWN STEP	2026-09-09T01:04:13.4461696Z Unpacking fonts-wqy-zenhei (0.9.45-8) ...
ri_first_offender_felony-set	UNKNOWN STEP	2026-09-09T01:04:13.9137215Z Selecting previously unselected package xfonts-encodings.
ri_first_offender_felony-set	UNKNOWN STEP	2026-09-09T01:04:13.9261836Z Preparing to unpack .../5-xfonts-encodings_1%3a1.0.5-0ubuntu2_all.deb ...
ri_first_offender_felony-set	UNKNOWN STEP	2026-09-09T01:04:13.9270129Z Unpacking xfonts-encodings (1:1.0.5-0ubuntu2) ...
ri_first_offender_felony-set	UNKNOWN STEP	2026-09-09T01:04:13.9552322Z Selecting previously unselected package xfonts-utils.
ri_first_offender_felony-set	UNKNOWN STEP	2026-09-09T01:04:13.9678182Z Preparing to unpack .../6-xfonts-utils_1%3a7.7+6build3_amd64.deb ...
ri_first_offender_felony-set	UNKNOWN STEP	2026-09-09T01:04:13.9701550Z Unpacking xfonts-utils (1:7.7+6build3) ...
ri_first_offender_felony-set	UNKNOWN STEP	2026-09-09T01:04:14.0031519Z Selecting previously unselected package xfonts-cyrillic.
ri_first_offender_felony-set	UNKNOWN STEP	2026-09-09T01:04:14.0156409Z Preparing to unpack .../7-xfonts-cyrillic_1%3a1.0.5+nmu1_all.deb ...
ri_first_offender_felony-set	UNKNOWN STEP	2026-09-09T01:04:14.0164764Z Unpacking xfonts-cyrillic (1:1.0.5+nmu1) ...
ri_first_offender_felony-set	UNKNOWN STEP	2026-09-09T01:04:14.0505149Z Selecting previously unselected package xfonts-scalable.
ri_first_offender_felony-set	UNKNOWN STEP	2026-09-09T01:04:14.0628959Z Preparing to unpack .../8-xfonts-scalable_1%3a1.0.3-1.3_all.deb ...
ri_first_offender_felony-set	UNKNOWN STEP	2026-09-09T01:04:14.0637519Z Unpacking xfonts-scalable (1:1.0.3-1.3) ...
ri_first_offender_felony-set	UNKNOWN STEP	2026-09-09T01:04:14.1032671Z Setting up fonts-wqy-zenhei (0.9.45-8) ...
ri_first_offender_felony-set	UNKNOWN STEP	2026-09-09T01:04:14.1154974Z Setting up fonts-freefont-ttf (20211204+svn4273-2) ...
ri_first_offender_felony-set	UNKNOWN STEP	2026-09-09T01:04:14.1174041Z Setting up fonts-tlwg-loma-otf (1:0.7.3-1) ...
ri_first_offender_felony-set	UNKNOWN STEP	2026-09-09T01:04:14.1194875Z Setting up xfonts-encodings (1:1.0.5-0ubuntu2) ...
ri_first_offender_felony-set	UNKNOWN STEP	2026-09-09T01:04:14.1214046Z Setting up fonts-ipafont-gothic (00303-21ubuntu1) ...
ri_first_offender_felony-set	UNKNOWN STEP	2026-09-09T01:04:14.1297039Z update-alternatives: using /usr/share/fonts/opentype/ipafont-gothic/ipag.ttf to provide /usr/share/fonts/truetype/fonts-japanese-gothic.ttf (fonts-japanese-gothic.ttf) in auto mode
ri_first_offender_felony-set	UNKNOWN STEP	2026-09-09T01:04:14.1313675Z Setting up fonts-unifont (1:15.1.01-1build1) ...
ri_first_offender_felony-set	UNKNOWN STEP	2026-09-09T01:04:14.1333217Z Setting up xfonts-utils (1:7.7+6build3) ...
ri_first_offender_felony-set	UNKNOWN STEP	2026-09-09T01:04:14.1374203Z Setting up xfonts-cyrillic (1:1.0.5+nmu1) ...
ri_first_offender_felony-set	UNKNOWN STEP	2026-09-09T01:04:14.1710934Z Setting up xfonts-scalable (1:1.0.3-1.3) ...
ri_first_offender_felony-set	UNKNOWN STEP	2026-09-09T01:04:14.1984232Z Processing triggers for man-db (2.12.0-4build2) ...
ri_first_offender_felony-set	UNKNOWN STEP	2026-09-09T01:04:14.2005045Z Not building database; man-db/auto-update is not 'true'.
ri_first_offender_felony-set	UNKNOWN STEP	2026-09-09T01:04:14.2018480Z Processing triggers for fontconfig (2.15.0-1.1ubuntu2) ...
ri_first_offender_felony-set	UNKNOWN STEP	2026-09-09T01:04:15.3387592Z 
ri_first_offender_felony-set	UNKNOWN STEP	2026-09-09T01:04:15.3388210Z Running kernel seems to be up-to-date.
ri_first_offender_felony-set	UNKNOWN STEP	2026-09-09T01:04:15.3388618Z 
ri_first_offender_felony-set	UNKNOWN STEP	2026-09-09T01:04:15.3388889Z No services need to be restarted.
ri_first_offender_felony-set	UNKNOWN STEP	2026-09-09T01:04:15.3389203Z 
ri_first_offender_felony-set	UNKNOWN STEP	2026-09-09T01:04:15.3389456Z No containers need to be restarted.
ri_first_offender_felony-set	UNKNOWN STEP	2026-09-09T01:04:15.3389780Z 
ri_first_offender_felony-set	UNKNOWN STEP	2026-09-09T01:04:15.3390110Z No user sessions are running outdated binaries.
ri_first_offender_felony-set	UNKNOWN STEP	2026-09-09T01:04:15.3390490Z 
ri_first_offender_felony-set	UNKNOWN STEP	2026-09-09T01:04:15.3390999Z No VM guests are running outdated hypervisor (qemu) binaries on this host.
ri_first_offender_felony-set	UNKNOWN STEP	2026-09-09T01:04:16.1620955Z Downloading Chrome for Testing 148.0.7778.96 (playwright chromium v1223) from https://cdn.playwright.dev/builds/cft/148.0.7778.96/linux64/chrome-linux64.zip
ri_first_offender_felony-set	UNKNOWN STEP	2026-09-09T01:04:17.1930596Z |                                                                                |   0% of 175.4 MiB
ri_first_offender_felony-set	UNKNOWN STEP	2026-09-09T01:04:17.3668240Z |■■■■■■■■                                                                        |  10% of 175.4 MiB
ri_first_offender_felony-set	UNKNOWN STEP	2026-09-09T01:04:17.4614929Z |■■■■■■■■■■■■■■■■                                                                |  20% of 175.4 MiB
ri_first_offender_felony-set	UNKNOWN STEP	2026-09-09T01:04:17.5543842Z |■■■■■■■■■■■■■■■■■■■■■■■■                                                        |  30% of 175.4 MiB
ri_first_offender_felony-set	UNKNOWN STEP	2026-09-09T01:04:17.6224715Z |■■■■■■■■■■■■■■■■■■■■■■■■■■■■■■■■                                                |  40% of 175.4 MiB
ri_first_offender_felony-set	UNKNOWN STEP	2026-09-09T01:04:17.6854505Z |■■■■■■■■■■■■■■■■■■■■■■■■■■■■■■■■■■■■■■■■                                        |  50% of 175.4 MiB
ri_first_offender_felony-set	UNKNOWN STEP	2026-09-09T01:04:17.7481883Z |■■■■■■■■■■■■■■■■■■■■■■■■■■■■■■■■■■■■■■■■■■■■■■■■                                |  60% of 175.4 MiB
ri_first_offender_felony-set	UNKNOWN STEP	2026-09-09T01:04:17.8243527Z |■■■■■■■■■■■■■■■■■■■■■■■■■■■■■■■■■■■■■■■■■■■■■■■■■■■■■■■■                        |  70% of 175.4 MiB
ri_first_offender_felony-set	UNKNOWN STEP	2026-09-09T01:04:17.8906796Z |■■■■■■■■■■■■■■■■■■■■■■■■■■■■■■■■■■■■■■■■■■■■■■■■■■■■■■■■■■■■■■■■                |  80% of 175.4 MiB
ri_first_offender_felony-set	UNKNOWN STEP	2026-09-09T01:04:17.9521722Z |■■■■■■■■■■■■■■■■■■■■■■■■■■■■■■■■■■■■■■■■■■■■■■■■■■■■■■■■■■■■■■■■■■■■■■■■        |  90% of 175.4 MiB
ri_first_offender_felony-set	UNKNOWN STEP	2026-09-09T01:04:18.0482096Z |■■■■■■■■■■■■■■■■■■■■■■■■■■■■■■■■■■■■■■■■■■■■■■■■■■■■■■■■■■■■■■■■■■■■■■■■■■■■■■■■| 100% of 175.4 MiB
ri_first_offender_felony-set	UNKNOWN STEP	2026-09-09T01:04:20.7487384Z Chrome for Testing 148.0.7778.96 (playwright chromium v1223) downloaded to /home/runner/.cache/ms-playwright/chromium-1223
ri_first_offender_felony-set	UNKNOWN STEP	2026-09-09T01:04:20.7490851Z Downloading FFmpeg (playwright ffmpeg v1011) from https://cdn.playwright.dev/dbazure/download/playwright/builds/ffmpeg/1011/ffmpeg-linux.zip
ri_first_offender_felony-set	UNKNOWN STEP	2026-09-09T01:04:21.7206643Z |                                                                                |   0% of 2.3 MiB
ri_first_offender_felony-set	UNKNOWN STEP	2026-09-09T01:04:21.7237672Z |■■■■■■■■                                                                        |  10% of 2.3 MiB
ri_first_offender_felony-set	UNKNOWN STEP	2026-09-09T01:04:21.7264477Z |■■■■■■■■■■■■■■■■                                                                |  20% of 2.3 MiB
ri_first_offender_felony-set	UNKNOWN STEP	2026-09-09T01:04:21.7280649Z |■■■■■■■■■■■■■■■■■■■■■■■■                                                        |  30% of 2.3 MiB
ri_first_offender_felony-set	UNKNOWN STEP	2026-09-09T01:04:21.7298115Z |■■■■■■■■■■■■■■■■■■■■■■■■■■■■■■■■                                                |  40% of 2.3 MiB
ri_first_offender_felony-set	UNKNOWN STEP	2026-09-09T01:04:21.7313090Z |■■■■■■■■■■■■■■■■■■■■■■■■■■■■■■■■■■■■■■■■                                        |  50% of 2.3 MiB
ri_first_offender_felony-set	UNKNOWN STEP	2026-09-09T01:04:21.7326264Z |■■■■■■■■■■■■■■■■■■■■■■■■■■■■■■■■■■■■■■■■■■■■■■■■                                |  60% of 2.3 MiB
ri_first_offender_felony-set	UNKNOWN STEP	2026-09-09T01:04:21.7343981Z |■■■■■■■■■■■■■■■■■■■■■■■■■■■■■■■■■■■■■■■■■■■■■■■■■■■■■■■■                        |  70% of 2.3 MiB
ri_first_offender_felony-set	UNKNOWN STEP	2026-09-09T01:04:21.7356934Z |■■■■■■■■■■■■■■■■■■■■■■■■■■■■■■■■■■■■■■■■■■■■■■■■■■■■■■■■■■■■■■■■                |  80% of 2.3 MiB
ri_first_offender_felony-set	UNKNOWN STEP	2026-09-09T01:04:21.7369294Z |■■■■■■■■■■■■■■■■■■■■■■■■■■■■■■■■■■■■■■■■■■■■■■■■■■■■■■■■■■■■■■■■■■■■■■■■        |  90% of 2.3 MiB
ri_first_offender_felony-set	UNKNOWN STEP	2026-09-09T01:04:21.7380636Z |■■■■■■■■■■■■■■■■■■■■■■■■■■■■■■■■■■■■■■■■■■■■■■■■■■■■■■■■■■■■■■■■■■■■■■■■■■■■■■■■| 100% of 2.3 MiB
ri_first_offender_felony-set	UNKNOWN STEP	2026-09-09T01:04:21.8041693Z FFmpeg (playwright ffmpeg v1011) downloaded to /home/runner/.cache/ms-playwright/ffmpeg-1011
ri_first_offender_felony-set	UNKNOWN STEP	2026-09-09T01:04:21.8047708Z Downloading Chrome Headless Shell 148.0.7778.96 (playwright chromium-headless-shell v1223) from https://cdn.playwright.dev/builds/cft/148.0.7778.96/linux64/chrome-headless-shell-linux64.zip
ri_first_offender_felony-set	UNKNOWN STEP	2026-09-09T01:04:22.8966622Z |                                                                                |   0% of 113.2 MiB
ri_first_offender_felony-set	UNKNOWN STEP	2026-09-09T01:04:23.0301442Z |■■■■■■■■                                                                        |  10% of 113.2 MiB
ri_first_offender_felony-set	UNKNOWN STEP	2026-09-09T01:04:23.0974096Z |■■■■■■■■■■■■■■■■                                                                |  20% of 113.2 MiB
ri_first_offender_felony-set	UNKNOWN STEP	2026-09-09T01:04:23.1506734Z |■■■■■■■■■■■■■■■■■■■■■■■■                                                        |  30% of 113.2 MiB
ri_first_offender_felony-set	UNKNOWN STEP	2026-09-09T01:04:23.2046576Z |■■■■■■■■■■■■■■■■■■■■■■■■■■■■■■■■                                                |  40% of 113.2 MiB
ri_first_offender_felony-set	UNKNOWN STEP	2026-09-09T01:04:23.2503494Z |■■■■■■■■■■■■■■■■■■■■■■■■■■■■■■■■■■■■■■■■                                        |  50% of 113.2 MiB
ri_first_offender_felony-set	UNKNOWN STEP	2026-09-09T01:04:23.2955694Z |■■■■■■■■■■■■■■■■■■■■■■■■■■■■■■■■■■■■■■■■■■■■■■■■                                |  60% of 113.2 MiB
ri_first_offender_felony-set	UNKNOWN STEP	2026-09-09T01:04:23.3364814Z |■■■■■■■■■■■■■■■■■■■■■■■■■■■■■■■■■■■■■■■■■■■■■■■■■■■■■■■■                        |  70% of 113.2 MiB
ri_first_offender_felony-set	UNKNOWN STEP	2026-09-09T01:04:23.3910217Z |■■■■■■■■■■■■■■■■■■■■■■■■■■■■■■■■■■■■■■■■■■■■■■■■■■■■■■■■■■■■■■■■                |  80% of 113.2 MiB
ri_first_offender_felony-set	UNKNOWN STEP	2026-09-09T01:04:23.4332355Z |■■■■■■■■■■■■■■■■■■■■■■■■■■■■■■■■■■■■■■■■■■■■■■■■■■■■■■■■■■■■■■■■■■■■■■■■        |  90% of 113.2 MiB
ri_first_offender_felony-set	UNKNOWN STEP	2026-09-09T01:04:23.4702629Z |■■■■■■■■■■■■■■■■■■■■■■■■■■■■■■■■■■■■■■■■■■■■■■■■■■■■■■■■■■■■■■■■■■■■■■■■■■■■■■■■| 100% of 113.2 MiB
ri_first_offender_felony-set	UNKNOWN STEP	2026-09-09T01:04:25.4179641Z Chrome Headless Shell 148.0.7778.96 (playwright chromium-headless-shell v1223) downloaded to /home/runner/.cache/ms-playwright/chromium_headless_shell-1223
ri_first_offender_felony-set	UNKNOWN STEP	2026-09-09T01:04:25.4434405Z ##[group]Run node scripts/rcap-raster-batch.mjs \
ri_first_offender_felony-set	UNKNOWN STEP	2026-09-09T01:04:25.4434827Z ^[[36;1mnode scripts/rcap-raster-batch.mjs \^[[0m
ri_first_offender_felony-set	UNKNOWN STEP	2026-09-09T01:04:25.4435156Z ^[[36;1m  --manifest "$MANIFEST_PATH" \^[[0m
ri_first_offender_felony-set	UNKNOWN STEP	2026-09-09T01:04:25.4435873Z ^[[36;1m  --family "$FAMILY" \^[[0m
ri_first_offender_felony-set	UNKNOWN STEP	2026-09-09T01:04:25.4436139Z ^[[36;1m  --commit "$COMMIT_SHA" \^[[0m
ri_first_offender_felony-set	UNKNOWN STEP	2026-09-09T01:04:25.4436436Z ^[[36;1m  --scale "$REQUESTED_SCALE" \^[[0m
ri_first_offender_felony-set	UNKNOWN STEP	2026-09-09T01:04:25.4436727Z ^[[36;1m  --run-id "$WORKFLOW_RUN_ID" \^[[0m
ri_first_offender_felony-set	UNKNOWN STEP	2026-09-09T01:04:25.4437001Z ^[[36;1m  --out raster-out^[[0m
ri_first_offender_felony-set	UNKNOWN STEP	2026-09-09T01:04:25.4474922Z shell: /usr/bin/bash -e {0}
ri_first_offender_felony-set	UNKNOWN STEP	2026-09-09T01:04:25.4475399Z env:
ri_first_offender_felony-set	UNKNOWN STEP	2026-09-09T01:04:25.4475724Z   PLAYWRIGHT_BROWSERS_PATH: /home/runner/.cache/ms-playwright
ri_first_offender_felony-set	UNKNOWN STEP	2026-09-09T01:04:25.4476193Z   MANIFEST_PATH: data/rcap-grade-a/packet-factory-24h/RASTER_QUEUE.json
ri_first_offender_felony-set	UNKNOWN STEP	2026-09-09T01:04:25.4476596Z   FAMILY: ri_first_offender_felony-set
ri_first_offender_felony-set	UNKNOWN STEP	2026-09-09T01:04:25.4476917Z   COMMIT_SHA: 25fb6a47e25717975b4953cb4924a164c181d4ec
ri_first_offender_felony-set	UNKNOWN STEP	2026-09-09T01:04:25.4477256Z   REQUESTED_SCALE: 2.5
ri_first_offender_felony-set	UNKNOWN STEP	2026-09-09T01:04:25.4477483Z   WORKFLOW_RUN_ID: 34297296663
ri_first_offender_felony-set	UNKNOWN STEP	2026-09-09T01:04:25.4477720Z ##[endgroup]
ri_first_offender_felony-set	UNKNOWN STEP	2026-09-09T01:10:05.5361978Z RASTER_PASS ri_first_offender_felony-set — 2 document(s), 30 page(s) measured, 0 problem(s)
ri_first_offender_felony-set	UNKNOWN STEP	2026-09-09T01:10:05.5539930Z ##[group]Run set -euo pipefail
ri_first_offender_felony-set	UNKNOWN STEP	2026-09-09T01:10:05.5540270Z ^[[36;1mset -euo pipefail^[[0m
ri_first_offender_felony-set	UNKNOWN STEP	2026-09-09T01:10:05.5540652Z ^[[36;1m# The render writes only under raster-out/. If a tracked file moved,^[[0m
ri_first_offender_felony-set	UNKNOWN STEP	2026-09-09T01:10:05.5541078Z ^[[36;1m# something wrote where it must not.^[[0m
ri_first_offender_felony-set	UNKNOWN STEP	2026-09-09T01:10:05.5541424Z ^[[36;1mgit diff --quiet && git diff --cached --quiet \^[[0m
ri_first_offender_felony-set	UNKNOWN STEP	2026-09-09T01:10:05.5541949Z ^[[36;1m  || { echo "REFUSED: the render modified tracked files"; git status --porcelain; exit 1; }^[[0m
ri_first_offender_felony-set	UNKNOWN STEP	2026-09-09T01:10:05.5581527Z shell: /usr/bin/bash -e {0}
ri_first_offender_felony-set	UNKNOWN STEP	2026-09-09T01:10:05.5581788Z env:
ri_first_offender_felony-set	UNKNOWN STEP	2026-09-09T01:10:05.5582072Z   PLAYWRIGHT_BROWSERS_PATH: /home/runner/.cache/ms-playwright
ri_first_offender_felony-set	UNKNOWN STEP	2026-09-09T01:10:05.5582430Z ##[endgroup]
ri_first_offender_felony-set	UNKNOWN STEP	2026-09-09T01:10:06.3269057Z ##[group]Run printf 'FAMILY_SLUG=%s\n' "$(printf '%s' "$FAMILY" | tr -c 'A-Za-z0-9._-' '_')" >> "$GITHUB_ENV"
ri_first_offender_felony-set	UNKNOWN STEP	2026-09-09T01:10:06.3269783Z ^[[36;1mprintf 'FAMILY_SLUG=%s\n' "$(printf '%s' "$FAMILY" | tr -c 'A-Za-z0-9._-' '_')" >> "$GITHUB_ENV"^[[0m
ri_first_offender_felony-set	UNKNOWN STEP	2026-09-09T01:10:06.3306770Z shell: /usr/bin/bash -e {0}
ri_first_offender_felony-set	UNKNOWN STEP	2026-09-09T01:10:06.3307027Z env:
ri_first_offender_felony-set	UNKNOWN STEP	2026-09-09T01:10:06.3307497Z   PLAYWRIGHT_BROWSERS_PATH: /home/runner/.cache/ms-playwright
ri_first_offender_felony-set	UNKNOWN STEP	2026-09-09T01:10:06.3307876Z   FAMILY: ri_first_offender_felony-set
ri_first_offender_felony-set	UNKNOWN STEP	2026-09-09T01:10:06.3308142Z ##[endgroup]
ri_first_offender_felony-set	UNKNOWN STEP	2026-09-09T01:10:06.3446742Z Node 20 is being deprecated. This workflow is running with Node 24 by default. If you need to temporarily use Node 20, you can set the ACTIONS_ALLOW_USE_UNSECURE_NODE_VERSION=true environment variable. For more information see: https://github.blog/changelog/2025-09-19-deprecation-of-node-20-on-github-actions-runners/
ri_first_offender_felony-set	UNKNOWN STEP	2026-09-09T01:10:06.3448064Z ##[group]Run actions/upload-artifact@v4
ri_first_offender_felony-set	UNKNOWN STEP	2026-09-09T01:10:06.3448335Z with:
ri_first_offender_felony-set	UNKNOWN STEP	2026-09-09T01:10:06.3448606Z   name: rcap-raster-ri_first_offender_felony-set-34297296663
ri_first_offender_felony-set	UNKNOWN STEP	2026-09-09T01:10:06.3448944Z   path: raster-out/
ri_first_offender_felony-set	UNKNOWN STEP	2026-09-09T01:10:06.3449160Z   if-no-files-found: error
ri_first_offender_felony-set	UNKNOWN STEP	2026-09-09T01:10:06.3449388Z   retention-days: 14
ri_first_offender_felony-set	UNKNOWN STEP	2026-09-09T01:10:06.3449605Z   compression-level: 6
ri_first_offender_felony-set	UNKNOWN STEP	2026-09-09T01:10:06.3449815Z   overwrite: false
ri_first_offender_felony-set	UNKNOWN STEP	2026-09-09T01:10:06.3450023Z   include-hidden-files: false
ri_first_offender_felony-set	UNKNOWN STEP	2026-09-09T01:10:06.3450266Z env:
ri_first_offender_felony-set	UNKNOWN STEP	2026-09-09T01:10:06.3450562Z   PLAYWRIGHT_BROWSERS_PATH: /home/runner/.cache/ms-playwright
ri_first_offender_felony-set	UNKNOWN STEP	2026-09-09T01:10:06.3450951Z   FAMILY_SLUG: ri_first_offender_felony-set
ri_first_offender_felony-set	UNKNOWN STEP	2026-09-09T01:10:06.3451220Z ##[endgroup]
ri_first_offender_felony-set	UNKNOWN STEP	2026-09-09T01:10:06.5137629Z (node:7818) [DEP0040] DeprecationWarning: The `punycode` module is deprecated. Please use a userland alternative instead.
ri_first_offender_felony-set	UNKNOWN STEP	2026-09-09T01:10:06.5139432Z (Use `node --trace-deprecation ...` to show where the warning was created)
ri_first_offender_felony-set	UNKNOWN STEP	2026-09-09T01:10:06.5292619Z With the provided path, there will be 37 files uploaded
ri_first_offender_felony-set	UNKNOWN STEP	2026-09-09T01:10:06.5299568Z Artifact name is valid!
ri_first_offender_felony-set	UNKNOWN STEP	2026-09-09T01:10:06.5300073Z Root directory input is valid!
ri_first_offender_felony-set	UNKNOWN STEP	2026-09-09T01:10:06.8852954Z Beginning upload of artifact content to blob storage
ri_first_offender_felony-set	UNKNOWN STEP	2026-09-09T01:10:07.2081169Z (node:7818) [DEP0169] DeprecationWarning: `url.parse()` behavior is not standardized and prone to errors that have security implications. Use the WHATWG URL API instead. CVEs are not issued for `url.parse()` vulnerabilities.
ri_first_offender_felony-set	UNKNOWN STEP	2026-09-09T01:10:07.8961421Z Uploaded bytes 8388608
ri_first_offender_felony-set	UNKNOWN STEP	2026-09-09T01:10:08.0355612Z Uploaded bytes 12039714
ri_first_offender_felony-set	UNKNOWN STEP	2026-09-09T01:10:08.0970588Z Finished uploading artifact content to blob storage!
ri_first_offender_felony-set	UNKNOWN STEP	2026-09-09T01:10:08.0972182Z SHA256 digest of uploaded artifact zip is 2728ca0851d8c69f708d9b6294256af16a6a3af8c9fe695ed6368af558a55182
ri_first_offender_felony-set	UNKNOWN STEP	2026-09-09T01:10:08.0973508Z Finalizing artifact upload
ri_first_offender_felony-set	UNKNOWN STEP	2026-09-09T01:10:08.3423383Z Artifact rcap-raster-ri_first_offender_felony-set-34297296663.zip successfully finalized. Artifact ID 10083876885
ri_first_offender_felony-set	UNKNOWN STEP	2026-09-09T01:10:08.3426737Z Artifact rcap-raster-ri_first_offender_felony-set-34297296663 has been successfully uploaded! Final size is 12039714 bytes. Artifact ID is 10083876885
ri_first_offender_felony-set	UNKNOWN STEP	2026-09-09T01:10:08.3431442Z Artifact download URL: https://github.com/Roger-LegalEase/legalease-partner-dashboard-clean/actions/runs/34297296663/artifacts/10083876885
ri_first_offender_felony-set	UNKNOWN STEP	2026-09-09T01:10:08.3627371Z Node 20 is being deprecated. This workflow is running with Node 24 by default. If you need to temporarily use Node 20, you can set the ACTIONS_ALLOW_USE_UNSECURE_NODE_VERSION=true environment variable. For more information see: https://github.blog/changelog/2025-09-19-deprecation-of-node-20-on-github-actions-runners/
ri_first_offender_felony-set	UNKNOWN STEP	2026-09-09T01:10:08.3628670Z Post job cleanup.
ri_first_offender_felony-set	UNKNOWN STEP	2026-09-09T01:10:08.4874735Z (node:7830) [DEP0040] DeprecationWarning: The `punycode` module is deprecated. Please use a userland alternative instead.
ri_first_offender_felony-set	UNKNOWN STEP	2026-09-09T01:10:08.4876238Z (Use `node --trace-deprecation ...` to show where the warning was created)
ri_first_offender_felony-set	UNKNOWN STEP	2026-09-09T01:10:08.5069538Z Node 20 is being deprecated. This workflow is running with Node 24 by default. If you need to temporarily use Node 20, you can set the ACTIONS_ALLOW_USE_UNSECURE_NODE_VERSION=true environment variable. For more information see: https://github.blog/changelog/2025-09-19-deprecation-of-node-20-on-github-actions-runners/
ri_first_offender_felony-set	UNKNOWN STEP	2026-09-09T01:10:08.5070821Z Post job cleanup.
ri_first_offender_felony-set	UNKNOWN STEP	2026-09-09T01:10:08.5969567Z [command]/usr/bin/git version
ri_first_offender_felony-set	UNKNOWN STEP	2026-09-09T01:10:08.6018713Z git version 2.55.0
ri_first_offender_felony-set	UNKNOWN STEP	2026-09-09T01:10:08.6060224Z Temporarily overriding HOME='/home/runner/work/_temp/aba7f66d-0025-4164-9372-94844bc2b84e' before making global git config changes
ri_first_offender_felony-set	UNKNOWN STEP	2026-09-09T01:10:08.6061822Z Adding repository directory to the temporary git global config as a safe directory
ri_first_offender_felony-set	UNKNOWN STEP	2026-09-09T01:10:08.6067402Z [command]/usr/bin/git config --global --add safe.directory /home/runner/work/legalease-partner-dashboard-clean/legalease-partner-dashboard-clean
ri_first_offender_felony-set	UNKNOWN STEP	2026-09-09T01:10:08.6108391Z [command]/usr/bin/git config --local --name-only --get-regexp core\.sshCommand
ri_first_offender_felony-set	UNKNOWN STEP	2026-09-09T01:10:08.6165060Z [command]/usr/bin/git submodule foreach --recursive sh -c "git config --local --name-only --get-regexp 'core\.sshCommand' && git config --local --unset-all 'core.sshCommand' || :"
ri_first_offender_felony-set	UNKNOWN STEP	2026-09-09T01:10:08.6460116Z [command]/usr/bin/git config --local --name-only --get-regexp http\.https\:\/\/github\.com\/\.extraheader
ri_first_offender_felony-set	UNKNOWN STEP	2026-09-09T01:10:08.6499788Z http.https://github.com/.extraheader
ri_first_offender_felony-set	UNKNOWN STEP	2026-09-09T01:10:08.6513414Z [command]/usr/bin/git config --local --unset-all http.https://github.com/.extraheader
ri_first_offender_felony-set	UNKNOWN STEP	2026-09-09T01:10:08.6551138Z [command]/usr/bin/git submodule foreach --recursive sh -c "git config --local --name-only --get-regexp 'http\.https\:\/\/github\.com\/\.extraheader' && git config --local --unset-all 'http.https://github.com/.extraheader' || :"
ri_first_offender_felony-set	UNKNOWN STEP	2026-09-09T01:10:08.6919067Z [command]/usr/bin/git config --local --name-only --get-regexp ^includeIf\.gitdir:
ri_first_offender_felony-set	UNKNOWN STEP	2026-09-09T01:10:08.6962439Z [command]/usr/bin/git submodule foreach --recursive git config --local --show-origin --name-only --get-regexp remote.origin.url
ri_first_offender_felony-set	UNKNOWN STEP	2026-09-09T01:10:08.7384300Z Cleaning up orphan processes
ri_first_offender_felony-set	UNKNOWN STEP	2026-09-09T01:10:08.7796331Z ##[warning]Node.js 20 is deprecated. The following actions target Node.js 20 but are being forced to run on Node.js 24: actions/checkout@v4, actions/setup-node@v4, actions/upload-artifact@v4. For more information see: https://github.blog/changelog/2025-09-19-deprecation-of-node-20-on-github-actions-runners/
